[2.102s] Invoking command in '/home/ngan/Documents/test_github/lesson6_ws/src/rmitbot_vision/stop_sign_control': AMENT_PREFIX_PATH=/home/ngan/Documents/test_github/lesson6_ws/install/darknet_ros_msgs:${AMENT_PREFIX_PATH} CMAKE_PREFIX_PATH=/home/ngan/Documents/test_github/lesson6_ws/install/darknet_ros_msgs:${CMAKE_PREFIX_PATH} DEBUGINFOD_URLS=https://debuginfod.ubuntu.com LD_LIBRARY_PATH=/home/ngan/Documents/test_github/lesson6_ws/install/darknet_ros_msgs/lib:${LD_LIBRARY_PATH} PYTHONPATH=/home/ngan/Documents/test_github/lesson6_ws/build/stop_sign_control/prefix_override:/usr/lib/python3/dist-packages/colcon_core/task/python/colcon_distutils_commands:/home/ngan/Documents/test_github/lesson6_ws/install/stop_sign_control/lib/python3.12/site-packages:/home/ngan/Documents/test_github/lesson6_ws/install/darknet_ros_msgs/lib/python3.12/site-packages:${PYTHONPATH} /usr/bin/python3 -W ignore:setup.py install is deprecated -W ignore:easy_install command is deprecated setup.py egg_info --egg-base ../../../build/stop_sign_control build --build-base /home/ngan/Documents/test_github/lesson6_ws/build/stop_sign_control/build install --record /home/ngan/Documents/test_github/lesson6_ws/build/stop_sign_control/install.log --single-version-externally-managed install_data
[2.821s] running egg_info
[2.850s] writing ../../../build/stop_sign_control/stop_sign_control.egg-info/PKG-INFO
[2.851s] writing dependency_links to ../../../build/stop_sign_control/stop_sign_control.egg-info/dependency_links.txt
[2.851s] writing entry points to ../../../build/stop_sign_control/stop_sign_control.egg-info/entry_points.txt
[2.851s] writing requirements to ../../../build/stop_sign_control/stop_sign_control.egg-info/requires.txt
[2.851s] writing top-level names to ../../../build/stop_sign_control/stop_sign_control.egg-info/top_level.txt
[2.912s] reading manifest file '../../../build/stop_sign_control/stop_sign_control.egg-info/SOURCES.txt'
[2.913s] writing manifest file '../../../build/stop_sign_control/stop_sign_control.egg-info/SOURCES.txt'
[2.915s] running build
[2.915s] running build_py
[2.915s] running install
[2.925s] running install_lib
[2.959s] running install_data
[2.959s] running install_egg_info
[2.985s] removing '/home/ngan/Documents/test_github/lesson6_ws/install/stop_sign_control/lib/python3.12/site-packages/stop_sign_control-0.0.0-py3.12.egg-info' (and everything under it)
[2.987s] Copying ../../../build/stop_sign_control/stop_sign_control.egg-info to /home/ngan/Documents/test_github/lesson6_ws/install/stop_sign_control/lib/python3.12/site-packages/stop_sign_control-0.0.0-py3.12.egg-info
[2.987s] running install_scripts
[3.292s] Installing stop_sign_detection script to /home/ngan/Documents/test_github/lesson6_ws/install/stop_sign_control/lib/stop_sign_control
[3.295s] writing list of installed files to '/home/ngan/Documents/test_github/lesson6_ws/build/stop_sign_control/install.log'
[3.345s] Invoked command in '/home/ngan/Documents/test_github/lesson6_ws/src/rmitbot_vision/stop_sign_control' returned '0': AMENT_PREFIX_PATH=/home/ngan/Documents/test_github/lesson6_ws/install/darknet_ros_msgs:${AMENT_PREFIX_PATH} CMAKE_PREFIX_PATH=/home/ngan/Documents/test_github/lesson6_ws/install/darknet_ros_msgs:${CMAKE_PREFIX_PATH} DEBUGINFOD_URLS=https://debuginfod.ubuntu.com LD_LIBRARY_PATH=/home/ngan/Documents/test_github/lesson6_ws/install/darknet_ros_msgs/lib:${LD_LIBRARY_PATH} PYTHONPATH=/home/ngan/Documents/test_github/lesson6_ws/build/stop_sign_control/prefix_override:/usr/lib/python3/dist-packages/colcon_core/task/python/colcon_distutils_commands:/home/ngan/Documents/test_github/lesson6_ws/install/stop_sign_control/lib/python3.12/site-packages:/home/ngan/Documents/test_github/lesson6_ws/install/darknet_ros_msgs/lib/python3.12/site-packages:${PYTHONPATH} /usr/bin/python3 -W ignore:setup.py install is deprecated -W ignore:easy_install command is deprecated setup.py egg_info --egg-base ../../../build/stop_sign_control build --build-base /home/ngan/Documents/test_github/lesson6_ws/build/stop_sign_control/build install --record /home/ngan/Documents/test_github/lesson6_ws/build/stop_sign_control/install.log --single-version-externally-managed install_data
