[0.066s] Invoking command in '/home/ngan/Documents/test_github/lesson6_ws/build/cv_bridge': DEBUGINFOD_URLS=https://debuginfod.ubuntu.com /usr/bin/cmake /home/ngan/Documents/test_github/lesson6_ws/src/rmitbot_vision/vision_opencv/cv_bridge -DCMAKE_INSTALL_PREFIX=/home/ngan/Documents/test_github/lesson6_ws/install/cv_bridge
[0.699s] -- The C compiler identification is GNU 13.3.0
[1.141s] -- The CXX compiler identification is GNU 13.3.0
[1.231s] -- Detecting C compiler ABI info
[1.690s] -- Detecting C compiler ABI info - done
[1.740s] -- Check for working C compiler: /usr/bin/cc - skipped
[1.745s] -- Detecting C compile features
[1.745s] -- Detecting C compile features - done
[1.777s] -- Detecting CXX compiler ABI info
[2.046s] -- Detecting CXX compiler ABI info - done
[2.112s] -- Check for working CXX compiler: /usr/bin/c++ - skipped
[2.113s] -- Detecting CXX compile features
[2.116s] -- Detecting CXX compile features - done
[2.155s] -- Configuring incomplete, errors occurred!
[2.155s] [31mCMake Error at CMakeLists.txt:4 (find_package):
[2.155s]   By not providing "Findament_cmake_ros.cmake" in CMAKE_MODULE_PATH this
[2.155s]   project has asked CMake to find a package configuration file provided by
[2.156s]   "ament_cmake_ros", but CMake did not find one.
[2.156s] 
[2.156s]   Could not find a package configuration file provided by "ament_cmake_ros"
[2.156s]   with any of the following names:
[2.156s] 
[2.156s]     ament_cmake_rosConfig.cmake
[2.156s]     ament_cmake_ros-config.cmake
[2.156s] 
[2.156s]   Add the installation prefix of "ament_cmake_ros" to CMAKE_PREFIX_PATH or
[2.157s]   set "ament_cmake_ros_DIR" to a directory containing one of the above files.
[2.157s]   If "ament_cmake_ros" provides a separate development package or SDK, be
[2.157s]   sure it has been installed.
[2.157s] 
[2.157s] [0m
