[0.033s] Invoking command in '/home/ngan/Documents/test_github/lesson6_ws/build/image_geometry': CMAKE_PREFIX_PATH=${CMAKE_PREFIX_PATH}:/home/ngan/Documents/test_github/lesson6_ws/install/stop_sign_control:/home/ngan/Documents/test_github/lesson6_ws/install/opencv_tests:/opt/ros/jazzy DEBUGINFOD_URLS=https://debuginfod.ubuntu.com /usr/bin/cmake --build /home/ngan/Documents/test_github/lesson6_ws/build/image_geometry -- -j4 -l4
[0.181s] [ 27%] Built target image_geometry
[0.181s] [ 45%] Built target gtest_main
[0.204s] [ 63%] Built target gtest
[0.207s] [ 63%] Built target ament_cmake_python_copy_image_geometry
[0.285s] [ 81%] Built target image_geometry-utest-equi
[0.286s] [100%] Built target image_geometry-utest
[0.533s] running egg_info
[0.551s] writing image_geometry.egg-info/PKG-INFO
[0.552s] writing dependency_links to image_geometry.egg-info/dependency_links.txt
[0.553s] writing top-level names to image_geometry.egg-info/top_level.txt
[0.659s] reading manifest file 'image_geometry.egg-info/SOURCES.txt'
[0.659s] writing manifest file 'image_geometry.egg-info/SOURCES.txt'
[0.778s] [100%] Built target ament_cmake_python_build_image_geometry_egg
[0.850s] Invoked command in '/home/ngan/Documents/test_github/lesson6_ws/build/image_geometry' returned '0': CMAKE_PREFIX_PATH=${CMAKE_PREFIX_PATH}:/home/ngan/Documents/test_github/lesson6_ws/install/stop_sign_control:/home/ngan/Documents/test_github/lesson6_ws/install/opencv_tests:/opt/ros/jazzy DEBUGINFOD_URLS=https://debuginfod.ubuntu.com /usr/bin/cmake --build /home/ngan/Documents/test_github/lesson6_ws/build/image_geometry -- -j4 -l4
[0.853s] Invoking command in '/home/ngan/Documents/test_github/lesson6_ws/build/image_geometry': CMAKE_PREFIX_PATH=${CMAKE_PREFIX_PATH}:/home/ngan/Documents/test_github/lesson6_ws/install/stop_sign_control:/home/ngan/Documents/test_github/lesson6_ws/install/opencv_tests:/opt/ros/jazzy DEBUGINFOD_URLS=https://debuginfod.ubuntu.com /usr/bin/cmake --install /home/ngan/Documents/test_github/lesson6_ws/build/image_geometry
[0.871s] -- Install configuration: ""
[0.871s] -- Up-to-date: /home/ngan/Documents/test_github/lesson6_ws/install/image_geometry/share/image_geometry/environment/pythonpath.sh
[0.871s] -- Up-to-date: /home/ngan/Documents/test_github/lesson6_ws/install/image_geometry/share/image_geometry/environment/pythonpath.dsv
[0.871s] -- Up-to-date: /home/ngan/Documents/test_github/lesson6_ws/install/image_geometry/lib/python3.12/site-packages/image_geometry-3.0.7-py3.12.egg-info
[0.871s] -- Installing: /home/ngan/Documents/test_github/lesson6_ws/install/image_geometry/lib/python3.12/site-packages/image_geometry-3.0.7-py3.12.egg-info/SOURCES.txt
[0.874s] -- Installing: /home/ngan/Documents/test_github/lesson6_ws/install/image_geometry/lib/python3.12/site-packages/image_geometry-3.0.7-py3.12.egg-info/dependency_links.txt
[0.874s] -- Installing: /home/ngan/Documents/test_github/lesson6_ws/install/image_geometry/lib/python3.12/site-packages/image_geometry-3.0.7-py3.12.egg-info/PKG-INFO
[0.875s] -- Installing: /home/ngan/Documents/test_github/lesson6_ws/install/image_geometry/lib/python3.12/site-packages/image_geometry-3.0.7-py3.12.egg-info/top_level.txt
[0.875s] -- Up-to-date: /home/ngan/Documents/test_github/lesson6_ws/install/image_geometry/lib/python3.12/site-packages/image_geometry
[0.875s] -- Up-to-date: /home/ngan/Documents/test_github/lesson6_ws/install/image_geometry/lib/python3.12/site-packages/image_geometry/__init__.py
[0.875s] -- Up-to-date: /home/ngan/Documents/test_github/lesson6_ws/install/image_geometry/lib/python3.12/site-packages/image_geometry/cameramodels.py
[1.058s] Listing '/home/ngan/Documents/test_github/lesson6_ws/install/image_geometry/lib/python3.12/site-packages/image_geometry'...
[1.069s] -- Up-to-date: /home/ngan/Documents/test_github/lesson6_ws/install/image_geometry/include/image_geometry
[1.070s] -- Up-to-date: /home/ngan/Documents/test_github/lesson6_ws/install/image_geometry/include/image_geometry/stereo_camera_model.h
[1.070s] -- Up-to-date: /home/ngan/Documents/test_github/lesson6_ws/install/image_geometry/include/image_geometry/visibility_control.hpp
[1.071s] -- Up-to-date: /home/ngan/Documents/test_github/lesson6_ws/install/image_geometry/include/image_geometry/pinhole_camera_model.h
[1.071s] -- Up-to-date: /home/ngan/Documents/test_github/lesson6_ws/install/image_geometry/lib/libimage_geometry.so
[1.074s] -- Up-to-date: /home/ngan/Documents/test_github/lesson6_ws/install/image_geometry/share/image_geometry/environment/library_path.sh
[1.074s] -- Up-to-date: /home/ngan/Documents/test_github/lesson6_ws/install/image_geometry/share/image_geometry/environment/library_path.dsv
[1.074s] -- Up-to-date: /home/ngan/Documents/test_github/lesson6_ws/install/image_geometry/share/ament_index/resource_index/package_run_dependencies/image_geometry
[1.074s] -- Up-to-date: /home/ngan/Documents/test_github/lesson6_ws/install/image_geometry/share/ament_index/resource_index/parent_prefix_path/image_geometry
[1.074s] -- Up-to-date: /home/ngan/Documents/test_github/lesson6_ws/install/image_geometry/share/image_geometry/environment/ament_prefix_path.sh
[1.074s] -- Up-to-date: /home/ngan/Documents/test_github/lesson6_ws/install/image_geometry/share/image_geometry/environment/ament_prefix_path.dsv
[1.074s] -- Up-to-date: /home/ngan/Documents/test_github/lesson6_ws/install/image_geometry/share/image_geometry/environment/path.sh
[1.074s] -- Up-to-date: /home/ngan/Documents/test_github/lesson6_ws/install/image_geometry/share/image_geometry/environment/path.dsv
[1.074s] -- Up-to-date: /home/ngan/Documents/test_github/lesson6_ws/install/image_geometry/share/image_geometry/local_setup.bash
[1.075s] -- Up-to-date: /home/ngan/Documents/test_github/lesson6_ws/install/image_geometry/share/image_geometry/local_setup.sh
[1.075s] -- Up-to-date: /home/ngan/Documents/test_github/lesson6_ws/install/image_geometry/share/image_geometry/local_setup.zsh
[1.075s] -- Up-to-date: /home/ngan/Documents/test_github/lesson6_ws/install/image_geometry/share/image_geometry/local_setup.dsv
[1.079s] -- Installing: /home/ngan/Documents/test_github/lesson6_ws/install/image_geometry/share/image_geometry/package.dsv
[1.080s] -- Up-to-date: /home/ngan/Documents/test_github/lesson6_ws/install/image_geometry/share/ament_index/resource_index/packages/image_geometry
[1.081s] -- Up-to-date: /home/ngan/Documents/test_github/lesson6_ws/install/image_geometry/share/image_geometry/cmake/ament_cmake_export_libraries-extras.cmake
[1.082s] -- Up-to-date: /home/ngan/Documents/test_github/lesson6_ws/install/image_geometry/share/image_geometry/cmake/ament_cmake_export_dependencies-extras.cmake
[1.082s] -- Up-to-date: /home/ngan/Documents/test_github/lesson6_ws/install/image_geometry/share/image_geometry/cmake/ament_cmake_export_include_directories-extras.cmake
[1.083s] -- Up-to-date: /home/ngan/Documents/test_github/lesson6_ws/install/image_geometry/share/image_geometry/cmake/image_geometryConfig.cmake
[1.083s] -- Up-to-date: /home/ngan/Documents/test_github/lesson6_ws/install/image_geometry/share/image_geometry/cmake/image_geometryConfig-version.cmake
[1.083s] -- Up-to-date: /home/ngan/Documents/test_github/lesson6_ws/install/image_geometry/share/image_geometry/package.xml
[1.091s] Invoked command in '/home/ngan/Documents/test_github/lesson6_ws/build/image_geometry' returned '0': CMAKE_PREFIX_PATH=${CMAKE_PREFIX_PATH}:/home/ngan/Documents/test_github/lesson6_ws/install/stop_sign_control:/home/ngan/Documents/test_github/lesson6_ws/install/opencv_tests:/opt/ros/jazzy DEBUGINFOD_URLS=https://debuginfod.ubuntu.com /usr/bin/cmake --install /home/ngan/Documents/test_github/lesson6_ws/build/image_geometry
