[0.036s] Invoking command in '/home/ngan/Documents/test_github/lesson6_ws/build/Darknet': DEBUGINFOD_URLS=https://debuginfod.ubuntu.com /usr/bin/cmake --build /home/ngan/Documents/test_github/lesson6_ws/build/Darknet -- -j4 -l4
[0.110s] Change Dir: '/home/ngan/Documents/test_github/lesson6_ws/build/Darknet'
[0.110s] 
[0.110s] Run Build Command(s): /usr/bin/cmake -E env VERBOSE=1 /usr/bin/gmake -f Makefile -j4 -l4
[0.146s] /usr/bin/cmake -S/home/ngan/Documents/test_github/lesson6_ws/src/rmitbot_vision/darknet_ros/darknet_ros/darknet -B/home/ngan/Documents/test_github/lesson6_ws/build/Darknet --check-build-system CMakeFiles/Makefile.cmake 0
[0.172s] /usr/bin/cmake -E cmake_progress_start /home/ngan/Documents/test_github/lesson6_ws/build/Darknet/CMakeFiles /home/ngan/Documents/test_github/lesson6_ws/build/Darknet//CMakeFiles/progress.marks
[0.192s] /usr/bin/gmake  -f CMakeFiles/Makefile2 all
[0.192s] gmake[1]: Entering directory '/home/ngan/Documents/test_github/lesson6_ws/build/Darknet'
[0.192s] /usr/bin/gmake  -f CMakeFiles/dark.dir/build.make CMakeFiles/dark.dir/depend
[0.192s] /usr/bin/gmake  -f CMakeFiles/darknet.dir/build.make CMakeFiles/darknet.dir/depend
[0.255s] gmake[2]: Entering directory '/home/ngan/Documents/test_github/lesson6_ws/build/Darknet'
[0.255s] cd /home/ngan/Documents/test_github/lesson6_ws/build/Darknet && /usr/bin/cmake -E cmake_depends "Unix Makefiles" /home/ngan/Documents/test_github/lesson6_ws/src/rmitbot_vision/darknet_ros/darknet_ros/darknet /home/ngan/Documents/test_github/lesson6_ws/src/rmitbot_vision/darknet_ros/darknet_ros/darknet /home/ngan/Documents/test_github/lesson6_ws/build/Darknet /home/ngan/Documents/test_github/lesson6_ws/build/Darknet /home/ngan/Documents/test_github/lesson6_ws/build/Darknet/CMakeFiles/dark.dir/DependInfo.cmake "--color="
[0.255s] gmake[2]: Entering directory '/home/ngan/Documents/test_github/lesson6_ws/build/Darknet'
[0.255s] cd /home/ngan/Documents/test_github/lesson6_ws/build/Darknet && /usr/bin/cmake -E cmake_depends "Unix Makefiles" /home/ngan/Documents/test_github/lesson6_ws/src/rmitbot_vision/darknet_ros/darknet_ros/darknet /home/ngan/Documents/test_github/lesson6_ws/src/rmitbot_vision/darknet_ros/darknet_ros/darknet /home/ngan/Documents/test_github/lesson6_ws/build/Darknet /home/ngan/Documents/test_github/lesson6_ws/build/Darknet /home/ngan/Documents/test_github/lesson6_ws/build/Darknet/CMakeFiles/darknet.dir/DependInfo.cmake "--color="
[0.297s] gmake[2]: Leaving directory '/home/ngan/Documents/test_github/lesson6_ws/build/Darknet'
[0.297s] /usr/bin/gmake  -f CMakeFiles/dark.dir/build.make CMakeFiles/dark.dir/build
[0.305s] gmake[2]: Leaving directory '/home/ngan/Documents/test_github/lesson6_ws/build/Darknet'
[0.305s] /usr/bin/gmake  -f CMakeFiles/darknet.dir/build.make CMakeFiles/darknet.dir/build
[0.343s] gmake[2]: Entering directory '/home/ngan/Documents/test_github/lesson6_ws/build/Darknet'
[0.344s] gmake[2]: Nothing to be done for 'CMakeFiles/dark.dir/build'.
[0.344s] gmake[2]: Leaving directory '/home/ngan/Documents/test_github/lesson6_ws/build/Darknet'
[0.366s] gmake[2]: Entering directory '/home/ngan/Documents/test_github/lesson6_ws/build/Darknet'
[0.366s] gmake[2]: Nothing to be done for 'CMakeFiles/darknet.dir/build'.
[0.366s] gmake[2]: Leaving directory '/home/ngan/Documents/test_github/lesson6_ws/build/Darknet'
[0.376s] [ 49%] Built target dark
[0.379s] /usr/bin/gmake  -f CMakeFiles/uselib.dir/build.make CMakeFiles/uselib.dir/depend
[0.397s] gmake[2]: Entering directory '/home/ngan/Documents/test_github/lesson6_ws/build/Darknet'
[0.397s] cd /home/ngan/Documents/test_github/lesson6_ws/build/Darknet && /usr/bin/cmake -E cmake_depends "Unix Makefiles" /home/ngan/Documents/test_github/lesson6_ws/src/rmitbot_vision/darknet_ros/darknet_ros/darknet /home/ngan/Documents/test_github/lesson6_ws/src/rmitbot_vision/darknet_ros/darknet_ros/darknet /home/ngan/Documents/test_github/lesson6_ws/build/Darknet /home/ngan/Documents/test_github/lesson6_ws/build/Darknet /home/ngan/Documents/test_github/lesson6_ws/build/Darknet/CMakeFiles/uselib.dir/DependInfo.cmake "--color="
[0.438s] gmake[2]: Leaving directory '/home/ngan/Documents/test_github/lesson6_ws/build/Darknet'
[0.438s] /usr/bin/gmake  -f CMakeFiles/uselib.dir/build.make CMakeFiles/uselib.dir/build
[0.438s] [ 98%] Built target darknet
[0.448s] gmake[2]: Entering directory '/home/ngan/Documents/test_github/lesson6_ws/build/Darknet'
[0.448s] gmake[2]: Nothing to be done for 'CMakeFiles/uselib.dir/build'.
[0.448s] gmake[2]: Leaving directory '/home/ngan/Documents/test_github/lesson6_ws/build/Darknet'
[0.504s] [100%] Built target uselib
[0.507s] gmake[1]: Leaving directory '/home/ngan/Documents/test_github/lesson6_ws/build/Darknet'
[0.508s] /usr/bin/cmake -E cmake_progress_start /home/ngan/Documents/test_github/lesson6_ws/build/Darknet/CMakeFiles 0
[0.565s] 
[0.572s] Invoked command in '/home/ngan/Documents/test_github/lesson6_ws/build/Darknet' returned '0': DEBUGINFOD_URLS=https://debuginfod.ubuntu.com /usr/bin/cmake --build /home/ngan/Documents/test_github/lesson6_ws/build/Darknet -- -j4 -l4
[0.618s] Invoking command in '/home/ngan/Documents/test_github/lesson6_ws/build/Darknet': DEBUGINFOD_URLS=https://debuginfod.ubuntu.com /usr/bin/cmake --install /home/ngan/Documents/test_github/lesson6_ws/build/Darknet
[0.646s] -- Install configuration: "Release"
[0.651s] -- Up-to-date: /home/ngan/Documents/test_github/lesson6_ws/src/rmitbot_vision/darknet_ros/darknet_ros/darknet/libdarknet.so
[0.652s] -- Up-to-date: /home/ngan/Documents/test_github/lesson6_ws/install/Darknet/include/darknet/darknet.h
[0.652s] -- Up-to-date: /home/ngan/Documents/test_github/lesson6_ws/install/Darknet/include/darknet/yolo_v2_class.hpp
[0.655s] -- Up-to-date: /home/ngan/Documents/test_github/lesson6_ws/src/rmitbot_vision/darknet_ros/darknet_ros/darknet/uselib
[0.659s] -- Up-to-date: /home/ngan/Documents/test_github/lesson6_ws/src/rmitbot_vision/darknet_ros/darknet_ros/darknet/darknet
[0.661s] -- Up-to-date: /home/ngan/Documents/test_github/lesson6_ws/install/Darknet/share/darknet/DarknetTargets.cmake
[0.662s] -- Up-to-date: /home/ngan/Documents/test_github/lesson6_ws/install/Darknet/share/darknet/DarknetTargets-release.cmake
[0.663s] -- Up-to-date: /home/ngan/Documents/test_github/lesson6_ws/install/Darknet/share/darknet/DarknetConfig.cmake
[0.663s] -- Up-to-date: /home/ngan/Documents/test_github/lesson6_ws/install/Darknet/share/darknet/DarknetConfigVersion.cmake
[0.669s] Invoked command in '/home/ngan/Documents/test_github/lesson6_ws/build/Darknet' returned '0': DEBUGINFOD_URLS=https://debuginfod.ubuntu.com /usr/bin/cmake --install /home/ngan/Documents/test_github/lesson6_ws/build/Darknet
