[ 97%] Built target darknet_ros_lib
[ 98%] [32m[1mLinking CXX executable darknet_ros[0m
[100%] Built target darknet_ros
-- Install configuration: ""
-- Up-to-date: /home/ngan/Documents/test_github/lesson6_ws/install/darknet_ros/lib/libdarknet_ros_lib.a
-- Installing: /home/ngan/Documents/test_github/lesson6_ws/install/darknet_ros/lib/darknet_ros/darknet_ros
-- Set non-toolchain portion of runtime path of "/home/ngan/Documents/test_github/lesson6_ws/install/darknet_ros/lib/darknet_ros/darknet_ros" to ""
-- Up-to-date: /home/ngan/Documents/test_github/lesson6_ws/install/darknet_ros/include/
-- Up-to-date: /home/ngan/Documents/test_github/lesson6_ws/install/darknet_ros/include//darknet_ros
-- Up-to-date: /home/ngan/Documents/test_github/lesson6_ws/install/darknet_ros/share/darknet_ros/yolo_network_config//cfg
-- Up-to-date: /home/ngan/Documents/test_github/lesson6_ws/install/darknet_ros/share/darknet_ros/yolo_network_config//cfg/yolov2-tiny.cfg
-- Up-to-date: /home/ngan/Documents/test_github/lesson6_ws/install/darknet_ros/share/darknet_ros/yolo_network_config//cfg/yolov4-csp.cfg
-- Up-to-date: /home/ngan/Documents/test_github/lesson6_ws/install/darknet_ros/share/darknet_ros/yolo_network_config//cfg/yolov3.cfg
-- Up-to-date: /home/ngan/Documents/test_github/lesson6_ws/install/darknet_ros/share/darknet_ros/yolo_network_config//cfg/yolov4.cfg
-- Up-to-date: /home/ngan/Documents/test_github/lesson6_ws/install/darknet_ros/share/darknet_ros/yolo_network_config//cfg/yolov4-tiny.cfg
-- Up-to-date: /home/ngan/Documents/test_github/lesson6_ws/install/darknet_ros/share/darknet_ros/yolo_network_config//cfg/yolov7-tiny.cfg
-- Up-to-date: /home/ngan/Documents/test_github/lesson6_ws/install/darknet_ros/share/darknet_ros/yolo_network_config//weights
-- Up-to-date: /home/ngan/Documents/test_github/lesson6_ws/install/darknet_ros/share/darknet_ros/yolo_network_config//weights/how_to_download_weights.txt
-- Up-to-date: /home/ngan/Documents/test_github/lesson6_ws/install/darknet_ros/share/darknet_ros/yolo_network_config//weights/yolov4-csp.weights
-- Up-to-date: /home/ngan/Documents/test_github/lesson6_ws/install/darknet_ros/share/darknet_ros/yolo_network_config//weights/.gitignore
-- Up-to-date: /home/ngan/Documents/test_github/lesson6_ws/install/darknet_ros/share/darknet_ros/yolo_network_config//weights/yolov4-tiny.weights
-- Up-to-date: /home/ngan/Documents/test_github/lesson6_ws/install/darknet_ros/share/darknet_ros/yolo_network_config//weights/yolov7-tiny.weights
-- Up-to-date: /home/ngan/Documents/test_github/lesson6_ws/install/darknet_ros/share/darknet_ros//launch
-- Up-to-date: /home/ngan/Documents/test_github/lesson6_ws/install/darknet_ros/share/darknet_ros//launch/yolov4-csp.launch.py
-- Up-to-date: /home/ngan/Documents/test_github/lesson6_ws/install/darknet_ros/share/darknet_ros//launch/yolov7-tiny.launch.py
-- Up-to-date: /home/ngan/Documents/test_github/lesson6_ws/install/darknet_ros/share/darknet_ros//launch/yolov4-tiny.launch.py
-- Up-to-date: /home/ngan/Documents/test_github/lesson6_ws/install/darknet_ros/share/darknet_ros//launch/darknet_ros.launch.py
-- Up-to-date: /home/ngan/Documents/test_github/lesson6_ws/install/darknet_ros/share/darknet_ros//config
-- Up-to-date: /home/ngan/Documents/test_github/lesson6_ws/install/darknet_ros/share/darknet_ros//config/ros.yaml
-- Up-to-date: /home/ngan/Documents/test_github/lesson6_ws/install/darknet_ros/share/darknet_ros//config/yolov4.yaml
-- Up-to-date: /home/ngan/Documents/test_github/lesson6_ws/install/darknet_ros/share/darknet_ros//config/yolov2-tiny.yaml
-- Up-to-date: /home/ngan/Documents/test_github/lesson6_ws/install/darknet_ros/share/darknet_ros//config/yolov3.yaml
-- Up-to-date: /home/ngan/Documents/test_github/lesson6_ws/install/darknet_ros/share/darknet_ros//config/yolov7-tiny.yaml
-- Up-to-date: /home/ngan/Documents/test_github/lesson6_ws/install/darknet_ros/share/darknet_ros//config/yolov4-tiny.yaml
-- Up-to-date: /home/ngan/Documents/test_github/lesson6_ws/install/darknet_ros/share/darknet_ros//config/yolov4-csp.yaml
-- Up-to-date: /home/ngan/Documents/test_github/lesson6_ws/install/darknet_ros/share/darknet_ros/environment/library_path.sh
-- Up-to-date: /home/ngan/Documents/test_github/lesson6_ws/install/darknet_ros/share/darknet_ros/environment/library_path.dsv
-- Up-to-date: /home/ngan/Documents/test_github/lesson6_ws/install/darknet_ros/share/ament_index/resource_index/package_run_dependencies/darknet_ros
-- Up-to-date: /home/ngan/Documents/test_github/lesson6_ws/install/darknet_ros/share/ament_index/resource_index/parent_prefix_path/darknet_ros
-- Up-to-date: /home/ngan/Documents/test_github/lesson6_ws/install/darknet_ros/share/darknet_ros/environment/ament_prefix_path.sh
-- Up-to-date: /home/ngan/Documents/test_github/lesson6_ws/install/darknet_ros/share/darknet_ros/environment/ament_prefix_path.dsv
-- Up-to-date: /home/ngan/Documents/test_github/lesson6_ws/install/darknet_ros/share/darknet_ros/environment/path.sh
-- Up-to-date: /home/ngan/Documents/test_github/lesson6_ws/install/darknet_ros/share/darknet_ros/environment/path.dsv
-- Up-to-date: /home/ngan/Documents/test_github/lesson6_ws/install/darknet_ros/share/darknet_ros/local_setup.bash
-- Up-to-date: /home/ngan/Documents/test_github/lesson6_ws/install/darknet_ros/share/darknet_ros/local_setup.sh
-- Up-to-date: /home/ngan/Documents/test_github/lesson6_ws/install/darknet_ros/share/darknet_ros/local_setup.zsh
-- Up-to-date: /home/ngan/Documents/test_github/lesson6_ws/install/darknet_ros/share/darknet_ros/local_setup.dsv
-- Installing: /home/ngan/Documents/test_github/lesson6_ws/install/darknet_ros/share/darknet_ros/package.dsv
-- Up-to-date: /home/ngan/Documents/test_github/lesson6_ws/install/darknet_ros/share/ament_index/resource_index/packages/darknet_ros
-- Up-to-date: /home/ngan/Documents/test_github/lesson6_ws/install/darknet_ros/share/darknet_ros/cmake/ament_cmake_export_include_directories-extras.cmake
-- Up-to-date: /home/ngan/Documents/test_github/lesson6_ws/install/darknet_ros/share/darknet_ros/cmake/ament_cmake_export_libraries-extras.cmake
-- Up-to-date: /home/ngan/Documents/test_github/lesson6_ws/install/darknet_ros/share/darknet_ros/cmake/ament_cmake_export_dependencies-extras.cmake
-- Up-to-date: /home/ngan/Documents/test_github/lesson6_ws/install/darknet_ros/share/darknet_ros/cmake/darknet_rosConfig.cmake
-- Up-to-date: /home/ngan/Documents/test_github/lesson6_ws/install/darknet_ros/share/darknet_ros/cmake/darknet_rosConfig-version.cmake
-- Up-to-date: /home/ngan/Documents/test_github/lesson6_ws/install/darknet_ros/share/darknet_ros/package.xml
