[0.090s] Invoking command in '/home/ngan/Documents/test_github/lesson6_ws/build/cv_bridge': CMAKE_PREFIX_PATH=${CMAKE_PREFIX_PATH}:/home/ngan/Documents/test_github/lesson6_ws/install/stop_sign_control:/home/ngan/Documents/test_github/lesson6_ws/install/opencv_tests:/opt/ros/jazzy DEBUGINFOD_URLS=https://debuginfod.ubuntu.com /usr/bin/cmake --build /home/ngan/Documents/test_github/lesson6_ws/build/cv_bridge -- -j4 -l4
[0.360s] [  0%] Built target ament_cmake_python_copy_cv_bridge
[0.478s] [ 12%] Built target gtest
[1.407s] running egg_info
[1.457s] writing cv_bridge.egg-info/PKG-INFO
[1.460s] writing dependency_links to cv_bridge.egg-info/dependency_links.txt
[1.460s] writing top-level names to cv_bridge.egg-info/top_level.txt
[1.720s] reading manifest file 'cv_bridge.egg-info/SOURCES.txt'
[1.726s] writing manifest file 'cv_bridge.egg-info/SOURCES.txt'
[1.940s] [ 12%] Built target ament_cmake_python_build_cv_bridge_egg
[2.080s] [ 25%] Built target gtest_main
[2.140s] [ 43%] Built target cv_bridge
[2.371s] [ 62%] Built target cv_bridge_boost
[2.581s] [100%] Built target cv_bridge-utest
[2.674s] Invoked command in '/home/ngan/Documents/test_github/lesson6_ws/build/cv_bridge' returned '0': CMAKE_PREFIX_PATH=${CMAKE_PREFIX_PATH}:/home/ngan/Documents/test_github/lesson6_ws/install/stop_sign_control:/home/ngan/Documents/test_github/lesson6_ws/install/opencv_tests:/opt/ros/jazzy DEBUGINFOD_URLS=https://debuginfod.ubuntu.com /usr/bin/cmake --build /home/ngan/Documents/test_github/lesson6_ws/build/cv_bridge -- -j4 -l4
[2.674s] Invoking command in '/home/ngan/Documents/test_github/lesson6_ws/build/cv_bridge': CMAKE_PREFIX_PATH=${CMAKE_PREFIX_PATH}:/home/ngan/Documents/test_github/lesson6_ws/install/stop_sign_control:/home/ngan/Documents/test_github/lesson6_ws/install/opencv_tests:/opt/ros/jazzy DEBUGINFOD_URLS=https://debuginfod.ubuntu.com /usr/bin/cmake --install /home/ngan/Documents/test_github/lesson6_ws/build/cv_bridge
[2.708s] -- Install configuration: ""
[2.709s] -- Up-to-date: /home/ngan/Documents/test_github/lesson6_ws/install/cv_bridge/share/cv_bridge/environment/pythonpath.sh
[2.709s] -- Up-to-date: /home/ngan/Documents/test_github/lesson6_ws/install/cv_bridge/share/cv_bridge/environment/pythonpath.dsv
[2.709s] -- Up-to-date: /home/ngan/Documents/test_github/lesson6_ws/install/cv_bridge/lib/python3.12/site-packages/cv_bridge-3.0.7-py3.12.egg-info
[2.709s] -- Installing: /home/ngan/Documents/test_github/lesson6_ws/install/cv_bridge/lib/python3.12/site-packages/cv_bridge-3.0.7-py3.12.egg-info/SOURCES.txt
[2.709s] -- Installing: /home/ngan/Documents/test_github/lesson6_ws/install/cv_bridge/lib/python3.12/site-packages/cv_bridge-3.0.7-py3.12.egg-info/dependency_links.txt
[2.709s] -- Installing: /home/ngan/Documents/test_github/lesson6_ws/install/cv_bridge/lib/python3.12/site-packages/cv_bridge-3.0.7-py3.12.egg-info/PKG-INFO
[2.709s] -- Installing: /home/ngan/Documents/test_github/lesson6_ws/install/cv_bridge/lib/python3.12/site-packages/cv_bridge-3.0.7-py3.12.egg-info/top_level.txt
[2.710s] -- Up-to-date: /home/ngan/Documents/test_github/lesson6_ws/install/cv_bridge/lib/python3.12/site-packages/cv_bridge
[2.710s] -- Up-to-date: /home/ngan/Documents/test_github/lesson6_ws/install/cv_bridge/lib/python3.12/site-packages/cv_bridge/__init__.py
[2.710s] -- Up-to-date: /home/ngan/Documents/test_github/lesson6_ws/install/cv_bridge/lib/python3.12/site-packages/cv_bridge/core.py
[2.907s] Listing '/home/ngan/Documents/test_github/lesson6_ws/install/cv_bridge/lib/python3.12/site-packages/cv_bridge'...
[2.907s] Listing '/home/ngan/Documents/test_github/lesson6_ws/install/cv_bridge/lib/python3.12/site-packages/cv_bridge/boost'...
[2.961s] -- Up-to-date: /home/ngan/Documents/test_github/lesson6_ws/install/cv_bridge/share/cv_bridge/environment/library_path.sh
[2.961s] -- Up-to-date: /home/ngan/Documents/test_github/lesson6_ws/install/cv_bridge/share/cv_bridge/environment/library_path.dsv
[2.961s] -- Up-to-date: /home/ngan/Documents/test_github/lesson6_ws/install/cv_bridge/include/cv_bridge
[2.962s] -- Up-to-date: /home/ngan/Documents/test_github/lesson6_ws/install/cv_bridge/include/cv_bridge/rgb_colors.h
[2.962s] -- Up-to-date: /home/ngan/Documents/test_github/lesson6_ws/install/cv_bridge/include/cv_bridge/cv_bridge.h
[2.962s] -- Up-to-date: /home/ngan/Documents/test_github/lesson6_ws/install/cv_bridge/lib/libcv_bridge.so
[2.962s] -- Up-to-date: /home/ngan/Documents/test_github/lesson6_ws/install/cv_bridge/share/ament_index/resource_index/package_run_dependencies/cv_bridge
[2.962s] -- Up-to-date: /home/ngan/Documents/test_github/lesson6_ws/install/cv_bridge/share/ament_index/resource_index/parent_prefix_path/cv_bridge
[2.962s] -- Up-to-date: /home/ngan/Documents/test_github/lesson6_ws/install/cv_bridge/share/cv_bridge/environment/ament_prefix_path.sh
[2.962s] -- Up-to-date: /home/ngan/Documents/test_github/lesson6_ws/install/cv_bridge/share/cv_bridge/environment/ament_prefix_path.dsv
[2.962s] -- Up-to-date: /home/ngan/Documents/test_github/lesson6_ws/install/cv_bridge/share/cv_bridge/environment/path.sh
[2.962s] -- Up-to-date: /home/ngan/Documents/test_github/lesson6_ws/install/cv_bridge/share/cv_bridge/environment/path.dsv
[2.963s] -- Up-to-date: /home/ngan/Documents/test_github/lesson6_ws/install/cv_bridge/share/cv_bridge/local_setup.bash
[2.963s] -- Up-to-date: /home/ngan/Documents/test_github/lesson6_ws/install/cv_bridge/share/cv_bridge/local_setup.sh
[2.974s] -- Up-to-date: /home/ngan/Documents/test_github/lesson6_ws/install/cv_bridge/share/cv_bridge/local_setup.zsh
[2.974s] -- Up-to-date: /home/ngan/Documents/test_github/lesson6_ws/install/cv_bridge/share/cv_bridge/local_setup.dsv
[2.974s] -- Installing: /home/ngan/Documents/test_github/lesson6_ws/install/cv_bridge/share/cv_bridge/package.dsv
[2.989s] -- Up-to-date: /home/ngan/Documents/test_github/lesson6_ws/install/cv_bridge/share/ament_index/resource_index/packages/cv_bridge
[2.990s] -- Up-to-date: /home/ngan/Documents/test_github/lesson6_ws/install/cv_bridge/share/cv_bridge/cmake/cv_bridge-extras.cmake
[2.990s] -- Up-to-date: /home/ngan/Documents/test_github/lesson6_ws/install/cv_bridge/share/cv_bridge/cmake/ament_cmake_export_dependencies-extras.cmake
[2.990s] -- Up-to-date: /home/ngan/Documents/test_github/lesson6_ws/install/cv_bridge/share/cv_bridge/cmake/ament_cmake_export_include_directories-extras.cmake
[2.990s] -- Up-to-date: /home/ngan/Documents/test_github/lesson6_ws/install/cv_bridge/share/cv_bridge/cmake/ament_cmake_export_libraries-extras.cmake
[2.990s] -- Up-to-date: /home/ngan/Documents/test_github/lesson6_ws/install/cv_bridge/share/cv_bridge/cmake/cv_bridgeConfig.cmake
[2.991s] -- Up-to-date: /home/ngan/Documents/test_github/lesson6_ws/install/cv_bridge/share/cv_bridge/cmake/cv_bridgeConfig-version.cmake
[2.991s] -- Up-to-date: /home/ngan/Documents/test_github/lesson6_ws/install/cv_bridge/share/cv_bridge/package.xml
[2.991s] -- Up-to-date: /home/ngan/Documents/test_github/lesson6_ws/install/cv_bridge/lib/libcv_bridge.so
[2.991s] -- Up-to-date: /home/ngan/Documents/test_github/lesson6_ws/install/cv_bridge/include/cv_bridge/cv_bridge_export.h
[2.991s] -- Up-to-date: /home/ngan/Documents/test_github/lesson6_ws/install/cv_bridge/lib/python3.12/site-packages/cv_bridge/boost/cv_bridge_boost.so
[3.072s] Invoked command in '/home/ngan/Documents/test_github/lesson6_ws/build/cv_bridge' returned '0': CMAKE_PREFIX_PATH=${CMAKE_PREFIX_PATH}:/home/ngan/Documents/test_github/lesson6_ws/install/stop_sign_control:/home/ngan/Documents/test_github/lesson6_ws/install/opencv_tests:/opt/ros/jazzy DEBUGINFOD_URLS=https://debuginfod.ubuntu.com /usr/bin/cmake --install /home/ngan/Documents/test_github/lesson6_ws/build/cv_bridge
