[0.048s] Invoking command in '/home/ngan/Documents/test_github/lesson6_ws/build/rmitbot_description': CMAKE_PREFIX_PATH=${CMAKE_PREFIX_PATH}:/home/ngan/Documents/test_github/lesson6_ws/install/opencv_tests:/opt/ros/jazzy DEBUGINFOD_URLS=https://debuginfod.ubuntu.com /usr/bin/cmake /home/ngan/Documents/test_github/lesson6_ws/src/rmitbot_description -DCMAKE_INSTALL_PREFIX=/home/ngan/Documents/test_github/lesson6_ws/install/rmitbot_description
[0.496s] -- The C compiler identification is GNU 13.3.0
[0.944s] -- The CXX compiler identification is GNU 13.3.0
[1.069s] -- Detecting C compiler ABI info
[1.492s] -- Detecting C compiler ABI info - done
[1.529s] -- Check for working C compiler: /usr/bin/cc - skipped
[1.530s] -- Detecting C compile features
[1.530s] -- Detecting C compile features - done
[1.593s] -- Detecting CXX compiler ABI info
[2.038s] -- Detecting CXX compiler ABI info - done
[2.088s] -- Check for working CXX compiler: /usr/bin/c++ - skipped
[2.089s] -- Detecting CXX compile features
[2.090s] -- Detecting CXX compile features - done
[2.105s] -- Found ament_cmake: 2.5.4 (/opt/ros/jazzy/share/ament_cmake/cmake)
[2.412s] -- Found Python3: /usr/bin/python3 (found version "3.12.3") found components: Interpreter 
[2.789s] -- Configuring done (2.7s)
[2.795s] -- Generating done (0.0s)
[2.799s] -- Build files have been written to: /home/ngan/Documents/test_github/lesson6_ws/build/rmitbot_description
[2.843s] Invoked command in '/home/ngan/Documents/test_github/lesson6_ws/build/rmitbot_description' returned '0': CMAKE_PREFIX_PATH=${CMAKE_PREFIX_PATH}:/home/ngan/Documents/test_github/lesson6_ws/install/opencv_tests:/opt/ros/jazzy DEBUGINFOD_URLS=https://debuginfod.ubuntu.com /usr/bin/cmake /home/ngan/Documents/test_github/lesson6_ws/src/rmitbot_description -DCMAKE_INSTALL_PREFIX=/home/ngan/Documents/test_github/lesson6_ws/install/rmitbot_description
[2.845s] Invoking command in '/home/ngan/Documents/test_github/lesson6_ws/build/rmitbot_description': CMAKE_PREFIX_PATH=${CMAKE_PREFIX_PATH}:/home/ngan/Documents/test_github/lesson6_ws/install/opencv_tests:/opt/ros/jazzy DEBUGINFOD_URLS=https://debuginfod.ubuntu.com /usr/bin/cmake --build /home/ngan/Documents/test_github/lesson6_ws/build/rmitbot_description -- -j4 -l4
[2.967s] Invoked command in '/home/ngan/Documents/test_github/lesson6_ws/build/rmitbot_description' returned '0': CMAKE_PREFIX_PATH=${CMAKE_PREFIX_PATH}:/home/ngan/Documents/test_github/lesson6_ws/install/opencv_tests:/opt/ros/jazzy DEBUGINFOD_URLS=https://debuginfod.ubuntu.com /usr/bin/cmake --build /home/ngan/Documents/test_github/lesson6_ws/build/rmitbot_description -- -j4 -l4
[2.967s] Invoking command in '/home/ngan/Documents/test_github/lesson6_ws/build/rmitbot_description': CMAKE_PREFIX_PATH=${CMAKE_PREFIX_PATH}:/home/ngan/Documents/test_github/lesson6_ws/install/opencv_tests:/opt/ros/jazzy DEBUGINFOD_URLS=https://debuginfod.ubuntu.com /usr/bin/cmake --install /home/ngan/Documents/test_github/lesson6_ws/build/rmitbot_description
[2.980s] -- Install configuration: ""
[2.980s] -- Installing: /home/ngan/Documents/test_github/lesson6_ws/install/rmitbot_description/share/rmitbot_description/meshes
[2.981s] -- Installing: /home/ngan/Documents/test_github/lesson6_ws/install/rmitbot_description/share/rmitbot_description/meshes/base_link.stl
[2.995s] -- Installing: /home/ngan/Documents/test_github/lesson6_ws/install/rmitbot_description/share/rmitbot_description/meshes/rear_left_wheel.stl
[2.995s] -- Installing: /home/ngan/Documents/test_github/lesson6_ws/install/rmitbot_description/share/rmitbot_description/meshes/front_right_wheel.stl
[2.998s] -- Installing: /home/ngan/Documents/test_github/lesson6_ws/install/rmitbot_description/share/rmitbot_description/meshes/front_left_wheel.stl
[2.999s] -- Installing: /home/ngan/Documents/test_github/lesson6_ws/install/rmitbot_description/share/rmitbot_description/meshes/rear_right_wheel.stl
[3.002s] -- Installing: /home/ngan/Documents/test_github/lesson6_ws/install/rmitbot_description/share/rmitbot_description/urdf
[3.002s] -- Installing: /home/ngan/Documents/test_github/lesson6_ws/install/rmitbot_description/share/rmitbot_description/urdf/rmitbot_gazebo.xacro
[3.003s] -- Installing: /home/ngan/Documents/test_github/lesson6_ws/install/rmitbot_description/share/rmitbot_description/urdf/rmitbot.urdf.xacro
[3.003s] -- Installing: /home/ngan/Documents/test_github/lesson6_ws/install/rmitbot_description/share/rmitbot_description/urdf/rmitbot_ros2_control.xacro
[3.003s] -- Installing: /home/ngan/Documents/test_github/lesson6_ws/install/rmitbot_description/share/rmitbot_description/urdf/rmitbot_platform.xacro
[3.003s] -- Installing: /home/ngan/Documents/test_github/lesson6_ws/install/rmitbot_description/share/rmitbot_description/launch
[3.003s] -- Installing: /home/ngan/Documents/test_github/lesson6_ws/install/rmitbot_description/share/rmitbot_description/launch/gazebo.launch.py
[3.004s] -- Installing: /home/ngan/Documents/test_github/lesson6_ws/install/rmitbot_description/share/rmitbot_description/launch/display.launch.py
[3.004s] -- Installing: /home/ngan/Documents/test_github/lesson6_ws/install/rmitbot_description/share/rmitbot_description/rviz
[3.004s] -- Installing: /home/ngan/Documents/test_github/lesson6_ws/install/rmitbot_description/share/rmitbot_description/rviz/display.rviz
[3.004s] -- Installing: /home/ngan/Documents/test_github/lesson6_ws/install/rmitbot_description/share/ament_index/resource_index/package_run_dependencies/rmitbot_description
[3.006s] -- Installing: /home/ngan/Documents/test_github/lesson6_ws/install/rmitbot_description/share/ament_index/resource_index/parent_prefix_path/rmitbot_description
[3.006s] -- Installing: /home/ngan/Documents/test_github/lesson6_ws/install/rmitbot_description/share/rmitbot_description/environment/ament_prefix_path.sh
[3.006s] -- Installing: /home/ngan/Documents/test_github/lesson6_ws/install/rmitbot_description/share/rmitbot_description/environment/ament_prefix_path.dsv
[3.007s] -- Installing: /home/ngan/Documents/test_github/lesson6_ws/install/rmitbot_description/share/rmitbot_description/environment/path.sh
[3.007s] -- Installing: /home/ngan/Documents/test_github/lesson6_ws/install/rmitbot_description/share/rmitbot_description/environment/path.dsv
[3.007s] -- Installing: /home/ngan/Documents/test_github/lesson6_ws/install/rmitbot_description/share/rmitbot_description/local_setup.bash
[3.015s] -- Installing: /home/ngan/Documents/test_github/lesson6_ws/install/rmitbot_description/share/rmitbot_description/local_setup.sh
[3.015s] -- Installing: /home/ngan/Documents/test_github/lesson6_ws/install/rmitbot_description/share/rmitbot_description/local_setup.zsh
[3.016s] -- Installing: /home/ngan/Documents/test_github/lesson6_ws/install/rmitbot_description/share/rmitbot_description/local_setup.dsv
[3.016s] -- Installing: /home/ngan/Documents/test_github/lesson6_ws/install/rmitbot_description/share/rmitbot_description/package.dsv
[3.016s] -- Installing: /home/ngan/Documents/test_github/lesson6_ws/install/rmitbot_description/share/ament_index/resource_index/packages/rmitbot_description
[3.016s] -- Installing: /home/ngan/Documents/test_github/lesson6_ws/install/rmitbot_description/share/rmitbot_description/cmake/rmitbot_descriptionConfig.cmake
[3.017s] -- Installing: /home/ngan/Documents/test_github/lesson6_ws/install/rmitbot_description/share/rmitbot_description/cmake/rmitbot_descriptionConfig-version.cmake
[3.017s] -- Installing: /home/ngan/Documents/test_github/lesson6_ws/install/rmitbot_description/share/rmitbot_description/package.xml
[3.071s] Invoked command in '/home/ngan/Documents/test_github/lesson6_ws/build/rmitbot_description' returned '0': CMAKE_PREFIX_PATH=${CMAKE_PREFIX_PATH}:/home/ngan/Documents/test_github/lesson6_ws/install/opencv_tests:/opt/ros/jazzy DEBUGINFOD_URLS=https://debuginfod.ubuntu.com /usr/bin/cmake --install /home/ngan/Documents/test_github/lesson6_ws/build/rmitbot_description
