[0.033s] Invoking command in '/home/ngan/Documents/test_github/lesson6_ws/build/darknet_ros_msgs': CMAKE_PREFIX_PATH=${CMAKE_PREFIX_PATH}:/home/ngan/Documents/test_github/lesson6_ws/install/stop_sign_control:/home/ngan/Documents/test_github/lesson6_ws/install/opencv_tests:/opt/ros/jazzy DEBUGINFOD_URLS=https://debuginfod.ubuntu.com /usr/bin/cmake --build /home/ngan/Documents/test_github/lesson6_ws/build/darknet_ros_msgs -- -j4 -l4
[0.163s] [  1%] Built target darknet_ros_msgs__rosidl_generator_type_description
[0.189s] [  1%] Built target ament_cmake_python_copy_darknet_ros_msgs
[0.244s] [  3%] Built target darknet_ros_msgs__cpp
[0.275s] [ 25%] Built target darknet_ros_msgs__rosidl_generator_c
[0.330s] [ 34%] Built target darknet_ros_msgs__rosidl_typesupport_introspection_c
[0.342s] [ 43%] Built target darknet_ros_msgs__rosidl_typesupport_fastrtps_c
[0.352s] [ 53%] Built target darknet_ros_msgs__rosidl_typesupport_fastrtps_cpp
[0.374s] [ 62%] Built target darknet_ros_msgs__rosidl_typesupport_c
[0.411s] [ 71%] Built target darknet_ros_msgs__rosidl_typesupport_introspection_cpp
[0.423s] [ 81%] Built target darknet_ros_msgs__rosidl_typesupport_cpp
[0.475s] [ 81%] Built target darknet_ros_msgs
[0.526s] [ 82%] Built target darknet_ros_msgs__py
[0.580s] running egg_info
[0.580s] [ 90%] Built target darknet_ros_msgs__rosidl_generator_py
[0.632s] [ 93%] Built target darknet_ros_msgs_s__rosidl_typesupport_introspection_c
[0.638s] [ 96%] Built target darknet_ros_msgs_s__rosidl_typesupport_fastrtps_c
[0.644s] writing darknet_ros_msgs.egg-info/PKG-INFO
[0.646s] writing dependency_links to darknet_ros_msgs.egg-info/dependency_links.txt
[0.646s] writing top-level names to darknet_ros_msgs.egg-info/top_level.txt
[0.647s] [100%] Built target darknet_ros_msgs_s__rosidl_typesupport_c
[0.790s] reading manifest file 'darknet_ros_msgs.egg-info/SOURCES.txt'
[0.791s] writing manifest file 'darknet_ros_msgs.egg-info/SOURCES.txt'
[0.850s] [100%] Built target ament_cmake_python_build_darknet_ros_msgs_egg
[0.921s] Invoked command in '/home/ngan/Documents/test_github/lesson6_ws/build/darknet_ros_msgs' returned '0': CMAKE_PREFIX_PATH=${CMAKE_PREFIX_PATH}:/home/ngan/Documents/test_github/lesson6_ws/install/stop_sign_control:/home/ngan/Documents/test_github/lesson6_ws/install/opencv_tests:/opt/ros/jazzy DEBUGINFOD_URLS=https://debuginfod.ubuntu.com /usr/bin/cmake --build /home/ngan/Documents/test_github/lesson6_ws/build/darknet_ros_msgs -- -j4 -l4
[0.921s] Invoking command in '/home/ngan/Documents/test_github/lesson6_ws/build/darknet_ros_msgs': CMAKE_PREFIX_PATH=${CMAKE_PREFIX_PATH}:/home/ngan/Documents/test_github/lesson6_ws/install/stop_sign_control:/home/ngan/Documents/test_github/lesson6_ws/install/opencv_tests:/opt/ros/jazzy DEBUGINFOD_URLS=https://debuginfod.ubuntu.com /usr/bin/cmake --install /home/ngan/Documents/test_github/lesson6_ws/build/darknet_ros_msgs
[0.951s] -- Install configuration: ""
[0.951s] -- Up-to-date: /home/ngan/Documents/test_github/lesson6_ws/install/darknet_ros_msgs/share/ament_index/resource_index/rosidl_interfaces/darknet_ros_msgs
[0.951s] -- Up-to-date: /home/ngan/Documents/test_github/lesson6_ws/install/darknet_ros_msgs/share/darknet_ros_msgs/msg/BoundingBox.json
[0.955s] -- Up-to-date: /home/ngan/Documents/test_github/lesson6_ws/install/darknet_ros_msgs/share/darknet_ros_msgs/msg/BoundingBoxes.json
[0.955s] -- Up-to-date: /home/ngan/Documents/test_github/lesson6_ws/install/darknet_ros_msgs/share/darknet_ros_msgs/msg/ObjectCount.json
[0.955s] -- Up-to-date: /home/ngan/Documents/test_github/lesson6_ws/install/darknet_ros_msgs/share/darknet_ros_msgs/action/CheckForObjects.json
[0.955s] -- Up-to-date: /home/ngan/Documents/test_github/lesson6_ws/install/darknet_ros_msgs/include/darknet_ros_msgs/darknet_ros_msgs
[0.955s] -- Up-to-date: /home/ngan/Documents/test_github/lesson6_ws/install/darknet_ros_msgs/include/darknet_ros_msgs/darknet_ros_msgs/action
[0.955s] -- Up-to-date: /home/ngan/Documents/test_github/lesson6_ws/install/darknet_ros_msgs/include/darknet_ros_msgs/darknet_ros_msgs/action/check_for_objects.h
[0.955s] -- Up-to-date: /home/ngan/Documents/test_github/lesson6_ws/install/darknet_ros_msgs/include/darknet_ros_msgs/darknet_ros_msgs/action/detail
[0.955s] -- Up-to-date: /home/ngan/Documents/test_github/lesson6_ws/install/darknet_ros_msgs/include/darknet_ros_msgs/darknet_ros_msgs/action/detail/check_for_objects__functions.c
[0.955s] -- Up-to-date: /home/ngan/Documents/test_github/lesson6_ws/install/darknet_ros_msgs/include/darknet_ros_msgs/darknet_ros_msgs/action/detail/check_for_objects__functions.h
[0.955s] -- Installing: /home/ngan/Documents/test_github/lesson6_ws/install/darknet_ros_msgs/include/darknet_ros_msgs/darknet_ros_msgs/action/detail/check_for_objects__type_support.c
[0.955s] -- Up-to-date: /home/ngan/Documents/test_github/lesson6_ws/install/darknet_ros_msgs/include/darknet_ros_msgs/darknet_ros_msgs/action/detail/check_for_objects__description.c
[0.955s] -- Up-to-date: /home/ngan/Documents/test_github/lesson6_ws/install/darknet_ros_msgs/include/darknet_ros_msgs/darknet_ros_msgs/action/detail/check_for_objects__struct.h
[0.955s] -- Up-to-date: /home/ngan/Documents/test_github/lesson6_ws/install/darknet_ros_msgs/include/darknet_ros_msgs/darknet_ros_msgs/action/detail/check_for_objects__type_support.h
[0.956s] -- Up-to-date: /home/ngan/Documents/test_github/lesson6_ws/install/darknet_ros_msgs/include/darknet_ros_msgs/darknet_ros_msgs/msg
[0.956s] -- Up-to-date: /home/ngan/Documents/test_github/lesson6_ws/install/darknet_ros_msgs/include/darknet_ros_msgs/darknet_ros_msgs/msg/detail
[0.956s] -- Up-to-date: /home/ngan/Documents/test_github/lesson6_ws/install/darknet_ros_msgs/include/darknet_ros_msgs/darknet_ros_msgs/msg/detail/bounding_box__functions.h
[0.956s] -- Up-to-date: /home/ngan/Documents/test_github/lesson6_ws/install/darknet_ros_msgs/include/darknet_ros_msgs/darknet_ros_msgs/msg/detail/bounding_boxes__functions.c
[0.962s] -- Up-to-date: /home/ngan/Documents/test_github/lesson6_ws/install/darknet_ros_msgs/include/darknet_ros_msgs/darknet_ros_msgs/msg/detail/object_count__struct.h
[0.962s] -- Installing: /home/ngan/Documents/test_github/lesson6_ws/install/darknet_ros_msgs/include/darknet_ros_msgs/darknet_ros_msgs/msg/detail/bounding_box__type_support.c
[0.962s] -- Up-to-date: /home/ngan/Documents/test_github/lesson6_ws/install/darknet_ros_msgs/include/darknet_ros_msgs/darknet_ros_msgs/msg/detail/object_count__type_support.h
[0.962s] -- Up-to-date: /home/ngan/Documents/test_github/lesson6_ws/install/darknet_ros_msgs/include/darknet_ros_msgs/darknet_ros_msgs/msg/detail/bounding_box__type_support.h
[0.962s] -- Up-to-date: /home/ngan/Documents/test_github/lesson6_ws/install/darknet_ros_msgs/include/darknet_ros_msgs/darknet_ros_msgs/msg/detail/object_count__description.c
[0.962s] -- Installing: /home/ngan/Documents/test_github/lesson6_ws/install/darknet_ros_msgs/include/darknet_ros_msgs/darknet_ros_msgs/msg/detail/bounding_boxes__type_support.c
[0.962s] -- Up-to-date: /home/ngan/Documents/test_github/lesson6_ws/install/darknet_ros_msgs/include/darknet_ros_msgs/darknet_ros_msgs/msg/detail/bounding_boxes__functions.h
[0.962s] -- Up-to-date: /home/ngan/Documents/test_github/lesson6_ws/install/darknet_ros_msgs/include/darknet_ros_msgs/darknet_ros_msgs/msg/detail/object_count__functions.h
[0.962s] -- Up-to-date: /home/ngan/Documents/test_github/lesson6_ws/install/darknet_ros_msgs/include/darknet_ros_msgs/darknet_ros_msgs/msg/detail/bounding_box__functions.c
[0.963s] -- Up-to-date: /home/ngan/Documents/test_github/lesson6_ws/install/darknet_ros_msgs/include/darknet_ros_msgs/darknet_ros_msgs/msg/detail/bounding_boxes__struct.h
[0.963s] -- Installing: /home/ngan/Documents/test_github/lesson6_ws/install/darknet_ros_msgs/include/darknet_ros_msgs/darknet_ros_msgs/msg/detail/object_count__type_support.c
[0.963s] -- Up-to-date: /home/ngan/Documents/test_github/lesson6_ws/install/darknet_ros_msgs/include/darknet_ros_msgs/darknet_ros_msgs/msg/detail/bounding_box__description.c
[0.963s] -- Up-to-date: /home/ngan/Documents/test_github/lesson6_ws/install/darknet_ros_msgs/include/darknet_ros_msgs/darknet_ros_msgs/msg/detail/bounding_boxes__description.c
[0.963s] -- Up-to-date: /home/ngan/Documents/test_github/lesson6_ws/install/darknet_ros_msgs/include/darknet_ros_msgs/darknet_ros_msgs/msg/detail/bounding_box__struct.h
[0.963s] -- Up-to-date: /home/ngan/Documents/test_github/lesson6_ws/install/darknet_ros_msgs/include/darknet_ros_msgs/darknet_ros_msgs/msg/detail/object_count__functions.c
[0.963s] -- Up-to-date: /home/ngan/Documents/test_github/lesson6_ws/install/darknet_ros_msgs/include/darknet_ros_msgs/darknet_ros_msgs/msg/detail/bounding_boxes__type_support.h
[0.963s] -- Up-to-date: /home/ngan/Documents/test_github/lesson6_ws/install/darknet_ros_msgs/include/darknet_ros_msgs/darknet_ros_msgs/msg/bounding_boxes.h
[0.963s] -- Up-to-date: /home/ngan/Documents/test_github/lesson6_ws/install/darknet_ros_msgs/include/darknet_ros_msgs/darknet_ros_msgs/msg/rosidl_generator_c__visibility_control.h
[0.963s] -- Up-to-date: /home/ngan/Documents/test_github/lesson6_ws/install/darknet_ros_msgs/include/darknet_ros_msgs/darknet_ros_msgs/msg/object_count.h
[0.963s] -- Up-to-date: /home/ngan/Documents/test_github/lesson6_ws/install/darknet_ros_msgs/include/darknet_ros_msgs/darknet_ros_msgs/msg/bounding_box.h
[0.963s] -- Up-to-date: /home/ngan/Documents/test_github/lesson6_ws/install/darknet_ros_msgs/share/darknet_ros_msgs/environment/library_path.sh
[0.963s] -- Up-to-date: /home/ngan/Documents/test_github/lesson6_ws/install/darknet_ros_msgs/share/darknet_ros_msgs/environment/library_path.dsv
[0.963s] -- Up-to-date: /home/ngan/Documents/test_github/lesson6_ws/install/darknet_ros_msgs/lib/libdarknet_ros_msgs__rosidl_generator_c.so
[0.963s] -- Up-to-date: /home/ngan/Documents/test_github/lesson6_ws/install/darknet_ros_msgs/include/darknet_ros_msgs/darknet_ros_msgs
[0.963s] -- Up-to-date: /home/ngan/Documents/test_github/lesson6_ws/install/darknet_ros_msgs/include/darknet_ros_msgs/darknet_ros_msgs/action
[0.963s] -- Up-to-date: /home/ngan/Documents/test_github/lesson6_ws/install/darknet_ros_msgs/include/darknet_ros_msgs/darknet_ros_msgs/action/detail
[0.963s] -- Up-to-date: /home/ngan/Documents/test_github/lesson6_ws/install/darknet_ros_msgs/include/darknet_ros_msgs/darknet_ros_msgs/action/detail/check_for_objects__rosidl_typesupport_fastrtps_c.h
[0.964s] -- Up-to-date: /home/ngan/Documents/test_github/lesson6_ws/install/darknet_ros_msgs/include/darknet_ros_msgs/darknet_ros_msgs/msg
[0.964s] -- Up-to-date: /home/ngan/Documents/test_github/lesson6_ws/install/darknet_ros_msgs/include/darknet_ros_msgs/darknet_ros_msgs/msg/rosidl_typesupport_fastrtps_c__visibility_control.h
[0.964s] -- Up-to-date: /home/ngan/Documents/test_github/lesson6_ws/install/darknet_ros_msgs/include/darknet_ros_msgs/darknet_ros_msgs/msg/detail
[0.964s] -- Up-to-date: /home/ngan/Documents/test_github/lesson6_ws/install/darknet_ros_msgs/include/darknet_ros_msgs/darknet_ros_msgs/msg/detail/bounding_boxes__rosidl_typesupport_fastrtps_c.h
[0.964s] -- Up-to-date: /home/ngan/Documents/test_github/lesson6_ws/install/darknet_ros_msgs/include/darknet_ros_msgs/darknet_ros_msgs/msg/detail/bounding_box__rosidl_typesupport_fastrtps_c.h
[0.964s] -- Up-to-date: /home/ngan/Documents/test_github/lesson6_ws/install/darknet_ros_msgs/include/darknet_ros_msgs/darknet_ros_msgs/msg/detail/object_count__rosidl_typesupport_fastrtps_c.h
[0.964s] -- Up-to-date: /home/ngan/Documents/test_github/lesson6_ws/install/darknet_ros_msgs/lib/libdarknet_ros_msgs__rosidl_typesupport_fastrtps_c.so
[0.964s] -- Up-to-date: /home/ngan/Documents/test_github/lesson6_ws/install/darknet_ros_msgs/include/darknet_ros_msgs/darknet_ros_msgs
[0.964s] -- Up-to-date: /home/ngan/Documents/test_github/lesson6_ws/install/darknet_ros_msgs/include/darknet_ros_msgs/darknet_ros_msgs/action
[0.969s] -- Up-to-date: /home/ngan/Documents/test_github/lesson6_ws/install/darknet_ros_msgs/include/darknet_ros_msgs/darknet_ros_msgs/action/detail
[0.972s] -- Up-to-date: /home/ngan/Documents/test_github/lesson6_ws/install/darknet_ros_msgs/include/darknet_ros_msgs/darknet_ros_msgs/action/detail/check_for_objects__struct.hpp
[0.972s] -- Up-to-date: /home/ngan/Documents/test_github/lesson6_ws/install/darknet_ros_msgs/include/darknet_ros_msgs/darknet_ros_msgs/action/detail/check_for_objects__type_support.hpp
[0.973s] -- Up-to-date: /home/ngan/Documents/test_github/lesson6_ws/install/darknet_ros_msgs/include/darknet_ros_msgs/darknet_ros_msgs/action/detail/check_for_objects__builder.hpp
[0.973s] -- Up-to-date: /home/ngan/Documents/test_github/lesson6_ws/install/darknet_ros_msgs/include/darknet_ros_msgs/darknet_ros_msgs/action/detail/check_for_objects__traits.hpp
[0.975s] -- Up-to-date: /home/ngan/Documents/test_github/lesson6_ws/install/darknet_ros_msgs/include/darknet_ros_msgs/darknet_ros_msgs/action/check_for_objects.hpp
[0.975s] -- Up-to-date: /home/ngan/Documents/test_github/lesson6_ws/install/darknet_ros_msgs/include/darknet_ros_msgs/darknet_ros_msgs/msg
[0.976s] -- Up-to-date: /home/ngan/Documents/test_github/lesson6_ws/install/darknet_ros_msgs/include/darknet_ros_msgs/darknet_ros_msgs/msg/detail
[0.976s] -- Up-to-date: /home/ngan/Documents/test_github/lesson6_ws/install/darknet_ros_msgs/include/darknet_ros_msgs/darknet_ros_msgs/msg/detail/object_count__type_support.hpp
[0.976s] -- Up-to-date: /home/ngan/Documents/test_github/lesson6_ws/install/darknet_ros_msgs/include/darknet_ros_msgs/darknet_ros_msgs/msg/detail/bounding_boxes__traits.hpp
[0.976s] -- Up-to-date: /home/ngan/Documents/test_github/lesson6_ws/install/darknet_ros_msgs/include/darknet_ros_msgs/darknet_ros_msgs/msg/detail/bounding_boxes__struct.hpp
[0.976s] -- Up-to-date: /home/ngan/Documents/test_github/lesson6_ws/install/darknet_ros_msgs/include/darknet_ros_msgs/darknet_ros_msgs/msg/detail/bounding_box__builder.hpp
[0.976s] -- Up-to-date: /home/ngan/Documents/test_github/lesson6_ws/install/darknet_ros_msgs/include/darknet_ros_msgs/darknet_ros_msgs/msg/detail/object_count__struct.hpp
[0.976s] -- Up-to-date: /home/ngan/Documents/test_github/lesson6_ws/install/darknet_ros_msgs/include/darknet_ros_msgs/darknet_ros_msgs/msg/detail/bounding_box__struct.hpp
[0.976s] -- Up-to-date: /home/ngan/Documents/test_github/lesson6_ws/install/darknet_ros_msgs/include/darknet_ros_msgs/darknet_ros_msgs/msg/detail/bounding_box__traits.hpp
[0.976s] -- Up-to-date: /home/ngan/Documents/test_github/lesson6_ws/install/darknet_ros_msgs/include/darknet_ros_msgs/darknet_ros_msgs/msg/detail/object_count__traits.hpp
[0.976s] -- Up-to-date: /home/ngan/Documents/test_github/lesson6_ws/install/darknet_ros_msgs/include/darknet_ros_msgs/darknet_ros_msgs/msg/detail/bounding_box__type_support.hpp
[0.976s] -- Up-to-date: /home/ngan/Documents/test_github/lesson6_ws/install/darknet_ros_msgs/include/darknet_ros_msgs/darknet_ros_msgs/msg/detail/object_count__builder.hpp
[0.976s] -- Up-to-date: /home/ngan/Documents/test_github/lesson6_ws/install/darknet_ros_msgs/include/darknet_ros_msgs/darknet_ros_msgs/msg/detail/bounding_boxes__type_support.hpp
[0.977s] -- Up-to-date: /home/ngan/Documents/test_github/lesson6_ws/install/darknet_ros_msgs/include/darknet_ros_msgs/darknet_ros_msgs/msg/detail/bounding_boxes__builder.hpp
[0.977s] -- Up-to-date: /home/ngan/Documents/test_github/lesson6_ws/install/darknet_ros_msgs/include/darknet_ros_msgs/darknet_ros_msgs/msg/rosidl_generator_cpp__visibility_control.hpp
[0.977s] -- Up-to-date: /home/ngan/Documents/test_github/lesson6_ws/install/darknet_ros_msgs/include/darknet_ros_msgs/darknet_ros_msgs/msg/bounding_boxes.hpp
[0.977s] -- Up-to-date: /home/ngan/Documents/test_github/lesson6_ws/install/darknet_ros_msgs/include/darknet_ros_msgs/darknet_ros_msgs/msg/bounding_box.hpp
[0.977s] -- Up-to-date: /home/ngan/Documents/test_github/lesson6_ws/install/darknet_ros_msgs/include/darknet_ros_msgs/darknet_ros_msgs/msg/object_count.hpp
[0.977s] -- Up-to-date: /home/ngan/Documents/test_github/lesson6_ws/install/darknet_ros_msgs/include/darknet_ros_msgs/darknet_ros_msgs
[0.977s] -- Up-to-date: /home/ngan/Documents/test_github/lesson6_ws/install/darknet_ros_msgs/include/darknet_ros_msgs/darknet_ros_msgs/action
[0.977s] -- Up-to-date: /home/ngan/Documents/test_github/lesson6_ws/install/darknet_ros_msgs/include/darknet_ros_msgs/darknet_ros_msgs/action/detail
[0.977s] -- Up-to-date: /home/ngan/Documents/test_github/lesson6_ws/install/darknet_ros_msgs/include/darknet_ros_msgs/darknet_ros_msgs/action/detail/dds_fastrtps
[0.977s] -- Up-to-date: /home/ngan/Documents/test_github/lesson6_ws/install/darknet_ros_msgs/include/darknet_ros_msgs/darknet_ros_msgs/action/detail/check_for_objects__rosidl_typesupport_fastrtps_cpp.hpp
[0.977s] -- Up-to-date: /home/ngan/Documents/test_github/lesson6_ws/install/darknet_ros_msgs/include/darknet_ros_msgs/darknet_ros_msgs/msg
[0.977s] -- Up-to-date: /home/ngan/Documents/test_github/lesson6_ws/install/darknet_ros_msgs/include/darknet_ros_msgs/darknet_ros_msgs/msg/detail
[0.977s] -- Up-to-date: /home/ngan/Documents/test_github/lesson6_ws/install/darknet_ros_msgs/include/darknet_ros_msgs/darknet_ros_msgs/msg/detail/bounding_boxes__rosidl_typesupport_fastrtps_cpp.hpp
[0.977s] -- Up-to-date: /home/ngan/Documents/test_github/lesson6_ws/install/darknet_ros_msgs/include/darknet_ros_msgs/darknet_ros_msgs/msg/detail/object_count__rosidl_typesupport_fastrtps_cpp.hpp
[0.977s] -- Up-to-date: /home/ngan/Documents/test_github/lesson6_ws/install/darknet_ros_msgs/include/darknet_ros_msgs/darknet_ros_msgs/msg/detail/bounding_box__rosidl_typesupport_fastrtps_cpp.hpp
[0.977s] -- Up-to-date: /home/ngan/Documents/test_github/lesson6_ws/install/darknet_ros_msgs/include/darknet_ros_msgs/darknet_ros_msgs/msg/detail/dds_fastrtps
[0.977s] -- Up-to-date: /home/ngan/Documents/test_github/lesson6_ws/install/darknet_ros_msgs/include/darknet_ros_msgs/darknet_ros_msgs/msg/rosidl_typesupport_fastrtps_cpp__visibility_control.h
[0.978s] -- Up-to-date: /home/ngan/Documents/test_github/lesson6_ws/install/darknet_ros_msgs/lib/libdarknet_ros_msgs__rosidl_typesupport_fastrtps_cpp.so
[0.992s] -- Up-to-date: /home/ngan/Documents/test_github/lesson6_ws/install/darknet_ros_msgs/include/darknet_ros_msgs/darknet_ros_msgs
[0.992s] -- Up-to-date: /home/ngan/Documents/test_github/lesson6_ws/install/darknet_ros_msgs/include/darknet_ros_msgs/darknet_ros_msgs/action
[0.992s] -- Up-to-date: /home/ngan/Documents/test_github/lesson6_ws/install/darknet_ros_msgs/include/darknet_ros_msgs/darknet_ros_msgs/action/detail
[0.992s] -- Up-to-date: /home/ngan/Documents/test_github/lesson6_ws/install/darknet_ros_msgs/include/darknet_ros_msgs/darknet_ros_msgs/action/detail/check_for_objects__rosidl_typesupport_introspection_c.h
[0.992s] -- Installing: /home/ngan/Documents/test_github/lesson6_ws/install/darknet_ros_msgs/include/darknet_ros_msgs/darknet_ros_msgs/action/detail/check_for_objects__type_support.c
[0.992s] -- Up-to-date: /home/ngan/Documents/test_github/lesson6_ws/install/darknet_ros_msgs/include/darknet_ros_msgs/darknet_ros_msgs/msg
[0.992s] -- Up-to-date: /home/ngan/Documents/test_github/lesson6_ws/install/darknet_ros_msgs/include/darknet_ros_msgs/darknet_ros_msgs/msg/rosidl_typesupport_introspection_c__visibility_control.h
[0.992s] -- Up-to-date: /home/ngan/Documents/test_github/lesson6_ws/install/darknet_ros_msgs/include/darknet_ros_msgs/darknet_ros_msgs/msg/detail
[0.992s] -- Installing: /home/ngan/Documents/test_github/lesson6_ws/install/darknet_ros_msgs/include/darknet_ros_msgs/darknet_ros_msgs/msg/detail/bounding_box__type_support.c
[0.992s] -- Up-to-date: /home/ngan/Documents/test_github/lesson6_ws/install/darknet_ros_msgs/include/darknet_ros_msgs/darknet_ros_msgs/msg/detail/bounding_boxes__rosidl_typesupport_introspection_c.h
[0.992s] -- Installing: /home/ngan/Documents/test_github/lesson6_ws/install/darknet_ros_msgs/include/darknet_ros_msgs/darknet_ros_msgs/msg/detail/bounding_boxes__type_support.c
[0.992s] -- Up-to-date: /home/ngan/Documents/test_github/lesson6_ws/install/darknet_ros_msgs/include/darknet_ros_msgs/darknet_ros_msgs/msg/detail/bounding_box__rosidl_typesupport_introspection_c.h
[0.992s] -- Up-to-date: /home/ngan/Documents/test_github/lesson6_ws/install/darknet_ros_msgs/include/darknet_ros_msgs/darknet_ros_msgs/msg/detail/object_count__rosidl_typesupport_introspection_c.h
[0.993s] -- Installing: /home/ngan/Documents/test_github/lesson6_ws/install/darknet_ros_msgs/include/darknet_ros_msgs/darknet_ros_msgs/msg/detail/object_count__type_support.c
[0.993s] -- Up-to-date: /home/ngan/Documents/test_github/lesson6_ws/install/darknet_ros_msgs/lib/libdarknet_ros_msgs__rosidl_typesupport_introspection_c.so
[0.993s] -- Up-to-date: /home/ngan/Documents/test_github/lesson6_ws/install/darknet_ros_msgs/lib/libdarknet_ros_msgs__rosidl_typesupport_c.so
[0.993s] -- Up-to-date: /home/ngan/Documents/test_github/lesson6_ws/install/darknet_ros_msgs/include/darknet_ros_msgs/darknet_ros_msgs
[0.993s] -- Up-to-date: /home/ngan/Documents/test_github/lesson6_ws/install/darknet_ros_msgs/include/darknet_ros_msgs/darknet_ros_msgs/action
[0.993s] -- Up-to-date: /home/ngan/Documents/test_github/lesson6_ws/install/darknet_ros_msgs/include/darknet_ros_msgs/darknet_ros_msgs/action/detail
[0.993s] -- Up-to-date: /home/ngan/Documents/test_github/lesson6_ws/install/darknet_ros_msgs/include/darknet_ros_msgs/darknet_ros_msgs/action/detail/check_for_objects__type_support.cpp
[0.993s] -- Up-to-date: /home/ngan/Documents/test_github/lesson6_ws/install/darknet_ros_msgs/include/darknet_ros_msgs/darknet_ros_msgs/action/detail/check_for_objects__rosidl_typesupport_introspection_cpp.hpp
[0.993s] -- Up-to-date: /home/ngan/Documents/test_github/lesson6_ws/install/darknet_ros_msgs/include/darknet_ros_msgs/darknet_ros_msgs/msg
[0.993s] -- Up-to-date: /home/ngan/Documents/test_github/lesson6_ws/install/darknet_ros_msgs/include/darknet_ros_msgs/darknet_ros_msgs/msg/detail
[0.993s] -- Up-to-date: /home/ngan/Documents/test_github/lesson6_ws/install/darknet_ros_msgs/include/darknet_ros_msgs/darknet_ros_msgs/msg/detail/bounding_boxes__rosidl_typesupport_introspection_cpp.hpp
[0.993s] -- Up-to-date: /home/ngan/Documents/test_github/lesson6_ws/install/darknet_ros_msgs/include/darknet_ros_msgs/darknet_ros_msgs/msg/detail/bounding_box__type_support.cpp
[0.993s] -- Up-to-date: /home/ngan/Documents/test_github/lesson6_ws/install/darknet_ros_msgs/include/darknet_ros_msgs/darknet_ros_msgs/msg/detail/object_count__rosidl_typesupport_introspection_cpp.hpp
[0.993s] -- Up-to-date: /home/ngan/Documents/test_github/lesson6_ws/install/darknet_ros_msgs/include/darknet_ros_msgs/darknet_ros_msgs/msg/detail/object_count__type_support.cpp
[0.993s] -- Up-to-date: /home/ngan/Documents/test_github/lesson6_ws/install/darknet_ros_msgs/include/darknet_ros_msgs/darknet_ros_msgs/msg/detail/bounding_box__rosidl_typesupport_introspection_cpp.hpp
[0.993s] -- Up-to-date: /home/ngan/Documents/test_github/lesson6_ws/install/darknet_ros_msgs/include/darknet_ros_msgs/darknet_ros_msgs/msg/detail/bounding_boxes__type_support.cpp
[0.993s] -- Up-to-date: /home/ngan/Documents/test_github/lesson6_ws/install/darknet_ros_msgs/lib/libdarknet_ros_msgs__rosidl_typesupport_introspection_cpp.so
[0.993s] -- Up-to-date: /home/ngan/Documents/test_github/lesson6_ws/install/darknet_ros_msgs/lib/libdarknet_ros_msgs__rosidl_typesupport_cpp.so
[0.993s] -- Up-to-date: /home/ngan/Documents/test_github/lesson6_ws/install/darknet_ros_msgs/share/darknet_ros_msgs/environment/pythonpath.sh
[0.993s] -- Up-to-date: /home/ngan/Documents/test_github/lesson6_ws/install/darknet_ros_msgs/share/darknet_ros_msgs/environment/pythonpath.dsv
[0.994s] -- Up-to-date: /home/ngan/Documents/test_github/lesson6_ws/install/darknet_ros_msgs/lib/python3.12/site-packages/darknet_ros_msgs-1.1.5-py3.12.egg-info
[0.994s] -- Installing: /home/ngan/Documents/test_github/lesson6_ws/install/darknet_ros_msgs/lib/python3.12/site-packages/darknet_ros_msgs-1.1.5-py3.12.egg-info/SOURCES.txt
[0.994s] -- Installing: /home/ngan/Documents/test_github/lesson6_ws/install/darknet_ros_msgs/lib/python3.12/site-packages/darknet_ros_msgs-1.1.5-py3.12.egg-info/dependency_links.txt
[0.994s] -- Installing: /home/ngan/Documents/test_github/lesson6_ws/install/darknet_ros_msgs/lib/python3.12/site-packages/darknet_ros_msgs-1.1.5-py3.12.egg-info/PKG-INFO
[1.012s] -- Installing: /home/ngan/Documents/test_github/lesson6_ws/install/darknet_ros_msgs/lib/python3.12/site-packages/darknet_ros_msgs-1.1.5-py3.12.egg-info/top_level.txt
[1.012s] -- Up-to-date: /home/ngan/Documents/test_github/lesson6_ws/install/darknet_ros_msgs/lib/python3.12/site-packages/darknet_ros_msgs
[1.012s] -- Up-to-date: /home/ngan/Documents/test_github/lesson6_ws/install/darknet_ros_msgs/lib/python3.12/site-packages/darknet_ros_msgs/_darknet_ros_msgs_s.ep.rosidl_typesupport_introspection_c.c
[1.012s] -- Up-to-date: /home/ngan/Documents/test_github/lesson6_ws/install/darknet_ros_msgs/lib/python3.12/site-packages/darknet_ros_msgs/darknet_ros_msgs_s__rosidl_typesupport_c.so
[1.012s] -- Up-to-date: /home/ngan/Documents/test_github/lesson6_ws/install/darknet_ros_msgs/lib/python3.12/site-packages/darknet_ros_msgs/darknet_ros_msgs_s__rosidl_typesupport_introspection_c.so
[1.012s] -- Up-to-date: /home/ngan/Documents/test_github/lesson6_ws/install/darknet_ros_msgs/lib/python3.12/site-packages/darknet_ros_msgs/__init__.py
[1.012s] -- Up-to-date: /home/ngan/Documents/test_github/lesson6_ws/install/darknet_ros_msgs/lib/python3.12/site-packages/darknet_ros_msgs/action
[1.012s] -- Up-to-date: /home/ngan/Documents/test_github/lesson6_ws/install/darknet_ros_msgs/lib/python3.12/site-packages/darknet_ros_msgs/action/__init__.py
[1.012s] -- Up-to-date: /home/ngan/Documents/test_github/lesson6_ws/install/darknet_ros_msgs/lib/python3.12/site-packages/darknet_ros_msgs/action/_check_for_objects.py
[1.012s] -- Up-to-date: /home/ngan/Documents/test_github/lesson6_ws/install/darknet_ros_msgs/lib/python3.12/site-packages/darknet_ros_msgs/action/_check_for_objects_s.c
[1.012s] -- Up-to-date: /home/ngan/Documents/test_github/lesson6_ws/install/darknet_ros_msgs/lib/python3.12/site-packages/darknet_ros_msgs/_darknet_ros_msgs_s.ep.rosidl_typesupport_c.c
[1.012s] -- Up-to-date: /home/ngan/Documents/test_github/lesson6_ws/install/darknet_ros_msgs/lib/python3.12/site-packages/darknet_ros_msgs/darknet_ros_msgs_s__rosidl_typesupport_fastrtps_c.so
[1.012s] -- Up-to-date: /home/ngan/Documents/test_github/lesson6_ws/install/darknet_ros_msgs/lib/python3.12/site-packages/darknet_ros_msgs/_darknet_ros_msgs_s.ep.rosidl_typesupport_fastrtps_c.c
[1.013s] -- Up-to-date: /home/ngan/Documents/test_github/lesson6_ws/install/darknet_ros_msgs/lib/python3.12/site-packages/darknet_ros_msgs/msg
[1.013s] -- Up-to-date: /home/ngan/Documents/test_github/lesson6_ws/install/darknet_ros_msgs/lib/python3.12/site-packages/darknet_ros_msgs/msg/__init__.py
[1.013s] -- Up-to-date: /home/ngan/Documents/test_github/lesson6_ws/install/darknet_ros_msgs/lib/python3.12/site-packages/darknet_ros_msgs/msg/_bounding_boxes.py
[1.013s] -- Up-to-date: /home/ngan/Documents/test_github/lesson6_ws/install/darknet_ros_msgs/lib/python3.12/site-packages/darknet_ros_msgs/msg/_object_count.py
[1.013s] -- Up-to-date: /home/ngan/Documents/test_github/lesson6_ws/install/darknet_ros_msgs/lib/python3.12/site-packages/darknet_ros_msgs/msg/_object_count_s.c
[1.013s] -- Up-to-date: /home/ngan/Documents/test_github/lesson6_ws/install/darknet_ros_msgs/lib/python3.12/site-packages/darknet_ros_msgs/msg/_bounding_box.py
[1.013s] -- Up-to-date: /home/ngan/Documents/test_github/lesson6_ws/install/darknet_ros_msgs/lib/python3.12/site-packages/darknet_ros_msgs/msg/_bounding_box_s.c
[1.013s] -- Up-to-date: /home/ngan/Documents/test_github/lesson6_ws/install/darknet_ros_msgs/lib/python3.12/site-packages/darknet_ros_msgs/msg/_bounding_boxes_s.c
[1.127s] Listing '/home/ngan/Documents/test_github/lesson6_ws/install/darknet_ros_msgs/lib/python3.12/site-packages/darknet_ros_msgs'...
[1.128s] Listing '/home/ngan/Documents/test_github/lesson6_ws/install/darknet_ros_msgs/lib/python3.12/site-packages/darknet_ros_msgs/action'...
[1.128s] Listing '/home/ngan/Documents/test_github/lesson6_ws/install/darknet_ros_msgs/lib/python3.12/site-packages/darknet_ros_msgs/msg'...
[1.139s] -- Up-to-date: /home/ngan/Documents/test_github/lesson6_ws/install/darknet_ros_msgs/lib/python3.12/site-packages/darknet_ros_msgs/darknet_ros_msgs_s__rosidl_typesupport_fastrtps_c.so
[1.139s] -- Up-to-date: /home/ngan/Documents/test_github/lesson6_ws/install/darknet_ros_msgs/lib/python3.12/site-packages/darknet_ros_msgs/darknet_ros_msgs_s__rosidl_typesupport_introspection_c.so
[1.141s] -- Up-to-date: /home/ngan/Documents/test_github/lesson6_ws/install/darknet_ros_msgs/lib/python3.12/site-packages/darknet_ros_msgs/darknet_ros_msgs_s__rosidl_typesupport_c.so
[1.143s] -- Up-to-date: /home/ngan/Documents/test_github/lesson6_ws/install/darknet_ros_msgs/lib/libdarknet_ros_msgs__rosidl_generator_py.so
[1.143s] -- Up-to-date: /home/ngan/Documents/test_github/lesson6_ws/install/darknet_ros_msgs/share/darknet_ros_msgs/msg/BoundingBox.idl
[1.143s] -- Up-to-date: /home/ngan/Documents/test_github/lesson6_ws/install/darknet_ros_msgs/share/darknet_ros_msgs/msg/BoundingBoxes.idl
[1.143s] -- Up-to-date: /home/ngan/Documents/test_github/lesson6_ws/install/darknet_ros_msgs/share/darknet_ros_msgs/msg/ObjectCount.idl
[1.143s] -- Up-to-date: /home/ngan/Documents/test_github/lesson6_ws/install/darknet_ros_msgs/share/darknet_ros_msgs/action/CheckForObjects.idl
[1.143s] -- Up-to-date: /home/ngan/Documents/test_github/lesson6_ws/install/darknet_ros_msgs/share/darknet_ros_msgs/msg/BoundingBox.msg
[1.143s] -- Up-to-date: /home/ngan/Documents/test_github/lesson6_ws/install/darknet_ros_msgs/share/darknet_ros_msgs/msg/BoundingBoxes.msg
[1.143s] -- Up-to-date: /home/ngan/Documents/test_github/lesson6_ws/install/darknet_ros_msgs/share/darknet_ros_msgs/msg/ObjectCount.msg
[1.143s] -- Up-to-date: /home/ngan/Documents/test_github/lesson6_ws/install/darknet_ros_msgs/share/darknet_ros_msgs/action/CheckForObjects.action
[1.143s] -- Up-to-date: /home/ngan/Documents/test_github/lesson6_ws/install/darknet_ros_msgs/share/ament_index/resource_index/package_run_dependencies/darknet_ros_msgs
[1.143s] -- Up-to-date: /home/ngan/Documents/test_github/lesson6_ws/install/darknet_ros_msgs/share/ament_index/resource_index/parent_prefix_path/darknet_ros_msgs
[1.143s] -- Up-to-date: /home/ngan/Documents/test_github/lesson6_ws/install/darknet_ros_msgs/share/darknet_ros_msgs/environment/ament_prefix_path.sh
[1.143s] -- Up-to-date: /home/ngan/Documents/test_github/lesson6_ws/install/darknet_ros_msgs/share/darknet_ros_msgs/environment/ament_prefix_path.dsv
[1.143s] -- Up-to-date: /home/ngan/Documents/test_github/lesson6_ws/install/darknet_ros_msgs/share/darknet_ros_msgs/environment/path.sh
[1.143s] -- Up-to-date: /home/ngan/Documents/test_github/lesson6_ws/install/darknet_ros_msgs/share/darknet_ros_msgs/environment/path.dsv
[1.143s] -- Up-to-date: /home/ngan/Documents/test_github/lesson6_ws/install/darknet_ros_msgs/share/darknet_ros_msgs/local_setup.bash
[1.150s] -- Up-to-date: /home/ngan/Documents/test_github/lesson6_ws/install/darknet_ros_msgs/share/darknet_ros_msgs/local_setup.sh
[1.153s] -- Up-to-date: /home/ngan/Documents/test_github/lesson6_ws/install/darknet_ros_msgs/share/darknet_ros_msgs/local_setup.zsh
[1.153s] -- Up-to-date: /home/ngan/Documents/test_github/lesson6_ws/install/darknet_ros_msgs/share/darknet_ros_msgs/local_setup.dsv
[1.153s] -- Installing: /home/ngan/Documents/test_github/lesson6_ws/install/darknet_ros_msgs/share/darknet_ros_msgs/package.dsv
[1.153s] -- Up-to-date: /home/ngan/Documents/test_github/lesson6_ws/install/darknet_ros_msgs/share/ament_index/resource_index/packages/darknet_ros_msgs
[1.153s] -- Up-to-date: /home/ngan/Documents/test_github/lesson6_ws/install/darknet_ros_msgs/share/darknet_ros_msgs/cmake/export_darknet_ros_msgs__rosidl_generator_cExport.cmake
[1.154s] -- Up-to-date: /home/ngan/Documents/test_github/lesson6_ws/install/darknet_ros_msgs/share/darknet_ros_msgs/cmake/export_darknet_ros_msgs__rosidl_generator_cExport-noconfig.cmake
[1.154s] -- Up-to-date: /home/ngan/Documents/test_github/lesson6_ws/install/darknet_ros_msgs/share/darknet_ros_msgs/cmake/export_darknet_ros_msgs__rosidl_typesupport_fastrtps_cExport.cmake
[1.154s] -- Up-to-date: /home/ngan/Documents/test_github/lesson6_ws/install/darknet_ros_msgs/share/darknet_ros_msgs/cmake/export_darknet_ros_msgs__rosidl_typesupport_fastrtps_cExport-noconfig.cmake
[1.154s] -- Up-to-date: /home/ngan/Documents/test_github/lesson6_ws/install/darknet_ros_msgs/share/darknet_ros_msgs/cmake/export_darknet_ros_msgs__rosidl_generator_cppExport.cmake
[1.154s] -- Up-to-date: /home/ngan/Documents/test_github/lesson6_ws/install/darknet_ros_msgs/share/darknet_ros_msgs/cmake/export_darknet_ros_msgs__rosidl_typesupport_fastrtps_cppExport.cmake
[1.154s] -- Up-to-date: /home/ngan/Documents/test_github/lesson6_ws/install/darknet_ros_msgs/share/darknet_ros_msgs/cmake/export_darknet_ros_msgs__rosidl_typesupport_fastrtps_cppExport-noconfig.cmake
[1.154s] -- Up-to-date: /home/ngan/Documents/test_github/lesson6_ws/install/darknet_ros_msgs/share/darknet_ros_msgs/cmake/darknet_ros_msgs__rosidl_typesupport_introspection_cExport.cmake
[1.154s] -- Up-to-date: /home/ngan/Documents/test_github/lesson6_ws/install/darknet_ros_msgs/share/darknet_ros_msgs/cmake/darknet_ros_msgs__rosidl_typesupport_introspection_cExport-noconfig.cmake
[1.154s] -- Up-to-date: /home/ngan/Documents/test_github/lesson6_ws/install/darknet_ros_msgs/share/darknet_ros_msgs/cmake/darknet_ros_msgs__rosidl_typesupport_cExport.cmake
[1.154s] -- Up-to-date: /home/ngan/Documents/test_github/lesson6_ws/install/darknet_ros_msgs/share/darknet_ros_msgs/cmake/darknet_ros_msgs__rosidl_typesupport_cExport-noconfig.cmake
[1.155s] -- Up-to-date: /home/ngan/Documents/test_github/lesson6_ws/install/darknet_ros_msgs/share/darknet_ros_msgs/cmake/darknet_ros_msgs__rosidl_typesupport_introspection_cppExport.cmake
[1.155s] -- Up-to-date: /home/ngan/Documents/test_github/lesson6_ws/install/darknet_ros_msgs/share/darknet_ros_msgs/cmake/darknet_ros_msgs__rosidl_typesupport_introspection_cppExport-noconfig.cmake
[1.167s] -- Up-to-date: /home/ngan/Documents/test_github/lesson6_ws/install/darknet_ros_msgs/share/darknet_ros_msgs/cmake/darknet_ros_msgs__rosidl_typesupport_cppExport.cmake
[1.167s] -- Up-to-date: /home/ngan/Documents/test_github/lesson6_ws/install/darknet_ros_msgs/share/darknet_ros_msgs/cmake/darknet_ros_msgs__rosidl_typesupport_cppExport-noconfig.cmake
[1.167s] -- Up-to-date: /home/ngan/Documents/test_github/lesson6_ws/install/darknet_ros_msgs/share/darknet_ros_msgs/cmake/export_darknet_ros_msgs__rosidl_generator_pyExport.cmake
[1.167s] -- Up-to-date: /home/ngan/Documents/test_github/lesson6_ws/install/darknet_ros_msgs/share/darknet_ros_msgs/cmake/export_darknet_ros_msgs__rosidl_generator_pyExport-noconfig.cmake
[1.167s] -- Up-to-date: /home/ngan/Documents/test_github/lesson6_ws/install/darknet_ros_msgs/share/darknet_ros_msgs/cmake/rosidl_cmake-extras.cmake
[1.167s] -- Up-to-date: /home/ngan/Documents/test_github/lesson6_ws/install/darknet_ros_msgs/share/darknet_ros_msgs/cmake/ament_cmake_export_dependencies-extras.cmake
[1.167s] -- Up-to-date: /home/ngan/Documents/test_github/lesson6_ws/install/darknet_ros_msgs/share/darknet_ros_msgs/cmake/ament_cmake_export_include_directories-extras.cmake
[1.167s] -- Up-to-date: /home/ngan/Documents/test_github/lesson6_ws/install/darknet_ros_msgs/share/darknet_ros_msgs/cmake/ament_cmake_export_libraries-extras.cmake
[1.167s] -- Up-to-date: /home/ngan/Documents/test_github/lesson6_ws/install/darknet_ros_msgs/share/darknet_ros_msgs/cmake/ament_cmake_export_targets-extras.cmake
[1.167s] -- Up-to-date: /home/ngan/Documents/test_github/lesson6_ws/install/darknet_ros_msgs/share/darknet_ros_msgs/cmake/rosidl_cmake_export_typesupport_targets-extras.cmake
[1.167s] -- Up-to-date: /home/ngan/Documents/test_github/lesson6_ws/install/darknet_ros_msgs/share/darknet_ros_msgs/cmake/rosidl_cmake_export_typesupport_libraries-extras.cmake
[1.167s] -- Up-to-date: /home/ngan/Documents/test_github/lesson6_ws/install/darknet_ros_msgs/share/darknet_ros_msgs/cmake/darknet_ros_msgsConfig.cmake
[1.168s] -- Up-to-date: /home/ngan/Documents/test_github/lesson6_ws/install/darknet_ros_msgs/share/darknet_ros_msgs/cmake/darknet_ros_msgsConfig-version.cmake
[1.168s] -- Up-to-date: /home/ngan/Documents/test_github/lesson6_ws/install/darknet_ros_msgs/share/darknet_ros_msgs/package.xml
[1.227s] Invoked command in '/home/ngan/Documents/test_github/lesson6_ws/build/darknet_ros_msgs' returned '0': CMAKE_PREFIX_PATH=${CMAKE_PREFIX_PATH}:/home/ngan/Documents/test_github/lesson6_ws/install/stop_sign_control:/home/ngan/Documents/test_github/lesson6_ws/install/opencv_tests:/opt/ros/jazzy DEBUGINFOD_URLS=https://debuginfod.ubuntu.com /usr/bin/cmake --install /home/ngan/Documents/test_github/lesson6_ws/build/darknet_ros_msgs
