[0.077s] Invoking command in '/home/ngan/Documents/test_github/lesson6_ws/build/image_geometry': CMAKE_PREFIX_PATH=${CMAKE_PREFIX_PATH}:/home/ngan/Documents/test_github/lesson6_ws/install/stop_sign_control:/home/ngan/Documents/test_github/lesson6_ws/install/opencv_tests:/opt/ros/jazzy DEBUGINFOD_URLS=https://debuginfod.ubuntu.com /usr/bin/cmake --build /home/ngan/Documents/test_github/lesson6_ws/build/image_geometry -- -j4 -l4
[0.673s] [  0%] Built target ament_cmake_python_copy_image_geometry
[0.794s] [ 18%] Built target gtest
[2.269s] running egg_info
[2.429s] writing image_geometry.egg-info/PKG-INFO
[2.440s] writing dependency_links to image_geometry.egg-info/dependency_links.txt
[2.441s] writing top-level names to image_geometry.egg-info/top_level.txt
[3.409s] reading manifest file 'image_geometry.egg-info/SOURCES.txt'
[3.427s] writing manifest file 'image_geometry.egg-info/SOURCES.txt'
[3.963s] [ 18%] Built target ament_cmake_python_build_image_geometry_egg
[4.271s] [ 36%] Built target gtest_main
[4.544s] [ 63%] Built target image_geometry
[4.827s] [ 81%] Built target image_geometry-utest
[5.099s] [100%] Built target image_geometry-utest-equi
[5.354s] Invoked command in '/home/ngan/Documents/test_github/lesson6_ws/build/image_geometry' returned '0': CMAKE_PREFIX_PATH=${CMAKE_PREFIX_PATH}:/home/ngan/Documents/test_github/lesson6_ws/install/stop_sign_control:/home/ngan/Documents/test_github/lesson6_ws/install/opencv_tests:/opt/ros/jazzy DEBUGINFOD_URLS=https://debuginfod.ubuntu.com /usr/bin/cmake --build /home/ngan/Documents/test_github/lesson6_ws/build/image_geometry -- -j4 -l4
[5.412s] Invoking command in '/home/ngan/Documents/test_github/lesson6_ws/build/image_geometry': CMAKE_PREFIX_PATH=${CMAKE_PREFIX_PATH}:/home/ngan/Documents/test_github/lesson6_ws/install/stop_sign_control:/home/ngan/Documents/test_github/lesson6_ws/install/opencv_tests:/opt/ros/jazzy DEBUGINFOD_URLS=https://debuginfod.ubuntu.com /usr/bin/cmake --install /home/ngan/Documents/test_github/lesson6_ws/build/image_geometry
[5.490s] -- Install configuration: ""
[5.490s] -- Up-to-date: /home/ngan/Documents/test_github/lesson6_ws/install/image_geometry/share/image_geometry/environment/pythonpath.sh
[5.490s] -- Up-to-date: /home/ngan/Documents/test_github/lesson6_ws/install/image_geometry/share/image_geometry/environment/pythonpath.dsv
[5.490s] -- Up-to-date: /home/ngan/Documents/test_github/lesson6_ws/install/image_geometry/lib/python3.12/site-packages/image_geometry-3.0.7-py3.12.egg-info
[5.490s] -- Installing: /home/ngan/Documents/test_github/lesson6_ws/install/image_geometry/lib/python3.12/site-packages/image_geometry-3.0.7-py3.12.egg-info/SOURCES.txt
[5.490s] -- Installing: /home/ngan/Documents/test_github/lesson6_ws/install/image_geometry/lib/python3.12/site-packages/image_geometry-3.0.7-py3.12.egg-info/dependency_links.txt
[5.490s] -- Installing: /home/ngan/Documents/test_github/lesson6_ws/install/image_geometry/lib/python3.12/site-packages/image_geometry-3.0.7-py3.12.egg-info/PKG-INFO
[5.493s] -- Installing: /home/ngan/Documents/test_github/lesson6_ws/install/image_geometry/lib/python3.12/site-packages/image_geometry-3.0.7-py3.12.egg-info/top_level.txt
[5.495s] -- Up-to-date: /home/ngan/Documents/test_github/lesson6_ws/install/image_geometry/lib/python3.12/site-packages/image_geometry
[5.496s] -- Up-to-date: /home/ngan/Documents/test_github/lesson6_ws/install/image_geometry/lib/python3.12/site-packages/image_geometry/__init__.py
[5.498s] -- Up-to-date: /home/ngan/Documents/test_github/lesson6_ws/install/image_geometry/lib/python3.12/site-packages/image_geometry/cameramodels.py
[5.755s] Listing '/home/ngan/Documents/test_github/lesson6_ws/install/image_geometry/lib/python3.12/site-packages/image_geometry'...
[5.785s] -- Up-to-date: /home/ngan/Documents/test_github/lesson6_ws/install/image_geometry/include/image_geometry
[5.785s] -- Up-to-date: /home/ngan/Documents/test_github/lesson6_ws/install/image_geometry/include/image_geometry/stereo_camera_model.h
[5.785s] -- Up-to-date: /home/ngan/Documents/test_github/lesson6_ws/install/image_geometry/include/image_geometry/visibility_control.hpp
[5.785s] -- Up-to-date: /home/ngan/Documents/test_github/lesson6_ws/install/image_geometry/include/image_geometry/pinhole_camera_model.h
[5.785s] -- Up-to-date: /home/ngan/Documents/test_github/lesson6_ws/install/image_geometry/lib/libimage_geometry.so
[5.786s] -- Up-to-date: /home/ngan/Documents/test_github/lesson6_ws/install/image_geometry/share/image_geometry/environment/library_path.sh
[5.786s] -- Up-to-date: /home/ngan/Documents/test_github/lesson6_ws/install/image_geometry/share/image_geometry/environment/library_path.dsv
[5.786s] -- Up-to-date: /home/ngan/Documents/test_github/lesson6_ws/install/image_geometry/share/ament_index/resource_index/package_run_dependencies/image_geometry
[5.786s] -- Up-to-date: /home/ngan/Documents/test_github/lesson6_ws/install/image_geometry/share/ament_index/resource_index/parent_prefix_path/image_geometry
[5.786s] -- Up-to-date: /home/ngan/Documents/test_github/lesson6_ws/install/image_geometry/share/image_geometry/environment/ament_prefix_path.sh
[5.787s] -- Up-to-date: /home/ngan/Documents/test_github/lesson6_ws/install/image_geometry/share/image_geometry/environment/ament_prefix_path.dsv
[5.787s] -- Up-to-date: /home/ngan/Documents/test_github/lesson6_ws/install/image_geometry/share/image_geometry/environment/path.sh
[5.787s] -- Up-to-date: /home/ngan/Documents/test_github/lesson6_ws/install/image_geometry/share/image_geometry/environment/path.dsv
[5.787s] -- Up-to-date: /home/ngan/Documents/test_github/lesson6_ws/install/image_geometry/share/image_geometry/local_setup.bash
[5.809s] -- Up-to-date: /home/ngan/Documents/test_github/lesson6_ws/install/image_geometry/share/image_geometry/local_setup.sh
[5.809s] -- Up-to-date: /home/ngan/Documents/test_github/lesson6_ws/install/image_geometry/share/image_geometry/local_setup.zsh
[5.810s] -- Up-to-date: /home/ngan/Documents/test_github/lesson6_ws/install/image_geometry/share/image_geometry/local_setup.dsv
[5.810s] -- Installing: /home/ngan/Documents/test_github/lesson6_ws/install/image_geometry/share/image_geometry/package.dsv
[5.810s] -- Up-to-date: /home/ngan/Documents/test_github/lesson6_ws/install/image_geometry/share/ament_index/resource_index/packages/image_geometry
[5.822s] -- Up-to-date: /home/ngan/Documents/test_github/lesson6_ws/install/image_geometry/share/image_geometry/cmake/ament_cmake_export_libraries-extras.cmake
[5.825s] -- Up-to-date: /home/ngan/Documents/test_github/lesson6_ws/install/image_geometry/share/image_geometry/cmake/ament_cmake_export_dependencies-extras.cmake
[5.825s] -- Up-to-date: /home/ngan/Documents/test_github/lesson6_ws/install/image_geometry/share/image_geometry/cmake/ament_cmake_export_include_directories-extras.cmake
[5.826s] -- Up-to-date: /home/ngan/Documents/test_github/lesson6_ws/install/image_geometry/share/image_geometry/cmake/image_geometryConfig.cmake
[5.826s] -- Up-to-date: /home/ngan/Documents/test_github/lesson6_ws/install/image_geometry/share/image_geometry/cmake/image_geometryConfig-version.cmake
[5.827s] -- Up-to-date: /home/ngan/Documents/test_github/lesson6_ws/install/image_geometry/share/image_geometry/package.xml
[5.995s] Invoked command in '/home/ngan/Documents/test_github/lesson6_ws/build/image_geometry' returned '0': CMAKE_PREFIX_PATH=${CMAKE_PREFIX_PATH}:/home/ngan/Documents/test_github/lesson6_ws/install/stop_sign_control:/home/ngan/Documents/test_github/lesson6_ws/install/opencv_tests:/opt/ros/jazzy DEBUGINFOD_URLS=https://debuginfod.ubuntu.com /usr/bin/cmake --install /home/ngan/Documents/test_github/lesson6_ws/build/image_geometry
