[  1%] Built target darknet_ros_msgs__rosidl_generator_type_description
[  1%] Built target ament_cmake_python_copy_darknet_ros_msgs
[  3%] Built target darknet_ros_msgs__cpp
running egg_info
writing darknet_ros_msgs.egg-info/PKG-INFO
writing dependency_links to darknet_ros_msgs.egg-info/dependency_links.txt
writing top-level names to darknet_ros_msgs.egg-info/top_level.txt
reading manifest file 'darknet_ros_msgs.egg-info/SOURCES.txt'
writing manifest file 'darknet_ros_msgs.egg-info/SOURCES.txt'
[  3%] Built target ament_cmake_python_build_darknet_ros_msgs_egg
[ 25%] Built target darknet_ros_msgs__rosidl_generator_c
[ 34%] Built target darknet_ros_msgs__rosidl_typesupport_fastrtps_c
[ 43%] Built target darknet_ros_msgs__rosidl_typesupport_c
[ 53%] Built target darknet_ros_msgs__rosidl_typesupport_introspection_cpp
[ 62%] Built target darknet_ros_msgs__rosidl_typesupport_cpp
[ 71%] Built target darknet_ros_msgs__rosidl_typesupport_introspection_c
[ 81%] Built target darknet_ros_msgs__rosidl_typesupport_fastrtps_cpp
[ 81%] Built target darknet_ros_msgs
[ 82%] Built target darknet_ros_msgs__py
[ 90%] Built target darknet_ros_msgs__rosidl_generator_py
[ 93%] Built target darknet_ros_msgs_s__rosidl_typesupport_fastrtps_c
[ 96%] Built target darknet_ros_msgs_s__rosidl_typesupport_c
[100%] Built target darknet_ros_msgs_s__rosidl_typesupport_introspection_c
