[0.148s] Invoking command in '/home/ngan/Documents/test_github/lesson6_ws/build/rmitbot_localization': CMAKE_PREFIX_PATH=${CMAKE_PREFIX_PATH}:/opt/ros/jazzy DEBUGINFOD_URLS=https://debuginfod.ubuntu.com /usr/bin/cmake --build /home/ngan/Documents/test_github/lesson6_ws/build/rmitbot_localization -- -j4 -l4
[0.400s] Invoked command in '/home/ngan/Documents/test_github/lesson6_ws/build/rmitbot_localization' returned '0': CMAKE_PREFIX_PATH=${CMAKE_PREFIX_PATH}:/opt/ros/jazzy DEBUGINFOD_URLS=https://debuginfod.ubuntu.com /usr/bin/cmake --build /home/ngan/Documents/test_github/lesson6_ws/build/rmitbot_localization -- -j4 -l4
[0.404s] Invoking command in '/home/ngan/Documents/test_github/lesson6_ws/build/rmitbot_localization': CMAKE_PREFIX_PATH=${CMAKE_PREFIX_PATH}:/opt/ros/jazzy DEBUGINFOD_URLS=https://debuginfod.ubuntu.com /usr/bin/cmake --install /home/ngan/Documents/test_github/lesson6_ws/build/rmitbot_localization
[0.449s] -- Install configuration: ""
[0.449s] -- Up-to-date: /home/ngan/Documents/test_github/lesson6_ws/install/rmitbot_localization/share/rmitbot_localization/launch
[0.449s] -- Up-to-date: /home/ngan/Documents/test_github/lesson6_ws/install/rmitbot_localization/share/rmitbot_localization/launch/local_localization.launch.py
[0.450s] -- Up-to-date: /home/ngan/Documents/test_github/lesson6_ws/install/rmitbot_localization/share/rmitbot_localization/config
[0.450s] -- Up-to-date: /home/ngan/Documents/test_github/lesson6_ws/install/rmitbot_localization/share/rmitbot_localization/config/ekf.yaml
[0.450s] -- Up-to-date: /home/ngan/Documents/test_github/lesson6_ws/install/rmitbot_localization/share/ament_index/resource_index/package_run_dependencies/rmitbot_localization
[0.450s] -- Up-to-date: /home/ngan/Documents/test_github/lesson6_ws/install/rmitbot_localization/share/ament_index/resource_index/parent_prefix_path/rmitbot_localization
[0.450s] -- Up-to-date: /home/ngan/Documents/test_github/lesson6_ws/install/rmitbot_localization/share/rmitbot_localization/environment/ament_prefix_path.sh
[0.456s] -- Up-to-date: /home/ngan/Documents/test_github/lesson6_ws/install/rmitbot_localization/share/rmitbot_localization/environment/ament_prefix_path.dsv
[0.456s] -- Up-to-date: /home/ngan/Documents/test_github/lesson6_ws/install/rmitbot_localization/share/rmitbot_localization/environment/path.sh
[0.456s] -- Up-to-date: /home/ngan/Documents/test_github/lesson6_ws/install/rmitbot_localization/share/rmitbot_localization/environment/path.dsv
[0.458s] -- Up-to-date: /home/ngan/Documents/test_github/lesson6_ws/install/rmitbot_localization/share/rmitbot_localization/local_setup.bash
[0.459s] -- Up-to-date: /home/ngan/Documents/test_github/lesson6_ws/install/rmitbot_localization/share/rmitbot_localization/local_setup.sh
[0.459s] -- Up-to-date: /home/ngan/Documents/test_github/lesson6_ws/install/rmitbot_localization/share/rmitbot_localization/local_setup.zsh
[0.459s] -- Up-to-date: /home/ngan/Documents/test_github/lesson6_ws/install/rmitbot_localization/share/rmitbot_localization/local_setup.dsv
[0.459s] -- Installing: /home/ngan/Documents/test_github/lesson6_ws/install/rmitbot_localization/share/rmitbot_localization/package.dsv
[0.459s] -- Up-to-date: /home/ngan/Documents/test_github/lesson6_ws/install/rmitbot_localization/share/ament_index/resource_index/packages/rmitbot_localization
[0.459s] -- Up-to-date: /home/ngan/Documents/test_github/lesson6_ws/install/rmitbot_localization/share/rmitbot_localization/cmake/rmitbot_localizationConfig.cmake
[0.485s] -- Up-to-date: /home/ngan/Documents/test_github/lesson6_ws/install/rmitbot_localization/share/rmitbot_localization/cmake/rmitbot_localizationConfig-version.cmake
[0.486s] -- Up-to-date: /home/ngan/Documents/test_github/lesson6_ws/install/rmitbot_localization/share/rmitbot_localization/package.xml
[0.567s] Invoked command in '/home/ngan/Documents/test_github/lesson6_ws/build/rmitbot_localization' returned '0': CMAKE_PREFIX_PATH=${CMAKE_PREFIX_PATH}:/opt/ros/jazzy DEBUGINFOD_URLS=https://debuginfod.ubuntu.com /usr/bin/cmake --install /home/ngan/Documents/test_github/lesson6_ws/build/rmitbot_localization
