[0.018s] Invoking command in '/home/ngan/Documents/test_github/lesson6_ws/build/rmitbot_description': DEBUGINFOD_URLS=https://debuginfod.ubuntu.com /usr/bin/cmake --build /home/ngan/Documents/test_github/lesson6_ws/build/rmitbot_description -- -j4 -l4
[2.456s] Invoked command in '/home/ngan/Documents/test_github/lesson6_ws/build/rmitbot_description' returned '0': DEBUGINFOD_URLS=https://debuginfod.ubuntu.com /usr/bin/cmake --build /home/ngan/Documents/test_github/lesson6_ws/build/rmitbot_description -- -j4 -l4
[2.467s] Invoking command in '/home/ngan/Documents/test_github/lesson6_ws/build/rmitbot_description': DEBUGINFOD_URLS=https://debuginfod.ubuntu.com /usr/bin/cmake --install /home/ngan/Documents/test_github/lesson6_ws/build/rmitbot_description
[2.612s] -- Install configuration: ""
[2.614s] -- Up-to-date: /home/ngan/Documents/test_github/lesson6_ws/install/rmitbot_description/share/rmitbot_description/meshes
[2.614s] -- Up-to-date: /home/ngan/Documents/test_github/lesson6_ws/install/rmitbot_description/share/rmitbot_description/meshes/base_link.stl
[2.614s] -- Up-to-date: /home/ngan/Documents/test_github/lesson6_ws/install/rmitbot_description/share/rmitbot_description/meshes/rear_left_wheel.stl
[2.614s] -- Up-to-date: /home/ngan/Documents/test_github/lesson6_ws/install/rmitbot_description/share/rmitbot_description/meshes/front_right_wheel.stl
[2.618s] -- Up-to-date: /home/ngan/Documents/test_github/lesson6_ws/install/rmitbot_description/share/rmitbot_description/meshes/front_left_wheel.stl
[2.618s] -- Up-to-date: /home/ngan/Documents/test_github/lesson6_ws/install/rmitbot_description/share/rmitbot_description/meshes/rear_right_wheel.stl
[2.618s] -- Up-to-date: /home/ngan/Documents/test_github/lesson6_ws/install/rmitbot_description/share/rmitbot_description/urdf
[2.618s] -- Up-to-date: /home/ngan/Documents/test_github/lesson6_ws/install/rmitbot_description/share/rmitbot_description/urdf/rmitbot_gazebo.xacro
[2.618s] -- Up-to-date: /home/ngan/Documents/test_github/lesson6_ws/install/rmitbot_description/share/rmitbot_description/urdf/rmitbot.urdf.xacro
[2.619s] -- Up-to-date: /home/ngan/Documents/test_github/lesson6_ws/install/rmitbot_description/share/rmitbot_description/urdf/rmitbot_ros2_control.xacro
[2.619s] -- Up-to-date: /home/ngan/Documents/test_github/lesson6_ws/install/rmitbot_description/share/rmitbot_description/urdf/rmitbot_platform.xacro
[2.619s] -- Up-to-date: /home/ngan/Documents/test_github/lesson6_ws/install/rmitbot_description/share/rmitbot_description/launch
[2.622s] -- Up-to-date: /home/ngan/Documents/test_github/lesson6_ws/install/rmitbot_description/share/rmitbot_description/launch/gazebo.launch.py
[2.622s] -- Up-to-date: /home/ngan/Documents/test_github/lesson6_ws/install/rmitbot_description/share/rmitbot_description/launch/display.launch.py
[2.623s] -- Up-to-date: /home/ngan/Documents/test_github/lesson6_ws/install/rmitbot_description/share/rmitbot_description/rviz
[2.623s] -- Up-to-date: /home/ngan/Documents/test_github/lesson6_ws/install/rmitbot_description/share/rmitbot_description/rviz/display.rviz
[2.623s] -- Up-to-date: /home/ngan/Documents/test_github/lesson6_ws/install/rmitbot_description/share/ament_index/resource_index/package_run_dependencies/rmitbot_description
[2.634s] -- Up-to-date: /home/ngan/Documents/test_github/lesson6_ws/install/rmitbot_description/share/ament_index/resource_index/parent_prefix_path/rmitbot_description
[2.635s] -- Up-to-date: /home/ngan/Documents/test_github/lesson6_ws/install/rmitbot_description/share/rmitbot_description/environment/ament_prefix_path.sh
[2.635s] -- Up-to-date: /home/ngan/Documents/test_github/lesson6_ws/install/rmitbot_description/share/rmitbot_description/environment/ament_prefix_path.dsv
[2.637s] -- Up-to-date: /home/ngan/Documents/test_github/lesson6_ws/install/rmitbot_description/share/rmitbot_description/environment/path.sh
[2.637s] -- Up-to-date: /home/ngan/Documents/test_github/lesson6_ws/install/rmitbot_description/share/rmitbot_description/environment/path.dsv
[2.637s] -- Up-to-date: /home/ngan/Documents/test_github/lesson6_ws/install/rmitbot_description/share/rmitbot_description/local_setup.bash
[2.675s] -- Up-to-date: /home/ngan/Documents/test_github/lesson6_ws/install/rmitbot_description/share/rmitbot_description/local_setup.sh
[2.676s] -- Up-to-date: /home/ngan/Documents/test_github/lesson6_ws/install/rmitbot_description/share/rmitbot_description/local_setup.zsh
[2.676s] -- Up-to-date: /home/ngan/Documents/test_github/lesson6_ws/install/rmitbot_description/share/rmitbot_description/local_setup.dsv
[2.677s] -- Installing: /home/ngan/Documents/test_github/lesson6_ws/install/rmitbot_description/share/rmitbot_description/package.dsv
[2.677s] -- Up-to-date: /home/ngan/Documents/test_github/lesson6_ws/install/rmitbot_description/share/ament_index/resource_index/packages/rmitbot_description
[2.681s] -- Up-to-date: /home/ngan/Documents/test_github/lesson6_ws/install/rmitbot_description/share/rmitbot_description/cmake/rmitbot_descriptionConfig.cmake
[2.717s] -- Up-to-date: /home/ngan/Documents/test_github/lesson6_ws/install/rmitbot_description/share/rmitbot_description/cmake/rmitbot_descriptionConfig-version.cmake
[2.741s] -- Up-to-date: /home/ngan/Documents/test_github/lesson6_ws/install/rmitbot_description/share/rmitbot_description/package.xml
[2.742s] Invoked command in '/home/ngan/Documents/test_github/lesson6_ws/build/rmitbot_description' returned '0': DEBUGINFOD_URLS=https://debuginfod.ubuntu.com /usr/bin/cmake --install /home/ngan/Documents/test_github/lesson6_ws/build/rmitbot_description
