[2.058s] Invoking command in '/home/ngan/Documents/test_github/lesson6_ws/src/rmitbot_vision/stop_sign_control': AMENT_PREFIX_PATH=/home/ngan/Documents/test_github/lesson6_ws/install/darknet_ros_msgs CMAKE_PREFIX_PATH=/home/ngan/Documents/test_github/lesson6_ws/install/darknet_ros_msgs DEBUGINFOD_URLS=https://debuginfod.ubuntu.com LD_LIBRARY_PATH=/home/ngan/Documents/test_github/lesson6_ws/install/darknet_ros_msgs/lib PYTHONPATH=/home/ngan/Documents/test_github/lesson6_ws/build/stop_sign_control/prefix_override:/usr/lib/python3/dist-packages/colcon_core/task/python/colcon_distutils_commands:/home/ngan/Documents/test_github/lesson6_ws/install/stop_sign_control/lib/python3.12/site-packages:/home/ngan/Documents/test_github/lesson6_ws/install/darknet_ros_msgs/lib/python3.12/site-packages /usr/bin/python3 -W ignore:setup.py install is deprecated -W ignore:easy_install command is deprecated setup.py egg_info --egg-base ../../../build/stop_sign_control build --build-base /home/ngan/Documents/test_github/lesson6_ws/build/stop_sign_control/build install --record /home/ngan/Documents/test_github/lesson6_ws/build/stop_sign_control/install.log --single-version-externally-managed install_data
[2.529s] running egg_info
[2.541s] writing ../../../build/stop_sign_control/stop_sign_control.egg-info/PKG-INFO
[2.541s] writing dependency_links to ../../../build/stop_sign_control/stop_sign_control.egg-info/dependency_links.txt
[2.541s] writing entry points to ../../../build/stop_sign_control/stop_sign_control.egg-info/entry_points.txt
[2.541s] writing requirements to ../../../build/stop_sign_control/stop_sign_control.egg-info/requires.txt
[2.542s] writing top-level names to ../../../build/stop_sign_control/stop_sign_control.egg-info/top_level.txt
[2.572s] reading manifest file '../../../build/stop_sign_control/stop_sign_control.egg-info/SOURCES.txt'
[2.572s] writing manifest file '../../../build/stop_sign_control/stop_sign_control.egg-info/SOURCES.txt'
[2.572s] running build
[2.572s] running build_py
[2.574s] running install
[2.582s] running install_lib
[2.596s] running install_data
[2.596s] running install_egg_info
[2.613s] removing '/home/ngan/Documents/test_github/lesson6_ws/install/stop_sign_control/lib/python3.12/site-packages/stop_sign_control-0.0.0-py3.12.egg-info' (and everything under it)
[2.621s] Copying ../../../build/stop_sign_control/stop_sign_control.egg-info to /home/ngan/Documents/test_github/lesson6_ws/install/stop_sign_control/lib/python3.12/site-packages/stop_sign_control-0.0.0-py3.12.egg-info
[2.664s] running install_scripts
[3.065s] Installing stop_sign_detection script to /home/ngan/Documents/test_github/lesson6_ws/install/stop_sign_control/lib/stop_sign_control
[3.065s] writing list of installed files to '/home/ngan/Documents/test_github/lesson6_ws/build/stop_sign_control/install.log'
[3.264s] Invoked command in '/home/ngan/Documents/test_github/lesson6_ws/src/rmitbot_vision/stop_sign_control' returned '0': AMENT_PREFIX_PATH=/home/ngan/Documents/test_github/lesson6_ws/install/darknet_ros_msgs CMAKE_PREFIX_PATH=/home/ngan/Documents/test_github/lesson6_ws/install/darknet_ros_msgs DEBUGINFOD_URLS=https://debuginfod.ubuntu.com LD_LIBRARY_PATH=/home/ngan/Documents/test_github/lesson6_ws/install/darknet_ros_msgs/lib PYTHONPATH=/home/ngan/Documents/test_github/lesson6_ws/build/stop_sign_control/prefix_override:/usr/lib/python3/dist-packages/colcon_core/task/python/colcon_distutils_commands:/home/ngan/Documents/test_github/lesson6_ws/install/stop_sign_control/lib/python3.12/site-packages:/home/ngan/Documents/test_github/lesson6_ws/install/darknet_ros_msgs/lib/python3.12/site-packages /usr/bin/python3 -W ignore:setup.py install is deprecated -W ignore:easy_install command is deprecated setup.py egg_info --egg-base ../../../build/stop_sign_control build --build-base /home/ngan/Documents/test_github/lesson6_ws/build/stop_sign_control/build install --record /home/ngan/Documents/test_github/lesson6_ws/build/stop_sign_control/install.log --single-version-externally-managed install_data
