running egg_info
writing ../../../build/stop_sign_control/stop_sign_control.egg-info/PKG-INFO
writing dependency_links to ../../../build/stop_sign_control/stop_sign_control.egg-info/dependency_links.txt
writing entry points to ../../../build/stop_sign_control/stop_sign_control.egg-info/entry_points.txt
writing requirements to ../../../build/stop_sign_control/stop_sign_control.egg-info/requires.txt
writing top-level names to ../../../build/stop_sign_control/stop_sign_control.egg-info/top_level.txt
reading manifest file '../../../build/stop_sign_control/stop_sign_control.egg-info/SOURCES.txt'
writing manifest file '../../../build/stop_sign_control/stop_sign_control.egg-info/SOURCES.txt'
running build
running build_py
running install
running install_lib
running install_data
copying launch/stop_sign_control.launch.py -> /home/ngan/Documents/test_github/lesson6_ws/install/stop_sign_control/share/stop_sign_control/launch
running install_egg_info
removing '/home/ngan/Documents/test_github/lesson6_ws/install/stop_sign_control/lib/python3.12/site-packages/stop_sign_control-0.0.0-py3.12.egg-info' (and everything under it)
Copying ../../../build/stop_sign_control/stop_sign_control.egg-info to /home/ngan/Documents/test_github/lesson6_ws/install/stop_sign_control/lib/python3.12/site-packages/stop_sign_control-0.0.0-py3.12.egg-info
running install_scripts
Installing stop_sign_detection script to /home/ngan/Documents/test_github/lesson6_ws/install/stop_sign_control/lib/stop_sign_control
writing list of installed files to '/home/ngan/Documents/test_github/lesson6_ws/build/stop_sign_control/install.log'
