[0.044s] Invoking command in '/home/ngan/Documents/test_github/lesson6_ws/build/rmitbot_bringup': DEBUGINFOD_URLS=https://debuginfod.ubuntu.com /usr/bin/cmake --build /home/ngan/Documents/test_github/lesson6_ws/build/rmitbot_bringup -- -j4 -l4
[0.201s] Invoked command in '/home/ngan/Documents/test_github/lesson6_ws/build/rmitbot_bringup' returned '0': DEBUGINFOD_URLS=https://debuginfod.ubuntu.com /usr/bin/cmake --build /home/ngan/Documents/test_github/lesson6_ws/build/rmitbot_bringup -- -j4 -l4
[0.205s] Invoking command in '/home/ngan/Documents/test_github/lesson6_ws/build/rmitbot_bringup': DEBUGINFOD_URLS=https://debuginfod.ubuntu.com /usr/bin/cmake --install /home/ngan/Documents/test_github/lesson6_ws/build/rmitbot_bringup
[0.214s] -- Install configuration: ""
[0.215s] -- Up-to-date: /home/ngan/Documents/test_github/lesson6_ws/install/rmitbot_bringup/share/rmitbot_bringup/launch
[0.216s] -- Up-to-date: /home/ngan/Documents/test_github/lesson6_ws/install/rmitbot_bringup/share/rmitbot_bringup/launch/simrobot.launch.py
[0.216s] -- Up-to-date: /home/ngan/Documents/test_github/lesson6_ws/install/rmitbot_bringup/share/rmitbot_bringup/launch/realrobot.launch.py
[0.226s] -- Up-to-date: /home/ngan/Documents/test_github/lesson6_ws/install/rmitbot_bringup/share/rmitbot_bringup/launch/stop_sign_detection.launch.py
[0.227s] -- Up-to-date: /home/ngan/Documents/test_github/lesson6_ws/install/rmitbot_bringup/share/ament_index/resource_index/package_run_dependencies/rmitbot_bringup
[0.227s] -- Up-to-date: /home/ngan/Documents/test_github/lesson6_ws/install/rmitbot_bringup/share/ament_index/resource_index/parent_prefix_path/rmitbot_bringup
[0.227s] -- Up-to-date: /home/ngan/Documents/test_github/lesson6_ws/install/rmitbot_bringup/share/rmitbot_bringup/environment/ament_prefix_path.sh
[0.228s] -- Up-to-date: /home/ngan/Documents/test_github/lesson6_ws/install/rmitbot_bringup/share/rmitbot_bringup/environment/ament_prefix_path.dsv
[0.228s] -- Up-to-date: /home/ngan/Documents/test_github/lesson6_ws/install/rmitbot_bringup/share/rmitbot_bringup/environment/path.sh
[0.228s] -- Up-to-date: /home/ngan/Documents/test_github/lesson6_ws/install/rmitbot_bringup/share/rmitbot_bringup/environment/path.dsv
[0.228s] -- Up-to-date: /home/ngan/Documents/test_github/lesson6_ws/install/rmitbot_bringup/share/rmitbot_bringup/local_setup.bash
[0.228s] -- Up-to-date: /home/ngan/Documents/test_github/lesson6_ws/install/rmitbot_bringup/share/rmitbot_bringup/local_setup.sh
[0.238s] -- Up-to-date: /home/ngan/Documents/test_github/lesson6_ws/install/rmitbot_bringup/share/rmitbot_bringup/local_setup.zsh
[0.238s] -- Up-to-date: /home/ngan/Documents/test_github/lesson6_ws/install/rmitbot_bringup/share/rmitbot_bringup/local_setup.dsv
[0.238s] -- Installing: /home/ngan/Documents/test_github/lesson6_ws/install/rmitbot_bringup/share/rmitbot_bringup/package.dsv
[0.238s] -- Up-to-date: /home/ngan/Documents/test_github/lesson6_ws/install/rmitbot_bringup/share/ament_index/resource_index/packages/rmitbot_bringup
[0.238s] -- Up-to-date: /home/ngan/Documents/test_github/lesson6_ws/install/rmitbot_bringup/share/rmitbot_bringup/cmake/rmitbot_bringupConfig.cmake
[0.244s] -- Up-to-date: /home/ngan/Documents/test_github/lesson6_ws/install/rmitbot_bringup/share/rmitbot_bringup/cmake/rmitbot_bringupConfig-version.cmake
[0.244s] -- Up-to-date: /home/ngan/Documents/test_github/lesson6_ws/install/rmitbot_bringup/share/rmitbot_bringup/package.xml
[0.246s] Invoked command in '/home/ngan/Documents/test_github/lesson6_ws/build/rmitbot_bringup' returned '0': DEBUGINFOD_URLS=https://debuginfod.ubuntu.com /usr/bin/cmake --install /home/ngan/Documents/test_github/lesson6_ws/build/rmitbot_bringup
