[0.034s] Invoking command in '/home/ngan/Documents/test_github/lesson6_ws/build/stop_sign_detection': DEBUGINFOD_URLS=https://debuginfod.ubuntu.com /usr/bin/cmake /home/ngan/Documents/test_github/lesson6_ws/src/rmitbot_vision/stop_sign_control -DCMAKE_INSTALL_PREFIX=/home/ngan/Documents/test_github/lesson6_ws/install/stop_sign_detection
[0.092s] -- Found ament_cmake: 2.5.4 (/opt/ros/jazzy/share/ament_cmake/cmake)
[0.648s] [0mCMake Error: File /home/ngan/Documents/test_github/lesson6_ws/src/rmitbot_vision/stop_sign_control/package.xml does not exist.[0m
[0.648s] [31mCMake Error at /opt/ros/jazzy/share/ament_cmake_core/cmake/core/stamp.cmake:24 (configure_file):
[0.648s]   configure_file Problem configuring file
[0.648s] Call Stack (most recent call first):
[0.648s]   /opt/ros/jazzy/share/ament_cmake_core/cmake/core/ament_package_xml.cmake:73 (stamp)
[0.648s]   /opt/ros/jazzy/share/ament_cmake_core/cmake/core/ament_package_xml.cmake:49 (_ament_package_xml)
[0.648s]   /opt/ros/jazzy/share/ament_cmake_python/cmake/ament_python_install_package.cmake:60 (ament_package_xml)
[0.648s]   /opt/ros/jazzy/share/ament_cmake_python/cmake/ament_python_install_package.cmake:39 (_ament_cmake_python_install_package)
[0.649s]   CMakeLists.txt:10 (ament_python_install_package)
[0.649s] 
[0.649s] [0m
[0.649s] [31mCMake Error at /opt/ros/jazzy/share/ament_cmake_python/cmake/ament_python_install_package.cmake:66 (message):
[0.650s]   ament_python_install_package() the Python package folder
[0.650s]   '/home/ngan/Documents/test_github/lesson6_ws/src/rmitbot_vision/stop_sign_control/stop_sign_detection'
[0.650s]   doesn't contain an '__init__.py' file
[0.650s] Call Stack (most recent call first):
[0.651s]   /opt/ros/jazzy/share/ament_cmake_python/cmake/ament_python_install_package.cmake:39 (_ament_cmake_python_install_package)
[0.651s]   CMakeLists.txt:10 (ament_python_install_package)
[0.651s] 
[0.651s] [0m
[0.654s] -- Configuring incomplete, errors occurred!
[0.833s] Invoked command in '/home/ngan/Documents/test_github/lesson6_ws/build/stop_sign_detection' returned '1': DEBUGINFOD_URLS=https://debuginfod.ubuntu.com /usr/bin/cmake /home/ngan/Documents/test_github/lesson6_ws/src/rmitbot_vision/stop_sign_control -DCMAKE_INSTALL_PREFIX=/home/ngan/Documents/test_github/lesson6_ws/install/stop_sign_detection
