[0.087s] Invoking command in '/home/ngan/Documents/test_github/lesson6_ws/build/cv_bridge': CMAKE_PREFIX_PATH=${CMAKE_PREFIX_PATH}:/home/ngan/Documents/test_github/lesson6_ws/install/stop_sign_control:/home/ngan/Documents/test_github/lesson6_ws/install/opencv_tests:/opt/ros/jazzy DEBUGINFOD_URLS=https://debuginfod.ubuntu.com /usr/bin/cmake --build /home/ngan/Documents/test_github/lesson6_ws/build/cv_bridge -- -j4 -l4
[0.314s] [ 12%] Built target gtest_main
[0.344s] [ 25%] Built target gtest
[0.360s] [ 25%] Built target ament_cmake_python_copy_cv_bridge
[0.371s] [ 43%] Built target cv_bridge
[0.553s] [ 81%] Built target cv_bridge-utest
[0.600s] [100%] Built target cv_bridge_boost
[1.607s] running egg_info
[1.709s] writing cv_bridge.egg-info/PKG-INFO
[1.715s] writing dependency_links to cv_bridge.egg-info/dependency_links.txt
[1.715s] writing top-level names to cv_bridge.egg-info/top_level.txt
[2.079s] reading manifest file 'cv_bridge.egg-info/SOURCES.txt'
[2.084s] writing manifest file 'cv_bridge.egg-info/SOURCES.txt'
[2.182s] [100%] Built target ament_cmake_python_build_cv_bridge_egg
[2.215s] Invoked command in '/home/ngan/Documents/test_github/lesson6_ws/build/cv_bridge' returned '0': CMAKE_PREFIX_PATH=${CMAKE_PREFIX_PATH}:/home/ngan/Documents/test_github/lesson6_ws/install/stop_sign_control:/home/ngan/Documents/test_github/lesson6_ws/install/opencv_tests:/opt/ros/jazzy DEBUGINFOD_URLS=https://debuginfod.ubuntu.com /usr/bin/cmake --build /home/ngan/Documents/test_github/lesson6_ws/build/cv_bridge -- -j4 -l4
[2.217s] Invoking command in '/home/ngan/Documents/test_github/lesson6_ws/build/cv_bridge': CMAKE_PREFIX_PATH=${CMAKE_PREFIX_PATH}:/home/ngan/Documents/test_github/lesson6_ws/install/stop_sign_control:/home/ngan/Documents/test_github/lesson6_ws/install/opencv_tests:/opt/ros/jazzy DEBUGINFOD_URLS=https://debuginfod.ubuntu.com /usr/bin/cmake --install /home/ngan/Documents/test_github/lesson6_ws/build/cv_bridge
[2.260s] -- Install configuration: ""
[2.260s] -- Up-to-date: /home/ngan/Documents/test_github/lesson6_ws/install/cv_bridge/share/cv_bridge/environment/pythonpath.sh
[2.260s] -- Up-to-date: /home/ngan/Documents/test_github/lesson6_ws/install/cv_bridge/share/cv_bridge/environment/pythonpath.dsv
[2.260s] -- Up-to-date: /home/ngan/Documents/test_github/lesson6_ws/install/cv_bridge/lib/python3.12/site-packages/cv_bridge-3.0.7-py3.12.egg-info
[2.261s] -- Installing: /home/ngan/Documents/test_github/lesson6_ws/install/cv_bridge/lib/python3.12/site-packages/cv_bridge-3.0.7-py3.12.egg-info/SOURCES.txt
[2.261s] -- Installing: /home/ngan/Documents/test_github/lesson6_ws/install/cv_bridge/lib/python3.12/site-packages/cv_bridge-3.0.7-py3.12.egg-info/dependency_links.txt
[2.263s] -- Installing: /home/ngan/Documents/test_github/lesson6_ws/install/cv_bridge/lib/python3.12/site-packages/cv_bridge-3.0.7-py3.12.egg-info/PKG-INFO
[2.263s] -- Installing: /home/ngan/Documents/test_github/lesson6_ws/install/cv_bridge/lib/python3.12/site-packages/cv_bridge-3.0.7-py3.12.egg-info/top_level.txt
[2.275s] -- Up-to-date: /home/ngan/Documents/test_github/lesson6_ws/install/cv_bridge/lib/python3.12/site-packages/cv_bridge
[2.275s] -- Up-to-date: /home/ngan/Documents/test_github/lesson6_ws/install/cv_bridge/lib/python3.12/site-packages/cv_bridge/__init__.py
[2.275s] -- Up-to-date: /home/ngan/Documents/test_github/lesson6_ws/install/cv_bridge/lib/python3.12/site-packages/cv_bridge/core.py
[2.416s] Listing '/home/ngan/Documents/test_github/lesson6_ws/install/cv_bridge/lib/python3.12/site-packages/cv_bridge'...
[2.417s] Listing '/home/ngan/Documents/test_github/lesson6_ws/install/cv_bridge/lib/python3.12/site-packages/cv_bridge/boost'...
[2.450s] -- Up-to-date: /home/ngan/Documents/test_github/lesson6_ws/install/cv_bridge/share/cv_bridge/environment/library_path.sh
[2.450s] -- Up-to-date: /home/ngan/Documents/test_github/lesson6_ws/install/cv_bridge/share/cv_bridge/environment/library_path.dsv
[2.450s] -- Up-to-date: /home/ngan/Documents/test_github/lesson6_ws/install/cv_bridge/include/cv_bridge
[2.450s] -- Up-to-date: /home/ngan/Documents/test_github/lesson6_ws/install/cv_bridge/include/cv_bridge/rgb_colors.h
[2.450s] -- Up-to-date: /home/ngan/Documents/test_github/lesson6_ws/install/cv_bridge/include/cv_bridge/cv_bridge.h
[2.450s] -- Up-to-date: /home/ngan/Documents/test_github/lesson6_ws/install/cv_bridge/lib/libcv_bridge.so
[2.450s] -- Up-to-date: /home/ngan/Documents/test_github/lesson6_ws/install/cv_bridge/share/ament_index/resource_index/package_run_dependencies/cv_bridge
[2.451s] -- Up-to-date: /home/ngan/Documents/test_github/lesson6_ws/install/cv_bridge/share/ament_index/resource_index/parent_prefix_path/cv_bridge
[2.451s] -- Up-to-date: /home/ngan/Documents/test_github/lesson6_ws/install/cv_bridge/share/cv_bridge/environment/ament_prefix_path.sh
[2.451s] -- Up-to-date: /home/ngan/Documents/test_github/lesson6_ws/install/cv_bridge/share/cv_bridge/environment/ament_prefix_path.dsv
[2.453s] -- Up-to-date: /home/ngan/Documents/test_github/lesson6_ws/install/cv_bridge/share/cv_bridge/environment/path.sh
[2.453s] -- Up-to-date: /home/ngan/Documents/test_github/lesson6_ws/install/cv_bridge/share/cv_bridge/environment/path.dsv
[2.453s] -- Up-to-date: /home/ngan/Documents/test_github/lesson6_ws/install/cv_bridge/share/cv_bridge/local_setup.bash
[2.458s] -- Up-to-date: /home/ngan/Documents/test_github/lesson6_ws/install/cv_bridge/share/cv_bridge/local_setup.sh
[2.458s] -- Up-to-date: /home/ngan/Documents/test_github/lesson6_ws/install/cv_bridge/share/cv_bridge/local_setup.zsh
[2.458s] -- Up-to-date: /home/ngan/Documents/test_github/lesson6_ws/install/cv_bridge/share/cv_bridge/local_setup.dsv
[2.458s] -- Installing: /home/ngan/Documents/test_github/lesson6_ws/install/cv_bridge/share/cv_bridge/package.dsv
[2.458s] -- Up-to-date: /home/ngan/Documents/test_github/lesson6_ws/install/cv_bridge/share/ament_index/resource_index/packages/cv_bridge
[2.458s] -- Up-to-date: /home/ngan/Documents/test_github/lesson6_ws/install/cv_bridge/share/cv_bridge/cmake/cv_bridge-extras.cmake
[2.459s] -- Up-to-date: /home/ngan/Documents/test_github/lesson6_ws/install/cv_bridge/share/cv_bridge/cmake/ament_cmake_export_dependencies-extras.cmake
[2.459s] -- Up-to-date: /home/ngan/Documents/test_github/lesson6_ws/install/cv_bridge/share/cv_bridge/cmake/ament_cmake_export_include_directories-extras.cmake
[2.460s] -- Up-to-date: /home/ngan/Documents/test_github/lesson6_ws/install/cv_bridge/share/cv_bridge/cmake/ament_cmake_export_libraries-extras.cmake
[2.460s] -- Up-to-date: /home/ngan/Documents/test_github/lesson6_ws/install/cv_bridge/share/cv_bridge/cmake/cv_bridgeConfig.cmake
[2.462s] -- Up-to-date: /home/ngan/Documents/test_github/lesson6_ws/install/cv_bridge/share/cv_bridge/cmake/cv_bridgeConfig-version.cmake
[2.464s] -- Up-to-date: /home/ngan/Documents/test_github/lesson6_ws/install/cv_bridge/share/cv_bridge/package.xml
[2.465s] -- Up-to-date: /home/ngan/Documents/test_github/lesson6_ws/install/cv_bridge/lib/libcv_bridge.so
[2.465s] -- Up-to-date: /home/ngan/Documents/test_github/lesson6_ws/install/cv_bridge/include/cv_bridge/cv_bridge_export.h
[2.469s] -- Up-to-date: /home/ngan/Documents/test_github/lesson6_ws/install/cv_bridge/lib/python3.12/site-packages/cv_bridge/boost/cv_bridge_boost.so
[2.825s] Invoked command in '/home/ngan/Documents/test_github/lesson6_ws/build/cv_bridge' returned '0': CMAKE_PREFIX_PATH=${CMAKE_PREFIX_PATH}:/home/ngan/Documents/test_github/lesson6_ws/install/stop_sign_control:/home/ngan/Documents/test_github/lesson6_ws/install/opencv_tests:/opt/ros/jazzy DEBUGINFOD_URLS=https://debuginfod.ubuntu.com /usr/bin/cmake --install /home/ngan/Documents/test_github/lesson6_ws/build/cv_bridge
