[0.059s] Invoking command in '/home/ngan/Documents/test_github/lesson6_ws/build/rmitbot_controller': CMAKE_PREFIX_PATH=${CMAKE_PREFIX_PATH}:/home/ngan/Documents/test_github/lesson6_ws/install/stop_sign_control:/home/ngan/Documents/test_github/lesson6_ws/install/opencv_tests:/opt/ros/jazzy DEBUGINFOD_URLS=https://debuginfod.ubuntu.com /usr/bin/cmake --build /home/ngan/Documents/test_github/lesson6_ws/build/rmitbot_controller -- -j4 -l4
[0.420s] Invoked command in '/home/ngan/Documents/test_github/lesson6_ws/build/rmitbot_controller' returned '0': CMAKE_PREFIX_PATH=${CMAKE_PREFIX_PATH}:/home/ngan/Documents/test_github/lesson6_ws/install/stop_sign_control:/home/ngan/Documents/test_github/lesson6_ws/install/opencv_tests:/opt/ros/jazzy DEBUGINFOD_URLS=https://debuginfod.ubuntu.com /usr/bin/cmake --build /home/ngan/Documents/test_github/lesson6_ws/build/rmitbot_controller -- -j4 -l4
[0.430s] Invoking command in '/home/ngan/Documents/test_github/lesson6_ws/build/rmitbot_controller': CMAKE_PREFIX_PATH=${CMAKE_PREFIX_PATH}:/home/ngan/Documents/test_github/lesson6_ws/install/stop_sign_control:/home/ngan/Documents/test_github/lesson6_ws/install/opencv_tests:/opt/ros/jazzy DEBUGINFOD_URLS=https://debuginfod.ubuntu.com /usr/bin/cmake --install /home/ngan/Documents/test_github/lesson6_ws/build/rmitbot_controller
[0.457s] -- Install configuration: ""
[0.457s] -- Up-to-date: /home/ngan/Documents/test_github/lesson6_ws/install/rmitbot_controller/share/rmitbot_controller/launch
[0.457s] -- Up-to-date: /home/ngan/Documents/test_github/lesson6_ws/install/rmitbot_controller/share/rmitbot_controller/launch/controller.launch.py
[0.458s] -- Up-to-date: /home/ngan/Documents/test_github/lesson6_ws/install/rmitbot_controller/share/rmitbot_controller/launch/teleopkeyboard.launch.py
[0.458s] -- Up-to-date: /home/ngan/Documents/test_github/lesson6_ws/install/rmitbot_controller/share/rmitbot_controller/config
[0.458s] -- Up-to-date: /home/ngan/Documents/test_github/lesson6_ws/install/rmitbot_controller/share/rmitbot_controller/config/rmitbot_controller.yaml
[0.458s] -- Up-to-date: /home/ngan/Documents/test_github/lesson6_ws/install/rmitbot_controller/share/ament_index/resource_index/package_run_dependencies/rmitbot_controller
[0.458s] -- Up-to-date: /home/ngan/Documents/test_github/lesson6_ws/install/rmitbot_controller/share/ament_index/resource_index/parent_prefix_path/rmitbot_controller
[0.458s] -- Up-to-date: /home/ngan/Documents/test_github/lesson6_ws/install/rmitbot_controller/share/rmitbot_controller/environment/ament_prefix_path.sh
[0.459s] -- Up-to-date: /home/ngan/Documents/test_github/lesson6_ws/install/rmitbot_controller/share/rmitbot_controller/environment/ament_prefix_path.dsv
[0.459s] -- Up-to-date: /home/ngan/Documents/test_github/lesson6_ws/install/rmitbot_controller/share/rmitbot_controller/environment/path.sh
[0.488s] -- Up-to-date: /home/ngan/Documents/test_github/lesson6_ws/install/rmitbot_controller/share/rmitbot_controller/environment/path.dsv
[0.489s] -- Up-to-date: /home/ngan/Documents/test_github/lesson6_ws/install/rmitbot_controller/share/rmitbot_controller/local_setup.bash
[0.489s] -- Up-to-date: /home/ngan/Documents/test_github/lesson6_ws/install/rmitbot_controller/share/rmitbot_controller/local_setup.sh
[0.489s] -- Up-to-date: /home/ngan/Documents/test_github/lesson6_ws/install/rmitbot_controller/share/rmitbot_controller/local_setup.zsh
[0.489s] -- Up-to-date: /home/ngan/Documents/test_github/lesson6_ws/install/rmitbot_controller/share/rmitbot_controller/local_setup.dsv
[0.489s] -- Installing: /home/ngan/Documents/test_github/lesson6_ws/install/rmitbot_controller/share/rmitbot_controller/package.dsv
[0.512s] -- Up-to-date: /home/ngan/Documents/test_github/lesson6_ws/install/rmitbot_controller/share/ament_index/resource_index/packages/rmitbot_controller
[0.512s] -- Up-to-date: /home/ngan/Documents/test_github/lesson6_ws/install/rmitbot_controller/share/rmitbot_controller/cmake/rmitbot_controllerConfig.cmake
[0.512s] -- Up-to-date: /home/ngan/Documents/test_github/lesson6_ws/install/rmitbot_controller/share/rmitbot_controller/cmake/rmitbot_controllerConfig-version.cmake
[0.513s] -- Up-to-date: /home/ngan/Documents/test_github/lesson6_ws/install/rmitbot_controller/share/rmitbot_controller/package.xml
[0.513s] Invoked command in '/home/ngan/Documents/test_github/lesson6_ws/build/rmitbot_controller' returned '0': CMAKE_PREFIX_PATH=${CMAKE_PREFIX_PATH}:/home/ngan/Documents/test_github/lesson6_ws/install/stop_sign_control:/home/ngan/Documents/test_github/lesson6_ws/install/opencv_tests:/opt/ros/jazzy DEBUGINFOD_URLS=https://debuginfod.ubuntu.com /usr/bin/cmake --install /home/ngan/Documents/test_github/lesson6_ws/build/rmitbot_controller
