[0.043s] Invoking command in '/home/ngan/Documents/test_github/lesson6_ws/build/cv_bridge': CMAKE_PREFIX_PATH=${CMAKE_PREFIX_PATH}:/opt/ros/jazzy DEBUGINFOD_URLS=https://debuginfod.ubuntu.com /usr/bin/cmake --build /home/ngan/Documents/test_github/lesson6_ws/build/cv_bridge -- -j4 -l4
[0.423s] [ 12%] Built target gtest_main
[0.440s] [ 25%] Built target gtest
[0.491s] [ 43%] Built target cv_bridge
[0.531s] [ 43%] Built target ament_cmake_python_copy_cv_bridge
[0.754s] [ 81%] Built target cv_bridge-utest
[1.080s] [100%] Built target cv_bridge_boost
[4.162s] running egg_info
[4.206s] writing cv_bridge.egg-info/PKG-INFO
[4.209s] writing dependency_links to cv_bridge.egg-info/dependency_links.txt
[4.210s] writing top-level names to cv_bridge.egg-info/top_level.txt
[4.910s] reading manifest file 'cv_bridge.egg-info/SOURCES.txt'
[4.911s] writing manifest file 'cv_bridge.egg-info/SOURCES.txt'
[6.138s] [100%] Built target ament_cmake_python_build_cv_bridge_egg
[6.369s] Invoked command in '/home/ngan/Documents/test_github/lesson6_ws/build/cv_bridge' returned '0': CMAKE_PREFIX_PATH=${CMAKE_PREFIX_PATH}:/opt/ros/jazzy DEBUGINFOD_URLS=https://debuginfod.ubuntu.com /usr/bin/cmake --build /home/ngan/Documents/test_github/lesson6_ws/build/cv_bridge -- -j4 -l4
[6.389s] Invoking command in '/home/ngan/Documents/test_github/lesson6_ws/build/cv_bridge': CMAKE_PREFIX_PATH=${CMAKE_PREFIX_PATH}:/opt/ros/jazzy DEBUGINFOD_URLS=https://debuginfod.ubuntu.com /usr/bin/cmake --install /home/ngan/Documents/test_github/lesson6_ws/build/cv_bridge
[6.536s] -- Install configuration: ""
[6.537s] -- Up-to-date: /home/ngan/Documents/test_github/lesson6_ws/install/cv_bridge/share/cv_bridge/environment/pythonpath.sh
[6.537s] -- Up-to-date: /home/ngan/Documents/test_github/lesson6_ws/install/cv_bridge/share/cv_bridge/environment/pythonpath.dsv
[6.551s] -- Up-to-date: /home/ngan/Documents/test_github/lesson6_ws/install/cv_bridge/lib/python3.12/site-packages/cv_bridge-3.0.7-py3.12.egg-info
[6.552s] -- Installing: /home/ngan/Documents/test_github/lesson6_ws/install/cv_bridge/lib/python3.12/site-packages/cv_bridge-3.0.7-py3.12.egg-info/SOURCES.txt
[6.558s] -- Installing: /home/ngan/Documents/test_github/lesson6_ws/install/cv_bridge/lib/python3.12/site-packages/cv_bridge-3.0.7-py3.12.egg-info/dependency_links.txt
[6.568s] -- Installing: /home/ngan/Documents/test_github/lesson6_ws/install/cv_bridge/lib/python3.12/site-packages/cv_bridge-3.0.7-py3.12.egg-info/PKG-INFO
[6.569s] -- Installing: /home/ngan/Documents/test_github/lesson6_ws/install/cv_bridge/lib/python3.12/site-packages/cv_bridge-3.0.7-py3.12.egg-info/top_level.txt
[6.569s] -- Up-to-date: /home/ngan/Documents/test_github/lesson6_ws/install/cv_bridge/lib/python3.12/site-packages/cv_bridge
[6.576s] -- Up-to-date: /home/ngan/Documents/test_github/lesson6_ws/install/cv_bridge/lib/python3.12/site-packages/cv_bridge/__init__.py
[6.577s] -- Up-to-date: /home/ngan/Documents/test_github/lesson6_ws/install/cv_bridge/lib/python3.12/site-packages/cv_bridge/core.py
[7.158s] Listing '/home/ngan/Documents/test_github/lesson6_ws/install/cv_bridge/lib/python3.12/site-packages/cv_bridge'...
[7.158s] Listing '/home/ngan/Documents/test_github/lesson6_ws/install/cv_bridge/lib/python3.12/site-packages/cv_bridge/boost'...
[7.214s] -- Up-to-date: /home/ngan/Documents/test_github/lesson6_ws/install/cv_bridge/share/cv_bridge/environment/library_path.sh
[7.215s] -- Up-to-date: /home/ngan/Documents/test_github/lesson6_ws/install/cv_bridge/share/cv_bridge/environment/library_path.dsv
[7.215s] -- Up-to-date: /home/ngan/Documents/test_github/lesson6_ws/install/cv_bridge/include/cv_bridge
[7.215s] -- Up-to-date: /home/ngan/Documents/test_github/lesson6_ws/install/cv_bridge/include/cv_bridge/rgb_colors.h
[7.215s] -- Up-to-date: /home/ngan/Documents/test_github/lesson6_ws/install/cv_bridge/include/cv_bridge/cv_bridge.h
[7.216s] -- Up-to-date: /home/ngan/Documents/test_github/lesson6_ws/install/cv_bridge/lib/libcv_bridge.so
[7.216s] -- Up-to-date: /home/ngan/Documents/test_github/lesson6_ws/install/cv_bridge/share/ament_index/resource_index/package_run_dependencies/cv_bridge
[7.216s] -- Up-to-date: /home/ngan/Documents/test_github/lesson6_ws/install/cv_bridge/share/ament_index/resource_index/parent_prefix_path/cv_bridge
[7.224s] -- Up-to-date: /home/ngan/Documents/test_github/lesson6_ws/install/cv_bridge/share/cv_bridge/environment/ament_prefix_path.sh
[7.225s] -- Up-to-date: /home/ngan/Documents/test_github/lesson6_ws/install/cv_bridge/share/cv_bridge/environment/ament_prefix_path.dsv
[7.225s] -- Up-to-date: /home/ngan/Documents/test_github/lesson6_ws/install/cv_bridge/share/cv_bridge/environment/path.sh
[7.225s] -- Up-to-date: /home/ngan/Documents/test_github/lesson6_ws/install/cv_bridge/share/cv_bridge/environment/path.dsv
[7.226s] -- Up-to-date: /home/ngan/Documents/test_github/lesson6_ws/install/cv_bridge/share/cv_bridge/local_setup.bash
[7.226s] -- Up-to-date: /home/ngan/Documents/test_github/lesson6_ws/install/cv_bridge/share/cv_bridge/local_setup.sh
[7.227s] -- Up-to-date: /home/ngan/Documents/test_github/lesson6_ws/install/cv_bridge/share/cv_bridge/local_setup.zsh
[7.227s] -- Up-to-date: /home/ngan/Documents/test_github/lesson6_ws/install/cv_bridge/share/cv_bridge/local_setup.dsv
[7.231s] -- Installing: /home/ngan/Documents/test_github/lesson6_ws/install/cv_bridge/share/cv_bridge/package.dsv
[7.232s] -- Up-to-date: /home/ngan/Documents/test_github/lesson6_ws/install/cv_bridge/share/ament_index/resource_index/packages/cv_bridge
[7.233s] -- Up-to-date: /home/ngan/Documents/test_github/lesson6_ws/install/cv_bridge/share/cv_bridge/cmake/cv_bridge-extras.cmake
[7.233s] -- Up-to-date: /home/ngan/Documents/test_github/lesson6_ws/install/cv_bridge/share/cv_bridge/cmake/ament_cmake_export_dependencies-extras.cmake
[7.237s] -- Up-to-date: /home/ngan/Documents/test_github/lesson6_ws/install/cv_bridge/share/cv_bridge/cmake/ament_cmake_export_include_directories-extras.cmake
[7.238s] -- Up-to-date: /home/ngan/Documents/test_github/lesson6_ws/install/cv_bridge/share/cv_bridge/cmake/ament_cmake_export_libraries-extras.cmake
[7.238s] -- Up-to-date: /home/ngan/Documents/test_github/lesson6_ws/install/cv_bridge/share/cv_bridge/cmake/cv_bridgeConfig.cmake
[7.239s] -- Up-to-date: /home/ngan/Documents/test_github/lesson6_ws/install/cv_bridge/share/cv_bridge/cmake/cv_bridgeConfig-version.cmake
[7.239s] -- Up-to-date: /home/ngan/Documents/test_github/lesson6_ws/install/cv_bridge/share/cv_bridge/package.xml
[7.239s] -- Up-to-date: /home/ngan/Documents/test_github/lesson6_ws/install/cv_bridge/lib/libcv_bridge.so
[7.239s] -- Up-to-date: /home/ngan/Documents/test_github/lesson6_ws/install/cv_bridge/include/cv_bridge/cv_bridge_export.h
[7.296s] -- Up-to-date: /home/ngan/Documents/test_github/lesson6_ws/install/cv_bridge/lib/python3.12/site-packages/cv_bridge/boost/cv_bridge_boost.so
[7.320s] Invoked command in '/home/ngan/Documents/test_github/lesson6_ws/build/cv_bridge' returned '0': CMAKE_PREFIX_PATH=${CMAKE_PREFIX_PATH}:/opt/ros/jazzy DEBUGINFOD_URLS=https://debuginfod.ubuntu.com /usr/bin/cmake --install /home/ngan/Documents/test_github/lesson6_ws/build/cv_bridge
