[0.138s] Invoking command in '/home/ngan/Documents/test_github/lesson6_ws/build/rmitbot_description': CMAKE_PREFIX_PATH=${CMAKE_PREFIX_PATH}:/home/ngan/Documents/test_github/lesson6_ws/install/stop_sign_control:/home/ngan/Documents/test_github/lesson6_ws/install/opencv_tests:/opt/ros/jazzy DEBUGINFOD_URLS=https://debuginfod.ubuntu.com /usr/bin/cmake --build /home/ngan/Documents/test_github/lesson6_ws/build/rmitbot_description -- -j4 -l4
[0.418s] Invoked command in '/home/ngan/Documents/test_github/lesson6_ws/build/rmitbot_description' returned '0': CMAKE_PREFIX_PATH=${CMAKE_PREFIX_PATH}:/home/ngan/Documents/test_github/lesson6_ws/install/stop_sign_control:/home/ngan/Documents/test_github/lesson6_ws/install/opencv_tests:/opt/ros/jazzy DEBUGINFOD_URLS=https://debuginfod.ubuntu.com /usr/bin/cmake --build /home/ngan/Documents/test_github/lesson6_ws/build/rmitbot_description -- -j4 -l4
[0.418s] Invoking command in '/home/ngan/Documents/test_github/lesson6_ws/build/rmitbot_description': CMAKE_PREFIX_PATH=${CMAKE_PREFIX_PATH}:/home/ngan/Documents/test_github/lesson6_ws/install/stop_sign_control:/home/ngan/Documents/test_github/lesson6_ws/install/opencv_tests:/opt/ros/jazzy DEBUGINFOD_URLS=https://debuginfod.ubuntu.com /usr/bin/cmake --install /home/ngan/Documents/test_github/lesson6_ws/build/rmitbot_description
[0.490s] -- Install configuration: ""
[0.498s] -- Up-to-date: /home/ngan/Documents/test_github/lesson6_ws/install/rmitbot_description/share/rmitbot_description/meshes
[0.499s] -- Up-to-date: /home/ngan/Documents/test_github/lesson6_ws/install/rmitbot_description/share/rmitbot_description/meshes/base_link.stl
[0.499s] -- Up-to-date: /home/ngan/Documents/test_github/lesson6_ws/install/rmitbot_description/share/rmitbot_description/meshes/rear_left_wheel.stl
[0.499s] -- Up-to-date: /home/ngan/Documents/test_github/lesson6_ws/install/rmitbot_description/share/rmitbot_description/meshes/front_right_wheel.stl
[0.511s] -- Up-to-date: /home/ngan/Documents/test_github/lesson6_ws/install/rmitbot_description/share/rmitbot_description/meshes/front_left_wheel.stl
[0.517s] -- Up-to-date: /home/ngan/Documents/test_github/lesson6_ws/install/rmitbot_description/share/rmitbot_description/meshes/rear_right_wheel.stl
[0.517s] -- Up-to-date: /home/ngan/Documents/test_github/lesson6_ws/install/rmitbot_description/share/rmitbot_description/urdf
[0.519s] -- Up-to-date: /home/ngan/Documents/test_github/lesson6_ws/install/rmitbot_description/share/rmitbot_description/urdf/rmitbot_gazebo.xacro
[0.524s] -- Up-to-date: /home/ngan/Documents/test_github/lesson6_ws/install/rmitbot_description/share/rmitbot_description/urdf/rmitbot.urdf.xacro
[0.526s] -- Up-to-date: /home/ngan/Documents/test_github/lesson6_ws/install/rmitbot_description/share/rmitbot_description/urdf/rmitbot_ros2_control.xacro
[0.526s] -- Installing: /home/ngan/Documents/test_github/lesson6_ws/install/rmitbot_description/share/rmitbot_description/urdf/rmitbot_platform.xacro
[0.526s] -- Up-to-date: /home/ngan/Documents/test_github/lesson6_ws/install/rmitbot_description/share/rmitbot_description/launch
[0.526s] -- Up-to-date: /home/ngan/Documents/test_github/lesson6_ws/install/rmitbot_description/share/rmitbot_description/launch/gazebo.launch.py
[0.526s] -- Up-to-date: /home/ngan/Documents/test_github/lesson6_ws/install/rmitbot_description/share/rmitbot_description/launch/display.launch.py
[0.598s] -- Up-to-date: /home/ngan/Documents/test_github/lesson6_ws/install/rmitbot_description/share/rmitbot_description/rviz
[0.598s] -- Up-to-date: /home/ngan/Documents/test_github/lesson6_ws/install/rmitbot_description/share/rmitbot_description/rviz/display.rviz
[0.598s] -- Up-to-date: /home/ngan/Documents/test_github/lesson6_ws/install/rmitbot_description/share/ament_index/resource_index/package_run_dependencies/rmitbot_description
[0.598s] -- Up-to-date: /home/ngan/Documents/test_github/lesson6_ws/install/rmitbot_description/share/ament_index/resource_index/parent_prefix_path/rmitbot_description
[0.598s] -- Up-to-date: /home/ngan/Documents/test_github/lesson6_ws/install/rmitbot_description/share/rmitbot_description/environment/ament_prefix_path.sh
[0.599s] -- Up-to-date: /home/ngan/Documents/test_github/lesson6_ws/install/rmitbot_description/share/rmitbot_description/environment/ament_prefix_path.dsv
[0.599s] -- Up-to-date: /home/ngan/Documents/test_github/lesson6_ws/install/rmitbot_description/share/rmitbot_description/environment/path.sh
[0.599s] -- Up-to-date: /home/ngan/Documents/test_github/lesson6_ws/install/rmitbot_description/share/rmitbot_description/environment/path.dsv
[0.599s] -- Up-to-date: /home/ngan/Documents/test_github/lesson6_ws/install/rmitbot_description/share/rmitbot_description/local_setup.bash
[0.599s] -- Up-to-date: /home/ngan/Documents/test_github/lesson6_ws/install/rmitbot_description/share/rmitbot_description/local_setup.sh
[0.600s] -- Up-to-date: /home/ngan/Documents/test_github/lesson6_ws/install/rmitbot_description/share/rmitbot_description/local_setup.zsh
[0.600s] -- Up-to-date: /home/ngan/Documents/test_github/lesson6_ws/install/rmitbot_description/share/rmitbot_description/local_setup.dsv
[0.600s] -- Installing: /home/ngan/Documents/test_github/lesson6_ws/install/rmitbot_description/share/rmitbot_description/package.dsv
[0.600s] -- Up-to-date: /home/ngan/Documents/test_github/lesson6_ws/install/rmitbot_description/share/ament_index/resource_index/packages/rmitbot_description
[0.605s] -- Up-to-date: /home/ngan/Documents/test_github/lesson6_ws/install/rmitbot_description/share/rmitbot_description/cmake/rmitbot_descriptionConfig.cmake
[0.605s] -- Up-to-date: /home/ngan/Documents/test_github/lesson6_ws/install/rmitbot_description/share/rmitbot_description/cmake/rmitbot_descriptionConfig-version.cmake
[0.605s] -- Up-to-date: /home/ngan/Documents/test_github/lesson6_ws/install/rmitbot_description/share/rmitbot_description/package.xml
[0.607s] Invoked command in '/home/ngan/Documents/test_github/lesson6_ws/build/rmitbot_description' returned '0': CMAKE_PREFIX_PATH=${CMAKE_PREFIX_PATH}:/home/ngan/Documents/test_github/lesson6_ws/install/stop_sign_control:/home/ngan/Documents/test_github/lesson6_ws/install/opencv_tests:/opt/ros/jazzy DEBUGINFOD_URLS=https://debuginfod.ubuntu.com /usr/bin/cmake --install /home/ngan/Documents/test_github/lesson6_ws/build/rmitbot_description
