[0.030s] Invoking command in '/home/ngan/Documents/test_github/lesson6_ws/build/rmitbot_controller': CMAKE_PREFIX_PATH=${CMAKE_PREFIX_PATH}:/home/ngan/Documents/test_github/lesson6_ws/install/opencv_tests:/opt/ros/jazzy DEBUGINFOD_URLS=https://debuginfod.ubuntu.com /usr/bin/cmake /home/ngan/Documents/test_github/lesson6_ws/src/rmitbot_controller -DCMAKE_INSTALL_PREFIX=/home/ngan/Documents/test_github/lesson6_ws/install/rmitbot_controller
[0.439s] -- The C compiler identification is GNU 13.3.0
[0.714s] -- The CXX compiler identification is GNU 13.3.0
[0.981s] -- Detecting C compiler ABI info
[1.599s] -- Detecting C compiler ABI info - done
[1.642s] -- Check for working C compiler: /usr/bin/cc - skipped
[1.642s] -- Detecting C compile features
[1.644s] -- Detecting C compile features - done
[1.668s] -- Detecting CXX compiler ABI info
[2.080s] -- Detecting CXX compiler ABI info - done
[2.121s] -- Check for working CXX compiler: /usr/bin/c++ - skipped
[2.122s] -- Detecting CXX compile features
[2.126s] -- Detecting CXX compile features - done
[2.132s] -- Found ament_cmake: 2.5.4 (/opt/ros/jazzy/share/ament_cmake/cmake)
[2.398s] -- Found Python3: /usr/bin/python3 (found version "3.12.3") found components: Interpreter 
[2.778s] -- Configuring done (2.7s)
[2.790s] -- Generating done (0.0s)
[2.802s] -- Build files have been written to: /home/ngan/Documents/test_github/lesson6_ws/build/rmitbot_controller
[2.854s] Invoked command in '/home/ngan/Documents/test_github/lesson6_ws/build/rmitbot_controller' returned '0': CMAKE_PREFIX_PATH=${CMAKE_PREFIX_PATH}:/home/ngan/Documents/test_github/lesson6_ws/install/opencv_tests:/opt/ros/jazzy DEBUGINFOD_URLS=https://debuginfod.ubuntu.com /usr/bin/cmake /home/ngan/Documents/test_github/lesson6_ws/src/rmitbot_controller -DCMAKE_INSTALL_PREFIX=/home/ngan/Documents/test_github/lesson6_ws/install/rmitbot_controller
[2.865s] Invoking command in '/home/ngan/Documents/test_github/lesson6_ws/build/rmitbot_controller': CMAKE_PREFIX_PATH=${CMAKE_PREFIX_PATH}:/home/ngan/Documents/test_github/lesson6_ws/install/opencv_tests:/opt/ros/jazzy DEBUGINFOD_URLS=https://debuginfod.ubuntu.com /usr/bin/cmake --build /home/ngan/Documents/test_github/lesson6_ws/build/rmitbot_controller -- -j4 -l4
[2.949s] Invoked command in '/home/ngan/Documents/test_github/lesson6_ws/build/rmitbot_controller' returned '0': CMAKE_PREFIX_PATH=${CMAKE_PREFIX_PATH}:/home/ngan/Documents/test_github/lesson6_ws/install/opencv_tests:/opt/ros/jazzy DEBUGINFOD_URLS=https://debuginfod.ubuntu.com /usr/bin/cmake --build /home/ngan/Documents/test_github/lesson6_ws/build/rmitbot_controller -- -j4 -l4
[2.950s] Invoking command in '/home/ngan/Documents/test_github/lesson6_ws/build/rmitbot_controller': CMAKE_PREFIX_PATH=${CMAKE_PREFIX_PATH}:/home/ngan/Documents/test_github/lesson6_ws/install/opencv_tests:/opt/ros/jazzy DEBUGINFOD_URLS=https://debuginfod.ubuntu.com /usr/bin/cmake --install /home/ngan/Documents/test_github/lesson6_ws/build/rmitbot_controller
[2.972s] -- Install configuration: ""
[2.974s] -- Installing: /home/ngan/Documents/test_github/lesson6_ws/install/rmitbot_controller/share/rmitbot_controller/launch
[2.974s] -- Installing: /home/ngan/Documents/test_github/lesson6_ws/install/rmitbot_controller/share/rmitbot_controller/launch/controller.launch.py
[2.976s] -- Installing: /home/ngan/Documents/test_github/lesson6_ws/install/rmitbot_controller/share/rmitbot_controller/launch/teleopkeyboard.launch.py
[2.976s] -- Installing: /home/ngan/Documents/test_github/lesson6_ws/install/rmitbot_controller/share/rmitbot_controller/config
[2.977s] -- Installing: /home/ngan/Documents/test_github/lesson6_ws/install/rmitbot_controller/share/rmitbot_controller/config/rmitbot_controller.yaml
[2.977s] -- Installing: /home/ngan/Documents/test_github/lesson6_ws/install/rmitbot_controller/share/ament_index/resource_index/package_run_dependencies/rmitbot_controller
[2.977s] -- Installing: /home/ngan/Documents/test_github/lesson6_ws/install/rmitbot_controller/share/ament_index/resource_index/parent_prefix_path/rmitbot_controller
[2.977s] -- Installing: /home/ngan/Documents/test_github/lesson6_ws/install/rmitbot_controller/share/rmitbot_controller/environment/ament_prefix_path.sh
[2.980s] -- Installing: /home/ngan/Documents/test_github/lesson6_ws/install/rmitbot_controller/share/rmitbot_controller/environment/ament_prefix_path.dsv
[2.981s] -- Installing: /home/ngan/Documents/test_github/lesson6_ws/install/rmitbot_controller/share/rmitbot_controller/environment/path.sh
[2.981s] -- Installing: /home/ngan/Documents/test_github/lesson6_ws/install/rmitbot_controller/share/rmitbot_controller/environment/path.dsv
[2.981s] -- Installing: /home/ngan/Documents/test_github/lesson6_ws/install/rmitbot_controller/share/rmitbot_controller/local_setup.bash
[2.982s] -- Installing: /home/ngan/Documents/test_github/lesson6_ws/install/rmitbot_controller/share/rmitbot_controller/local_setup.sh
[2.982s] -- Installing: /home/ngan/Documents/test_github/lesson6_ws/install/rmitbot_controller/share/rmitbot_controller/local_setup.zsh
[2.982s] -- Installing: /home/ngan/Documents/test_github/lesson6_ws/install/rmitbot_controller/share/rmitbot_controller/local_setup.dsv
[2.982s] -- Installing: /home/ngan/Documents/test_github/lesson6_ws/install/rmitbot_controller/share/rmitbot_controller/package.dsv
[2.982s] -- Installing: /home/ngan/Documents/test_github/lesson6_ws/install/rmitbot_controller/share/ament_index/resource_index/packages/rmitbot_controller
[2.982s] -- Installing: /home/ngan/Documents/test_github/lesson6_ws/install/rmitbot_controller/share/rmitbot_controller/cmake/rmitbot_controllerConfig.cmake
[2.982s] -- Installing: /home/ngan/Documents/test_github/lesson6_ws/install/rmitbot_controller/share/rmitbot_controller/cmake/rmitbot_controllerConfig-version.cmake
[2.982s] -- Installing: /home/ngan/Documents/test_github/lesson6_ws/install/rmitbot_controller/share/rmitbot_controller/package.xml
[3.038s] Invoked command in '/home/ngan/Documents/test_github/lesson6_ws/build/rmitbot_controller' returned '0': CMAKE_PREFIX_PATH=${CMAKE_PREFIX_PATH}:/home/ngan/Documents/test_github/lesson6_ws/install/opencv_tests:/opt/ros/jazzy DEBUGINFOD_URLS=https://debuginfod.ubuntu.com /usr/bin/cmake --install /home/ngan/Documents/test_github/lesson6_ws/build/rmitbot_controller
