[0.085s] Invoking command in '/home/ngan/Documents/test_github/lesson6_ws/build/darknet_ros': AMENT_PREFIX_PATH=/home/ngan/Documents/test_github/lesson6_ws/install/darknet_ros_msgs:/home/ngan/Documents/test_github/lesson6_ws/install/cv_bridge:${AMENT_PREFIX_PATH} CMAKE_PREFIX_PATH=/home/ngan/Documents/test_github/lesson6_ws/install/darknet_ros_msgs:/home/ngan/Documents/test_github/lesson6_ws/install/cv_bridge:/opt/ros/jazzy/opt/gz_sim_vendor:/opt/ros/jazzy/opt/gz_sensors_vendor:/opt/ros/jazzy/opt/gz_physics_vendor:/opt/ros/jazzy/opt/sdformat_vendor:/opt/ros/jazzy/opt/gz_gui_vendor:/opt/ros/jazzy/opt/gz_transport_vendor:/opt/ros/jazzy/opt/gz_rendering_vendor:/opt/ros/jazzy/opt/gz_plugin_vendor:/opt/ros/jazzy/opt/gz_fuel_tools_vendor:/opt/ros/jazzy/opt/gz_msgs_vendor:/opt/ros/jazzy/opt/gz_common_vendor:/opt/ros/jazzy/opt/gz_math_vendor:/opt/ros/jazzy/opt/gz_utils_vendor:/opt/ros/jazzy/opt/gz_tools_vendor:/opt/ros/jazzy/opt/gz_ogre_next_vendor:/opt/ros/jazzy/opt/gz_dartsim_vendor:/opt/ros/jazzy/opt/gz_cmake_vendor:/opt/ros/jazzy DEBUGINFOD_URLS=https://debuginfod.ubuntu.com LD_LIBRARY_PATH=/home/ngan/Documents/test_github/lesson6_ws/install/darknet_ros_msgs/lib:/home/ngan/Documents/test_github/lesson6_ws/install/cv_bridge/lib:${LD_LIBRARY_PATH} PYTHONPATH=/home/ngan/Documents/test_github/lesson6_ws/install/darknet_ros_msgs/lib/python3.12/site-packages:/home/ngan/Documents/test_github/lesson6_ws/install/cv_bridge/lib/python3.12/site-packages:${PYTHONPATH} /usr/bin/cmake --build /home/ngan/Documents/test_github/lesson6_ws/build/darknet_ros -- -j4 -l4
[0.467s] [ 97%] Built target darknet_ros_lib
[0.525s] [100%] Built target darknet_ros
[0.612s] Invoked command in '/home/ngan/Documents/test_github/lesson6_ws/build/darknet_ros' returned '0': AMENT_PREFIX_PATH=/home/ngan/Documents/test_github/lesson6_ws/install/darknet_ros_msgs:/home/ngan/Documents/test_github/lesson6_ws/install/cv_bridge:${AMENT_PREFIX_PATH} CMAKE_PREFIX_PATH=/home/ngan/Documents/test_github/lesson6_ws/install/darknet_ros_msgs:/home/ngan/Documents/test_github/lesson6_ws/install/cv_bridge:/opt/ros/jazzy/opt/gz_sim_vendor:/opt/ros/jazzy/opt/gz_sensors_vendor:/opt/ros/jazzy/opt/gz_physics_vendor:/opt/ros/jazzy/opt/sdformat_vendor:/opt/ros/jazzy/opt/gz_gui_vendor:/opt/ros/jazzy/opt/gz_transport_vendor:/opt/ros/jazzy/opt/gz_rendering_vendor:/opt/ros/jazzy/opt/gz_plugin_vendor:/opt/ros/jazzy/opt/gz_fuel_tools_vendor:/opt/ros/jazzy/opt/gz_msgs_vendor:/opt/ros/jazzy/opt/gz_common_vendor:/opt/ros/jazzy/opt/gz_math_vendor:/opt/ros/jazzy/opt/gz_utils_vendor:/opt/ros/jazzy/opt/gz_tools_vendor:/opt/ros/jazzy/opt/gz_ogre_next_vendor:/opt/ros/jazzy/opt/gz_dartsim_vendor:/opt/ros/jazzy/opt/gz_cmake_vendor:/opt/ros/jazzy DEBUGINFOD_URLS=https://debuginfod.ubuntu.com LD_LIBRARY_PATH=/home/ngan/Documents/test_github/lesson6_ws/install/darknet_ros_msgs/lib:/home/ngan/Documents/test_github/lesson6_ws/install/cv_bridge/lib:${LD_LIBRARY_PATH} PYTHONPATH=/home/ngan/Documents/test_github/lesson6_ws/install/darknet_ros_msgs/lib/python3.12/site-packages:/home/ngan/Documents/test_github/lesson6_ws/install/cv_bridge/lib/python3.12/site-packages:${PYTHONPATH} /usr/bin/cmake --build /home/ngan/Documents/test_github/lesson6_ws/build/darknet_ros -- -j4 -l4
[0.617s] Invoking command in '/home/ngan/Documents/test_github/lesson6_ws/build/darknet_ros': AMENT_PREFIX_PATH=/home/ngan/Documents/test_github/lesson6_ws/install/darknet_ros_msgs:/home/ngan/Documents/test_github/lesson6_ws/install/cv_bridge:${AMENT_PREFIX_PATH} CMAKE_PREFIX_PATH=/home/ngan/Documents/test_github/lesson6_ws/install/darknet_ros_msgs:/home/ngan/Documents/test_github/lesson6_ws/install/cv_bridge:/opt/ros/jazzy/opt/gz_sim_vendor:/opt/ros/jazzy/opt/gz_sensors_vendor:/opt/ros/jazzy/opt/gz_physics_vendor:/opt/ros/jazzy/opt/sdformat_vendor:/opt/ros/jazzy/opt/gz_gui_vendor:/opt/ros/jazzy/opt/gz_transport_vendor:/opt/ros/jazzy/opt/gz_rendering_vendor:/opt/ros/jazzy/opt/gz_plugin_vendor:/opt/ros/jazzy/opt/gz_fuel_tools_vendor:/opt/ros/jazzy/opt/gz_msgs_vendor:/opt/ros/jazzy/opt/gz_common_vendor:/opt/ros/jazzy/opt/gz_math_vendor:/opt/ros/jazzy/opt/gz_utils_vendor:/opt/ros/jazzy/opt/gz_tools_vendor:/opt/ros/jazzy/opt/gz_ogre_next_vendor:/opt/ros/jazzy/opt/gz_dartsim_vendor:/opt/ros/jazzy/opt/gz_cmake_vendor:/opt/ros/jazzy DEBUGINFOD_URLS=https://debuginfod.ubuntu.com LD_LIBRARY_PATH=/home/ngan/Documents/test_github/lesson6_ws/install/darknet_ros_msgs/lib:/home/ngan/Documents/test_github/lesson6_ws/install/cv_bridge/lib:${LD_LIBRARY_PATH} PYTHONPATH=/home/ngan/Documents/test_github/lesson6_ws/install/darknet_ros_msgs/lib/python3.12/site-packages:/home/ngan/Documents/test_github/lesson6_ws/install/cv_bridge/lib/python3.12/site-packages:${PYTHONPATH} /usr/bin/cmake --install /home/ngan/Documents/test_github/lesson6_ws/build/darknet_ros
[0.642s] -- Install configuration: ""
[0.642s] -- Up-to-date: /home/ngan/Documents/test_github/lesson6_ws/install/darknet_ros/lib/libdarknet_ros_lib.a
[0.642s] -- Up-to-date: /home/ngan/Documents/test_github/lesson6_ws/install/darknet_ros/lib/darknet_ros/darknet_ros
[0.644s] -- Up-to-date: /home/ngan/Documents/test_github/lesson6_ws/install/darknet_ros/include/
[0.644s] -- Up-to-date: /home/ngan/Documents/test_github/lesson6_ws/install/darknet_ros/include//darknet_ros
[0.644s] -- Up-to-date: /home/ngan/Documents/test_github/lesson6_ws/install/darknet_ros/share/darknet_ros/yolo_network_config//cfg
[0.644s] -- Up-to-date: /home/ngan/Documents/test_github/lesson6_ws/install/darknet_ros/share/darknet_ros/yolo_network_config//cfg/yolov2-tiny.cfg
[0.644s] -- Up-to-date: /home/ngan/Documents/test_github/lesson6_ws/install/darknet_ros/share/darknet_ros/yolo_network_config//cfg/yolov4-csp.cfg
[0.644s] -- Up-to-date: /home/ngan/Documents/test_github/lesson6_ws/install/darknet_ros/share/darknet_ros/yolo_network_config//cfg/yolov3.cfg
[0.644s] -- Up-to-date: /home/ngan/Documents/test_github/lesson6_ws/install/darknet_ros/share/darknet_ros/yolo_network_config//cfg/yolov4.cfg
[0.644s] -- Up-to-date: /home/ngan/Documents/test_github/lesson6_ws/install/darknet_ros/share/darknet_ros/yolo_network_config//cfg/yolov4-tiny.cfg
[0.645s] -- Up-to-date: /home/ngan/Documents/test_github/lesson6_ws/install/darknet_ros/share/darknet_ros/yolo_network_config//cfg/yolov7-tiny.cfg
[0.645s] -- Up-to-date: /home/ngan/Documents/test_github/lesson6_ws/install/darknet_ros/share/darknet_ros/yolo_network_config//weights
[0.645s] -- Up-to-date: /home/ngan/Documents/test_github/lesson6_ws/install/darknet_ros/share/darknet_ros/yolo_network_config//weights/how_to_download_weights.txt
[0.645s] -- Up-to-date: /home/ngan/Documents/test_github/lesson6_ws/install/darknet_ros/share/darknet_ros/yolo_network_config//weights/yolov4-csp.weights
[0.645s] -- Up-to-date: /home/ngan/Documents/test_github/lesson6_ws/install/darknet_ros/share/darknet_ros/yolo_network_config//weights/.gitignore
[0.647s] -- Up-to-date: /home/ngan/Documents/test_github/lesson6_ws/install/darknet_ros/share/darknet_ros/yolo_network_config//weights/yolov4-tiny.weights
[0.647s] -- Up-to-date: /home/ngan/Documents/test_github/lesson6_ws/install/darknet_ros/share/darknet_ros/yolo_network_config//weights/yolov7-tiny.weights
[0.647s] -- Up-to-date: /home/ngan/Documents/test_github/lesson6_ws/install/darknet_ros/share/darknet_ros//launch
[0.647s] -- Up-to-date: /home/ngan/Documents/test_github/lesson6_ws/install/darknet_ros/share/darknet_ros//launch/yolov4-csp.launch.py
[0.652s] -- Up-to-date: /home/ngan/Documents/test_github/lesson6_ws/install/darknet_ros/share/darknet_ros//launch/yolov7-tiny.launch.py
[0.652s] -- Up-to-date: /home/ngan/Documents/test_github/lesson6_ws/install/darknet_ros/share/darknet_ros//launch/yolov4-tiny.launch.py
[0.652s] -- Up-to-date: /home/ngan/Documents/test_github/lesson6_ws/install/darknet_ros/share/darknet_ros//launch/darknet_ros.launch.py
[0.652s] -- Up-to-date: /home/ngan/Documents/test_github/lesson6_ws/install/darknet_ros/share/darknet_ros//config
[0.652s] -- Up-to-date: /home/ngan/Documents/test_github/lesson6_ws/install/darknet_ros/share/darknet_ros//config/ros.yaml
[0.652s] -- Up-to-date: /home/ngan/Documents/test_github/lesson6_ws/install/darknet_ros/share/darknet_ros//config/yolov4.yaml
[0.652s] -- Up-to-date: /home/ngan/Documents/test_github/lesson6_ws/install/darknet_ros/share/darknet_ros//config/yolov2-tiny.yaml
[0.652s] -- Up-to-date: /home/ngan/Documents/test_github/lesson6_ws/install/darknet_ros/share/darknet_ros//config/yolov3.yaml
[0.652s] -- Up-to-date: /home/ngan/Documents/test_github/lesson6_ws/install/darknet_ros/share/darknet_ros//config/yolov7-tiny.yaml
[0.652s] -- Up-to-date: /home/ngan/Documents/test_github/lesson6_ws/install/darknet_ros/share/darknet_ros//config/yolov4-tiny.yaml
[0.652s] -- Up-to-date: /home/ngan/Documents/test_github/lesson6_ws/install/darknet_ros/share/darknet_ros//config/yolov4-csp.yaml
[0.652s] -- Up-to-date: /home/ngan/Documents/test_github/lesson6_ws/install/darknet_ros/share/darknet_ros/environment/library_path.sh
[0.655s] -- Up-to-date: /home/ngan/Documents/test_github/lesson6_ws/install/darknet_ros/share/darknet_ros/environment/library_path.dsv
[0.655s] -- Up-to-date: /home/ngan/Documents/test_github/lesson6_ws/install/darknet_ros/share/ament_index/resource_index/package_run_dependencies/darknet_ros
[0.655s] -- Up-to-date: /home/ngan/Documents/test_github/lesson6_ws/install/darknet_ros/share/ament_index/resource_index/parent_prefix_path/darknet_ros
[0.655s] -- Up-to-date: /home/ngan/Documents/test_github/lesson6_ws/install/darknet_ros/share/darknet_ros/environment/ament_prefix_path.sh
[0.655s] -- Up-to-date: /home/ngan/Documents/test_github/lesson6_ws/install/darknet_ros/share/darknet_ros/environment/ament_prefix_path.dsv
[0.656s] -- Up-to-date: /home/ngan/Documents/test_github/lesson6_ws/install/darknet_ros/share/darknet_ros/environment/path.sh
[0.656s] -- Up-to-date: /home/ngan/Documents/test_github/lesson6_ws/install/darknet_ros/share/darknet_ros/environment/path.dsv
[0.656s] -- Up-to-date: /home/ngan/Documents/test_github/lesson6_ws/install/darknet_ros/share/darknet_ros/local_setup.bash
[0.656s] -- Up-to-date: /home/ngan/Documents/test_github/lesson6_ws/install/darknet_ros/share/darknet_ros/local_setup.sh
[0.661s] -- Up-to-date: /home/ngan/Documents/test_github/lesson6_ws/install/darknet_ros/share/darknet_ros/local_setup.zsh
[0.661s] -- Up-to-date: /home/ngan/Documents/test_github/lesson6_ws/install/darknet_ros/share/darknet_ros/local_setup.dsv
[0.661s] -- Installing: /home/ngan/Documents/test_github/lesson6_ws/install/darknet_ros/share/darknet_ros/package.dsv
[0.661s] -- Up-to-date: /home/ngan/Documents/test_github/lesson6_ws/install/darknet_ros/share/ament_index/resource_index/packages/darknet_ros
[0.661s] -- Up-to-date: /home/ngan/Documents/test_github/lesson6_ws/install/darknet_ros/share/darknet_ros/cmake/ament_cmake_export_include_directories-extras.cmake
[0.661s] -- Up-to-date: /home/ngan/Documents/test_github/lesson6_ws/install/darknet_ros/share/darknet_ros/cmake/ament_cmake_export_libraries-extras.cmake
[0.661s] -- Up-to-date: /home/ngan/Documents/test_github/lesson6_ws/install/darknet_ros/share/darknet_ros/cmake/ament_cmake_export_dependencies-extras.cmake
[0.662s] -- Up-to-date: /home/ngan/Documents/test_github/lesson6_ws/install/darknet_ros/share/darknet_ros/cmake/darknet_rosConfig.cmake
[0.662s] -- Up-to-date: /home/ngan/Documents/test_github/lesson6_ws/install/darknet_ros/share/darknet_ros/cmake/darknet_rosConfig-version.cmake
[0.662s] -- Up-to-date: /home/ngan/Documents/test_github/lesson6_ws/install/darknet_ros/share/darknet_ros/package.xml
[0.662s] Invoked command in '/home/ngan/Documents/test_github/lesson6_ws/build/darknet_ros' returned '0': AMENT_PREFIX_PATH=/home/ngan/Documents/test_github/lesson6_ws/install/darknet_ros_msgs:/home/ngan/Documents/test_github/lesson6_ws/install/cv_bridge:${AMENT_PREFIX_PATH} CMAKE_PREFIX_PATH=/home/ngan/Documents/test_github/lesson6_ws/install/darknet_ros_msgs:/home/ngan/Documents/test_github/lesson6_ws/install/cv_bridge:/opt/ros/jazzy/opt/gz_sim_vendor:/opt/ros/jazzy/opt/gz_sensors_vendor:/opt/ros/jazzy/opt/gz_physics_vendor:/opt/ros/jazzy/opt/sdformat_vendor:/opt/ros/jazzy/opt/gz_gui_vendor:/opt/ros/jazzy/opt/gz_transport_vendor:/opt/ros/jazzy/opt/gz_rendering_vendor:/opt/ros/jazzy/opt/gz_plugin_vendor:/opt/ros/jazzy/opt/gz_fuel_tools_vendor:/opt/ros/jazzy/opt/gz_msgs_vendor:/opt/ros/jazzy/opt/gz_common_vendor:/opt/ros/jazzy/opt/gz_math_vendor:/opt/ros/jazzy/opt/gz_utils_vendor:/opt/ros/jazzy/opt/gz_tools_vendor:/opt/ros/jazzy/opt/gz_ogre_next_vendor:/opt/ros/jazzy/opt/gz_dartsim_vendor:/opt/ros/jazzy/opt/gz_cmake_vendor:/opt/ros/jazzy DEBUGINFOD_URLS=https://debuginfod.ubuntu.com LD_LIBRARY_PATH=/home/ngan/Documents/test_github/lesson6_ws/install/darknet_ros_msgs/lib:/home/ngan/Documents/test_github/lesson6_ws/install/cv_bridge/lib:${LD_LIBRARY_PATH} PYTHONPATH=/home/ngan/Documents/test_github/lesson6_ws/install/darknet_ros_msgs/lib/python3.12/site-packages:/home/ngan/Documents/test_github/lesson6_ws/install/cv_bridge/lib/python3.12/site-packages:${PYTHONPATH} /usr/bin/cmake --install /home/ngan/Documents/test_github/lesson6_ws/build/darknet_ros
