[0.057s] Invoking command in '/home/ngan/Documents/test_github/lesson6_ws/build/darknet_ros_msgs': CMAKE_PREFIX_PATH=${CMAKE_PREFIX_PATH}:/home/ngan/Documents/test_github/lesson6_ws/install/stop_sign_control:/home/ngan/Documents/test_github/lesson6_ws/install/opencv_tests:/opt/ros/jazzy DEBUGINFOD_URLS=https://debuginfod.ubuntu.com /usr/bin/cmake --build /home/ngan/Documents/test_github/lesson6_ws/build/darknet_ros_msgs -- -j4 -l4
[0.333s] [  1%] Built target darknet_ros_msgs__rosidl_generator_type_description
[0.412s] [  1%] Built target ament_cmake_python_copy_darknet_ros_msgs
[0.496s] [  3%] Built target darknet_ros_msgs__cpp
[1.565s] running egg_info
[1.651s] writing darknet_ros_msgs.egg-info/PKG-INFO
[1.654s] writing dependency_links to darknet_ros_msgs.egg-info/dependency_links.txt
[1.656s] writing top-level names to darknet_ros_msgs.egg-info/top_level.txt
[1.951s] reading manifest file 'darknet_ros_msgs.egg-info/SOURCES.txt'
[1.952s] writing manifest file 'darknet_ros_msgs.egg-info/SOURCES.txt'
[2.200s] [  3%] Built target ament_cmake_python_build_darknet_ros_msgs_egg
[2.389s] [ 25%] Built target darknet_ros_msgs__rosidl_generator_c
[2.564s] [ 34%] Built target darknet_ros_msgs__rosidl_typesupport_fastrtps_c
[2.702s] [ 43%] Built target darknet_ros_msgs__rosidl_typesupport_c
[2.833s] [ 53%] Built target darknet_ros_msgs__rosidl_typesupport_introspection_cpp
[2.967s] [ 62%] Built target darknet_ros_msgs__rosidl_typesupport_cpp
[3.075s] [ 71%] Built target darknet_ros_msgs__rosidl_typesupport_introspection_c
[3.135s] [ 81%] Built target darknet_ros_msgs__rosidl_typesupport_fastrtps_cpp
[3.281s] [ 81%] Built target darknet_ros_msgs
[3.327s] [ 82%] Built target darknet_ros_msgs__py
[3.420s] [ 90%] Built target darknet_ros_msgs__rosidl_generator_py
[3.560s] [ 93%] Built target darknet_ros_msgs_s__rosidl_typesupport_fastrtps_c
[3.736s] [ 96%] Built target darknet_ros_msgs_s__rosidl_typesupport_c
[3.898s] [100%] Built target darknet_ros_msgs_s__rosidl_typesupport_introspection_c
[4.018s] Invoked command in '/home/ngan/Documents/test_github/lesson6_ws/build/darknet_ros_msgs' returned '0': CMAKE_PREFIX_PATH=${CMAKE_PREFIX_PATH}:/home/ngan/Documents/test_github/lesson6_ws/install/stop_sign_control:/home/ngan/Documents/test_github/lesson6_ws/install/opencv_tests:/opt/ros/jazzy DEBUGINFOD_URLS=https://debuginfod.ubuntu.com /usr/bin/cmake --build /home/ngan/Documents/test_github/lesson6_ws/build/darknet_ros_msgs -- -j4 -l4
[4.026s] Invoking command in '/home/ngan/Documents/test_github/lesson6_ws/build/darknet_ros_msgs': CMAKE_PREFIX_PATH=${CMAKE_PREFIX_PATH}:/home/ngan/Documents/test_github/lesson6_ws/install/stop_sign_control:/home/ngan/Documents/test_github/lesson6_ws/install/opencv_tests:/opt/ros/jazzy DEBUGINFOD_URLS=https://debuginfod.ubuntu.com /usr/bin/cmake --install /home/ngan/Documents/test_github/lesson6_ws/build/darknet_ros_msgs
[4.135s] -- Install configuration: ""
[4.150s] -- Up-to-date: /home/ngan/Documents/test_github/lesson6_ws/install/darknet_ros_msgs/share/ament_index/resource_index/rosidl_interfaces/darknet_ros_msgs
[4.150s] -- Up-to-date: /home/ngan/Documents/test_github/lesson6_ws/install/darknet_ros_msgs/share/darknet_ros_msgs/msg/BoundingBox.json
[4.150s] -- Up-to-date: /home/ngan/Documents/test_github/lesson6_ws/install/darknet_ros_msgs/share/darknet_ros_msgs/msg/BoundingBoxes.json
[4.150s] -- Up-to-date: /home/ngan/Documents/test_github/lesson6_ws/install/darknet_ros_msgs/share/darknet_ros_msgs/msg/ObjectCount.json
[4.150s] -- Up-to-date: /home/ngan/Documents/test_github/lesson6_ws/install/darknet_ros_msgs/share/darknet_ros_msgs/action/CheckForObjects.json
[4.150s] -- Up-to-date: /home/ngan/Documents/test_github/lesson6_ws/install/darknet_ros_msgs/include/darknet_ros_msgs/darknet_ros_msgs
[4.150s] -- Up-to-date: /home/ngan/Documents/test_github/lesson6_ws/install/darknet_ros_msgs/include/darknet_ros_msgs/darknet_ros_msgs/action
[4.151s] -- Up-to-date: /home/ngan/Documents/test_github/lesson6_ws/install/darknet_ros_msgs/include/darknet_ros_msgs/darknet_ros_msgs/action/check_for_objects.h
[4.151s] -- Up-to-date: /home/ngan/Documents/test_github/lesson6_ws/install/darknet_ros_msgs/include/darknet_ros_msgs/darknet_ros_msgs/action/detail
[4.151s] -- Up-to-date: /home/ngan/Documents/test_github/lesson6_ws/install/darknet_ros_msgs/include/darknet_ros_msgs/darknet_ros_msgs/action/detail/check_for_objects__functions.c
[4.151s] -- Up-to-date: /home/ngan/Documents/test_github/lesson6_ws/install/darknet_ros_msgs/include/darknet_ros_msgs/darknet_ros_msgs/action/detail/check_for_objects__functions.h
[4.151s] -- Installing: /home/ngan/Documents/test_github/lesson6_ws/install/darknet_ros_msgs/include/darknet_ros_msgs/darknet_ros_msgs/action/detail/check_for_objects__type_support.c
[4.166s] -- Up-to-date: /home/ngan/Documents/test_github/lesson6_ws/install/darknet_ros_msgs/include/darknet_ros_msgs/darknet_ros_msgs/action/detail/check_for_objects__description.c
[4.166s] -- Up-to-date: /home/ngan/Documents/test_github/lesson6_ws/install/darknet_ros_msgs/include/darknet_ros_msgs/darknet_ros_msgs/action/detail/check_for_objects__struct.h
[4.167s] -- Up-to-date: /home/ngan/Documents/test_github/lesson6_ws/install/darknet_ros_msgs/include/darknet_ros_msgs/darknet_ros_msgs/action/detail/check_for_objects__type_support.h
[4.167s] -- Up-to-date: /home/ngan/Documents/test_github/lesson6_ws/install/darknet_ros_msgs/include/darknet_ros_msgs/darknet_ros_msgs/msg
[4.167s] -- Up-to-date: /home/ngan/Documents/test_github/lesson6_ws/install/darknet_ros_msgs/include/darknet_ros_msgs/darknet_ros_msgs/msg/detail
[4.176s] -- Up-to-date: /home/ngan/Documents/test_github/lesson6_ws/install/darknet_ros_msgs/include/darknet_ros_msgs/darknet_ros_msgs/msg/detail/bounding_box__functions.h
[4.176s] -- Up-to-date: /home/ngan/Documents/test_github/lesson6_ws/install/darknet_ros_msgs/include/darknet_ros_msgs/darknet_ros_msgs/msg/detail/bounding_boxes__functions.c
[4.176s] -- Up-to-date: /home/ngan/Documents/test_github/lesson6_ws/install/darknet_ros_msgs/include/darknet_ros_msgs/darknet_ros_msgs/msg/detail/object_count__struct.h
[4.176s] -- Installing: /home/ngan/Documents/test_github/lesson6_ws/install/darknet_ros_msgs/include/darknet_ros_msgs/darknet_ros_msgs/msg/detail/bounding_box__type_support.c
[4.176s] -- Up-to-date: /home/ngan/Documents/test_github/lesson6_ws/install/darknet_ros_msgs/include/darknet_ros_msgs/darknet_ros_msgs/msg/detail/object_count__type_support.h
[4.177s] -- Up-to-date: /home/ngan/Documents/test_github/lesson6_ws/install/darknet_ros_msgs/include/darknet_ros_msgs/darknet_ros_msgs/msg/detail/bounding_box__type_support.h
[4.177s] -- Up-to-date: /home/ngan/Documents/test_github/lesson6_ws/install/darknet_ros_msgs/include/darknet_ros_msgs/darknet_ros_msgs/msg/detail/object_count__description.c
[4.177s] -- Installing: /home/ngan/Documents/test_github/lesson6_ws/install/darknet_ros_msgs/include/darknet_ros_msgs/darknet_ros_msgs/msg/detail/bounding_boxes__type_support.c
[4.177s] -- Up-to-date: /home/ngan/Documents/test_github/lesson6_ws/install/darknet_ros_msgs/include/darknet_ros_msgs/darknet_ros_msgs/msg/detail/bounding_boxes__functions.h
[4.189s] -- Up-to-date: /home/ngan/Documents/test_github/lesson6_ws/install/darknet_ros_msgs/include/darknet_ros_msgs/darknet_ros_msgs/msg/detail/object_count__functions.h
[4.192s] -- Up-to-date: /home/ngan/Documents/test_github/lesson6_ws/install/darknet_ros_msgs/include/darknet_ros_msgs/darknet_ros_msgs/msg/detail/bounding_box__functions.c
[4.195s] -- Up-to-date: /home/ngan/Documents/test_github/lesson6_ws/install/darknet_ros_msgs/include/darknet_ros_msgs/darknet_ros_msgs/msg/detail/bounding_boxes__struct.h
[4.196s] -- Installing: /home/ngan/Documents/test_github/lesson6_ws/install/darknet_ros_msgs/include/darknet_ros_msgs/darknet_ros_msgs/msg/detail/object_count__type_support.c
[4.200s] -- Up-to-date: /home/ngan/Documents/test_github/lesson6_ws/install/darknet_ros_msgs/include/darknet_ros_msgs/darknet_ros_msgs/msg/detail/bounding_box__description.c
[4.215s] -- Up-to-date: /home/ngan/Documents/test_github/lesson6_ws/install/darknet_ros_msgs/include/darknet_ros_msgs/darknet_ros_msgs/msg/detail/bounding_boxes__description.c
[4.215s] -- Up-to-date: /home/ngan/Documents/test_github/lesson6_ws/install/darknet_ros_msgs/include/darknet_ros_msgs/darknet_ros_msgs/msg/detail/bounding_box__struct.h
[4.215s] -- Up-to-date: /home/ngan/Documents/test_github/lesson6_ws/install/darknet_ros_msgs/include/darknet_ros_msgs/darknet_ros_msgs/msg/detail/object_count__functions.c
[4.215s] -- Up-to-date: /home/ngan/Documents/test_github/lesson6_ws/install/darknet_ros_msgs/include/darknet_ros_msgs/darknet_ros_msgs/msg/detail/bounding_boxes__type_support.h
[4.215s] -- Up-to-date: /home/ngan/Documents/test_github/lesson6_ws/install/darknet_ros_msgs/include/darknet_ros_msgs/darknet_ros_msgs/msg/bounding_boxes.h
[4.216s] -- Up-to-date: /home/ngan/Documents/test_github/lesson6_ws/install/darknet_ros_msgs/include/darknet_ros_msgs/darknet_ros_msgs/msg/rosidl_generator_c__visibility_control.h
[4.216s] -- Up-to-date: /home/ngan/Documents/test_github/lesson6_ws/install/darknet_ros_msgs/include/darknet_ros_msgs/darknet_ros_msgs/msg/object_count.h
[4.216s] -- Up-to-date: /home/ngan/Documents/test_github/lesson6_ws/install/darknet_ros_msgs/include/darknet_ros_msgs/darknet_ros_msgs/msg/bounding_box.h
[4.216s] -- Up-to-date: /home/ngan/Documents/test_github/lesson6_ws/install/darknet_ros_msgs/share/darknet_ros_msgs/environment/library_path.sh
[4.217s] -- Up-to-date: /home/ngan/Documents/test_github/lesson6_ws/install/darknet_ros_msgs/share/darknet_ros_msgs/environment/library_path.dsv
[4.219s] -- Up-to-date: /home/ngan/Documents/test_github/lesson6_ws/install/darknet_ros_msgs/lib/libdarknet_ros_msgs__rosidl_generator_c.so
[4.220s] -- Up-to-date: /home/ngan/Documents/test_github/lesson6_ws/install/darknet_ros_msgs/include/darknet_ros_msgs/darknet_ros_msgs
[4.220s] -- Up-to-date: /home/ngan/Documents/test_github/lesson6_ws/install/darknet_ros_msgs/include/darknet_ros_msgs/darknet_ros_msgs/action
[4.220s] -- Up-to-date: /home/ngan/Documents/test_github/lesson6_ws/install/darknet_ros_msgs/include/darknet_ros_msgs/darknet_ros_msgs/action/detail
[4.220s] -- Up-to-date: /home/ngan/Documents/test_github/lesson6_ws/install/darknet_ros_msgs/include/darknet_ros_msgs/darknet_ros_msgs/action/detail/check_for_objects__rosidl_typesupport_fastrtps_c.h
[4.220s] -- Up-to-date: /home/ngan/Documents/test_github/lesson6_ws/install/darknet_ros_msgs/include/darknet_ros_msgs/darknet_ros_msgs/msg
[4.226s] -- Up-to-date: /home/ngan/Documents/test_github/lesson6_ws/install/darknet_ros_msgs/include/darknet_ros_msgs/darknet_ros_msgs/msg/rosidl_typesupport_fastrtps_c__visibility_control.h
[4.227s] -- Up-to-date: /home/ngan/Documents/test_github/lesson6_ws/install/darknet_ros_msgs/include/darknet_ros_msgs/darknet_ros_msgs/msg/detail
[4.227s] -- Up-to-date: /home/ngan/Documents/test_github/lesson6_ws/install/darknet_ros_msgs/include/darknet_ros_msgs/darknet_ros_msgs/msg/detail/bounding_boxes__rosidl_typesupport_fastrtps_c.h
[4.227s] -- Up-to-date: /home/ngan/Documents/test_github/lesson6_ws/install/darknet_ros_msgs/include/darknet_ros_msgs/darknet_ros_msgs/msg/detail/bounding_box__rosidl_typesupport_fastrtps_c.h
[4.227s] -- Up-to-date: /home/ngan/Documents/test_github/lesson6_ws/install/darknet_ros_msgs/include/darknet_ros_msgs/darknet_ros_msgs/msg/detail/object_count__rosidl_typesupport_fastrtps_c.h
[4.227s] -- Up-to-date: /home/ngan/Documents/test_github/lesson6_ws/install/darknet_ros_msgs/lib/libdarknet_ros_msgs__rosidl_typesupport_fastrtps_c.so
[4.227s] -- Up-to-date: /home/ngan/Documents/test_github/lesson6_ws/install/darknet_ros_msgs/include/darknet_ros_msgs/darknet_ros_msgs
[4.228s] -- Up-to-date: /home/ngan/Documents/test_github/lesson6_ws/install/darknet_ros_msgs/include/darknet_ros_msgs/darknet_ros_msgs/action
[4.228s] -- Up-to-date: /home/ngan/Documents/test_github/lesson6_ws/install/darknet_ros_msgs/include/darknet_ros_msgs/darknet_ros_msgs/action/detail
[4.228s] -- Up-to-date: /home/ngan/Documents/test_github/lesson6_ws/install/darknet_ros_msgs/include/darknet_ros_msgs/darknet_ros_msgs/action/detail/check_for_objects__struct.hpp
[4.228s] -- Up-to-date: /home/ngan/Documents/test_github/lesson6_ws/install/darknet_ros_msgs/include/darknet_ros_msgs/darknet_ros_msgs/action/detail/check_for_objects__type_support.hpp
[4.228s] -- Up-to-date: /home/ngan/Documents/test_github/lesson6_ws/install/darknet_ros_msgs/include/darknet_ros_msgs/darknet_ros_msgs/action/detail/check_for_objects__builder.hpp
[4.228s] -- Up-to-date: /home/ngan/Documents/test_github/lesson6_ws/install/darknet_ros_msgs/include/darknet_ros_msgs/darknet_ros_msgs/action/detail/check_for_objects__traits.hpp
[4.228s] -- Up-to-date: /home/ngan/Documents/test_github/lesson6_ws/install/darknet_ros_msgs/include/darknet_ros_msgs/darknet_ros_msgs/action/check_for_objects.hpp
[4.228s] -- Up-to-date: /home/ngan/Documents/test_github/lesson6_ws/install/darknet_ros_msgs/include/darknet_ros_msgs/darknet_ros_msgs/msg
[4.228s] -- Up-to-date: /home/ngan/Documents/test_github/lesson6_ws/install/darknet_ros_msgs/include/darknet_ros_msgs/darknet_ros_msgs/msg/detail
[4.228s] -- Up-to-date: /home/ngan/Documents/test_github/lesson6_ws/install/darknet_ros_msgs/include/darknet_ros_msgs/darknet_ros_msgs/msg/detail/object_count__type_support.hpp
[4.229s] -- Up-to-date: /home/ngan/Documents/test_github/lesson6_ws/install/darknet_ros_msgs/include/darknet_ros_msgs/darknet_ros_msgs/msg/detail/bounding_boxes__traits.hpp
[4.229s] -- Up-to-date: /home/ngan/Documents/test_github/lesson6_ws/install/darknet_ros_msgs/include/darknet_ros_msgs/darknet_ros_msgs/msg/detail/bounding_boxes__struct.hpp
[4.229s] -- Up-to-date: /home/ngan/Documents/test_github/lesson6_ws/install/darknet_ros_msgs/include/darknet_ros_msgs/darknet_ros_msgs/msg/detail/bounding_box__builder.hpp
[4.229s] -- Up-to-date: /home/ngan/Documents/test_github/lesson6_ws/install/darknet_ros_msgs/include/darknet_ros_msgs/darknet_ros_msgs/msg/detail/object_count__struct.hpp
[4.229s] -- Up-to-date: /home/ngan/Documents/test_github/lesson6_ws/install/darknet_ros_msgs/include/darknet_ros_msgs/darknet_ros_msgs/msg/detail/bounding_box__struct.hpp
[4.229s] -- Up-to-date: /home/ngan/Documents/test_github/lesson6_ws/install/darknet_ros_msgs/include/darknet_ros_msgs/darknet_ros_msgs/msg/detail/bounding_box__traits.hpp
[4.229s] -- Up-to-date: /home/ngan/Documents/test_github/lesson6_ws/install/darknet_ros_msgs/include/darknet_ros_msgs/darknet_ros_msgs/msg/detail/object_count__traits.hpp
[4.229s] -- Up-to-date: /home/ngan/Documents/test_github/lesson6_ws/install/darknet_ros_msgs/include/darknet_ros_msgs/darknet_ros_msgs/msg/detail/bounding_box__type_support.hpp
[4.229s] -- Up-to-date: /home/ngan/Documents/test_github/lesson6_ws/install/darknet_ros_msgs/include/darknet_ros_msgs/darknet_ros_msgs/msg/detail/object_count__builder.hpp
[4.241s] -- Up-to-date: /home/ngan/Documents/test_github/lesson6_ws/install/darknet_ros_msgs/include/darknet_ros_msgs/darknet_ros_msgs/msg/detail/bounding_boxes__type_support.hpp
[4.241s] -- Up-to-date: /home/ngan/Documents/test_github/lesson6_ws/install/darknet_ros_msgs/include/darknet_ros_msgs/darknet_ros_msgs/msg/detail/bounding_boxes__builder.hpp
[4.241s] -- Up-to-date: /home/ngan/Documents/test_github/lesson6_ws/install/darknet_ros_msgs/include/darknet_ros_msgs/darknet_ros_msgs/msg/rosidl_generator_cpp__visibility_control.hpp
[4.242s] -- Up-to-date: /home/ngan/Documents/test_github/lesson6_ws/install/darknet_ros_msgs/include/darknet_ros_msgs/darknet_ros_msgs/msg/bounding_boxes.hpp
[4.242s] -- Up-to-date: /home/ngan/Documents/test_github/lesson6_ws/install/darknet_ros_msgs/include/darknet_ros_msgs/darknet_ros_msgs/msg/bounding_box.hpp
[4.242s] -- Up-to-date: /home/ngan/Documents/test_github/lesson6_ws/install/darknet_ros_msgs/include/darknet_ros_msgs/darknet_ros_msgs/msg/object_count.hpp
[4.242s] -- Up-to-date: /home/ngan/Documents/test_github/lesson6_ws/install/darknet_ros_msgs/include/darknet_ros_msgs/darknet_ros_msgs
[4.242s] -- Up-to-date: /home/ngan/Documents/test_github/lesson6_ws/install/darknet_ros_msgs/include/darknet_ros_msgs/darknet_ros_msgs/action
[4.242s] -- Up-to-date: /home/ngan/Documents/test_github/lesson6_ws/install/darknet_ros_msgs/include/darknet_ros_msgs/darknet_ros_msgs/action/detail
[4.242s] -- Up-to-date: /home/ngan/Documents/test_github/lesson6_ws/install/darknet_ros_msgs/include/darknet_ros_msgs/darknet_ros_msgs/action/detail/dds_fastrtps
[4.242s] -- Up-to-date: /home/ngan/Documents/test_github/lesson6_ws/install/darknet_ros_msgs/include/darknet_ros_msgs/darknet_ros_msgs/action/detail/check_for_objects__rosidl_typesupport_fastrtps_cpp.hpp
[4.242s] -- Up-to-date: /home/ngan/Documents/test_github/lesson6_ws/install/darknet_ros_msgs/include/darknet_ros_msgs/darknet_ros_msgs/msg
[4.242s] -- Up-to-date: /home/ngan/Documents/test_github/lesson6_ws/install/darknet_ros_msgs/include/darknet_ros_msgs/darknet_ros_msgs/msg/detail
[4.243s] -- Up-to-date: /home/ngan/Documents/test_github/lesson6_ws/install/darknet_ros_msgs/include/darknet_ros_msgs/darknet_ros_msgs/msg/detail/bounding_boxes__rosidl_typesupport_fastrtps_cpp.hpp
[4.243s] -- Up-to-date: /home/ngan/Documents/test_github/lesson6_ws/install/darknet_ros_msgs/include/darknet_ros_msgs/darknet_ros_msgs/msg/detail/object_count__rosidl_typesupport_fastrtps_cpp.hpp
[4.243s] -- Up-to-date: /home/ngan/Documents/test_github/lesson6_ws/install/darknet_ros_msgs/include/darknet_ros_msgs/darknet_ros_msgs/msg/detail/bounding_box__rosidl_typesupport_fastrtps_cpp.hpp
[4.243s] -- Up-to-date: /home/ngan/Documents/test_github/lesson6_ws/install/darknet_ros_msgs/include/darknet_ros_msgs/darknet_ros_msgs/msg/detail/dds_fastrtps
[4.243s] -- Up-to-date: /home/ngan/Documents/test_github/lesson6_ws/install/darknet_ros_msgs/include/darknet_ros_msgs/darknet_ros_msgs/msg/rosidl_typesupport_fastrtps_cpp__visibility_control.h
[4.280s] -- Up-to-date: /home/ngan/Documents/test_github/lesson6_ws/install/darknet_ros_msgs/lib/libdarknet_ros_msgs__rosidl_typesupport_fastrtps_cpp.so
[4.280s] -- Up-to-date: /home/ngan/Documents/test_github/lesson6_ws/install/darknet_ros_msgs/include/darknet_ros_msgs/darknet_ros_msgs
[4.280s] -- Up-to-date: /home/ngan/Documents/test_github/lesson6_ws/install/darknet_ros_msgs/include/darknet_ros_msgs/darknet_ros_msgs/action
[4.280s] -- Up-to-date: /home/ngan/Documents/test_github/lesson6_ws/install/darknet_ros_msgs/include/darknet_ros_msgs/darknet_ros_msgs/action/detail
[4.280s] -- Up-to-date: /home/ngan/Documents/test_github/lesson6_ws/install/darknet_ros_msgs/include/darknet_ros_msgs/darknet_ros_msgs/action/detail/check_for_objects__rosidl_typesupport_introspection_c.h
[4.280s] -- Installing: /home/ngan/Documents/test_github/lesson6_ws/install/darknet_ros_msgs/include/darknet_ros_msgs/darknet_ros_msgs/action/detail/check_for_objects__type_support.c
[4.280s] -- Up-to-date: /home/ngan/Documents/test_github/lesson6_ws/install/darknet_ros_msgs/include/darknet_ros_msgs/darknet_ros_msgs/msg
[4.282s] -- Up-to-date: /home/ngan/Documents/test_github/lesson6_ws/install/darknet_ros_msgs/include/darknet_ros_msgs/darknet_ros_msgs/msg/rosidl_typesupport_introspection_c__visibility_control.h
[4.283s] -- Up-to-date: /home/ngan/Documents/test_github/lesson6_ws/install/darknet_ros_msgs/include/darknet_ros_msgs/darknet_ros_msgs/msg/detail
[4.283s] -- Installing: /home/ngan/Documents/test_github/lesson6_ws/install/darknet_ros_msgs/include/darknet_ros_msgs/darknet_ros_msgs/msg/detail/bounding_box__type_support.c
[4.283s] -- Up-to-date: /home/ngan/Documents/test_github/lesson6_ws/install/darknet_ros_msgs/include/darknet_ros_msgs/darknet_ros_msgs/msg/detail/bounding_boxes__rosidl_typesupport_introspection_c.h
[4.283s] -- Installing: /home/ngan/Documents/test_github/lesson6_ws/install/darknet_ros_msgs/include/darknet_ros_msgs/darknet_ros_msgs/msg/detail/bounding_boxes__type_support.c
[4.284s] -- Up-to-date: /home/ngan/Documents/test_github/lesson6_ws/install/darknet_ros_msgs/include/darknet_ros_msgs/darknet_ros_msgs/msg/detail/bounding_box__rosidl_typesupport_introspection_c.h
[4.284s] -- Up-to-date: /home/ngan/Documents/test_github/lesson6_ws/install/darknet_ros_msgs/include/darknet_ros_msgs/darknet_ros_msgs/msg/detail/object_count__rosidl_typesupport_introspection_c.h
[4.284s] -- Installing: /home/ngan/Documents/test_github/lesson6_ws/install/darknet_ros_msgs/include/darknet_ros_msgs/darknet_ros_msgs/msg/detail/object_count__type_support.c
[4.299s] -- Up-to-date: /home/ngan/Documents/test_github/lesson6_ws/install/darknet_ros_msgs/lib/libdarknet_ros_msgs__rosidl_typesupport_introspection_c.so
[4.299s] -- Up-to-date: /home/ngan/Documents/test_github/lesson6_ws/install/darknet_ros_msgs/lib/libdarknet_ros_msgs__rosidl_typesupport_c.so
[4.299s] -- Up-to-date: /home/ngan/Documents/test_github/lesson6_ws/install/darknet_ros_msgs/include/darknet_ros_msgs/darknet_ros_msgs
[4.299s] -- Up-to-date: /home/ngan/Documents/test_github/lesson6_ws/install/darknet_ros_msgs/include/darknet_ros_msgs/darknet_ros_msgs/action
[4.299s] -- Up-to-date: /home/ngan/Documents/test_github/lesson6_ws/install/darknet_ros_msgs/include/darknet_ros_msgs/darknet_ros_msgs/action/detail
[4.299s] -- Up-to-date: /home/ngan/Documents/test_github/lesson6_ws/install/darknet_ros_msgs/include/darknet_ros_msgs/darknet_ros_msgs/action/detail/check_for_objects__type_support.cpp
[4.299s] -- Up-to-date: /home/ngan/Documents/test_github/lesson6_ws/install/darknet_ros_msgs/include/darknet_ros_msgs/darknet_ros_msgs/action/detail/check_for_objects__rosidl_typesupport_introspection_cpp.hpp
[4.299s] -- Up-to-date: /home/ngan/Documents/test_github/lesson6_ws/install/darknet_ros_msgs/include/darknet_ros_msgs/darknet_ros_msgs/msg
[4.299s] -- Up-to-date: /home/ngan/Documents/test_github/lesson6_ws/install/darknet_ros_msgs/include/darknet_ros_msgs/darknet_ros_msgs/msg/detail
[4.299s] -- Up-to-date: /home/ngan/Documents/test_github/lesson6_ws/install/darknet_ros_msgs/include/darknet_ros_msgs/darknet_ros_msgs/msg/detail/bounding_boxes__rosidl_typesupport_introspection_cpp.hpp
[4.300s] -- Up-to-date: /home/ngan/Documents/test_github/lesson6_ws/install/darknet_ros_msgs/include/darknet_ros_msgs/darknet_ros_msgs/msg/detail/bounding_box__type_support.cpp
[4.300s] -- Up-to-date: /home/ngan/Documents/test_github/lesson6_ws/install/darknet_ros_msgs/include/darknet_ros_msgs/darknet_ros_msgs/msg/detail/object_count__rosidl_typesupport_introspection_cpp.hpp
[4.300s] -- Up-to-date: /home/ngan/Documents/test_github/lesson6_ws/install/darknet_ros_msgs/include/darknet_ros_msgs/darknet_ros_msgs/msg/detail/object_count__type_support.cpp
[4.300s] -- Up-to-date: /home/ngan/Documents/test_github/lesson6_ws/install/darknet_ros_msgs/include/darknet_ros_msgs/darknet_ros_msgs/msg/detail/bounding_box__rosidl_typesupport_introspection_cpp.hpp
[4.300s] -- Up-to-date: /home/ngan/Documents/test_github/lesson6_ws/install/darknet_ros_msgs/include/darknet_ros_msgs/darknet_ros_msgs/msg/detail/bounding_boxes__type_support.cpp
[4.300s] -- Up-to-date: /home/ngan/Documents/test_github/lesson6_ws/install/darknet_ros_msgs/lib/libdarknet_ros_msgs__rosidl_typesupport_introspection_cpp.so
[4.300s] -- Up-to-date: /home/ngan/Documents/test_github/lesson6_ws/install/darknet_ros_msgs/lib/libdarknet_ros_msgs__rosidl_typesupport_cpp.so
[4.300s] -- Up-to-date: /home/ngan/Documents/test_github/lesson6_ws/install/darknet_ros_msgs/share/darknet_ros_msgs/environment/pythonpath.sh
[4.300s] -- Up-to-date: /home/ngan/Documents/test_github/lesson6_ws/install/darknet_ros_msgs/share/darknet_ros_msgs/environment/pythonpath.dsv
[4.301s] -- Up-to-date: /home/ngan/Documents/test_github/lesson6_ws/install/darknet_ros_msgs/lib/python3.12/site-packages/darknet_ros_msgs-1.1.5-py3.12.egg-info
[4.301s] -- Installing: /home/ngan/Documents/test_github/lesson6_ws/install/darknet_ros_msgs/lib/python3.12/site-packages/darknet_ros_msgs-1.1.5-py3.12.egg-info/SOURCES.txt
[4.301s] -- Installing: /home/ngan/Documents/test_github/lesson6_ws/install/darknet_ros_msgs/lib/python3.12/site-packages/darknet_ros_msgs-1.1.5-py3.12.egg-info/dependency_links.txt
[4.301s] -- Installing: /home/ngan/Documents/test_github/lesson6_ws/install/darknet_ros_msgs/lib/python3.12/site-packages/darknet_ros_msgs-1.1.5-py3.12.egg-info/PKG-INFO
[4.301s] -- Installing: /home/ngan/Documents/test_github/lesson6_ws/install/darknet_ros_msgs/lib/python3.12/site-packages/darknet_ros_msgs-1.1.5-py3.12.egg-info/top_level.txt
[4.301s] -- Up-to-date: /home/ngan/Documents/test_github/lesson6_ws/install/darknet_ros_msgs/lib/python3.12/site-packages/darknet_ros_msgs
[4.301s] -- Up-to-date: /home/ngan/Documents/test_github/lesson6_ws/install/darknet_ros_msgs/lib/python3.12/site-packages/darknet_ros_msgs/_darknet_ros_msgs_s.ep.rosidl_typesupport_introspection_c.c
[4.306s] -- Up-to-date: /home/ngan/Documents/test_github/lesson6_ws/install/darknet_ros_msgs/lib/python3.12/site-packages/darknet_ros_msgs/darknet_ros_msgs_s__rosidl_typesupport_c.so
[4.306s] -- Up-to-date: /home/ngan/Documents/test_github/lesson6_ws/install/darknet_ros_msgs/lib/python3.12/site-packages/darknet_ros_msgs/darknet_ros_msgs_s__rosidl_typesupport_introspection_c.so
[4.306s] -- Up-to-date: /home/ngan/Documents/test_github/lesson6_ws/install/darknet_ros_msgs/lib/python3.12/site-packages/darknet_ros_msgs/__init__.py
[4.306s] -- Up-to-date: /home/ngan/Documents/test_github/lesson6_ws/install/darknet_ros_msgs/lib/python3.12/site-packages/darknet_ros_msgs/action
[4.306s] -- Up-to-date: /home/ngan/Documents/test_github/lesson6_ws/install/darknet_ros_msgs/lib/python3.12/site-packages/darknet_ros_msgs/action/__init__.py
[4.307s] -- Up-to-date: /home/ngan/Documents/test_github/lesson6_ws/install/darknet_ros_msgs/lib/python3.12/site-packages/darknet_ros_msgs/action/_check_for_objects.py
[4.307s] -- Up-to-date: /home/ngan/Documents/test_github/lesson6_ws/install/darknet_ros_msgs/lib/python3.12/site-packages/darknet_ros_msgs/action/_check_for_objects_s.c
[4.307s] -- Up-to-date: /home/ngan/Documents/test_github/lesson6_ws/install/darknet_ros_msgs/lib/python3.12/site-packages/darknet_ros_msgs/_darknet_ros_msgs_s.ep.rosidl_typesupport_c.c
[4.307s] -- Up-to-date: /home/ngan/Documents/test_github/lesson6_ws/install/darknet_ros_msgs/lib/python3.12/site-packages/darknet_ros_msgs/darknet_ros_msgs_s__rosidl_typesupport_fastrtps_c.so
[4.307s] -- Up-to-date: /home/ngan/Documents/test_github/lesson6_ws/install/darknet_ros_msgs/lib/python3.12/site-packages/darknet_ros_msgs/_darknet_ros_msgs_s.ep.rosidl_typesupport_fastrtps_c.c
[4.307s] -- Up-to-date: /home/ngan/Documents/test_github/lesson6_ws/install/darknet_ros_msgs/lib/python3.12/site-packages/darknet_ros_msgs/msg
[4.307s] -- Up-to-date: /home/ngan/Documents/test_github/lesson6_ws/install/darknet_ros_msgs/lib/python3.12/site-packages/darknet_ros_msgs/msg/__init__.py
[4.307s] -- Up-to-date: /home/ngan/Documents/test_github/lesson6_ws/install/darknet_ros_msgs/lib/python3.12/site-packages/darknet_ros_msgs/msg/_bounding_boxes.py
[4.307s] -- Up-to-date: /home/ngan/Documents/test_github/lesson6_ws/install/darknet_ros_msgs/lib/python3.12/site-packages/darknet_ros_msgs/msg/_object_count.py
[4.307s] -- Up-to-date: /home/ngan/Documents/test_github/lesson6_ws/install/darknet_ros_msgs/lib/python3.12/site-packages/darknet_ros_msgs/msg/_object_count_s.c
[4.319s] -- Up-to-date: /home/ngan/Documents/test_github/lesson6_ws/install/darknet_ros_msgs/lib/python3.12/site-packages/darknet_ros_msgs/msg/_bounding_box.py
[4.319s] -- Up-to-date: /home/ngan/Documents/test_github/lesson6_ws/install/darknet_ros_msgs/lib/python3.12/site-packages/darknet_ros_msgs/msg/_bounding_box_s.c
[4.319s] -- Up-to-date: /home/ngan/Documents/test_github/lesson6_ws/install/darknet_ros_msgs/lib/python3.12/site-packages/darknet_ros_msgs/msg/_bounding_boxes_s.c
[4.473s] Listing '/home/ngan/Documents/test_github/lesson6_ws/install/darknet_ros_msgs/lib/python3.12/site-packages/darknet_ros_msgs'...
[4.473s] Listing '/home/ngan/Documents/test_github/lesson6_ws/install/darknet_ros_msgs/lib/python3.12/site-packages/darknet_ros_msgs/action'...
[4.473s] Listing '/home/ngan/Documents/test_github/lesson6_ws/install/darknet_ros_msgs/lib/python3.12/site-packages/darknet_ros_msgs/msg'...
[4.492s] -- Up-to-date: /home/ngan/Documents/test_github/lesson6_ws/install/darknet_ros_msgs/lib/python3.12/site-packages/darknet_ros_msgs/darknet_ros_msgs_s__rosidl_typesupport_fastrtps_c.so
[4.492s] -- Up-to-date: /home/ngan/Documents/test_github/lesson6_ws/install/darknet_ros_msgs/lib/python3.12/site-packages/darknet_ros_msgs/darknet_ros_msgs_s__rosidl_typesupport_introspection_c.so
[4.493s] -- Up-to-date: /home/ngan/Documents/test_github/lesson6_ws/install/darknet_ros_msgs/lib/python3.12/site-packages/darknet_ros_msgs/darknet_ros_msgs_s__rosidl_typesupport_c.so
[4.494s] -- Up-to-date: /home/ngan/Documents/test_github/lesson6_ws/install/darknet_ros_msgs/lib/libdarknet_ros_msgs__rosidl_generator_py.so
[4.499s] -- Up-to-date: /home/ngan/Documents/test_github/lesson6_ws/install/darknet_ros_msgs/share/darknet_ros_msgs/msg/BoundingBox.idl
[4.499s] -- Up-to-date: /home/ngan/Documents/test_github/lesson6_ws/install/darknet_ros_msgs/share/darknet_ros_msgs/msg/BoundingBoxes.idl
[4.500s] -- Up-to-date: /home/ngan/Documents/test_github/lesson6_ws/install/darknet_ros_msgs/share/darknet_ros_msgs/msg/ObjectCount.idl
[4.500s] -- Up-to-date: /home/ngan/Documents/test_github/lesson6_ws/install/darknet_ros_msgs/share/darknet_ros_msgs/action/CheckForObjects.idl
[4.500s] -- Up-to-date: /home/ngan/Documents/test_github/lesson6_ws/install/darknet_ros_msgs/share/darknet_ros_msgs/msg/BoundingBox.msg
[4.500s] -- Up-to-date: /home/ngan/Documents/test_github/lesson6_ws/install/darknet_ros_msgs/share/darknet_ros_msgs/msg/BoundingBoxes.msg
[4.500s] -- Up-to-date: /home/ngan/Documents/test_github/lesson6_ws/install/darknet_ros_msgs/share/darknet_ros_msgs/msg/ObjectCount.msg
[4.500s] -- Up-to-date: /home/ngan/Documents/test_github/lesson6_ws/install/darknet_ros_msgs/share/darknet_ros_msgs/action/CheckForObjects.action
[4.500s] -- Up-to-date: /home/ngan/Documents/test_github/lesson6_ws/install/darknet_ros_msgs/share/ament_index/resource_index/package_run_dependencies/darknet_ros_msgs
[4.500s] -- Up-to-date: /home/ngan/Documents/test_github/lesson6_ws/install/darknet_ros_msgs/share/ament_index/resource_index/parent_prefix_path/darknet_ros_msgs
[4.501s] -- Up-to-date: /home/ngan/Documents/test_github/lesson6_ws/install/darknet_ros_msgs/share/darknet_ros_msgs/environment/ament_prefix_path.sh
[4.501s] -- Up-to-date: /home/ngan/Documents/test_github/lesson6_ws/install/darknet_ros_msgs/share/darknet_ros_msgs/environment/ament_prefix_path.dsv
[4.501s] -- Up-to-date: /home/ngan/Documents/test_github/lesson6_ws/install/darknet_ros_msgs/share/darknet_ros_msgs/environment/path.sh
[4.501s] -- Up-to-date: /home/ngan/Documents/test_github/lesson6_ws/install/darknet_ros_msgs/share/darknet_ros_msgs/environment/path.dsv
[4.501s] -- Up-to-date: /home/ngan/Documents/test_github/lesson6_ws/install/darknet_ros_msgs/share/darknet_ros_msgs/local_setup.bash
[4.501s] -- Up-to-date: /home/ngan/Documents/test_github/lesson6_ws/install/darknet_ros_msgs/share/darknet_ros_msgs/local_setup.sh
[4.501s] -- Up-to-date: /home/ngan/Documents/test_github/lesson6_ws/install/darknet_ros_msgs/share/darknet_ros_msgs/local_setup.zsh
[4.501s] -- Up-to-date: /home/ngan/Documents/test_github/lesson6_ws/install/darknet_ros_msgs/share/darknet_ros_msgs/local_setup.dsv
[4.501s] -- Installing: /home/ngan/Documents/test_github/lesson6_ws/install/darknet_ros_msgs/share/darknet_ros_msgs/package.dsv
[4.512s] -- Up-to-date: /home/ngan/Documents/test_github/lesson6_ws/install/darknet_ros_msgs/share/ament_index/resource_index/packages/darknet_ros_msgs
[4.521s] -- Up-to-date: /home/ngan/Documents/test_github/lesson6_ws/install/darknet_ros_msgs/share/darknet_ros_msgs/cmake/export_darknet_ros_msgs__rosidl_generator_cExport.cmake
[4.521s] -- Up-to-date: /home/ngan/Documents/test_github/lesson6_ws/install/darknet_ros_msgs/share/darknet_ros_msgs/cmake/export_darknet_ros_msgs__rosidl_generator_cExport-noconfig.cmake
[4.521s] -- Up-to-date: /home/ngan/Documents/test_github/lesson6_ws/install/darknet_ros_msgs/share/darknet_ros_msgs/cmake/export_darknet_ros_msgs__rosidl_typesupport_fastrtps_cExport.cmake
[4.521s] -- Up-to-date: /home/ngan/Documents/test_github/lesson6_ws/install/darknet_ros_msgs/share/darknet_ros_msgs/cmake/export_darknet_ros_msgs__rosidl_typesupport_fastrtps_cExport-noconfig.cmake
[4.521s] -- Up-to-date: /home/ngan/Documents/test_github/lesson6_ws/install/darknet_ros_msgs/share/darknet_ros_msgs/cmake/export_darknet_ros_msgs__rosidl_generator_cppExport.cmake
[4.522s] -- Up-to-date: /home/ngan/Documents/test_github/lesson6_ws/install/darknet_ros_msgs/share/darknet_ros_msgs/cmake/export_darknet_ros_msgs__rosidl_typesupport_fastrtps_cppExport.cmake
[4.522s] -- Up-to-date: /home/ngan/Documents/test_github/lesson6_ws/install/darknet_ros_msgs/share/darknet_ros_msgs/cmake/export_darknet_ros_msgs__rosidl_typesupport_fastrtps_cppExport-noconfig.cmake
[4.522s] -- Up-to-date: /home/ngan/Documents/test_github/lesson6_ws/install/darknet_ros_msgs/share/darknet_ros_msgs/cmake/darknet_ros_msgs__rosidl_typesupport_introspection_cExport.cmake
[4.524s] -- Up-to-date: /home/ngan/Documents/test_github/lesson6_ws/install/darknet_ros_msgs/share/darknet_ros_msgs/cmake/darknet_ros_msgs__rosidl_typesupport_introspection_cExport-noconfig.cmake
[4.524s] -- Up-to-date: /home/ngan/Documents/test_github/lesson6_ws/install/darknet_ros_msgs/share/darknet_ros_msgs/cmake/darknet_ros_msgs__rosidl_typesupport_cExport.cmake
[4.524s] -- Up-to-date: /home/ngan/Documents/test_github/lesson6_ws/install/darknet_ros_msgs/share/darknet_ros_msgs/cmake/darknet_ros_msgs__rosidl_typesupport_cExport-noconfig.cmake
[4.528s] -- Up-to-date: /home/ngan/Documents/test_github/lesson6_ws/install/darknet_ros_msgs/share/darknet_ros_msgs/cmake/darknet_ros_msgs__rosidl_typesupport_introspection_cppExport.cmake
[4.528s] -- Up-to-date: /home/ngan/Documents/test_github/lesson6_ws/install/darknet_ros_msgs/share/darknet_ros_msgs/cmake/darknet_ros_msgs__rosidl_typesupport_introspection_cppExport-noconfig.cmake
[4.528s] -- Up-to-date: /home/ngan/Documents/test_github/lesson6_ws/install/darknet_ros_msgs/share/darknet_ros_msgs/cmake/darknet_ros_msgs__rosidl_typesupport_cppExport.cmake
[4.529s] -- Up-to-date: /home/ngan/Documents/test_github/lesson6_ws/install/darknet_ros_msgs/share/darknet_ros_msgs/cmake/darknet_ros_msgs__rosidl_typesupport_cppExport-noconfig.cmake
[4.529s] -- Up-to-date: /home/ngan/Documents/test_github/lesson6_ws/install/darknet_ros_msgs/share/darknet_ros_msgs/cmake/export_darknet_ros_msgs__rosidl_generator_pyExport.cmake
[4.532s] -- Up-to-date: /home/ngan/Documents/test_github/lesson6_ws/install/darknet_ros_msgs/share/darknet_ros_msgs/cmake/export_darknet_ros_msgs__rosidl_generator_pyExport-noconfig.cmake
[4.533s] -- Up-to-date: /home/ngan/Documents/test_github/lesson6_ws/install/darknet_ros_msgs/share/darknet_ros_msgs/cmake/rosidl_cmake-extras.cmake
[4.533s] -- Up-to-date: /home/ngan/Documents/test_github/lesson6_ws/install/darknet_ros_msgs/share/darknet_ros_msgs/cmake/ament_cmake_export_dependencies-extras.cmake
[4.533s] -- Up-to-date: /home/ngan/Documents/test_github/lesson6_ws/install/darknet_ros_msgs/share/darknet_ros_msgs/cmake/ament_cmake_export_include_directories-extras.cmake
[4.533s] -- Up-to-date: /home/ngan/Documents/test_github/lesson6_ws/install/darknet_ros_msgs/share/darknet_ros_msgs/cmake/ament_cmake_export_libraries-extras.cmake
[4.533s] -- Up-to-date: /home/ngan/Documents/test_github/lesson6_ws/install/darknet_ros_msgs/share/darknet_ros_msgs/cmake/ament_cmake_export_targets-extras.cmake
[4.533s] -- Up-to-date: /home/ngan/Documents/test_github/lesson6_ws/install/darknet_ros_msgs/share/darknet_ros_msgs/cmake/rosidl_cmake_export_typesupport_targets-extras.cmake
[4.533s] -- Up-to-date: /home/ngan/Documents/test_github/lesson6_ws/install/darknet_ros_msgs/share/darknet_ros_msgs/cmake/rosidl_cmake_export_typesupport_libraries-extras.cmake
[4.533s] -- Up-to-date: /home/ngan/Documents/test_github/lesson6_ws/install/darknet_ros_msgs/share/darknet_ros_msgs/cmake/darknet_ros_msgsConfig.cmake
[4.533s] -- Up-to-date: /home/ngan/Documents/test_github/lesson6_ws/install/darknet_ros_msgs/share/darknet_ros_msgs/cmake/darknet_ros_msgsConfig-version.cmake
[4.535s] -- Up-to-date: /home/ngan/Documents/test_github/lesson6_ws/install/darknet_ros_msgs/share/darknet_ros_msgs/package.xml
[4.553s] Invoked command in '/home/ngan/Documents/test_github/lesson6_ws/build/darknet_ros_msgs' returned '0': CMAKE_PREFIX_PATH=${CMAKE_PREFIX_PATH}:/home/ngan/Documents/test_github/lesson6_ws/install/stop_sign_control:/home/ngan/Documents/test_github/lesson6_ws/install/opencv_tests:/opt/ros/jazzy DEBUGINFOD_URLS=https://debuginfod.ubuntu.com /usr/bin/cmake --install /home/ngan/Documents/test_github/lesson6_ws/build/darknet_ros_msgs
