[1.319s] Invoking command in '/home/ngan/Documents/test_github/lesson6_ws/build/vision_opencv': AMENT_PREFIX_PATH=/home/ngan/Documents/test_github/lesson6_ws/install/image_geometry:/home/ngan/Documents/test_github/lesson6_ws/install/cv_bridge CMAKE_PREFIX_PATH=/home/ngan/Documents/test_github/lesson6_ws/install/image_geometry:/home/ngan/Documents/test_github/lesson6_ws/install/cv_bridge DEBUGINFOD_URLS=https://debuginfod.ubuntu.com LD_LIBRARY_PATH=/home/ngan/Documents/test_github/lesson6_ws/install/image_geometry/lib:/home/ngan/Documents/test_github/lesson6_ws/install/cv_bridge/lib PYTHONPATH=/home/ngan/Documents/test_github/lesson6_ws/install/image_geometry/lib/python3.12/site-packages:/home/ngan/Documents/test_github/lesson6_ws/install/cv_bridge/lib/python3.12/site-packages /usr/bin/cmake --build /home/ngan/Documents/test_github/lesson6_ws/build/vision_opencv -- -j4 -l4
[1.776s] Invoked command in '/home/ngan/Documents/test_github/lesson6_ws/build/vision_opencv' returned '0': AMENT_PREFIX_PATH=/home/ngan/Documents/test_github/lesson6_ws/install/image_geometry:/home/ngan/Documents/test_github/lesson6_ws/install/cv_bridge CMAKE_PREFIX_PATH=/home/ngan/Documents/test_github/lesson6_ws/install/image_geometry:/home/ngan/Documents/test_github/lesson6_ws/install/cv_bridge DEBUGINFOD_URLS=https://debuginfod.ubuntu.com LD_LIBRARY_PATH=/home/ngan/Documents/test_github/lesson6_ws/install/image_geometry/lib:/home/ngan/Documents/test_github/lesson6_ws/install/cv_bridge/lib PYTHONPATH=/home/ngan/Documents/test_github/lesson6_ws/install/image_geometry/lib/python3.12/site-packages:/home/ngan/Documents/test_github/lesson6_ws/install/cv_bridge/lib/python3.12/site-packages /usr/bin/cmake --build /home/ngan/Documents/test_github/lesson6_ws/build/vision_opencv -- -j4 -l4
[1.784s] Invoking command in '/home/ngan/Documents/test_github/lesson6_ws/build/vision_opencv': AMENT_PREFIX_PATH=/home/ngan/Documents/test_github/lesson6_ws/install/image_geometry:/home/ngan/Documents/test_github/lesson6_ws/install/cv_bridge CMAKE_PREFIX_PATH=/home/ngan/Documents/test_github/lesson6_ws/install/image_geometry:/home/ngan/Documents/test_github/lesson6_ws/install/cv_bridge DEBUGINFOD_URLS=https://debuginfod.ubuntu.com LD_LIBRARY_PATH=/home/ngan/Documents/test_github/lesson6_ws/install/image_geometry/lib:/home/ngan/Documents/test_github/lesson6_ws/install/cv_bridge/lib PYTHONPATH=/home/ngan/Documents/test_github/lesson6_ws/install/image_geometry/lib/python3.12/site-packages:/home/ngan/Documents/test_github/lesson6_ws/install/cv_bridge/lib/python3.12/site-packages /usr/bin/cmake --install /home/ngan/Documents/test_github/lesson6_ws/build/vision_opencv
[1.830s] -- Install configuration: ""
[1.832s] -- Up-to-date: /home/ngan/Documents/test_github/lesson6_ws/install/vision_opencv/share/ament_index/resource_index/package_run_dependencies/vision_opencv
[1.832s] -- Up-to-date: /home/ngan/Documents/test_github/lesson6_ws/install/vision_opencv/share/ament_index/resource_index/parent_prefix_path/vision_opencv
[1.832s] -- Up-to-date: /home/ngan/Documents/test_github/lesson6_ws/install/vision_opencv/share/vision_opencv/environment/ament_prefix_path.sh
[1.833s] -- Up-to-date: /home/ngan/Documents/test_github/lesson6_ws/install/vision_opencv/share/vision_opencv/environment/ament_prefix_path.dsv
[1.833s] -- Up-to-date: /home/ngan/Documents/test_github/lesson6_ws/install/vision_opencv/share/vision_opencv/environment/path.sh
[1.833s] -- Up-to-date: /home/ngan/Documents/test_github/lesson6_ws/install/vision_opencv/share/vision_opencv/environment/path.dsv
[1.833s] -- Up-to-date: /home/ngan/Documents/test_github/lesson6_ws/install/vision_opencv/share/vision_opencv/local_setup.bash
[1.833s] -- Up-to-date: /home/ngan/Documents/test_github/lesson6_ws/install/vision_opencv/share/vision_opencv/local_setup.sh
[1.833s] -- Up-to-date: /home/ngan/Documents/test_github/lesson6_ws/install/vision_opencv/share/vision_opencv/local_setup.zsh
[1.833s] -- Up-to-date: /home/ngan/Documents/test_github/lesson6_ws/install/vision_opencv/share/vision_opencv/local_setup.dsv
[1.839s] -- Installing: /home/ngan/Documents/test_github/lesson6_ws/install/vision_opencv/share/vision_opencv/package.dsv
[1.841s] -- Up-to-date: /home/ngan/Documents/test_github/lesson6_ws/install/vision_opencv/share/ament_index/resource_index/packages/vision_opencv
[1.841s] -- Up-to-date: /home/ngan/Documents/test_github/lesson6_ws/install/vision_opencv/share/vision_opencv/cmake/vision_opencvConfig.cmake
[1.842s] -- Up-to-date: /home/ngan/Documents/test_github/lesson6_ws/install/vision_opencv/share/vision_opencv/cmake/vision_opencvConfig-version.cmake
[1.842s] -- Up-to-date: /home/ngan/Documents/test_github/lesson6_ws/install/vision_opencv/share/vision_opencv/package.xml
[1.857s] Invoked command in '/home/ngan/Documents/test_github/lesson6_ws/build/vision_opencv' returned '0': AMENT_PREFIX_PATH=/home/ngan/Documents/test_github/lesson6_ws/install/image_geometry:/home/ngan/Documents/test_github/lesson6_ws/install/cv_bridge CMAKE_PREFIX_PATH=/home/ngan/Documents/test_github/lesson6_ws/install/image_geometry:/home/ngan/Documents/test_github/lesson6_ws/install/cv_bridge DEBUGINFOD_URLS=https://debuginfod.ubuntu.com LD_LIBRARY_PATH=/home/ngan/Documents/test_github/lesson6_ws/install/image_geometry/lib:/home/ngan/Documents/test_github/lesson6_ws/install/cv_bridge/lib PYTHONPATH=/home/ngan/Documents/test_github/lesson6_ws/install/image_geometry/lib/python3.12/site-packages:/home/ngan/Documents/test_github/lesson6_ws/install/cv_bridge/lib/python3.12/site-packages /usr/bin/cmake --install /home/ngan/Documents/test_github/lesson6_ws/build/vision_opencv
