[0.095s] Invoking command in '/home/ngan/Documents/test_github/lesson6_ws/build/Darknet': DEBUGINFOD_URLS=https://debuginfod.ubuntu.com /usr/bin/cmake --build /home/ngan/Documents/test_github/lesson6_ws/build/Darknet -- -j4 -l4
[0.157s] Change Dir: '/home/ngan/Documents/test_github/lesson6_ws/build/Darknet'
[0.157s] 
[0.157s] Run Build Command(s): /usr/bin/cmake -E env VERBOSE=1 /usr/bin/gmake -f Makefile -j4 -l4
[0.198s] /usr/bin/cmake -S/home/ngan/Documents/test_github/lesson6_ws/src/rmitbot_vision/darknet_ros/darknet_ros/darknet -B/home/ngan/Documents/test_github/lesson6_ws/build/Darknet --check-build-system CMakeFiles/Makefile.cmake 0
[0.233s] /usr/bin/cmake -E cmake_progress_start /home/ngan/Documents/test_github/lesson6_ws/build/Darknet/CMakeFiles /home/ngan/Documents/test_github/lesson6_ws/build/Darknet//CMakeFiles/progress.marks
[0.279s] /usr/bin/gmake  -f CMakeFiles/Makefile2 all
[0.293s] gmake[1]: Entering directory '/home/ngan/Documents/test_github/lesson6_ws/build/Darknet'
[0.293s] /usr/bin/gmake  -f CMakeFiles/dark.dir/build.make CMakeFiles/dark.dir/depend
[0.366s] gmake[2]: Entering directory '/home/ngan/Documents/test_github/lesson6_ws/build/Darknet'
[0.367s] cd /home/ngan/Documents/test_github/lesson6_ws/build/Darknet && /usr/bin/cmake -E cmake_depends "Unix Makefiles" /home/ngan/Documents/test_github/lesson6_ws/src/rmitbot_vision/darknet_ros/darknet_ros/darknet /home/ngan/Documents/test_github/lesson6_ws/src/rmitbot_vision/darknet_ros/darknet_ros/darknet /home/ngan/Documents/test_github/lesson6_ws/build/Darknet /home/ngan/Documents/test_github/lesson6_ws/build/Darknet /home/ngan/Documents/test_github/lesson6_ws/build/Darknet/CMakeFiles/dark.dir/DependInfo.cmake "--color="
[0.394s] gmake[2]: Leaving directory '/home/ngan/Documents/test_github/lesson6_ws/build/Darknet'
[0.394s] /usr/bin/gmake  -f CMakeFiles/dark.dir/build.make CMakeFiles/dark.dir/build
[0.461s] gmake[2]: Entering directory '/home/ngan/Documents/test_github/lesson6_ws/build/Darknet'
[0.461s] gmake[2]: Nothing to be done for 'CMakeFiles/dark.dir/build'.
[0.462s] gmake[2]: Leaving directory '/home/ngan/Documents/test_github/lesson6_ws/build/Darknet'
[0.483s] [ 49%] Built target dark
[0.488s] /usr/bin/gmake  -f CMakeFiles/darknet.dir/build.make CMakeFiles/darknet.dir/depend
[0.569s] gmake[2]: Entering directory '/home/ngan/Documents/test_github/lesson6_ws/build/Darknet'
[0.569s] cd /home/ngan/Documents/test_github/lesson6_ws/build/Darknet && /usr/bin/cmake -E cmake_depends "Unix Makefiles" /home/ngan/Documents/test_github/lesson6_ws/src/rmitbot_vision/darknet_ros/darknet_ros/darknet /home/ngan/Documents/test_github/lesson6_ws/src/rmitbot_vision/darknet_ros/darknet_ros/darknet /home/ngan/Documents/test_github/lesson6_ws/build/Darknet /home/ngan/Documents/test_github/lesson6_ws/build/Darknet /home/ngan/Documents/test_github/lesson6_ws/build/Darknet/CMakeFiles/darknet.dir/DependInfo.cmake "--color="
[0.617s] gmake[2]: Leaving directory '/home/ngan/Documents/test_github/lesson6_ws/build/Darknet'
[0.617s] /usr/bin/gmake  -f CMakeFiles/darknet.dir/build.make CMakeFiles/darknet.dir/build
[0.673s] gmake[2]: Entering directory '/home/ngan/Documents/test_github/lesson6_ws/build/Darknet'
[0.673s] gmake[2]: Nothing to be done for 'CMakeFiles/darknet.dir/build'.
[0.673s] gmake[2]: Leaving directory '/home/ngan/Documents/test_github/lesson6_ws/build/Darknet'
[0.713s] [ 98%] Built target darknet
[0.713s] /usr/bin/gmake  -f CMakeFiles/uselib.dir/build.make CMakeFiles/uselib.dir/depend
[0.721s] gmake[2]: Entering directory '/home/ngan/Documents/test_github/lesson6_ws/build/Darknet'
[0.721s] cd /home/ngan/Documents/test_github/lesson6_ws/build/Darknet && /usr/bin/cmake -E cmake_depends "Unix Makefiles" /home/ngan/Documents/test_github/lesson6_ws/src/rmitbot_vision/darknet_ros/darknet_ros/darknet /home/ngan/Documents/test_github/lesson6_ws/src/rmitbot_vision/darknet_ros/darknet_ros/darknet /home/ngan/Documents/test_github/lesson6_ws/build/Darknet /home/ngan/Documents/test_github/lesson6_ws/build/Darknet /home/ngan/Documents/test_github/lesson6_ws/build/Darknet/CMakeFiles/uselib.dir/DependInfo.cmake "--color="
[0.801s] gmake[2]: Leaving directory '/home/ngan/Documents/test_github/lesson6_ws/build/Darknet'
[0.802s] /usr/bin/gmake  -f CMakeFiles/uselib.dir/build.make CMakeFiles/uselib.dir/build
[0.811s] gmake[2]: Entering directory '/home/ngan/Documents/test_github/lesson6_ws/build/Darknet'
[0.811s] gmake[2]: Nothing to be done for 'CMakeFiles/uselib.dir/build'.
[0.811s] gmake[2]: Leaving directory '/home/ngan/Documents/test_github/lesson6_ws/build/Darknet'
[0.864s] [100%] Built target uselib
[0.864s] gmake[1]: Leaving directory '/home/ngan/Documents/test_github/lesson6_ws/build/Darknet'
[0.864s] /usr/bin/cmake -E cmake_progress_start /home/ngan/Documents/test_github/lesson6_ws/build/Darknet/CMakeFiles 0
[0.932s] 
[0.959s] Invoked command in '/home/ngan/Documents/test_github/lesson6_ws/build/Darknet' returned '0': DEBUGINFOD_URLS=https://debuginfod.ubuntu.com /usr/bin/cmake --build /home/ngan/Documents/test_github/lesson6_ws/build/Darknet -- -j4 -l4
[1.046s] Invoking command in '/home/ngan/Documents/test_github/lesson6_ws/build/Darknet': DEBUGINFOD_URLS=https://debuginfod.ubuntu.com /usr/bin/cmake --install /home/ngan/Documents/test_github/lesson6_ws/build/Darknet
[1.156s] -- Install configuration: "Release"
[1.156s] -- Up-to-date: /home/ngan/Documents/test_github/lesson6_ws/src/rmitbot_vision/darknet_ros/darknet_ros/darknet/libdarknet.so
[1.156s] -- Up-to-date: /home/ngan/Documents/test_github/lesson6_ws/install/Darknet/include/darknet/darknet.h
[1.156s] -- Up-to-date: /home/ngan/Documents/test_github/lesson6_ws/install/Darknet/include/darknet/yolo_v2_class.hpp
[1.164s] -- Up-to-date: /home/ngan/Documents/test_github/lesson6_ws/src/rmitbot_vision/darknet_ros/darknet_ros/darknet/uselib
[1.164s] -- Up-to-date: /home/ngan/Documents/test_github/lesson6_ws/src/rmitbot_vision/darknet_ros/darknet_ros/darknet/darknet
[1.167s] -- Up-to-date: /home/ngan/Documents/test_github/lesson6_ws/install/Darknet/share/darknet/DarknetTargets.cmake
[1.167s] -- Up-to-date: /home/ngan/Documents/test_github/lesson6_ws/install/Darknet/share/darknet/DarknetTargets-release.cmake
[1.167s] -- Up-to-date: /home/ngan/Documents/test_github/lesson6_ws/install/Darknet/share/darknet/DarknetConfig.cmake
[1.167s] -- Up-to-date: /home/ngan/Documents/test_github/lesson6_ws/install/Darknet/share/darknet/DarknetConfigVersion.cmake
[1.187s] Invoked command in '/home/ngan/Documents/test_github/lesson6_ws/build/Darknet' returned '0': DEBUGINFOD_URLS=https://debuginfod.ubuntu.com /usr/bin/cmake --install /home/ngan/Documents/test_github/lesson6_ws/build/Darknet
