[0.095s] Invoking command in '/home/ngan/Documents/test_github/lesson6_ws/build/darknet_ros_msgs': CMAKE_PREFIX_PATH=${CMAKE_PREFIX_PATH}:/home/ngan/Documents/test_github/lesson6_ws/install/stop_sign_control:/home/ngan/Documents/test_github/lesson6_ws/install/opencv_tests:/opt/ros/jazzy DEBUGINFOD_URLS=https://debuginfod.ubuntu.com /usr/bin/cmake --build /home/ngan/Documents/test_github/lesson6_ws/build/darknet_ros_msgs -- -j4 -l4
[0.285s] [  1%] Built target darknet_ros_msgs__rosidl_generator_type_description
[0.323s] [  1%] Built target ament_cmake_python_copy_darknet_ros_msgs
[0.378s] [  3%] Built target darknet_ros_msgs__cpp
[1.375s] running egg_info
[1.440s] writing darknet_ros_msgs.egg-info/PKG-INFO
[1.440s] writing dependency_links to darknet_ros_msgs.egg-info/dependency_links.txt
[1.441s] writing top-level names to darknet_ros_msgs.egg-info/top_level.txt
[1.897s] reading manifest file 'darknet_ros_msgs.egg-info/SOURCES.txt'
[1.897s] writing manifest file 'darknet_ros_msgs.egg-info/SOURCES.txt'
[2.215s] [  3%] Built target ament_cmake_python_build_darknet_ros_msgs_egg
[2.362s] [ 25%] Built target darknet_ros_msgs__rosidl_generator_c
[2.401s] [ 34%] Built target darknet_ros_msgs__rosidl_typesupport_fastrtps_c
[2.464s] [ 43%] Built target darknet_ros_msgs__rosidl_typesupport_c
[2.573s] [ 53%] Built target darknet_ros_msgs__rosidl_typesupport_introspection_cpp
[2.630s] [ 62%] Built target darknet_ros_msgs__rosidl_typesupport_cpp
[2.727s] [ 71%] Built target darknet_ros_msgs__rosidl_typesupport_introspection_c
[2.902s] [ 81%] Built target darknet_ros_msgs__rosidl_typesupport_fastrtps_cpp
[3.195s] [ 81%] Built target darknet_ros_msgs
[3.245s] [ 82%] Built target darknet_ros_msgs__py
[3.293s] [ 90%] Built target darknet_ros_msgs__rosidl_generator_py
[3.355s] [ 93%] Built target darknet_ros_msgs_s__rosidl_typesupport_fastrtps_c
[3.455s] [ 96%] Built target darknet_ros_msgs_s__rosidl_typesupport_c
[3.529s] [100%] Built target darknet_ros_msgs_s__rosidl_typesupport_introspection_c
[3.613s] Invoked command in '/home/ngan/Documents/test_github/lesson6_ws/build/darknet_ros_msgs' returned '0': CMAKE_PREFIX_PATH=${CMAKE_PREFIX_PATH}:/home/ngan/Documents/test_github/lesson6_ws/install/stop_sign_control:/home/ngan/Documents/test_github/lesson6_ws/install/opencv_tests:/opt/ros/jazzy DEBUGINFOD_URLS=https://debuginfod.ubuntu.com /usr/bin/cmake --build /home/ngan/Documents/test_github/lesson6_ws/build/darknet_ros_msgs -- -j4 -l4
[3.623s] Invoking command in '/home/ngan/Documents/test_github/lesson6_ws/build/darknet_ros_msgs': CMAKE_PREFIX_PATH=${CMAKE_PREFIX_PATH}:/home/ngan/Documents/test_github/lesson6_ws/install/stop_sign_control:/home/ngan/Documents/test_github/lesson6_ws/install/opencv_tests:/opt/ros/jazzy DEBUGINFOD_URLS=https://debuginfod.ubuntu.com /usr/bin/cmake --install /home/ngan/Documents/test_github/lesson6_ws/build/darknet_ros_msgs
[3.692s] -- Install configuration: ""
[3.692s] -- Up-to-date: /home/ngan/Documents/test_github/lesson6_ws/install/darknet_ros_msgs/share/ament_index/resource_index/rosidl_interfaces/darknet_ros_msgs
[3.692s] -- Up-to-date: /home/ngan/Documents/test_github/lesson6_ws/install/darknet_ros_msgs/share/darknet_ros_msgs/msg/BoundingBox.json
[3.692s] -- Up-to-date: /home/ngan/Documents/test_github/lesson6_ws/install/darknet_ros_msgs/share/darknet_ros_msgs/msg/BoundingBoxes.json
[3.692s] -- Up-to-date: /home/ngan/Documents/test_github/lesson6_ws/install/darknet_ros_msgs/share/darknet_ros_msgs/msg/ObjectCount.json
[3.696s] -- Up-to-date: /home/ngan/Documents/test_github/lesson6_ws/install/darknet_ros_msgs/share/darknet_ros_msgs/action/CheckForObjects.json
[3.696s] -- Up-to-date: /home/ngan/Documents/test_github/lesson6_ws/install/darknet_ros_msgs/include/darknet_ros_msgs/darknet_ros_msgs
[3.696s] -- Up-to-date: /home/ngan/Documents/test_github/lesson6_ws/install/darknet_ros_msgs/include/darknet_ros_msgs/darknet_ros_msgs/action
[3.696s] -- Up-to-date: /home/ngan/Documents/test_github/lesson6_ws/install/darknet_ros_msgs/include/darknet_ros_msgs/darknet_ros_msgs/action/check_for_objects.h
[3.697s] -- Up-to-date: /home/ngan/Documents/test_github/lesson6_ws/install/darknet_ros_msgs/include/darknet_ros_msgs/darknet_ros_msgs/action/detail
[3.697s] -- Up-to-date: /home/ngan/Documents/test_github/lesson6_ws/install/darknet_ros_msgs/include/darknet_ros_msgs/darknet_ros_msgs/action/detail/check_for_objects__functions.c
[3.697s] -- Up-to-date: /home/ngan/Documents/test_github/lesson6_ws/install/darknet_ros_msgs/include/darknet_ros_msgs/darknet_ros_msgs/action/detail/check_for_objects__functions.h
[3.697s] -- Installing: /home/ngan/Documents/test_github/lesson6_ws/install/darknet_ros_msgs/include/darknet_ros_msgs/darknet_ros_msgs/action/detail/check_for_objects__type_support.c
[3.697s] -- Up-to-date: /home/ngan/Documents/test_github/lesson6_ws/install/darknet_ros_msgs/include/darknet_ros_msgs/darknet_ros_msgs/action/detail/check_for_objects__description.c
[3.697s] -- Up-to-date: /home/ngan/Documents/test_github/lesson6_ws/install/darknet_ros_msgs/include/darknet_ros_msgs/darknet_ros_msgs/action/detail/check_for_objects__struct.h
[3.697s] -- Up-to-date: /home/ngan/Documents/test_github/lesson6_ws/install/darknet_ros_msgs/include/darknet_ros_msgs/darknet_ros_msgs/action/detail/check_for_objects__type_support.h
[3.697s] -- Up-to-date: /home/ngan/Documents/test_github/lesson6_ws/install/darknet_ros_msgs/include/darknet_ros_msgs/darknet_ros_msgs/msg
[3.697s] -- Up-to-date: /home/ngan/Documents/test_github/lesson6_ws/install/darknet_ros_msgs/include/darknet_ros_msgs/darknet_ros_msgs/msg/detail
[3.715s] -- Up-to-date: /home/ngan/Documents/test_github/lesson6_ws/install/darknet_ros_msgs/include/darknet_ros_msgs/darknet_ros_msgs/msg/detail/bounding_box__functions.h
[3.715s] -- Up-to-date: /home/ngan/Documents/test_github/lesson6_ws/install/darknet_ros_msgs/include/darknet_ros_msgs/darknet_ros_msgs/msg/detail/bounding_boxes__functions.c
[3.715s] -- Up-to-date: /home/ngan/Documents/test_github/lesson6_ws/install/darknet_ros_msgs/include/darknet_ros_msgs/darknet_ros_msgs/msg/detail/object_count__struct.h
[3.716s] -- Installing: /home/ngan/Documents/test_github/lesson6_ws/install/darknet_ros_msgs/include/darknet_ros_msgs/darknet_ros_msgs/msg/detail/bounding_box__type_support.c
[3.716s] -- Up-to-date: /home/ngan/Documents/test_github/lesson6_ws/install/darknet_ros_msgs/include/darknet_ros_msgs/darknet_ros_msgs/msg/detail/object_count__type_support.h
[3.719s] -- Up-to-date: /home/ngan/Documents/test_github/lesson6_ws/install/darknet_ros_msgs/include/darknet_ros_msgs/darknet_ros_msgs/msg/detail/bounding_box__type_support.h
[3.719s] -- Up-to-date: /home/ngan/Documents/test_github/lesson6_ws/install/darknet_ros_msgs/include/darknet_ros_msgs/darknet_ros_msgs/msg/detail/object_count__description.c
[3.719s] -- Installing: /home/ngan/Documents/test_github/lesson6_ws/install/darknet_ros_msgs/include/darknet_ros_msgs/darknet_ros_msgs/msg/detail/bounding_boxes__type_support.c
[3.721s] -- Up-to-date: /home/ngan/Documents/test_github/lesson6_ws/install/darknet_ros_msgs/include/darknet_ros_msgs/darknet_ros_msgs/msg/detail/bounding_boxes__functions.h
[3.721s] -- Up-to-date: /home/ngan/Documents/test_github/lesson6_ws/install/darknet_ros_msgs/include/darknet_ros_msgs/darknet_ros_msgs/msg/detail/object_count__functions.h
[3.721s] -- Up-to-date: /home/ngan/Documents/test_github/lesson6_ws/install/darknet_ros_msgs/include/darknet_ros_msgs/darknet_ros_msgs/msg/detail/bounding_box__functions.c
[3.721s] -- Up-to-date: /home/ngan/Documents/test_github/lesson6_ws/install/darknet_ros_msgs/include/darknet_ros_msgs/darknet_ros_msgs/msg/detail/bounding_boxes__struct.h
[3.721s] -- Installing: /home/ngan/Documents/test_github/lesson6_ws/install/darknet_ros_msgs/include/darknet_ros_msgs/darknet_ros_msgs/msg/detail/object_count__type_support.c
[3.727s] -- Up-to-date: /home/ngan/Documents/test_github/lesson6_ws/install/darknet_ros_msgs/include/darknet_ros_msgs/darknet_ros_msgs/msg/detail/bounding_box__description.c
[3.727s] -- Up-to-date: /home/ngan/Documents/test_github/lesson6_ws/install/darknet_ros_msgs/include/darknet_ros_msgs/darknet_ros_msgs/msg/detail/bounding_boxes__description.c
[3.727s] -- Up-to-date: /home/ngan/Documents/test_github/lesson6_ws/install/darknet_ros_msgs/include/darknet_ros_msgs/darknet_ros_msgs/msg/detail/bounding_box__struct.h
[3.727s] -- Up-to-date: /home/ngan/Documents/test_github/lesson6_ws/install/darknet_ros_msgs/include/darknet_ros_msgs/darknet_ros_msgs/msg/detail/object_count__functions.c
[3.728s] -- Up-to-date: /home/ngan/Documents/test_github/lesson6_ws/install/darknet_ros_msgs/include/darknet_ros_msgs/darknet_ros_msgs/msg/detail/bounding_boxes__type_support.h
[3.728s] -- Up-to-date: /home/ngan/Documents/test_github/lesson6_ws/install/darknet_ros_msgs/include/darknet_ros_msgs/darknet_ros_msgs/msg/bounding_boxes.h
[3.728s] -- Up-to-date: /home/ngan/Documents/test_github/lesson6_ws/install/darknet_ros_msgs/include/darknet_ros_msgs/darknet_ros_msgs/msg/rosidl_generator_c__visibility_control.h
[3.728s] -- Up-to-date: /home/ngan/Documents/test_github/lesson6_ws/install/darknet_ros_msgs/include/darknet_ros_msgs/darknet_ros_msgs/msg/object_count.h
[3.730s] -- Up-to-date: /home/ngan/Documents/test_github/lesson6_ws/install/darknet_ros_msgs/include/darknet_ros_msgs/darknet_ros_msgs/msg/bounding_box.h
[3.730s] -- Up-to-date: /home/ngan/Documents/test_github/lesson6_ws/install/darknet_ros_msgs/share/darknet_ros_msgs/environment/library_path.sh
[3.730s] -- Up-to-date: /home/ngan/Documents/test_github/lesson6_ws/install/darknet_ros_msgs/share/darknet_ros_msgs/environment/library_path.dsv
[3.733s] -- Up-to-date: /home/ngan/Documents/test_github/lesson6_ws/install/darknet_ros_msgs/lib/libdarknet_ros_msgs__rosidl_generator_c.so
[3.733s] -- Up-to-date: /home/ngan/Documents/test_github/lesson6_ws/install/darknet_ros_msgs/include/darknet_ros_msgs/darknet_ros_msgs
[3.733s] -- Up-to-date: /home/ngan/Documents/test_github/lesson6_ws/install/darknet_ros_msgs/include/darknet_ros_msgs/darknet_ros_msgs/action
[3.734s] -- Up-to-date: /home/ngan/Documents/test_github/lesson6_ws/install/darknet_ros_msgs/include/darknet_ros_msgs/darknet_ros_msgs/action/detail
[3.734s] -- Up-to-date: /home/ngan/Documents/test_github/lesson6_ws/install/darknet_ros_msgs/include/darknet_ros_msgs/darknet_ros_msgs/action/detail/check_for_objects__rosidl_typesupport_fastrtps_c.h
[3.734s] -- Up-to-date: /home/ngan/Documents/test_github/lesson6_ws/install/darknet_ros_msgs/include/darknet_ros_msgs/darknet_ros_msgs/msg
[3.734s] -- Up-to-date: /home/ngan/Documents/test_github/lesson6_ws/install/darknet_ros_msgs/include/darknet_ros_msgs/darknet_ros_msgs/msg/rosidl_typesupport_fastrtps_c__visibility_control.h
[3.736s] -- Up-to-date: /home/ngan/Documents/test_github/lesson6_ws/install/darknet_ros_msgs/include/darknet_ros_msgs/darknet_ros_msgs/msg/detail
[3.736s] -- Up-to-date: /home/ngan/Documents/test_github/lesson6_ws/install/darknet_ros_msgs/include/darknet_ros_msgs/darknet_ros_msgs/msg/detail/bounding_boxes__rosidl_typesupport_fastrtps_c.h
[3.736s] -- Up-to-date: /home/ngan/Documents/test_github/lesson6_ws/install/darknet_ros_msgs/include/darknet_ros_msgs/darknet_ros_msgs/msg/detail/bounding_box__rosidl_typesupport_fastrtps_c.h
[3.736s] -- Up-to-date: /home/ngan/Documents/test_github/lesson6_ws/install/darknet_ros_msgs/include/darknet_ros_msgs/darknet_ros_msgs/msg/detail/object_count__rosidl_typesupport_fastrtps_c.h
[3.736s] -- Up-to-date: /home/ngan/Documents/test_github/lesson6_ws/install/darknet_ros_msgs/lib/libdarknet_ros_msgs__rosidl_typesupport_fastrtps_c.so
[3.737s] -- Up-to-date: /home/ngan/Documents/test_github/lesson6_ws/install/darknet_ros_msgs/include/darknet_ros_msgs/darknet_ros_msgs
[3.737s] -- Up-to-date: /home/ngan/Documents/test_github/lesson6_ws/install/darknet_ros_msgs/include/darknet_ros_msgs/darknet_ros_msgs/action
[3.737s] -- Up-to-date: /home/ngan/Documents/test_github/lesson6_ws/install/darknet_ros_msgs/include/darknet_ros_msgs/darknet_ros_msgs/action/detail
[3.737s] -- Up-to-date: /home/ngan/Documents/test_github/lesson6_ws/install/darknet_ros_msgs/include/darknet_ros_msgs/darknet_ros_msgs/action/detail/check_for_objects__struct.hpp
[3.737s] -- Up-to-date: /home/ngan/Documents/test_github/lesson6_ws/install/darknet_ros_msgs/include/darknet_ros_msgs/darknet_ros_msgs/action/detail/check_for_objects__type_support.hpp
[3.737s] -- Up-to-date: /home/ngan/Documents/test_github/lesson6_ws/install/darknet_ros_msgs/include/darknet_ros_msgs/darknet_ros_msgs/action/detail/check_for_objects__builder.hpp
[3.737s] -- Up-to-date: /home/ngan/Documents/test_github/lesson6_ws/install/darknet_ros_msgs/include/darknet_ros_msgs/darknet_ros_msgs/action/detail/check_for_objects__traits.hpp
[3.737s] -- Up-to-date: /home/ngan/Documents/test_github/lesson6_ws/install/darknet_ros_msgs/include/darknet_ros_msgs/darknet_ros_msgs/action/check_for_objects.hpp
[3.737s] -- Up-to-date: /home/ngan/Documents/test_github/lesson6_ws/install/darknet_ros_msgs/include/darknet_ros_msgs/darknet_ros_msgs/msg
[3.738s] -- Up-to-date: /home/ngan/Documents/test_github/lesson6_ws/install/darknet_ros_msgs/include/darknet_ros_msgs/darknet_ros_msgs/msg/detail
[3.738s] -- Up-to-date: /home/ngan/Documents/test_github/lesson6_ws/install/darknet_ros_msgs/include/darknet_ros_msgs/darknet_ros_msgs/msg/detail/object_count__type_support.hpp
[3.738s] -- Up-to-date: /home/ngan/Documents/test_github/lesson6_ws/install/darknet_ros_msgs/include/darknet_ros_msgs/darknet_ros_msgs/msg/detail/bounding_boxes__traits.hpp
[3.738s] -- Up-to-date: /home/ngan/Documents/test_github/lesson6_ws/install/darknet_ros_msgs/include/darknet_ros_msgs/darknet_ros_msgs/msg/detail/bounding_boxes__struct.hpp
[3.738s] -- Up-to-date: /home/ngan/Documents/test_github/lesson6_ws/install/darknet_ros_msgs/include/darknet_ros_msgs/darknet_ros_msgs/msg/detail/bounding_box__builder.hpp
[3.738s] -- Up-to-date: /home/ngan/Documents/test_github/lesson6_ws/install/darknet_ros_msgs/include/darknet_ros_msgs/darknet_ros_msgs/msg/detail/object_count__struct.hpp
[3.738s] -- Up-to-date: /home/ngan/Documents/test_github/lesson6_ws/install/darknet_ros_msgs/include/darknet_ros_msgs/darknet_ros_msgs/msg/detail/bounding_box__struct.hpp
[3.738s] -- Up-to-date: /home/ngan/Documents/test_github/lesson6_ws/install/darknet_ros_msgs/include/darknet_ros_msgs/darknet_ros_msgs/msg/detail/bounding_box__traits.hpp
[3.738s] -- Up-to-date: /home/ngan/Documents/test_github/lesson6_ws/install/darknet_ros_msgs/include/darknet_ros_msgs/darknet_ros_msgs/msg/detail/object_count__traits.hpp
[3.739s] -- Up-to-date: /home/ngan/Documents/test_github/lesson6_ws/install/darknet_ros_msgs/include/darknet_ros_msgs/darknet_ros_msgs/msg/detail/bounding_box__type_support.hpp
[3.739s] -- Up-to-date: /home/ngan/Documents/test_github/lesson6_ws/install/darknet_ros_msgs/include/darknet_ros_msgs/darknet_ros_msgs/msg/detail/object_count__builder.hpp
[3.739s] -- Up-to-date: /home/ngan/Documents/test_github/lesson6_ws/install/darknet_ros_msgs/include/darknet_ros_msgs/darknet_ros_msgs/msg/detail/bounding_boxes__type_support.hpp
[3.739s] -- Up-to-date: /home/ngan/Documents/test_github/lesson6_ws/install/darknet_ros_msgs/include/darknet_ros_msgs/darknet_ros_msgs/msg/detail/bounding_boxes__builder.hpp
[3.747s] -- Up-to-date: /home/ngan/Documents/test_github/lesson6_ws/install/darknet_ros_msgs/include/darknet_ros_msgs/darknet_ros_msgs/msg/rosidl_generator_cpp__visibility_control.hpp
[3.748s] -- Up-to-date: /home/ngan/Documents/test_github/lesson6_ws/install/darknet_ros_msgs/include/darknet_ros_msgs/darknet_ros_msgs/msg/bounding_boxes.hpp
[3.748s] -- Up-to-date: /home/ngan/Documents/test_github/lesson6_ws/install/darknet_ros_msgs/include/darknet_ros_msgs/darknet_ros_msgs/msg/bounding_box.hpp
[3.749s] -- Up-to-date: /home/ngan/Documents/test_github/lesson6_ws/install/darknet_ros_msgs/include/darknet_ros_msgs/darknet_ros_msgs/msg/object_count.hpp
[3.749s] -- Up-to-date: /home/ngan/Documents/test_github/lesson6_ws/install/darknet_ros_msgs/include/darknet_ros_msgs/darknet_ros_msgs
[3.756s] -- Up-to-date: /home/ngan/Documents/test_github/lesson6_ws/install/darknet_ros_msgs/include/darknet_ros_msgs/darknet_ros_msgs/action
[3.757s] -- Up-to-date: /home/ngan/Documents/test_github/lesson6_ws/install/darknet_ros_msgs/include/darknet_ros_msgs/darknet_ros_msgs/action/detail
[3.757s] -- Up-to-date: /home/ngan/Documents/test_github/lesson6_ws/install/darknet_ros_msgs/include/darknet_ros_msgs/darknet_ros_msgs/action/detail/dds_fastrtps
[3.758s] -- Up-to-date: /home/ngan/Documents/test_github/lesson6_ws/install/darknet_ros_msgs/include/darknet_ros_msgs/darknet_ros_msgs/action/detail/check_for_objects__rosidl_typesupport_fastrtps_cpp.hpp
[3.758s] -- Up-to-date: /home/ngan/Documents/test_github/lesson6_ws/install/darknet_ros_msgs/include/darknet_ros_msgs/darknet_ros_msgs/msg
[3.764s] -- Up-to-date: /home/ngan/Documents/test_github/lesson6_ws/install/darknet_ros_msgs/include/darknet_ros_msgs/darknet_ros_msgs/msg/detail
[3.765s] -- Up-to-date: /home/ngan/Documents/test_github/lesson6_ws/install/darknet_ros_msgs/include/darknet_ros_msgs/darknet_ros_msgs/msg/detail/bounding_boxes__rosidl_typesupport_fastrtps_cpp.hpp
[3.766s] -- Up-to-date: /home/ngan/Documents/test_github/lesson6_ws/install/darknet_ros_msgs/include/darknet_ros_msgs/darknet_ros_msgs/msg/detail/object_count__rosidl_typesupport_fastrtps_cpp.hpp
[3.766s] -- Up-to-date: /home/ngan/Documents/test_github/lesson6_ws/install/darknet_ros_msgs/include/darknet_ros_msgs/darknet_ros_msgs/msg/detail/bounding_box__rosidl_typesupport_fastrtps_cpp.hpp
[3.766s] -- Up-to-date: /home/ngan/Documents/test_github/lesson6_ws/install/darknet_ros_msgs/include/darknet_ros_msgs/darknet_ros_msgs/msg/detail/dds_fastrtps
[3.767s] -- Up-to-date: /home/ngan/Documents/test_github/lesson6_ws/install/darknet_ros_msgs/include/darknet_ros_msgs/darknet_ros_msgs/msg/rosidl_typesupport_fastrtps_cpp__visibility_control.h
[3.767s] -- Up-to-date: /home/ngan/Documents/test_github/lesson6_ws/install/darknet_ros_msgs/lib/libdarknet_ros_msgs__rosidl_typesupport_fastrtps_cpp.so
[3.767s] -- Up-to-date: /home/ngan/Documents/test_github/lesson6_ws/install/darknet_ros_msgs/include/darknet_ros_msgs/darknet_ros_msgs
[3.767s] -- Up-to-date: /home/ngan/Documents/test_github/lesson6_ws/install/darknet_ros_msgs/include/darknet_ros_msgs/darknet_ros_msgs/action
[3.767s] -- Up-to-date: /home/ngan/Documents/test_github/lesson6_ws/install/darknet_ros_msgs/include/darknet_ros_msgs/darknet_ros_msgs/action/detail
[3.768s] -- Up-to-date: /home/ngan/Documents/test_github/lesson6_ws/install/darknet_ros_msgs/include/darknet_ros_msgs/darknet_ros_msgs/action/detail/check_for_objects__rosidl_typesupport_introspection_c.h
[3.768s] -- Installing: /home/ngan/Documents/test_github/lesson6_ws/install/darknet_ros_msgs/include/darknet_ros_msgs/darknet_ros_msgs/action/detail/check_for_objects__type_support.c
[3.773s] -- Up-to-date: /home/ngan/Documents/test_github/lesson6_ws/install/darknet_ros_msgs/include/darknet_ros_msgs/darknet_ros_msgs/msg
[3.773s] -- Up-to-date: /home/ngan/Documents/test_github/lesson6_ws/install/darknet_ros_msgs/include/darknet_ros_msgs/darknet_ros_msgs/msg/rosidl_typesupport_introspection_c__visibility_control.h
[3.774s] -- Up-to-date: /home/ngan/Documents/test_github/lesson6_ws/install/darknet_ros_msgs/include/darknet_ros_msgs/darknet_ros_msgs/msg/detail
[3.774s] -- Installing: /home/ngan/Documents/test_github/lesson6_ws/install/darknet_ros_msgs/include/darknet_ros_msgs/darknet_ros_msgs/msg/detail/bounding_box__type_support.c
[3.774s] -- Up-to-date: /home/ngan/Documents/test_github/lesson6_ws/install/darknet_ros_msgs/include/darknet_ros_msgs/darknet_ros_msgs/msg/detail/bounding_boxes__rosidl_typesupport_introspection_c.h
[3.774s] -- Installing: /home/ngan/Documents/test_github/lesson6_ws/install/darknet_ros_msgs/include/darknet_ros_msgs/darknet_ros_msgs/msg/detail/bounding_boxes__type_support.c
[3.774s] -- Up-to-date: /home/ngan/Documents/test_github/lesson6_ws/install/darknet_ros_msgs/include/darknet_ros_msgs/darknet_ros_msgs/msg/detail/bounding_box__rosidl_typesupport_introspection_c.h
[3.776s] -- Up-to-date: /home/ngan/Documents/test_github/lesson6_ws/install/darknet_ros_msgs/include/darknet_ros_msgs/darknet_ros_msgs/msg/detail/object_count__rosidl_typesupport_introspection_c.h
[3.777s] -- Installing: /home/ngan/Documents/test_github/lesson6_ws/install/darknet_ros_msgs/include/darknet_ros_msgs/darknet_ros_msgs/msg/detail/object_count__type_support.c
[3.777s] -- Up-to-date: /home/ngan/Documents/test_github/lesson6_ws/install/darknet_ros_msgs/lib/libdarknet_ros_msgs__rosidl_typesupport_introspection_c.so
[3.777s] -- Up-to-date: /home/ngan/Documents/test_github/lesson6_ws/install/darknet_ros_msgs/lib/libdarknet_ros_msgs__rosidl_typesupport_c.so
[3.777s] -- Up-to-date: /home/ngan/Documents/test_github/lesson6_ws/install/darknet_ros_msgs/include/darknet_ros_msgs/darknet_ros_msgs
[3.777s] -- Up-to-date: /home/ngan/Documents/test_github/lesson6_ws/install/darknet_ros_msgs/include/darknet_ros_msgs/darknet_ros_msgs/action
[3.777s] -- Up-to-date: /home/ngan/Documents/test_github/lesson6_ws/install/darknet_ros_msgs/include/darknet_ros_msgs/darknet_ros_msgs/action/detail
[3.777s] -- Up-to-date: /home/ngan/Documents/test_github/lesson6_ws/install/darknet_ros_msgs/include/darknet_ros_msgs/darknet_ros_msgs/action/detail/check_for_objects__type_support.cpp
[3.777s] -- Up-to-date: /home/ngan/Documents/test_github/lesson6_ws/install/darknet_ros_msgs/include/darknet_ros_msgs/darknet_ros_msgs/action/detail/check_for_objects__rosidl_typesupport_introspection_cpp.hpp
[3.778s] -- Up-to-date: /home/ngan/Documents/test_github/lesson6_ws/install/darknet_ros_msgs/include/darknet_ros_msgs/darknet_ros_msgs/msg
[3.778s] -- Up-to-date: /home/ngan/Documents/test_github/lesson6_ws/install/darknet_ros_msgs/include/darknet_ros_msgs/darknet_ros_msgs/msg/detail
[3.778s] -- Up-to-date: /home/ngan/Documents/test_github/lesson6_ws/install/darknet_ros_msgs/include/darknet_ros_msgs/darknet_ros_msgs/msg/detail/bounding_boxes__rosidl_typesupport_introspection_cpp.hpp
[3.778s] -- Up-to-date: /home/ngan/Documents/test_github/lesson6_ws/install/darknet_ros_msgs/include/darknet_ros_msgs/darknet_ros_msgs/msg/detail/bounding_box__type_support.cpp
[3.778s] -- Up-to-date: /home/ngan/Documents/test_github/lesson6_ws/install/darknet_ros_msgs/include/darknet_ros_msgs/darknet_ros_msgs/msg/detail/object_count__rosidl_typesupport_introspection_cpp.hpp
[3.781s] -- Up-to-date: /home/ngan/Documents/test_github/lesson6_ws/install/darknet_ros_msgs/include/darknet_ros_msgs/darknet_ros_msgs/msg/detail/object_count__type_support.cpp
[3.781s] -- Up-to-date: /home/ngan/Documents/test_github/lesson6_ws/install/darknet_ros_msgs/include/darknet_ros_msgs/darknet_ros_msgs/msg/detail/bounding_box__rosidl_typesupport_introspection_cpp.hpp
[3.781s] -- Up-to-date: /home/ngan/Documents/test_github/lesson6_ws/install/darknet_ros_msgs/include/darknet_ros_msgs/darknet_ros_msgs/msg/detail/bounding_boxes__type_support.cpp
[3.781s] -- Up-to-date: /home/ngan/Documents/test_github/lesson6_ws/install/darknet_ros_msgs/lib/libdarknet_ros_msgs__rosidl_typesupport_introspection_cpp.so
[3.781s] -- Up-to-date: /home/ngan/Documents/test_github/lesson6_ws/install/darknet_ros_msgs/lib/libdarknet_ros_msgs__rosidl_typesupport_cpp.so
[3.781s] -- Up-to-date: /home/ngan/Documents/test_github/lesson6_ws/install/darknet_ros_msgs/share/darknet_ros_msgs/environment/pythonpath.sh
[3.781s] -- Up-to-date: /home/ngan/Documents/test_github/lesson6_ws/install/darknet_ros_msgs/share/darknet_ros_msgs/environment/pythonpath.dsv
[3.782s] -- Up-to-date: /home/ngan/Documents/test_github/lesson6_ws/install/darknet_ros_msgs/lib/python3.12/site-packages/darknet_ros_msgs-1.1.5-py3.12.egg-info
[3.782s] -- Installing: /home/ngan/Documents/test_github/lesson6_ws/install/darknet_ros_msgs/lib/python3.12/site-packages/darknet_ros_msgs-1.1.5-py3.12.egg-info/SOURCES.txt
[3.782s] -- Installing: /home/ngan/Documents/test_github/lesson6_ws/install/darknet_ros_msgs/lib/python3.12/site-packages/darknet_ros_msgs-1.1.5-py3.12.egg-info/dependency_links.txt
[3.782s] -- Installing: /home/ngan/Documents/test_github/lesson6_ws/install/darknet_ros_msgs/lib/python3.12/site-packages/darknet_ros_msgs-1.1.5-py3.12.egg-info/PKG-INFO
[3.782s] -- Installing: /home/ngan/Documents/test_github/lesson6_ws/install/darknet_ros_msgs/lib/python3.12/site-packages/darknet_ros_msgs-1.1.5-py3.12.egg-info/top_level.txt
[3.783s] -- Up-to-date: /home/ngan/Documents/test_github/lesson6_ws/install/darknet_ros_msgs/lib/python3.12/site-packages/darknet_ros_msgs
[3.783s] -- Up-to-date: /home/ngan/Documents/test_github/lesson6_ws/install/darknet_ros_msgs/lib/python3.12/site-packages/darknet_ros_msgs/_darknet_ros_msgs_s.ep.rosidl_typesupport_introspection_c.c
[3.783s] -- Up-to-date: /home/ngan/Documents/test_github/lesson6_ws/install/darknet_ros_msgs/lib/python3.12/site-packages/darknet_ros_msgs/darknet_ros_msgs_s__rosidl_typesupport_c.so
[3.786s] -- Up-to-date: /home/ngan/Documents/test_github/lesson6_ws/install/darknet_ros_msgs/lib/python3.12/site-packages/darknet_ros_msgs/darknet_ros_msgs_s__rosidl_typesupport_introspection_c.so
[3.786s] -- Up-to-date: /home/ngan/Documents/test_github/lesson6_ws/install/darknet_ros_msgs/lib/python3.12/site-packages/darknet_ros_msgs/__init__.py
[3.786s] -- Up-to-date: /home/ngan/Documents/test_github/lesson6_ws/install/darknet_ros_msgs/lib/python3.12/site-packages/darknet_ros_msgs/action
[3.786s] -- Up-to-date: /home/ngan/Documents/test_github/lesson6_ws/install/darknet_ros_msgs/lib/python3.12/site-packages/darknet_ros_msgs/action/__init__.py
[3.786s] -- Up-to-date: /home/ngan/Documents/test_github/lesson6_ws/install/darknet_ros_msgs/lib/python3.12/site-packages/darknet_ros_msgs/action/_check_for_objects.py
[3.786s] -- Up-to-date: /home/ngan/Documents/test_github/lesson6_ws/install/darknet_ros_msgs/lib/python3.12/site-packages/darknet_ros_msgs/action/_check_for_objects_s.c
[3.787s] -- Up-to-date: /home/ngan/Documents/test_github/lesson6_ws/install/darknet_ros_msgs/lib/python3.12/site-packages/darknet_ros_msgs/_darknet_ros_msgs_s.ep.rosidl_typesupport_c.c
[3.787s] -- Up-to-date: /home/ngan/Documents/test_github/lesson6_ws/install/darknet_ros_msgs/lib/python3.12/site-packages/darknet_ros_msgs/darknet_ros_msgs_s__rosidl_typesupport_fastrtps_c.so
[3.787s] -- Up-to-date: /home/ngan/Documents/test_github/lesson6_ws/install/darknet_ros_msgs/lib/python3.12/site-packages/darknet_ros_msgs/_darknet_ros_msgs_s.ep.rosidl_typesupport_fastrtps_c.c
[3.787s] -- Up-to-date: /home/ngan/Documents/test_github/lesson6_ws/install/darknet_ros_msgs/lib/python3.12/site-packages/darknet_ros_msgs/msg
[3.787s] -- Up-to-date: /home/ngan/Documents/test_github/lesson6_ws/install/darknet_ros_msgs/lib/python3.12/site-packages/darknet_ros_msgs/msg/__init__.py
[3.787s] -- Up-to-date: /home/ngan/Documents/test_github/lesson6_ws/install/darknet_ros_msgs/lib/python3.12/site-packages/darknet_ros_msgs/msg/_bounding_boxes.py
[3.787s] -- Up-to-date: /home/ngan/Documents/test_github/lesson6_ws/install/darknet_ros_msgs/lib/python3.12/site-packages/darknet_ros_msgs/msg/_object_count.py
[3.787s] -- Up-to-date: /home/ngan/Documents/test_github/lesson6_ws/install/darknet_ros_msgs/lib/python3.12/site-packages/darknet_ros_msgs/msg/_object_count_s.c
[3.787s] -- Up-to-date: /home/ngan/Documents/test_github/lesson6_ws/install/darknet_ros_msgs/lib/python3.12/site-packages/darknet_ros_msgs/msg/_bounding_box.py
[3.787s] -- Up-to-date: /home/ngan/Documents/test_github/lesson6_ws/install/darknet_ros_msgs/lib/python3.12/site-packages/darknet_ros_msgs/msg/_bounding_box_s.c
[3.788s] -- Up-to-date: /home/ngan/Documents/test_github/lesson6_ws/install/darknet_ros_msgs/lib/python3.12/site-packages/darknet_ros_msgs/msg/_bounding_boxes_s.c
[4.015s] Listing '/home/ngan/Documents/test_github/lesson6_ws/install/darknet_ros_msgs/lib/python3.12/site-packages/darknet_ros_msgs'...
[4.015s] Listing '/home/ngan/Documents/test_github/lesson6_ws/install/darknet_ros_msgs/lib/python3.12/site-packages/darknet_ros_msgs/action'...
[4.015s] Listing '/home/ngan/Documents/test_github/lesson6_ws/install/darknet_ros_msgs/lib/python3.12/site-packages/darknet_ros_msgs/msg'...
[4.026s] -- Up-to-date: /home/ngan/Documents/test_github/lesson6_ws/install/darknet_ros_msgs/lib/python3.12/site-packages/darknet_ros_msgs/darknet_ros_msgs_s__rosidl_typesupport_fastrtps_c.so
[4.026s] -- Up-to-date: /home/ngan/Documents/test_github/lesson6_ws/install/darknet_ros_msgs/lib/python3.12/site-packages/darknet_ros_msgs/darknet_ros_msgs_s__rosidl_typesupport_introspection_c.so
[4.027s] -- Up-to-date: /home/ngan/Documents/test_github/lesson6_ws/install/darknet_ros_msgs/lib/python3.12/site-packages/darknet_ros_msgs/darknet_ros_msgs_s__rosidl_typesupport_c.so
[4.030s] -- Up-to-date: /home/ngan/Documents/test_github/lesson6_ws/install/darknet_ros_msgs/lib/libdarknet_ros_msgs__rosidl_generator_py.so
[4.030s] -- Up-to-date: /home/ngan/Documents/test_github/lesson6_ws/install/darknet_ros_msgs/share/darknet_ros_msgs/msg/BoundingBox.idl
[4.031s] -- Up-to-date: /home/ngan/Documents/test_github/lesson6_ws/install/darknet_ros_msgs/share/darknet_ros_msgs/msg/BoundingBoxes.idl
[4.031s] -- Up-to-date: /home/ngan/Documents/test_github/lesson6_ws/install/darknet_ros_msgs/share/darknet_ros_msgs/msg/ObjectCount.idl
[4.031s] -- Up-to-date: /home/ngan/Documents/test_github/lesson6_ws/install/darknet_ros_msgs/share/darknet_ros_msgs/action/CheckForObjects.idl
[4.031s] -- Up-to-date: /home/ngan/Documents/test_github/lesson6_ws/install/darknet_ros_msgs/share/darknet_ros_msgs/msg/BoundingBox.msg
[4.031s] -- Up-to-date: /home/ngan/Documents/test_github/lesson6_ws/install/darknet_ros_msgs/share/darknet_ros_msgs/msg/BoundingBoxes.msg
[4.031s] -- Up-to-date: /home/ngan/Documents/test_github/lesson6_ws/install/darknet_ros_msgs/share/darknet_ros_msgs/msg/ObjectCount.msg
[4.031s] -- Up-to-date: /home/ngan/Documents/test_github/lesson6_ws/install/darknet_ros_msgs/share/darknet_ros_msgs/action/CheckForObjects.action
[4.032s] -- Up-to-date: /home/ngan/Documents/test_github/lesson6_ws/install/darknet_ros_msgs/share/ament_index/resource_index/package_run_dependencies/darknet_ros_msgs
[4.037s] -- Up-to-date: /home/ngan/Documents/test_github/lesson6_ws/install/darknet_ros_msgs/share/ament_index/resource_index/parent_prefix_path/darknet_ros_msgs
[4.038s] -- Up-to-date: /home/ngan/Documents/test_github/lesson6_ws/install/darknet_ros_msgs/share/darknet_ros_msgs/environment/ament_prefix_path.sh
[4.038s] -- Up-to-date: /home/ngan/Documents/test_github/lesson6_ws/install/darknet_ros_msgs/share/darknet_ros_msgs/environment/ament_prefix_path.dsv
[4.039s] -- Up-to-date: /home/ngan/Documents/test_github/lesson6_ws/install/darknet_ros_msgs/share/darknet_ros_msgs/environment/path.sh
[4.039s] -- Up-to-date: /home/ngan/Documents/test_github/lesson6_ws/install/darknet_ros_msgs/share/darknet_ros_msgs/environment/path.dsv
[4.039s] -- Up-to-date: /home/ngan/Documents/test_github/lesson6_ws/install/darknet_ros_msgs/share/darknet_ros_msgs/local_setup.bash
[4.041s] -- Up-to-date: /home/ngan/Documents/test_github/lesson6_ws/install/darknet_ros_msgs/share/darknet_ros_msgs/local_setup.sh
[4.041s] -- Up-to-date: /home/ngan/Documents/test_github/lesson6_ws/install/darknet_ros_msgs/share/darknet_ros_msgs/local_setup.zsh
[4.041s] -- Up-to-date: /home/ngan/Documents/test_github/lesson6_ws/install/darknet_ros_msgs/share/darknet_ros_msgs/local_setup.dsv
[4.041s] -- Installing: /home/ngan/Documents/test_github/lesson6_ws/install/darknet_ros_msgs/share/darknet_ros_msgs/package.dsv
[4.042s] -- Up-to-date: /home/ngan/Documents/test_github/lesson6_ws/install/darknet_ros_msgs/share/ament_index/resource_index/packages/darknet_ros_msgs
[4.042s] -- Up-to-date: /home/ngan/Documents/test_github/lesson6_ws/install/darknet_ros_msgs/share/darknet_ros_msgs/cmake/export_darknet_ros_msgs__rosidl_generator_cExport.cmake
[4.042s] -- Up-to-date: /home/ngan/Documents/test_github/lesson6_ws/install/darknet_ros_msgs/share/darknet_ros_msgs/cmake/export_darknet_ros_msgs__rosidl_generator_cExport-noconfig.cmake
[4.042s] -- Up-to-date: /home/ngan/Documents/test_github/lesson6_ws/install/darknet_ros_msgs/share/darknet_ros_msgs/cmake/export_darknet_ros_msgs__rosidl_typesupport_fastrtps_cExport.cmake
[4.042s] -- Up-to-date: /home/ngan/Documents/test_github/lesson6_ws/install/darknet_ros_msgs/share/darknet_ros_msgs/cmake/export_darknet_ros_msgs__rosidl_typesupport_fastrtps_cExport-noconfig.cmake
[4.042s] -- Up-to-date: /home/ngan/Documents/test_github/lesson6_ws/install/darknet_ros_msgs/share/darknet_ros_msgs/cmake/export_darknet_ros_msgs__rosidl_generator_cppExport.cmake
[4.042s] -- Up-to-date: /home/ngan/Documents/test_github/lesson6_ws/install/darknet_ros_msgs/share/darknet_ros_msgs/cmake/export_darknet_ros_msgs__rosidl_typesupport_fastrtps_cppExport.cmake
[4.042s] -- Up-to-date: /home/ngan/Documents/test_github/lesson6_ws/install/darknet_ros_msgs/share/darknet_ros_msgs/cmake/export_darknet_ros_msgs__rosidl_typesupport_fastrtps_cppExport-noconfig.cmake
[4.043s] -- Up-to-date: /home/ngan/Documents/test_github/lesson6_ws/install/darknet_ros_msgs/share/darknet_ros_msgs/cmake/darknet_ros_msgs__rosidl_typesupport_introspection_cExport.cmake
[4.043s] -- Up-to-date: /home/ngan/Documents/test_github/lesson6_ws/install/darknet_ros_msgs/share/darknet_ros_msgs/cmake/darknet_ros_msgs__rosidl_typesupport_introspection_cExport-noconfig.cmake
[4.043s] -- Up-to-date: /home/ngan/Documents/test_github/lesson6_ws/install/darknet_ros_msgs/share/darknet_ros_msgs/cmake/darknet_ros_msgs__rosidl_typesupport_cExport.cmake
[4.043s] -- Up-to-date: /home/ngan/Documents/test_github/lesson6_ws/install/darknet_ros_msgs/share/darknet_ros_msgs/cmake/darknet_ros_msgs__rosidl_typesupport_cExport-noconfig.cmake
[4.043s] -- Up-to-date: /home/ngan/Documents/test_github/lesson6_ws/install/darknet_ros_msgs/share/darknet_ros_msgs/cmake/darknet_ros_msgs__rosidl_typesupport_introspection_cppExport.cmake
[4.043s] -- Up-to-date: /home/ngan/Documents/test_github/lesson6_ws/install/darknet_ros_msgs/share/darknet_ros_msgs/cmake/darknet_ros_msgs__rosidl_typesupport_introspection_cppExport-noconfig.cmake
[4.044s] -- Up-to-date: /home/ngan/Documents/test_github/lesson6_ws/install/darknet_ros_msgs/share/darknet_ros_msgs/cmake/darknet_ros_msgs__rosidl_typesupport_cppExport.cmake
[4.044s] -- Up-to-date: /home/ngan/Documents/test_github/lesson6_ws/install/darknet_ros_msgs/share/darknet_ros_msgs/cmake/darknet_ros_msgs__rosidl_typesupport_cppExport-noconfig.cmake
[4.046s] -- Up-to-date: /home/ngan/Documents/test_github/lesson6_ws/install/darknet_ros_msgs/share/darknet_ros_msgs/cmake/export_darknet_ros_msgs__rosidl_generator_pyExport.cmake
[4.046s] -- Up-to-date: /home/ngan/Documents/test_github/lesson6_ws/install/darknet_ros_msgs/share/darknet_ros_msgs/cmake/export_darknet_ros_msgs__rosidl_generator_pyExport-noconfig.cmake
[4.046s] -- Up-to-date: /home/ngan/Documents/test_github/lesson6_ws/install/darknet_ros_msgs/share/darknet_ros_msgs/cmake/rosidl_cmake-extras.cmake
[4.046s] -- Up-to-date: /home/ngan/Documents/test_github/lesson6_ws/install/darknet_ros_msgs/share/darknet_ros_msgs/cmake/ament_cmake_export_dependencies-extras.cmake
[4.046s] -- Up-to-date: /home/ngan/Documents/test_github/lesson6_ws/install/darknet_ros_msgs/share/darknet_ros_msgs/cmake/ament_cmake_export_include_directories-extras.cmake
[4.046s] -- Up-to-date: /home/ngan/Documents/test_github/lesson6_ws/install/darknet_ros_msgs/share/darknet_ros_msgs/cmake/ament_cmake_export_libraries-extras.cmake
[4.046s] -- Up-to-date: /home/ngan/Documents/test_github/lesson6_ws/install/darknet_ros_msgs/share/darknet_ros_msgs/cmake/ament_cmake_export_targets-extras.cmake
[4.046s] -- Up-to-date: /home/ngan/Documents/test_github/lesson6_ws/install/darknet_ros_msgs/share/darknet_ros_msgs/cmake/rosidl_cmake_export_typesupport_targets-extras.cmake
[4.047s] -- Up-to-date: /home/ngan/Documents/test_github/lesson6_ws/install/darknet_ros_msgs/share/darknet_ros_msgs/cmake/rosidl_cmake_export_typesupport_libraries-extras.cmake
[4.047s] -- Up-to-date: /home/ngan/Documents/test_github/lesson6_ws/install/darknet_ros_msgs/share/darknet_ros_msgs/cmake/darknet_ros_msgsConfig.cmake
[4.047s] -- Up-to-date: /home/ngan/Documents/test_github/lesson6_ws/install/darknet_ros_msgs/share/darknet_ros_msgs/cmake/darknet_ros_msgsConfig-version.cmake
[4.047s] -- Up-to-date: /home/ngan/Documents/test_github/lesson6_ws/install/darknet_ros_msgs/share/darknet_ros_msgs/package.xml
[4.055s] Invoked command in '/home/ngan/Documents/test_github/lesson6_ws/build/darknet_ros_msgs' returned '0': CMAKE_PREFIX_PATH=${CMAKE_PREFIX_PATH}:/home/ngan/Documents/test_github/lesson6_ws/install/stop_sign_control:/home/ngan/Documents/test_github/lesson6_ws/install/opencv_tests:/opt/ros/jazzy DEBUGINFOD_URLS=https://debuginfod.ubuntu.com /usr/bin/cmake --install /home/ngan/Documents/test_github/lesson6_ws/build/darknet_ros_msgs
