[0.057s] Invoking command in '/home/ngan/Documents/test_github/lesson6_ws/build/rmitbot_mapping': CMAKE_PREFIX_PATH=${CMAKE_PREFIX_PATH}:/home/ngan/Documents/test_github/lesson6_ws/install/opencv_tests:/opt/ros/jazzy DEBUGINFOD_URLS=https://debuginfod.ubuntu.com /usr/bin/cmake --build /home/ngan/Documents/test_github/lesson6_ws/build/rmitbot_mapping -- -j4 -l4
[0.346s] Invoked command in '/home/ngan/Documents/test_github/lesson6_ws/build/rmitbot_mapping' returned '0': CMAKE_PREFIX_PATH=${CMAKE_PREFIX_PATH}:/home/ngan/Documents/test_github/lesson6_ws/install/opencv_tests:/opt/ros/jazzy DEBUGINFOD_URLS=https://debuginfod.ubuntu.com /usr/bin/cmake --build /home/ngan/Documents/test_github/lesson6_ws/build/rmitbot_mapping -- -j4 -l4
[0.347s] Invoking command in '/home/ngan/Documents/test_github/lesson6_ws/build/rmitbot_mapping': CMAKE_PREFIX_PATH=${CMAKE_PREFIX_PATH}:/home/ngan/Documents/test_github/lesson6_ws/install/opencv_tests:/opt/ros/jazzy DEBUGINFOD_URLS=https://debuginfod.ubuntu.com /usr/bin/cmake --install /home/ngan/Documents/test_github/lesson6_ws/build/rmitbot_mapping
[0.409s] -- Install configuration: ""
[0.411s] -- Up-to-date: /home/ngan/Documents/test_github/lesson6_ws/install/rmitbot_mapping/share/rmitbot_mapping/launch
[0.411s] -- Up-to-date: /home/ngan/Documents/test_github/lesson6_ws/install/rmitbot_mapping/share/rmitbot_mapping/launch/lidar.launch.py
[0.412s] -- Up-to-date: /home/ngan/Documents/test_github/lesson6_ws/install/rmitbot_mapping/share/rmitbot_mapping/launch/slam.launch.py
[0.413s] -- Up-to-date: /home/ngan/Documents/test_github/lesson6_ws/install/rmitbot_mapping/share/rmitbot_mapping/config
[0.413s] -- Up-to-date: /home/ngan/Documents/test_github/lesson6_ws/install/rmitbot_mapping/share/rmitbot_mapping/config/slam.yaml
[0.414s] -- Up-to-date: /home/ngan/Documents/test_github/lesson6_ws/install/rmitbot_mapping/share/ament_index/resource_index/package_run_dependencies/rmitbot_mapping
[0.416s] -- Up-to-date: /home/ngan/Documents/test_github/lesson6_ws/install/rmitbot_mapping/share/ament_index/resource_index/parent_prefix_path/rmitbot_mapping
[0.416s] -- Up-to-date: /home/ngan/Documents/test_github/lesson6_ws/install/rmitbot_mapping/share/rmitbot_mapping/environment/ament_prefix_path.sh
[0.417s] -- Up-to-date: /home/ngan/Documents/test_github/lesson6_ws/install/rmitbot_mapping/share/rmitbot_mapping/environment/ament_prefix_path.dsv
[0.417s] -- Up-to-date: /home/ngan/Documents/test_github/lesson6_ws/install/rmitbot_mapping/share/rmitbot_mapping/environment/path.sh
[0.417s] -- Up-to-date: /home/ngan/Documents/test_github/lesson6_ws/install/rmitbot_mapping/share/rmitbot_mapping/environment/path.dsv
[0.417s] -- Up-to-date: /home/ngan/Documents/test_github/lesson6_ws/install/rmitbot_mapping/share/rmitbot_mapping/local_setup.bash
[0.418s] -- Up-to-date: /home/ngan/Documents/test_github/lesson6_ws/install/rmitbot_mapping/share/rmitbot_mapping/local_setup.sh
[0.418s] -- Up-to-date: /home/ngan/Documents/test_github/lesson6_ws/install/rmitbot_mapping/share/rmitbot_mapping/local_setup.zsh
[0.422s] -- Up-to-date: /home/ngan/Documents/test_github/lesson6_ws/install/rmitbot_mapping/share/rmitbot_mapping/local_setup.dsv
[0.422s] -- Installing: /home/ngan/Documents/test_github/lesson6_ws/install/rmitbot_mapping/share/rmitbot_mapping/package.dsv
[0.422s] -- Up-to-date: /home/ngan/Documents/test_github/lesson6_ws/install/rmitbot_mapping/share/ament_index/resource_index/packages/rmitbot_mapping
[0.422s] -- Up-to-date: /home/ngan/Documents/test_github/lesson6_ws/install/rmitbot_mapping/share/rmitbot_mapping/cmake/rmitbot_mappingConfig.cmake
[0.423s] -- Up-to-date: /home/ngan/Documents/test_github/lesson6_ws/install/rmitbot_mapping/share/rmitbot_mapping/cmake/rmitbot_mappingConfig-version.cmake
[0.423s] -- Up-to-date: /home/ngan/Documents/test_github/lesson6_ws/install/rmitbot_mapping/share/rmitbot_mapping/package.xml
[1.000s] Invoked command in '/home/ngan/Documents/test_github/lesson6_ws/build/rmitbot_mapping' returned '0': CMAKE_PREFIX_PATH=${CMAKE_PREFIX_PATH}:/home/ngan/Documents/test_github/lesson6_ws/install/opencv_tests:/opt/ros/jazzy DEBUGINFOD_URLS=https://debuginfod.ubuntu.com /usr/bin/cmake --install /home/ngan/Documents/test_github/lesson6_ws/build/rmitbot_mapping
