[0.076s] Invoking command in '/home/ngan/Documents/test_github/lesson6_ws/build/Darknet': DEBUGINFOD_URLS=https://debuginfod.ubuntu.com /usr/bin/cmake --build /home/ngan/Documents/test_github/lesson6_ws/build/Darknet -- -j4 -l4
[0.110s] Change Dir: '/home/ngan/Documents/test_github/lesson6_ws/build/Darknet'
[0.110s] 
[0.110s] Run Build Command(s): /usr/bin/cmake -E env VERBOSE=1 /usr/bin/gmake -f Makefile -j4 -l4
[0.136s] /usr/bin/cmake -S/home/ngan/Documents/test_github/lesson6_ws/src/rmitbot_vision/darknet_ros/darknet_ros/darknet -B/home/ngan/Documents/test_github/lesson6_ws/build/Darknet --check-build-system CMakeFiles/Makefile.cmake 0
[0.207s] /usr/bin/cmake -E cmake_progress_start /home/ngan/Documents/test_github/lesson6_ws/build/Darknet/CMakeFiles /home/ngan/Documents/test_github/lesson6_ws/build/Darknet//CMakeFiles/progress.marks
[0.232s] /usr/bin/gmake  -f CMakeFiles/Makefile2 all
[0.232s] gmake[1]: Entering directory '/home/ngan/Documents/test_github/lesson6_ws/build/Darknet'
[0.232s] /usr/bin/gmake  -f CMakeFiles/dark.dir/build.make CMakeFiles/dark.dir/depend
[0.261s] gmake[2]: Entering directory '/home/ngan/Documents/test_github/lesson6_ws/build/Darknet'
[0.261s] cd /home/ngan/Documents/test_github/lesson6_ws/build/Darknet && /usr/bin/cmake -E cmake_depends "Unix Makefiles" /home/ngan/Documents/test_github/lesson6_ws/src/rmitbot_vision/darknet_ros/darknet_ros/darknet /home/ngan/Documents/test_github/lesson6_ws/src/rmitbot_vision/darknet_ros/darknet_ros/darknet /home/ngan/Documents/test_github/lesson6_ws/build/Darknet /home/ngan/Documents/test_github/lesson6_ws/build/Darknet /home/ngan/Documents/test_github/lesson6_ws/build/Darknet/CMakeFiles/dark.dir/DependInfo.cmake "--color="
[0.293s] gmake[2]: Leaving directory '/home/ngan/Documents/test_github/lesson6_ws/build/Darknet'
[0.293s] /usr/bin/gmake  -f CMakeFiles/dark.dir/build.make CMakeFiles/dark.dir/build
[0.328s] gmake[2]: Entering directory '/home/ngan/Documents/test_github/lesson6_ws/build/Darknet'
[0.328s] gmake[2]: Nothing to be done for 'CMakeFiles/dark.dir/build'.
[0.328s] gmake[2]: Leaving directory '/home/ngan/Documents/test_github/lesson6_ws/build/Darknet'
[0.366s] [ 49%] Built target dark
[0.367s] /usr/bin/gmake  -f CMakeFiles/darknet.dir/build.make CMakeFiles/darknet.dir/depend
[0.421s] gmake[2]: Entering directory '/home/ngan/Documents/test_github/lesson6_ws/build/Darknet'
[0.421s] cd /home/ngan/Documents/test_github/lesson6_ws/build/Darknet && /usr/bin/cmake -E cmake_depends "Unix Makefiles" /home/ngan/Documents/test_github/lesson6_ws/src/rmitbot_vision/darknet_ros/darknet_ros/darknet /home/ngan/Documents/test_github/lesson6_ws/src/rmitbot_vision/darknet_ros/darknet_ros/darknet /home/ngan/Documents/test_github/lesson6_ws/build/Darknet /home/ngan/Documents/test_github/lesson6_ws/build/Darknet /home/ngan/Documents/test_github/lesson6_ws/build/Darknet/CMakeFiles/darknet.dir/DependInfo.cmake "--color="
[0.463s] gmake[2]: Leaving directory '/home/ngan/Documents/test_github/lesson6_ws/build/Darknet'
[0.463s] /usr/bin/gmake  -f CMakeFiles/darknet.dir/build.make CMakeFiles/darknet.dir/build
[0.504s] gmake[2]: Entering directory '/home/ngan/Documents/test_github/lesson6_ws/build/Darknet'
[0.504s] gmake[2]: Nothing to be done for 'CMakeFiles/darknet.dir/build'.
[0.504s] gmake[2]: Leaving directory '/home/ngan/Documents/test_github/lesson6_ws/build/Darknet'
[0.555s] [ 98%] Built target darknet
[0.572s] /usr/bin/gmake  -f CMakeFiles/uselib.dir/build.make CMakeFiles/uselib.dir/depend
[0.591s] gmake[2]: Entering directory '/home/ngan/Documents/test_github/lesson6_ws/build/Darknet'
[0.591s] cd /home/ngan/Documents/test_github/lesson6_ws/build/Darknet && /usr/bin/cmake -E cmake_depends "Unix Makefiles" /home/ngan/Documents/test_github/lesson6_ws/src/rmitbot_vision/darknet_ros/darknet_ros/darknet /home/ngan/Documents/test_github/lesson6_ws/src/rmitbot_vision/darknet_ros/darknet_ros/darknet /home/ngan/Documents/test_github/lesson6_ws/build/Darknet /home/ngan/Documents/test_github/lesson6_ws/build/Darknet /home/ngan/Documents/test_github/lesson6_ws/build/Darknet/CMakeFiles/uselib.dir/DependInfo.cmake "--color="
[0.619s] gmake[2]: Leaving directory '/home/ngan/Documents/test_github/lesson6_ws/build/Darknet'
[0.620s] /usr/bin/gmake  -f CMakeFiles/uselib.dir/build.make CMakeFiles/uselib.dir/build
[0.625s] gmake[2]: Entering directory '/home/ngan/Documents/test_github/lesson6_ws/build/Darknet'
[0.625s] gmake[2]: Nothing to be done for 'CMakeFiles/uselib.dir/build'.
[0.625s] gmake[2]: Leaving directory '/home/ngan/Documents/test_github/lesson6_ws/build/Darknet'
[0.684s] [100%] Built target uselib
[0.689s] gmake[1]: Leaving directory '/home/ngan/Documents/test_github/lesson6_ws/build/Darknet'
[0.699s] /usr/bin/cmake -E cmake_progress_start /home/ngan/Documents/test_github/lesson6_ws/build/Darknet/CMakeFiles 0
[0.809s] 
[0.837s] Invoked command in '/home/ngan/Documents/test_github/lesson6_ws/build/Darknet' returned '0': DEBUGINFOD_URLS=https://debuginfod.ubuntu.com /usr/bin/cmake --build /home/ngan/Documents/test_github/lesson6_ws/build/Darknet -- -j4 -l4
[0.973s] Invoking command in '/home/ngan/Documents/test_github/lesson6_ws/build/Darknet': DEBUGINFOD_URLS=https://debuginfod.ubuntu.com /usr/bin/cmake --install /home/ngan/Documents/test_github/lesson6_ws/build/Darknet
[1.015s] -- Install configuration: "Release"
[1.021s] -- Up-to-date: /home/ngan/Documents/test_github/lesson6_ws/src/rmitbot_vision/darknet_ros/darknet_ros/darknet/libdarknet.so
[1.021s] -- Up-to-date: /home/ngan/Documents/test_github/lesson6_ws/install/Darknet/include/darknet/darknet.h
[1.021s] -- Up-to-date: /home/ngan/Documents/test_github/lesson6_ws/install/Darknet/include/darknet/yolo_v2_class.hpp
[1.021s] -- Up-to-date: /home/ngan/Documents/test_github/lesson6_ws/src/rmitbot_vision/darknet_ros/darknet_ros/darknet/uselib
[1.021s] -- Up-to-date: /home/ngan/Documents/test_github/lesson6_ws/src/rmitbot_vision/darknet_ros/darknet_ros/darknet/darknet
[1.024s] -- Up-to-date: /home/ngan/Documents/test_github/lesson6_ws/install/Darknet/share/darknet/DarknetTargets.cmake
[1.024s] -- Up-to-date: /home/ngan/Documents/test_github/lesson6_ws/install/Darknet/share/darknet/DarknetTargets-release.cmake
[1.024s] -- Up-to-date: /home/ngan/Documents/test_github/lesson6_ws/install/Darknet/share/darknet/DarknetConfig.cmake
[1.025s] -- Up-to-date: /home/ngan/Documents/test_github/lesson6_ws/install/Darknet/share/darknet/DarknetConfigVersion.cmake
[1.036s] Invoked command in '/home/ngan/Documents/test_github/lesson6_ws/build/Darknet' returned '0': DEBUGINFOD_URLS=https://debuginfod.ubuntu.com /usr/bin/cmake --install /home/ngan/Documents/test_github/lesson6_ws/build/Darknet
