[0.056s] Invoking command in '/home/ngan/Documents/test_github/lesson6_ws/build/rmitbot_localization': CMAKE_PREFIX_PATH=${CMAKE_PREFIX_PATH}:/home/ngan/Documents/test_github/lesson6_ws/install/stop_sign_control:/home/ngan/Documents/test_github/lesson6_ws/install/opencv_tests:/opt/ros/jazzy DEBUGINFOD_URLS=https://debuginfod.ubuntu.com /usr/bin/cmake --build /home/ngan/Documents/test_github/lesson6_ws/build/rmitbot_localization -- -j4 -l4
[2.251s] Invoked command in '/home/ngan/Documents/test_github/lesson6_ws/build/rmitbot_localization' returned '0': CMAKE_PREFIX_PATH=${CMAKE_PREFIX_PATH}:/home/ngan/Documents/test_github/lesson6_ws/install/stop_sign_control:/home/ngan/Documents/test_github/lesson6_ws/install/opencv_tests:/opt/ros/jazzy DEBUGINFOD_URLS=https://debuginfod.ubuntu.com /usr/bin/cmake --build /home/ngan/Documents/test_github/lesson6_ws/build/rmitbot_localization -- -j4 -l4
[2.272s] Invoking command in '/home/ngan/Documents/test_github/lesson6_ws/build/rmitbot_localization': CMAKE_PREFIX_PATH=${CMAKE_PREFIX_PATH}:/home/ngan/Documents/test_github/lesson6_ws/install/stop_sign_control:/home/ngan/Documents/test_github/lesson6_ws/install/opencv_tests:/opt/ros/jazzy DEBUGINFOD_URLS=https://debuginfod.ubuntu.com /usr/bin/cmake --install /home/ngan/Documents/test_github/lesson6_ws/build/rmitbot_localization
[2.432s] -- Install configuration: ""
[2.433s] -- Up-to-date: /home/ngan/Documents/test_github/lesson6_ws/install/rmitbot_localization/share/rmitbot_localization/launch
[2.433s] -- Up-to-date: /home/ngan/Documents/test_github/lesson6_ws/install/rmitbot_localization/share/rmitbot_localization/launch/local_localization.launch.py
[2.433s] -- Up-to-date: /home/ngan/Documents/test_github/lesson6_ws/install/rmitbot_localization/share/rmitbot_localization/config
[2.433s] -- Up-to-date: /home/ngan/Documents/test_github/lesson6_ws/install/rmitbot_localization/share/rmitbot_localization/config/ekf.yaml
[2.433s] -- Up-to-date: /home/ngan/Documents/test_github/lesson6_ws/install/rmitbot_localization/share/ament_index/resource_index/package_run_dependencies/rmitbot_localization
[2.445s] -- Up-to-date: /home/ngan/Documents/test_github/lesson6_ws/install/rmitbot_localization/share/ament_index/resource_index/parent_prefix_path/rmitbot_localization
[2.445s] -- Up-to-date: /home/ngan/Documents/test_github/lesson6_ws/install/rmitbot_localization/share/rmitbot_localization/environment/ament_prefix_path.sh
[2.445s] -- Up-to-date: /home/ngan/Documents/test_github/lesson6_ws/install/rmitbot_localization/share/rmitbot_localization/environment/ament_prefix_path.dsv
[2.445s] -- Up-to-date: /home/ngan/Documents/test_github/lesson6_ws/install/rmitbot_localization/share/rmitbot_localization/environment/path.sh
[2.445s] -- Up-to-date: /home/ngan/Documents/test_github/lesson6_ws/install/rmitbot_localization/share/rmitbot_localization/environment/path.dsv
[2.445s] -- Up-to-date: /home/ngan/Documents/test_github/lesson6_ws/install/rmitbot_localization/share/rmitbot_localization/local_setup.bash
[2.451s] -- Up-to-date: /home/ngan/Documents/test_github/lesson6_ws/install/rmitbot_localization/share/rmitbot_localization/local_setup.sh
[2.451s] -- Up-to-date: /home/ngan/Documents/test_github/lesson6_ws/install/rmitbot_localization/share/rmitbot_localization/local_setup.zsh
[2.451s] -- Up-to-date: /home/ngan/Documents/test_github/lesson6_ws/install/rmitbot_localization/share/rmitbot_localization/local_setup.dsv
[2.451s] -- Installing: /home/ngan/Documents/test_github/lesson6_ws/install/rmitbot_localization/share/rmitbot_localization/package.dsv
[2.462s] -- Up-to-date: /home/ngan/Documents/test_github/lesson6_ws/install/rmitbot_localization/share/ament_index/resource_index/packages/rmitbot_localization
[2.473s] -- Up-to-date: /home/ngan/Documents/test_github/lesson6_ws/install/rmitbot_localization/share/rmitbot_localization/cmake/rmitbot_localizationConfig.cmake
[2.474s] -- Up-to-date: /home/ngan/Documents/test_github/lesson6_ws/install/rmitbot_localization/share/rmitbot_localization/cmake/rmitbot_localizationConfig-version.cmake
[2.488s] -- Up-to-date: /home/ngan/Documents/test_github/lesson6_ws/install/rmitbot_localization/share/rmitbot_localization/package.xml
[4.059s] Invoked command in '/home/ngan/Documents/test_github/lesson6_ws/build/rmitbot_localization' returned '0': CMAKE_PREFIX_PATH=${CMAKE_PREFIX_PATH}:/home/ngan/Documents/test_github/lesson6_ws/install/stop_sign_control:/home/ngan/Documents/test_github/lesson6_ws/install/opencv_tests:/opt/ros/jazzy DEBUGINFOD_URLS=https://debuginfod.ubuntu.com /usr/bin/cmake --install /home/ngan/Documents/test_github/lesson6_ws/build/rmitbot_localization
