[0.031s] Invoking command in '/home/ngan/Documents/test_github/lesson6_ws/build/image_geometry': DEBUGINFOD_URLS=https://debuginfod.ubuntu.com /usr/bin/cmake --build /home/ngan/Documents/test_github/lesson6_ws/build/image_geometry -- -j4 -l4
[1.003s] [  0%] Built target ament_cmake_python_copy_image_geometry
[1.008s] [ 18%] Built target gtest_main
[1.070s] [ 45%] Built target image_geometry
[1.081s] [ 63%] Built target gtest
[1.377s] [ 81%] Built target image_geometry-utest-equi
[1.403s] [100%] Built target image_geometry-utest
[2.605s] running egg_info
[2.743s] writing image_geometry.egg-info/PKG-INFO
[2.759s] writing dependency_links to image_geometry.egg-info/dependency_links.txt
[2.759s] writing top-level names to image_geometry.egg-info/top_level.txt
[3.015s] reading manifest file 'image_geometry.egg-info/SOURCES.txt'
[3.016s] writing manifest file 'image_geometry.egg-info/SOURCES.txt'
[3.234s] [100%] Built target ament_cmake_python_build_image_geometry_egg
[3.436s] Invoked command in '/home/ngan/Documents/test_github/lesson6_ws/build/image_geometry' returned '0': DEBUGINFOD_URLS=https://debuginfod.ubuntu.com /usr/bin/cmake --build /home/ngan/Documents/test_github/lesson6_ws/build/image_geometry -- -j4 -l4
[3.454s] Invoking command in '/home/ngan/Documents/test_github/lesson6_ws/build/image_geometry': DEBUGINFOD_URLS=https://debuginfod.ubuntu.com /usr/bin/cmake --install /home/ngan/Documents/test_github/lesson6_ws/build/image_geometry
[3.565s] -- Install configuration: ""
[3.565s] -- Up-to-date: /home/ngan/Documents/test_github/lesson6_ws/install/image_geometry/share/image_geometry/environment/pythonpath.sh
[3.565s] -- Up-to-date: /home/ngan/Documents/test_github/lesson6_ws/install/image_geometry/share/image_geometry/environment/pythonpath.dsv
[3.573s] -- Up-to-date: /home/ngan/Documents/test_github/lesson6_ws/install/image_geometry/lib/python3.12/site-packages/image_geometry-3.0.7-py3.12.egg-info
[3.573s] -- Installing: /home/ngan/Documents/test_github/lesson6_ws/install/image_geometry/lib/python3.12/site-packages/image_geometry-3.0.7-py3.12.egg-info/SOURCES.txt
[3.573s] -- Installing: /home/ngan/Documents/test_github/lesson6_ws/install/image_geometry/lib/python3.12/site-packages/image_geometry-3.0.7-py3.12.egg-info/dependency_links.txt
[3.574s] -- Installing: /home/ngan/Documents/test_github/lesson6_ws/install/image_geometry/lib/python3.12/site-packages/image_geometry-3.0.7-py3.12.egg-info/PKG-INFO
[3.574s] -- Installing: /home/ngan/Documents/test_github/lesson6_ws/install/image_geometry/lib/python3.12/site-packages/image_geometry-3.0.7-py3.12.egg-info/top_level.txt
[3.574s] -- Up-to-date: /home/ngan/Documents/test_github/lesson6_ws/install/image_geometry/lib/python3.12/site-packages/image_geometry
[3.574s] -- Up-to-date: /home/ngan/Documents/test_github/lesson6_ws/install/image_geometry/lib/python3.12/site-packages/image_geometry/__init__.py
[3.574s] -- Up-to-date: /home/ngan/Documents/test_github/lesson6_ws/install/image_geometry/lib/python3.12/site-packages/image_geometry/cameramodels.py
[4.014s] Listing '/home/ngan/Documents/test_github/lesson6_ws/install/image_geometry/lib/python3.12/site-packages/image_geometry'...
[4.505s] -- Up-to-date: /home/ngan/Documents/test_github/lesson6_ws/install/image_geometry/include/image_geometry
[4.578s] -- Up-to-date: /home/ngan/Documents/test_github/lesson6_ws/install/image_geometry/include/image_geometry/stereo_camera_model.h
[4.578s] -- Up-to-date: /home/ngan/Documents/test_github/lesson6_ws/install/image_geometry/include/image_geometry/visibility_control.hpp
[4.579s] -- Up-to-date: /home/ngan/Documents/test_github/lesson6_ws/install/image_geometry/include/image_geometry/pinhole_camera_model.h
[4.630s] -- Up-to-date: /home/ngan/Documents/test_github/lesson6_ws/install/image_geometry/lib/libimage_geometry.so
[4.671s] -- Up-to-date: /home/ngan/Documents/test_github/lesson6_ws/install/image_geometry/share/image_geometry/environment/library_path.sh
[4.671s] -- Up-to-date: /home/ngan/Documents/test_github/lesson6_ws/install/image_geometry/share/image_geometry/environment/library_path.dsv
[4.673s] -- Up-to-date: /home/ngan/Documents/test_github/lesson6_ws/install/image_geometry/share/ament_index/resource_index/package_run_dependencies/image_geometry
[4.683s] -- Up-to-date: /home/ngan/Documents/test_github/lesson6_ws/install/image_geometry/share/ament_index/resource_index/parent_prefix_path/image_geometry
[4.697s] -- Up-to-date: /home/ngan/Documents/test_github/lesson6_ws/install/image_geometry/share/image_geometry/environment/ament_prefix_path.sh
[4.779s] -- Up-to-date: /home/ngan/Documents/test_github/lesson6_ws/install/image_geometry/share/image_geometry/environment/ament_prefix_path.dsv
[4.779s] -- Up-to-date: /home/ngan/Documents/test_github/lesson6_ws/install/image_geometry/share/image_geometry/environment/path.sh
[4.780s] -- Up-to-date: /home/ngan/Documents/test_github/lesson6_ws/install/image_geometry/share/image_geometry/environment/path.dsv
[4.794s] -- Up-to-date: /home/ngan/Documents/test_github/lesson6_ws/install/image_geometry/share/image_geometry/local_setup.bash
[4.795s] -- Up-to-date: /home/ngan/Documents/test_github/lesson6_ws/install/image_geometry/share/image_geometry/local_setup.sh
[4.796s] -- Up-to-date: /home/ngan/Documents/test_github/lesson6_ws/install/image_geometry/share/image_geometry/local_setup.zsh
[4.796s] -- Up-to-date: /home/ngan/Documents/test_github/lesson6_ws/install/image_geometry/share/image_geometry/local_setup.dsv
[4.796s] -- Installing: /home/ngan/Documents/test_github/lesson6_ws/install/image_geometry/share/image_geometry/package.dsv
[4.796s] -- Up-to-date: /home/ngan/Documents/test_github/lesson6_ws/install/image_geometry/share/ament_index/resource_index/packages/image_geometry
[4.797s] -- Up-to-date: /home/ngan/Documents/test_github/lesson6_ws/install/image_geometry/share/image_geometry/cmake/ament_cmake_export_libraries-extras.cmake
[4.806s] -- Up-to-date: /home/ngan/Documents/test_github/lesson6_ws/install/image_geometry/share/image_geometry/cmake/ament_cmake_export_dependencies-extras.cmake
[4.807s] -- Up-to-date: /home/ngan/Documents/test_github/lesson6_ws/install/image_geometry/share/image_geometry/cmake/ament_cmake_export_include_directories-extras.cmake
[4.808s] -- Up-to-date: /home/ngan/Documents/test_github/lesson6_ws/install/image_geometry/share/image_geometry/cmake/image_geometryConfig.cmake
[4.815s] -- Up-to-date: /home/ngan/Documents/test_github/lesson6_ws/install/image_geometry/share/image_geometry/cmake/image_geometryConfig-version.cmake
[4.817s] -- Up-to-date: /home/ngan/Documents/test_github/lesson6_ws/install/image_geometry/share/image_geometry/package.xml
[5.112s] Invoked command in '/home/ngan/Documents/test_github/lesson6_ws/build/image_geometry' returned '0': DEBUGINFOD_URLS=https://debuginfod.ubuntu.com /usr/bin/cmake --install /home/ngan/Documents/test_github/lesson6_ws/build/image_geometry
