[0.045s] Invoking command in '/home/ngan/Documents/test_github/lesson6_ws/build/Darknet': DEBUGINFOD_URLS=https://debuginfod.ubuntu.com /usr/bin/cmake --build /home/ngan/Documents/test_github/lesson6_ws/build/Darknet -- -j4 -l4
[0.087s] Change Dir: '/home/ngan/Documents/test_github/lesson6_ws/build/Darknet'
[0.087s] 
[0.087s] Run Build Command(s): /usr/bin/cmake -E env VERBOSE=1 /usr/bin/gmake -f Makefile -j4 -l4
[0.151s] /usr/bin/cmake -S/home/ngan/Documents/test_github/lesson6_ws/src/rmitbot_vision/darknet_ros/darknet_ros/darknet -B/home/ngan/Documents/test_github/lesson6_ws/build/Darknet --check-build-system CMakeFiles/Makefile.cmake 0
[0.193s] /usr/bin/cmake -E cmake_progress_start /home/ngan/Documents/test_github/lesson6_ws/build/Darknet/CMakeFiles /home/ngan/Documents/test_github/lesson6_ws/build/Darknet//CMakeFiles/progress.marks
[0.267s] /usr/bin/gmake  -f CMakeFiles/Makefile2 all
[0.271s] gmake[1]: Entering directory '/home/ngan/Documents/test_github/lesson6_ws/build/Darknet'
[0.271s] /usr/bin/gmake  -f CMakeFiles/dark.dir/build.make CMakeFiles/dark.dir/depend
[0.281s] /usr/bin/gmake  -f CMakeFiles/darknet.dir/build.make CMakeFiles/darknet.dir/depend
[0.373s] gmake[2]: Entering directory '/home/ngan/Documents/test_github/lesson6_ws/build/Darknet'
[0.376s] cd /home/ngan/Documents/test_github/lesson6_ws/build/Darknet && /usr/bin/cmake -E cmake_depends "Unix Makefiles" /home/ngan/Documents/test_github/lesson6_ws/src/rmitbot_vision/darknet_ros/darknet_ros/darknet /home/ngan/Documents/test_github/lesson6_ws/src/rmitbot_vision/darknet_ros/darknet_ros/darknet /home/ngan/Documents/test_github/lesson6_ws/build/Darknet /home/ngan/Documents/test_github/lesson6_ws/build/Darknet /home/ngan/Documents/test_github/lesson6_ws/build/Darknet/CMakeFiles/dark.dir/DependInfo.cmake "--color="
[0.402s] gmake[2]: Entering directory '/home/ngan/Documents/test_github/lesson6_ws/build/Darknet'
[0.403s] cd /home/ngan/Documents/test_github/lesson6_ws/build/Darknet && /usr/bin/cmake -E cmake_depends "Unix Makefiles" /home/ngan/Documents/test_github/lesson6_ws/src/rmitbot_vision/darknet_ros/darknet_ros/darknet /home/ngan/Documents/test_github/lesson6_ws/src/rmitbot_vision/darknet_ros/darknet_ros/darknet /home/ngan/Documents/test_github/lesson6_ws/build/Darknet /home/ngan/Documents/test_github/lesson6_ws/build/Darknet /home/ngan/Documents/test_github/lesson6_ws/build/Darknet/CMakeFiles/darknet.dir/DependInfo.cmake "--color="
[0.451s] gmake[2]: Leaving directory '/home/ngan/Documents/test_github/lesson6_ws/build/Darknet'
[0.454s] /usr/bin/gmake  -f CMakeFiles/dark.dir/build.make CMakeFiles/dark.dir/build
[0.529s] gmake[2]: Leaving directory '/home/ngan/Documents/test_github/lesson6_ws/build/Darknet'
[0.530s] /usr/bin/gmake  -f CMakeFiles/darknet.dir/build.make CMakeFiles/darknet.dir/build
[0.545s] gmake[2]: Entering directory '/home/ngan/Documents/test_github/lesson6_ws/build/Darknet'
[0.546s] gmake[2]: Nothing to be done for 'CMakeFiles/dark.dir/build'.
[0.546s] gmake[2]: Leaving directory '/home/ngan/Documents/test_github/lesson6_ws/build/Darknet'
[0.577s] gmake[2]: Entering directory '/home/ngan/Documents/test_github/lesson6_ws/build/Darknet'
[0.580s] gmake[2]: Nothing to be done for 'CMakeFiles/darknet.dir/build'.
[0.580s] gmake[2]: Leaving directory '/home/ngan/Documents/test_github/lesson6_ws/build/Darknet'
[0.587s] [ 49%] Built target dark
[0.592s] /usr/bin/gmake  -f CMakeFiles/uselib.dir/build.make CMakeFiles/uselib.dir/depend
[0.603s] gmake[2]: Entering directory '/home/ngan/Documents/test_github/lesson6_ws/build/Darknet'
[0.604s] cd /home/ngan/Documents/test_github/lesson6_ws/build/Darknet && /usr/bin/cmake -E cmake_depends "Unix Makefiles" /home/ngan/Documents/test_github/lesson6_ws/src/rmitbot_vision/darknet_ros/darknet_ros/darknet /home/ngan/Documents/test_github/lesson6_ws/src/rmitbot_vision/darknet_ros/darknet_ros/darknet /home/ngan/Documents/test_github/lesson6_ws/build/Darknet /home/ngan/Documents/test_github/lesson6_ws/build/Darknet /home/ngan/Documents/test_github/lesson6_ws/build/Darknet/CMakeFiles/uselib.dir/DependInfo.cmake "--color="
[0.625s] [ 98%] Built target darknet
[0.699s] gmake[2]: Leaving directory '/home/ngan/Documents/test_github/lesson6_ws/build/Darknet'
[0.699s] /usr/bin/gmake  -f CMakeFiles/uselib.dir/build.make CMakeFiles/uselib.dir/build
[0.719s] gmake[2]: Entering directory '/home/ngan/Documents/test_github/lesson6_ws/build/Darknet'
[0.720s] gmake[2]: Nothing to be done for 'CMakeFiles/uselib.dir/build'.
[0.720s] gmake[2]: Leaving directory '/home/ngan/Documents/test_github/lesson6_ws/build/Darknet'
[0.769s] [100%] Built target uselib
[0.776s] gmake[1]: Leaving directory '/home/ngan/Documents/test_github/lesson6_ws/build/Darknet'
[0.777s] /usr/bin/cmake -E cmake_progress_start /home/ngan/Documents/test_github/lesson6_ws/build/Darknet/CMakeFiles 0
[0.885s] 
[0.891s] Invoked command in '/home/ngan/Documents/test_github/lesson6_ws/build/Darknet' returned '0': DEBUGINFOD_URLS=https://debuginfod.ubuntu.com /usr/bin/cmake --build /home/ngan/Documents/test_github/lesson6_ws/build/Darknet -- -j4 -l4
[0.980s] Invoking command in '/home/ngan/Documents/test_github/lesson6_ws/build/Darknet': DEBUGINFOD_URLS=https://debuginfod.ubuntu.com /usr/bin/cmake --install /home/ngan/Documents/test_github/lesson6_ws/build/Darknet
[1.019s] -- Install configuration: "Release"
[1.019s] -- Up-to-date: /home/ngan/Documents/test_github/lesson6_ws/src/rmitbot_vision/darknet_ros/darknet_ros/darknet/libdarknet.so
[1.019s] -- Up-to-date: /home/ngan/Documents/test_github/lesson6_ws/install/Darknet/include/darknet/darknet.h
[1.019s] -- Up-to-date: /home/ngan/Documents/test_github/lesson6_ws/install/Darknet/include/darknet/yolo_v2_class.hpp
[1.019s] -- Up-to-date: /home/ngan/Documents/test_github/lesson6_ws/src/rmitbot_vision/darknet_ros/darknet_ros/darknet/uselib
[1.027s] -- Up-to-date: /home/ngan/Documents/test_github/lesson6_ws/src/rmitbot_vision/darknet_ros/darknet_ros/darknet/darknet
[1.027s] -- Up-to-date: /home/ngan/Documents/test_github/lesson6_ws/install/Darknet/share/darknet/DarknetTargets.cmake
[1.027s] -- Up-to-date: /home/ngan/Documents/test_github/lesson6_ws/install/Darknet/share/darknet/DarknetTargets-release.cmake
[1.027s] -- Up-to-date: /home/ngan/Documents/test_github/lesson6_ws/install/Darknet/share/darknet/DarknetConfig.cmake
[1.027s] -- Up-to-date: /home/ngan/Documents/test_github/lesson6_ws/install/Darknet/share/darknet/DarknetConfigVersion.cmake
[1.036s] Invoked command in '/home/ngan/Documents/test_github/lesson6_ws/build/Darknet' returned '0': DEBUGINFOD_URLS=https://debuginfod.ubuntu.com /usr/bin/cmake --install /home/ngan/Documents/test_github/lesson6_ws/build/Darknet
