Change Dir: '/home/ngan/Documents/test_github/lesson6_ws/build/Darknet'

Run Build Command(s): /usr/bin/cmake -E env VERBOSE=1 /usr/bin/gmake -f Makefile -j4 -l4
/usr/bin/cmake -S/home/ngan/Documents/test_github/lesson6_ws/src/rmitbot_vision/darknet_ros/darknet_ros/darknet -B/home/ngan/Documents/test_github/lesson6_ws/build/Darknet --check-build-system CMakeFiles/Makefile.cmake 0
/usr/bin/cmake -E cmake_progress_start /home/ngan/Documents/test_github/lesson6_ws/build/Darknet/CMakeFiles /home/ngan/Documents/test_github/lesson6_ws/build/Darknet//CMakeFiles/progress.marks
/usr/bin/gmake  -f CMakeFiles/Makefile2 all
gmake[1]: Entering directory '/home/ngan/Documents/test_github/lesson6_ws/build/Darknet'
/usr/bin/gmake  -f CMakeFiles/dark.dir/build.make CMakeFiles/dark.dir/depend
gmake[2]: Entering directory '/home/ngan/Documents/test_github/lesson6_ws/build/Darknet'
cd /home/ngan/Documents/test_github/lesson6_ws/build/Darknet && /usr/bin/cmake -E cmake_depends "Unix Makefiles" /home/ngan/Documents/test_github/lesson6_ws/src/rmitbot_vision/darknet_ros/darknet_ros/darknet /home/ngan/Documents/test_github/lesson6_ws/src/rmitbot_vision/darknet_ros/darknet_ros/darknet /home/ngan/Documents/test_github/lesson6_ws/build/Darknet /home/ngan/Documents/test_github/lesson6_ws/build/Darknet /home/ngan/Documents/test_github/lesson6_ws/build/Darknet/CMakeFiles/dark.dir/DependInfo.cmake "--color="
Dependencies file "CMakeFiles/dark.dir/src/activations.c.o.d" is newer than depends file "/home/ngan/Documents/test_github/lesson6_ws/build/Darknet/CMakeFiles/dark.dir/compiler_depend.internal".
Dependencies file "CMakeFiles/dark.dir/src/art.c.o.d" is newer than depends file "/home/ngan/Documents/test_github/lesson6_ws/build/Darknet/CMakeFiles/dark.dir/compiler_depend.internal".
Dependencies file "CMakeFiles/dark.dir/src/avgpool_layer.c.o.d" is newer than depends file "/home/ngan/Documents/test_github/lesson6_ws/build/Darknet/CMakeFiles/dark.dir/compiler_depend.internal".
Dependencies file "CMakeFiles/dark.dir/src/batchnorm_layer.c.o.d" is newer than depends file "/home/ngan/Documents/test_github/lesson6_ws/build/Darknet/CMakeFiles/dark.dir/compiler_depend.internal".
Dependencies file "CMakeFiles/dark.dir/src/blas.c.o.d" is newer than depends file "/home/ngan/Documents/test_github/lesson6_ws/build/Darknet/CMakeFiles/dark.dir/compiler_depend.internal".
Dependencies file "CMakeFiles/dark.dir/src/box.c.o.d" is newer than depends file "/home/ngan/Documents/test_github/lesson6_ws/build/Darknet/CMakeFiles/dark.dir/compiler_depend.internal".
Dependencies file "CMakeFiles/dark.dir/src/captcha.c.o.d" is newer than depends file "/home/ngan/Documents/test_github/lesson6_ws/build/Darknet/CMakeFiles/dark.dir/compiler_depend.internal".
Dependencies file "CMakeFiles/dark.dir/src/cifar.c.o.d" is newer than depends file "/home/ngan/Documents/test_github/lesson6_ws/build/Darknet/CMakeFiles/dark.dir/compiler_depend.internal".
Dependencies file "CMakeFiles/dark.dir/src/classifier.c.o.d" is newer than depends file "/home/ngan/Documents/test_github/lesson6_ws/build/Darknet/CMakeFiles/dark.dir/compiler_depend.internal".
Dependencies file "CMakeFiles/dark.dir/src/coco.c.o.d" is newer than depends file "/home/ngan/Documents/test_github/lesson6_ws/build/Darknet/CMakeFiles/dark.dir/compiler_depend.internal".
Dependencies file "CMakeFiles/dark.dir/src/col2im.c.o.d" is newer than depends file "/home/ngan/Documents/test_github/lesson6_ws/build/Darknet/CMakeFiles/dark.dir/compiler_depend.internal".
Dependencies file "CMakeFiles/dark.dir/src/compare.c.o.d" is newer than depends file "/home/ngan/Documents/test_github/lesson6_ws/build/Darknet/CMakeFiles/dark.dir/compiler_depend.internal".
Dependencies file "CMakeFiles/dark.dir/src/connected_layer.c.o.d" is newer than depends file "/home/ngan/Documents/test_github/lesson6_ws/build/Darknet/CMakeFiles/dark.dir/compiler_depend.internal".
Dependencies file "CMakeFiles/dark.dir/src/conv_lstm_layer.c.o.d" is newer than depends file "/home/ngan/Documents/test_github/lesson6_ws/build/Darknet/CMakeFiles/dark.dir/compiler_depend.internal".
Dependencies file "CMakeFiles/dark.dir/src/convolutional_layer.c.o.d" is newer than depends file "/home/ngan/Documents/test_github/lesson6_ws/build/Darknet/CMakeFiles/dark.dir/compiler_depend.internal".
Dependencies file "CMakeFiles/dark.dir/src/cost_layer.c.o.d" is newer than depends file "/home/ngan/Documents/test_github/lesson6_ws/build/Darknet/CMakeFiles/dark.dir/compiler_depend.internal".
Dependencies file "CMakeFiles/dark.dir/src/cpu_gemm.c.o.d" is newer than depends file "/home/ngan/Documents/test_github/lesson6_ws/build/Darknet/CMakeFiles/dark.dir/compiler_depend.internal".
Dependencies file "CMakeFiles/dark.dir/src/crnn_layer.c.o.d" is newer than depends file "/home/ngan/Documents/test_github/lesson6_ws/build/Darknet/CMakeFiles/dark.dir/compiler_depend.internal".
Dependencies file "CMakeFiles/dark.dir/src/crop_layer.c.o.d" is newer than depends file "/home/ngan/Documents/test_github/lesson6_ws/build/Darknet/CMakeFiles/dark.dir/compiler_depend.internal".
Dependencies file "CMakeFiles/dark.dir/src/dark_cuda.c.o.d" is newer than depends file "/home/ngan/Documents/test_github/lesson6_ws/build/Darknet/CMakeFiles/dark.dir/compiler_depend.internal".
Dependencies file "CMakeFiles/dark.dir/src/data.c.o.d" is newer than depends file "/home/ngan/Documents/test_github/lesson6_ws/build/Darknet/CMakeFiles/dark.dir/compiler_depend.internal".
Dependencies file "CMakeFiles/dark.dir/src/deconvolutional_layer.c.o.d" is newer than depends file "/home/ngan/Documents/test_github/lesson6_ws/build/Darknet/CMakeFiles/dark.dir/compiler_depend.internal".
Dependencies file "CMakeFiles/dark.dir/src/demo.c.o.d" is newer than depends file "/home/ngan/Documents/test_github/lesson6_ws/build/Darknet/CMakeFiles/dark.dir/compiler_depend.internal".
Dependencies file "CMakeFiles/dark.dir/src/detection_layer.c.o.d" is newer than depends file "/home/ngan/Documents/test_github/lesson6_ws/build/Darknet/CMakeFiles/dark.dir/compiler_depend.internal".
Dependencies file "CMakeFiles/dark.dir/src/detector.c.o.d" is newer than depends file "/home/ngan/Documents/test_github/lesson6_ws/build/Darknet/CMakeFiles/dark.dir/compiler_depend.internal".
Dependencies file "CMakeFiles/dark.dir/src/dice.c.o.d" is newer than depends file "/home/ngan/Documents/test_github/lesson6_ws/build/Darknet/CMakeFiles/dark.dir/compiler_depend.internal".
Dependencies file "CMakeFiles/dark.dir/src/dropout_layer.c.o.d" is newer than depends file "/home/ngan/Documents/test_github/lesson6_ws/build/Darknet/CMakeFiles/dark.dir/compiler_depend.internal".
Dependencies file "CMakeFiles/dark.dir/src/gaussian_yolo_layer.c.o.d" is newer than depends file "/home/ngan/Documents/test_github/lesson6_ws/build/Darknet/CMakeFiles/dark.dir/compiler_depend.internal".
Dependencies file "CMakeFiles/dark.dir/src/gemm.c.o.d" is newer than depends file "/home/ngan/Documents/test_github/lesson6_ws/build/Darknet/CMakeFiles/dark.dir/compiler_depend.internal".
Dependencies file "CMakeFiles/dark.dir/src/go.c.o.d" is newer than depends file "/home/ngan/Documents/test_github/lesson6_ws/build/Darknet/CMakeFiles/dark.dir/compiler_depend.internal".
Dependencies file "CMakeFiles/dark.dir/src/gru_layer.c.o.d" is newer than depends file "/home/ngan/Documents/test_github/lesson6_ws/build/Darknet/CMakeFiles/dark.dir/compiler_depend.internal".
Dependencies file "CMakeFiles/dark.dir/src/im2col.c.o.d" is newer than depends file "/home/ngan/Documents/test_github/lesson6_ws/build/Darknet/CMakeFiles/dark.dir/compiler_depend.internal".
Dependencies file "CMakeFiles/dark.dir/src/image.c.o.d" is newer than depends file "/home/ngan/Documents/test_github/lesson6_ws/build/Darknet/CMakeFiles/dark.dir/compiler_depend.internal".
Dependencies file "CMakeFiles/dark.dir/src/layer.c.o.d" is newer than depends file "/home/ngan/Documents/test_github/lesson6_ws/build/Darknet/CMakeFiles/dark.dir/compiler_depend.internal".
Dependencies file "CMakeFiles/dark.dir/src/list.c.o.d" is newer than depends file "/home/ngan/Documents/test_github/lesson6_ws/build/Darknet/CMakeFiles/dark.dir/compiler_depend.internal".
Dependencies file "CMakeFiles/dark.dir/src/local_layer.c.o.d" is newer than depends file "/home/ngan/Documents/test_github/lesson6_ws/build/Darknet/CMakeFiles/dark.dir/compiler_depend.internal".
Dependencies file "CMakeFiles/dark.dir/src/lstm_layer.c.o.d" is newer than depends file "/home/ngan/Documents/test_github/lesson6_ws/build/Darknet/CMakeFiles/dark.dir/compiler_depend.internal".
Dependencies file "CMakeFiles/dark.dir/src/matrix.c.o.d" is newer than depends file "/home/ngan/Documents/test_github/lesson6_ws/build/Darknet/CMakeFiles/dark.dir/compiler_depend.internal".
Dependencies file "CMakeFiles/dark.dir/src/maxpool_layer.c.o.d" is newer than depends file "/home/ngan/Documents/test_github/lesson6_ws/build/Darknet/CMakeFiles/dark.dir/compiler_depend.internal".
Dependencies file "CMakeFiles/dark.dir/src/network.c.o.d" is newer than depends file "/home/ngan/Documents/test_github/lesson6_ws/build/Darknet/CMakeFiles/dark.dir/compiler_depend.internal".
Dependencies file "CMakeFiles/dark.dir/src/nightmare.c.o.d" is newer than depends file "/home/ngan/Documents/test_github/lesson6_ws/build/Darknet/CMakeFiles/dark.dir/compiler_depend.internal".
Dependencies file "CMakeFiles/dark.dir/src/normalization_layer.c.o.d" is newer than depends file "/home/ngan/Documents/test_github/lesson6_ws/build/Darknet/CMakeFiles/dark.dir/compiler_depend.internal".
Dependencies file "CMakeFiles/dark.dir/src/option_list.c.o.d" is newer than depends file "/home/ngan/Documents/test_github/lesson6_ws/build/Darknet/CMakeFiles/dark.dir/compiler_depend.internal".
Dependencies file "CMakeFiles/dark.dir/src/parser.c.o.d" is newer than depends file "/home/ngan/Documents/test_github/lesson6_ws/build/Darknet/CMakeFiles/dark.dir/compiler_depend.internal".
Dependencies file "CMakeFiles/dark.dir/src/region_layer.c.o.d" is newer than depends file "/home/ngan/Documents/test_github/lesson6_ws/build/Darknet/CMakeFiles/dark.dir/compiler_depend.internal".
Dependencies file "CMakeFiles/dark.dir/src/reorg_layer.c.o.d" is newer than depends file "/home/ngan/Documents/test_github/lesson6_ws/build/Darknet/CMakeFiles/dark.dir/compiler_depend.internal".
Dependencies file "CMakeFiles/dark.dir/src/reorg_old_layer.c.o.d" is newer than depends file "/home/ngan/Documents/test_github/lesson6_ws/build/Darknet/CMakeFiles/dark.dir/compiler_depend.internal".
Dependencies file "CMakeFiles/dark.dir/src/representation_layer.c.o.d" is newer than depends file "/home/ngan/Documents/test_github/lesson6_ws/build/Darknet/CMakeFiles/dark.dir/compiler_depend.internal".
Dependencies file "CMakeFiles/dark.dir/src/rnn.c.o.d" is newer than depends file "/home/ngan/Documents/test_github/lesson6_ws/build/Darknet/CMakeFiles/dark.dir/compiler_depend.internal".
Dependencies file "CMakeFiles/dark.dir/src/rnn_layer.c.o.d" is newer than depends file "/home/ngan/Documents/test_github/lesson6_ws/build/Darknet/CMakeFiles/dark.dir/compiler_depend.internal".
Dependencies file "CMakeFiles/dark.dir/src/rnn_vid.c.o.d" is newer than depends file "/home/ngan/Documents/test_github/lesson6_ws/build/Darknet/CMakeFiles/dark.dir/compiler_depend.internal".
Dependencies file "CMakeFiles/dark.dir/src/route_layer.c.o.d" is newer than depends file "/home/ngan/Documents/test_github/lesson6_ws/build/Darknet/CMakeFiles/dark.dir/compiler_depend.internal".
Dependencies file "CMakeFiles/dark.dir/src/sam_layer.c.o.d" is newer than depends file "/home/ngan/Documents/test_github/lesson6_ws/build/Darknet/CMakeFiles/dark.dir/compiler_depend.internal".
Dependencies file "CMakeFiles/dark.dir/src/scale_channels_layer.c.o.d" is newer than depends file "/home/ngan/Documents/test_github/lesson6_ws/build/Darknet/CMakeFiles/dark.dir/compiler_depend.internal".
Dependencies file "CMakeFiles/dark.dir/src/shortcut_layer.c.o.d" is newer than depends file "/home/ngan/Documents/test_github/lesson6_ws/build/Darknet/CMakeFiles/dark.dir/compiler_depend.internal".
Dependencies file "CMakeFiles/dark.dir/src/softmax_layer.c.o.d" is newer than depends file "/home/ngan/Documents/test_github/lesson6_ws/build/Darknet/CMakeFiles/dark.dir/compiler_depend.internal".
Dependencies file "CMakeFiles/dark.dir/src/super.c.o.d" is newer than depends file "/home/ngan/Documents/test_github/lesson6_ws/build/Darknet/CMakeFiles/dark.dir/compiler_depend.internal".
Dependencies file "CMakeFiles/dark.dir/src/swag.c.o.d" is newer than depends file "/home/ngan/Documents/test_github/lesson6_ws/build/Darknet/CMakeFiles/dark.dir/compiler_depend.internal".
Dependencies file "CMakeFiles/dark.dir/src/tag.c.o.d" is newer than depends file "/home/ngan/Documents/test_github/lesson6_ws/build/Darknet/CMakeFiles/dark.dir/compiler_depend.internal".
Dependencies file "CMakeFiles/dark.dir/src/tree.c.o.d" is newer than depends file "/home/ngan/Documents/test_github/lesson6_ws/build/Darknet/CMakeFiles/dark.dir/compiler_depend.internal".
Dependencies file "CMakeFiles/dark.dir/src/upsample_layer.c.o.d" is newer than depends file "/home/ngan/Documents/test_github/lesson6_ws/build/Darknet/CMakeFiles/dark.dir/compiler_depend.internal".
Dependencies file "CMakeFiles/dark.dir/src/utils.c.o.d" is newer than depends file "/home/ngan/Documents/test_github/lesson6_ws/build/Darknet/CMakeFiles/dark.dir/compiler_depend.internal".
Dependencies file "CMakeFiles/dark.dir/src/voxel.c.o.d" is newer than depends file "/home/ngan/Documents/test_github/lesson6_ws/build/Darknet/CMakeFiles/dark.dir/compiler_depend.internal".
Dependencies file "CMakeFiles/dark.dir/src/writing.c.o.d" is newer than depends file "/home/ngan/Documents/test_github/lesson6_ws/build/Darknet/CMakeFiles/dark.dir/compiler_depend.internal".
Dependencies file "CMakeFiles/dark.dir/src/yolo.c.o.d" is newer than depends file "/home/ngan/Documents/test_github/lesson6_ws/build/Darknet/CMakeFiles/dark.dir/compiler_depend.internal".
Dependencies file "CMakeFiles/dark.dir/src/yolo_layer.c.o.d" is newer than depends file "/home/ngan/Documents/test_github/lesson6_ws/build/Darknet/CMakeFiles/dark.dir/compiler_depend.internal".
Dependencies file "CMakeFiles/dark.dir/src/http_stream.cpp.o.d" is newer than depends file "/home/ngan/Documents/test_github/lesson6_ws/build/Darknet/CMakeFiles/dark.dir/compiler_depend.internal".
Dependencies file "CMakeFiles/dark.dir/src/yolo_v2_class.cpp.o.d" is newer than depends file "/home/ngan/Documents/test_github/lesson6_ws/build/Darknet/CMakeFiles/dark.dir/compiler_depend.internal".
[35m[1mConsolidate compiler generated dependencies of target dark[0m
gmake[2]: Leaving directory '/home/ngan/Documents/test_github/lesson6_ws/build/Darknet'
/usr/bin/gmake  -f CMakeFiles/dark.dir/build.make CMakeFiles/dark.dir/build
gmake[2]: Entering directory '/home/ngan/Documents/test_github/lesson6_ws/build/Darknet'
[  1%] [32mBuilding C object CMakeFiles/dark.dir/src/activation_layer.c.o[0m
/usr/bin/cc -DLIB_EXPORTS=1 -DOPENCV -DUSE_CMAKE_LIBS -Ddark_EXPORTS -I/home/ngan/Documents/test_github/lesson6_ws/src/rmitbot_vision/darknet_ros/darknet_ros/darknet/include -I/home/ngan/Documents/test_github/lesson6_ws/src/rmitbot_vision/darknet_ros/darknet_ros/darknet/src -I/home/ngan/Documents/test_github/lesson6_ws/src/rmitbot_vision/darknet_ros/darknet_ros/darknet/3rdparty/stb/include -isystem /usr/include/opencv4 -Wall -Wno-unused-result -Wno-unknown-pragmas -Wfatal-errors -Wno-deprecated-declarations -Wno-write-strings -Wl,-Bsymbolic  -Ofast -DNDEBUG -fPIC -fopenmp -MD -MT CMakeFiles/dark.dir/src/activation_layer.c.o -MF CMakeFiles/dark.dir/src/activation_layer.c.o.d -o CMakeFiles/dark.dir/src/activation_layer.c.o -c /home/ngan/Documents/test_github/lesson6_ws/src/rmitbot_vision/darknet_ros/darknet_ros/darknet/src/activation_layer.c
[  2%] [32mBuilding CXX object CMakeFiles/dark.dir/src/image_opencv.cpp.o[0m
/usr/bin/c++ -DLIB_EXPORTS=1 -DOPENCV -DUSE_CMAKE_LIBS -Ddark_EXPORTS -I/home/ngan/Documents/test_github/lesson6_ws/src/rmitbot_vision/darknet_ros/darknet_ros/darknet/include -I/home/ngan/Documents/test_github/lesson6_ws/src/rmitbot_vision/darknet_ros/darknet_ros/darknet/src -I/home/ngan/Documents/test_github/lesson6_ws/src/rmitbot_vision/darknet_ros/darknet_ros/darknet/3rdparty/stb/include -isystem /usr/include/opencv4 -Wall -Wno-unused-result -Wno-unknown-pragmas -Wfatal-errors -Wno-deprecated-declarations -Wno-write-strings -Wl,-Bsymbolic  -Ofast -DNDEBUG -std=gnu++11 -fPIC -fvisibility=hidden -fopenmp -MD -MT CMakeFiles/dark.dir/src/image_opencv.cpp.o -MF CMakeFiles/dark.dir/src/image_opencv.cpp.o.d -o CMakeFiles/dark.dir/src/image_opencv.cpp.o -c /home/ngan/Documents/test_github/lesson6_ws/src/rmitbot_vision/darknet_ros/darknet_ros/darknet/src/image_opencv.cpp
[  3%] [32m[1mLinking CXX shared library libdarknet.so[0m
/usr/bin/cmake -E cmake_link_script CMakeFiles/dark.dir/link.txt --verbose=1
/usr/bin/c++ -fPIC -Wall -Wno-unused-result -Wno-unknown-pragmas -Wfatal-errors -Wno-deprecated-declarations -Wno-write-strings -Wl,-Bsymbolic  -Ofast -DNDEBUG -shared -Wl,-soname,libdarknet.so -o libdarknet.so CMakeFiles/dark.dir/src/yolo_v2_class.cpp.o CMakeFiles/dark.dir/src/activation_layer.c.o CMakeFiles/dark.dir/src/activations.c.o CMakeFiles/dark.dir/src/art.c.o CMakeFiles/dark.dir/src/avgpool_layer.c.o CMakeFiles/dark.dir/src/batchnorm_layer.c.o CMakeFiles/dark.dir/src/blas.c.o CMakeFiles/dark.dir/src/box.c.o CMakeFiles/dark.dir/src/captcha.c.o CMakeFiles/dark.dir/src/cifar.c.o CMakeFiles/dark.dir/src/classifier.c.o CMakeFiles/dark.dir/src/coco.c.o CMakeFiles/dark.dir/src/col2im.c.o CMakeFiles/dark.dir/src/compare.c.o CMakeFiles/dark.dir/src/connected_layer.c.o CMakeFiles/dark.dir/src/conv_lstm_layer.c.o CMakeFiles/dark.dir/src/convolutional_layer.c.o CMakeFiles/dark.dir/src/cost_layer.c.o CMakeFiles/dark.dir/src/cpu_gemm.c.o CMakeFiles/dark.dir/src/crnn_layer.c.o CMakeFiles/dark.dir/src/crop_layer.c.o CMakeFiles/dark.dir/src/dark_cuda.c.o CMakeFiles/dark.dir/src/data.c.o CMakeFiles/dark.dir/src/deconvolutional_layer.c.o CMakeFiles/dark.dir/src/demo.c.o CMakeFiles/dark.dir/src/detection_layer.c.o CMakeFiles/dark.dir/src/detector.c.o CMakeFiles/dark.dir/src/dice.c.o CMakeFiles/dark.dir/src/dropout_layer.c.o CMakeFiles/dark.dir/src/gaussian_yolo_layer.c.o CMakeFiles/dark.dir/src/gemm.c.o CMakeFiles/dark.dir/src/go.c.o CMakeFiles/dark.dir/src/gru_layer.c.o CMakeFiles/dark.dir/src/im2col.c.o CMakeFiles/dark.dir/src/image.c.o CMakeFiles/dark.dir/src/layer.c.o CMakeFiles/dark.dir/src/list.c.o CMakeFiles/dark.dir/src/local_layer.c.o CMakeFiles/dark.dir/src/lstm_layer.c.o CMakeFiles/dark.dir/src/matrix.c.o CMakeFiles/dark.dir/src/maxpool_layer.c.o CMakeFiles/dark.dir/src/network.c.o CMakeFiles/dark.dir/src/nightmare.c.o CMakeFiles/dark.dir/src/normalization_layer.c.o CMakeFiles/dark.dir/src/option_list.c.o CMakeFiles/dark.dir/src/parser.c.o CMakeFiles/dark.dir/src/region_layer.c.o CMakeFiles/dark.dir/src/reorg_layer.c.o CMakeFiles/dark.dir/src/reorg_old_layer.c.o CMakeFiles/dark.dir/src/representation_layer.c.o CMakeFiles/dark.dir/src/rnn.c.o CMakeFiles/dark.dir/src/rnn_layer.c.o CMakeFiles/dark.dir/src/rnn_vid.c.o CMakeFiles/dark.dir/src/route_layer.c.o CMakeFiles/dark.dir/src/sam_layer.c.o CMakeFiles/dark.dir/src/scale_channels_layer.c.o CMakeFiles/dark.dir/src/shortcut_layer.c.o CMakeFiles/dark.dir/src/softmax_layer.c.o CMakeFiles/dark.dir/src/super.c.o CMakeFiles/dark.dir/src/swag.c.o CMakeFiles/dark.dir/src/tag.c.o CMakeFiles/dark.dir/src/tree.c.o CMakeFiles/dark.dir/src/upsample_layer.c.o CMakeFiles/dark.dir/src/utils.c.o CMakeFiles/dark.dir/src/voxel.c.o CMakeFiles/dark.dir/src/writing.c.o CMakeFiles/dark.dir/src/yolo.c.o CMakeFiles/dark.dir/src/yolo_layer.c.o CMakeFiles/dark.dir/src/http_stream.cpp.o CMakeFiles/dark.dir/src/image_opencv.cpp.o  /usr/lib/aarch64-linux-gnu/libopencv_stitching.so.4.6.0 /usr/lib/aarch64-linux-gnu/libopencv_alphamat.so.4.6.0 /usr/lib/aarch64-linux-gnu/libopencv_aruco.so.4.6.0 /usr/lib/aarch64-linux-gnu/libopencv_barcode.so.4.6.0 /usr/lib/aarch64-linux-gnu/libopencv_bgsegm.so.4.6.0 /usr/lib/aarch64-linux-gnu/libopencv_bioinspired.so.4.6.0 /usr/lib/aarch64-linux-gnu/libopencv_ccalib.so.4.6.0 /usr/lib/aarch64-linux-gnu/libopencv_cvv.so.4.6.0 /usr/lib/aarch64-linux-gnu/libopencv_dnn_objdetect.so.4.6.0 /usr/lib/aarch64-linux-gnu/libopencv_dnn_superres.so.4.6.0 /usr/lib/aarch64-linux-gnu/libopencv_dpm.so.4.6.0 /usr/lib/aarch64-linux-gnu/libopencv_face.so.4.6.0 /usr/lib/aarch64-linux-gnu/libopencv_freetype.so.4.6.0 /usr/lib/aarch64-linux-gnu/libopencv_fuzzy.so.4.6.0 /usr/lib/aarch64-linux-gnu/libopencv_hdf.so.4.6.0 /usr/lib/aarch64-linux-gnu/libopencv_hfs.so.4.6.0 /usr/lib/aarch64-linux-gnu/libopencv_img_hash.so.4.6.0 /usr/lib/aarch64-linux-gnu/libopencv_intensity_transform.so.4.6.0 /usr/lib/aarch64-linux-gnu/libopencv_line_descriptor.so.4.6.0 /usr/lib/aarch64-linux-gnu/libopencv_mcc.so.4.6.0 /usr/lib/aarch64-linux-gnu/libopencv_quality.so.4.6.0 /usr/lib/aarch64-linux-gnu/libopencv_rapid.so.4.6.0 /usr/lib/aarch64-linux-gnu/libopencv_reg.so.4.6.0 /usr/lib/aarch64-linux-gnu/libopencv_rgbd.so.4.6.0 /usr/lib/aarch64-linux-gnu/libopencv_saliency.so.4.6.0 /usr/lib/aarch64-linux-gnu/libopencv_shape.so.4.6.0 /usr/lib/aarch64-linux-gnu/libopencv_stereo.so.4.6.0 /usr/lib/aarch64-linux-gnu/libopencv_structured_light.so.4.6.0 /usr/lib/aarch64-linux-gnu/libopencv_superres.so.4.6.0 /usr/lib/aarch64-linux-gnu/libopencv_surface_matching.so.4.6.0 /usr/lib/aarch64-linux-gnu/libopencv_tracking.so.4.6.0 /usr/lib/aarch64-linux-gnu/libopencv_videostab.so.4.6.0 /usr/lib/aarch64-linux-gnu/libopencv_viz.so.4.6.0 /usr/lib/aarch64-linux-gnu/libopencv_wechat_qrcode.so.4.6.0 /usr/lib/aarch64-linux-gnu/libopencv_xobjdetect.so.4.6.0 /usr/lib/aarch64-linux-gnu/libopencv_xphoto.so.4.6.0 -lm /usr/lib/aarch64-linux-gnu/libopencv_highgui.so.4.6.0 /usr/lib/aarch64-linux-gnu/libopencv_datasets.so.4.6.0 /usr/lib/aarch64-linux-gnu/libopencv_plot.so.4.6.0 /usr/lib/aarch64-linux-gnu/libopencv_text.so.4.6.0 /usr/lib/aarch64-linux-gnu/libopencv_ml.so.4.6.0 /usr/lib/aarch64-linux-gnu/libopencv_phase_unwrapping.so.4.6.0 /usr/lib/aarch64-linux-gnu/libopencv_optflow.so.4.6.0 /usr/lib/aarch64-linux-gnu/libopencv_ximgproc.so.4.6.0 /usr/lib/aarch64-linux-gnu/libopencv_video.so.4.6.0 /usr/lib/aarch64-linux-gnu/libopencv_videoio.so.4.6.0 /usr/lib/aarch64-linux-gnu/libopencv_imgcodecs.so.4.6.0 /usr/lib/aarch64-linux-gnu/libopencv_objdetect.so.4.6.0 /usr/lib/aarch64-linux-gnu/libopencv_calib3d.so.4.6.0 /usr/lib/aarch64-linux-gnu/libopencv_dnn.so.4.6.0 /usr/lib/aarch64-linux-gnu/libopencv_features2d.so.4.6.0 /usr/lib/aarch64-linux-gnu/libopencv_flann.so.4.6.0 /usr/lib/aarch64-linux-gnu/libopencv_photo.so.4.6.0 /usr/lib/aarch64-linux-gnu/libopencv_imgproc.so.4.6.0 /usr/lib/aarch64-linux-gnu/libopencv_core.so.4.6.0 /usr/lib/gcc/aarch64-linux-gnu/13/libgomp.so /usr/lib/aarch64-linux-gnu/libpthread.a 
gmake[2]: Leaving directory '/home/ngan/Documents/test_github/lesson6_ws/build/Darknet'
[ 49%] Built target dark
/usr/bin/gmake  -f CMakeFiles/darknet.dir/build.make CMakeFiles/darknet.dir/depend
gmake[2]: Entering directory '/home/ngan/Documents/test_github/lesson6_ws/build/Darknet'
cd /home/ngan/Documents/test_github/lesson6_ws/build/Darknet && /usr/bin/cmake -E cmake_depends "Unix Makefiles" /home/ngan/Documents/test_github/lesson6_ws/src/rmitbot_vision/darknet_ros/darknet_ros/darknet /home/ngan/Documents/test_github/lesson6_ws/src/rmitbot_vision/darknet_ros/darknet_ros/darknet /home/ngan/Documents/test_github/lesson6_ws/build/Darknet /home/ngan/Documents/test_github/lesson6_ws/build/Darknet /home/ngan/Documents/test_github/lesson6_ws/build/Darknet/CMakeFiles/darknet.dir/DependInfo.cmake "--color="
gmake[2]: Leaving directory '/home/ngan/Documents/test_github/lesson6_ws/build/Darknet'
/usr/bin/gmake  -f CMakeFiles/darknet.dir/build.make CMakeFiles/darknet.dir/build
gmake[2]: Entering directory '/home/ngan/Documents/test_github/lesson6_ws/build/Darknet'
[ 50%] [32mBuilding C object CMakeFiles/darknet.dir/src/darknet.c.o[0m
/usr/bin/cc -DOPENCV -DUSE_CMAKE_LIBS -I/home/ngan/Documents/test_github/lesson6_ws/src/rmitbot_vision/darknet_ros/darknet_ros/darknet/include -I/home/ngan/Documents/test_github/lesson6_ws/src/rmitbot_vision/darknet_ros/darknet_ros/darknet/src -I/home/ngan/Documents/test_github/lesson6_ws/src/rmitbot_vision/darknet_ros/darknet_ros/darknet/3rdparty/stb/include -isystem /usr/include/opencv4 -Wall -Wno-unused-result -Wno-unknown-pragmas -Wfatal-errors -Wno-deprecated-declarations -Wno-write-strings -Wl,-Bsymbolic  -Ofast -DNDEBUG -fopenmp -MD -MT CMakeFiles/darknet.dir/src/darknet.c.o -MF CMakeFiles/darknet.dir/src/darknet.c.o.d -o CMakeFiles/darknet.dir/src/darknet.c.o -c /home/ngan/Documents/test_github/lesson6_ws/src/rmitbot_vision/darknet_ros/darknet_ros/darknet/src/darknet.c
[ 51%] [32mBuilding C object CMakeFiles/darknet.dir/src/activations.c.o[0m
/usr/bin/cc -DOPENCV -DUSE_CMAKE_LIBS -I/home/ngan/Documents/test_github/lesson6_ws/src/rmitbot_vision/darknet_ros/darknet_ros/darknet/include -I/home/ngan/Documents/test_github/lesson6_ws/src/rmitbot_vision/darknet_ros/darknet_ros/darknet/src -I/home/ngan/Documents/test_github/lesson6_ws/src/rmitbot_vision/darknet_ros/darknet_ros/darknet/3rdparty/stb/include -isystem /usr/include/opencv4 -Wall -Wno-unused-result -Wno-unknown-pragmas -Wfatal-errors -Wno-deprecated-declarations -Wno-write-strings -Wl,-Bsymbolic  -Ofast -DNDEBUG -fopenmp -MD -MT CMakeFiles/darknet.dir/src/activations.c.o -MF CMakeFiles/darknet.dir/src/activations.c.o.d -o CMakeFiles/darknet.dir/src/activations.c.o -c /home/ngan/Documents/test_github/lesson6_ws/src/rmitbot_vision/darknet_ros/darknet_ros/darknet/src/activations.c
[ 52%] [32mBuilding C object CMakeFiles/darknet.dir/src/art.c.o[0m
/usr/bin/cc -DOPENCV -DUSE_CMAKE_LIBS -I/home/ngan/Documents/test_github/lesson6_ws/src/rmitbot_vision/darknet_ros/darknet_ros/darknet/include -I/home/ngan/Documents/test_github/lesson6_ws/src/rmitbot_vision/darknet_ros/darknet_ros/darknet/src -I/home/ngan/Documents/test_github/lesson6_ws/src/rmitbot_vision/darknet_ros/darknet_ros/darknet/3rdparty/stb/include -isystem /usr/include/opencv4 -Wall -Wno-unused-result -Wno-unknown-pragmas -Wfatal-errors -Wno-deprecated-declarations -Wno-write-strings -Wl,-Bsymbolic  -Ofast -DNDEBUG -fopenmp -MD -MT CMakeFiles/darknet.dir/src/art.c.o -MF CMakeFiles/darknet.dir/src/art.c.o.d -o CMakeFiles/darknet.dir/src/art.c.o -c /home/ngan/Documents/test_github/lesson6_ws/src/rmitbot_vision/darknet_ros/darknet_ros/darknet/src/art.c
[ 52%] [32mBuilding C object CMakeFiles/darknet.dir/src/avgpool_layer.c.o[0m
/usr/bin/cc -DOPENCV -DUSE_CMAKE_LIBS -I/home/ngan/Documents/test_github/lesson6_ws/src/rmitbot_vision/darknet_ros/darknet_ros/darknet/include -I/home/ngan/Documents/test_github/lesson6_ws/src/rmitbot_vision/darknet_ros/darknet_ros/darknet/src -I/home/ngan/Documents/test_github/lesson6_ws/src/rmitbot_vision/darknet_ros/darknet_ros/darknet/3rdparty/stb/include -isystem /usr/include/opencv4 -Wall -Wno-unused-result -Wno-unknown-pragmas -Wfatal-errors -Wno-deprecated-declarations -Wno-write-strings -Wl,-Bsymbolic  -Ofast -DNDEBUG -fopenmp -MD -MT CMakeFiles/darknet.dir/src/avgpool_layer.c.o -MF CMakeFiles/darknet.dir/src/avgpool_layer.c.o.d -o CMakeFiles/darknet.dir/src/avgpool_layer.c.o -c /home/ngan/Documents/test_github/lesson6_ws/src/rmitbot_vision/darknet_ros/darknet_ros/darknet/src/avgpool_layer.c
[ 53%] [32mBuilding C object CMakeFiles/darknet.dir/src/batchnorm_layer.c.o[0m
/usr/bin/cc -DOPENCV -DUSE_CMAKE_LIBS -I/home/ngan/Documents/test_github/lesson6_ws/src/rmitbot_vision/darknet_ros/darknet_ros/darknet/include -I/home/ngan/Documents/test_github/lesson6_ws/src/rmitbot_vision/darknet_ros/darknet_ros/darknet/src -I/home/ngan/Documents/test_github/lesson6_ws/src/rmitbot_vision/darknet_ros/darknet_ros/darknet/3rdparty/stb/include -isystem /usr/include/opencv4 -Wall -Wno-unused-result -Wno-unknown-pragmas -Wfatal-errors -Wno-deprecated-declarations -Wno-write-strings -Wl,-Bsymbolic  -Ofast -DNDEBUG -fopenmp -MD -MT CMakeFiles/darknet.dir/src/batchnorm_layer.c.o -MF CMakeFiles/darknet.dir/src/batchnorm_layer.c.o.d -o CMakeFiles/darknet.dir/src/batchnorm_layer.c.o -c /home/ngan/Documents/test_github/lesson6_ws/src/rmitbot_vision/darknet_ros/darknet_ros/darknet/src/batchnorm_layer.c
[ 54%] [32mBuilding C object CMakeFiles/darknet.dir/src/blas.c.o[0m
/usr/bin/cc -DOPENCV -DUSE_CMAKE_LIBS -I/home/ngan/Documents/test_github/lesson6_ws/src/rmitbot_vision/darknet_ros/darknet_ros/darknet/include -I/home/ngan/Documents/test_github/lesson6_ws/src/rmitbot_vision/darknet_ros/darknet_ros/darknet/src -I/home/ngan/Documents/test_github/lesson6_ws/src/rmitbot_vision/darknet_ros/darknet_ros/darknet/3rdparty/stb/include -isystem /usr/include/opencv4 -Wall -Wno-unused-result -Wno-unknown-pragmas -Wfatal-errors -Wno-deprecated-declarations -Wno-write-strings -Wl,-Bsymbolic  -Ofast -DNDEBUG -fopenmp -MD -MT CMakeFiles/darknet.dir/src/blas.c.o -MF CMakeFiles/darknet.dir/src/blas.c.o.d -o CMakeFiles/darknet.dir/src/blas.c.o -c /home/ngan/Documents/test_github/lesson6_ws/src/rmitbot_vision/darknet_ros/darknet_ros/darknet/src/blas.c
[ 54%] [32mBuilding C object CMakeFiles/darknet.dir/src/box.c.o[0m
/usr/bin/cc -DOPENCV -DUSE_CMAKE_LIBS -I/home/ngan/Documents/test_github/lesson6_ws/src/rmitbot_vision/darknet_ros/darknet_ros/darknet/include -I/home/ngan/Documents/test_github/lesson6_ws/src/rmitbot_vision/darknet_ros/darknet_ros/darknet/src -I/home/ngan/Documents/test_github/lesson6_ws/src/rmitbot_vision/darknet_ros/darknet_ros/darknet/3rdparty/stb/include -isystem /usr/include/opencv4 -Wall -Wno-unused-result -Wno-unknown-pragmas -Wfatal-errors -Wno-deprecated-declarations -Wno-write-strings -Wl,-Bsymbolic  -Ofast -DNDEBUG -fopenmp -MD -MT CMakeFiles/darknet.dir/src/box.c.o -MF CMakeFiles/darknet.dir/src/box.c.o.d -o CMakeFiles/darknet.dir/src/box.c.o -c /home/ngan/Documents/test_github/lesson6_ws/src/rmitbot_vision/darknet_ros/darknet_ros/darknet/src/box.c
[ 55%] [32mBuilding C object CMakeFiles/darknet.dir/src/captcha.c.o[0m
/usr/bin/cc -DOPENCV -DUSE_CMAKE_LIBS -I/home/ngan/Documents/test_github/lesson6_ws/src/rmitbot_vision/darknet_ros/darknet_ros/darknet/include -I/home/ngan/Documents/test_github/lesson6_ws/src/rmitbot_vision/darknet_ros/darknet_ros/darknet/src -I/home/ngan/Documents/test_github/lesson6_ws/src/rmitbot_vision/darknet_ros/darknet_ros/darknet/3rdparty/stb/include -isystem /usr/include/opencv4 -Wall -Wno-unused-result -Wno-unknown-pragmas -Wfatal-errors -Wno-deprecated-declarations -Wno-write-strings -Wl,-Bsymbolic  -Ofast -DNDEBUG -fopenmp -MD -MT CMakeFiles/darknet.dir/src/captcha.c.o -MF CMakeFiles/darknet.dir/src/captcha.c.o.d -o CMakeFiles/darknet.dir/src/captcha.c.o -c /home/ngan/Documents/test_github/lesson6_ws/src/rmitbot_vision/darknet_ros/darknet_ros/darknet/src/captcha.c
[ 56%] [32mBuilding C object CMakeFiles/darknet.dir/src/cifar.c.o[0m
/usr/bin/cc -DOPENCV -DUSE_CMAKE_LIBS -I/home/ngan/Documents/test_github/lesson6_ws/src/rmitbot_vision/darknet_ros/darknet_ros/darknet/include -I/home/ngan/Documents/test_github/lesson6_ws/src/rmitbot_vision/darknet_ros/darknet_ros/darknet/src -I/home/ngan/Documents/test_github/lesson6_ws/src/rmitbot_vision/darknet_ros/darknet_ros/darknet/3rdparty/stb/include -isystem /usr/include/opencv4 -Wall -Wno-unused-result -Wno-unknown-pragmas -Wfatal-errors -Wno-deprecated-declarations -Wno-write-strings -Wl,-Bsymbolic  -Ofast -DNDEBUG -fopenmp -MD -MT CMakeFiles/darknet.dir/src/cifar.c.o -MF CMakeFiles/darknet.dir/src/cifar.c.o.d -o CMakeFiles/darknet.dir/src/cifar.c.o -c /home/ngan/Documents/test_github/lesson6_ws/src/rmitbot_vision/darknet_ros/darknet_ros/darknet/src/cifar.c
[ 56%] [32mBuilding C object CMakeFiles/darknet.dir/src/classifier.c.o[0m
/usr/bin/cc -DOPENCV -DUSE_CMAKE_LIBS -I/home/ngan/Documents/test_github/lesson6_ws/src/rmitbot_vision/darknet_ros/darknet_ros/darknet/include -I/home/ngan/Documents/test_github/lesson6_ws/src/rmitbot_vision/darknet_ros/darknet_ros/darknet/src -I/home/ngan/Documents/test_github/lesson6_ws/src/rmitbot_vision/darknet_ros/darknet_ros/darknet/3rdparty/stb/include -isystem /usr/include/opencv4 -Wall -Wno-unused-result -Wno-unknown-pragmas -Wfatal-errors -Wno-deprecated-declarations -Wno-write-strings -Wl,-Bsymbolic  -Ofast -DNDEBUG -fopenmp -MD -MT CMakeFiles/darknet.dir/src/classifier.c.o -MF CMakeFiles/darknet.dir/src/classifier.c.o.d -o CMakeFiles/darknet.dir/src/classifier.c.o -c /home/ngan/Documents/test_github/lesson6_ws/src/rmitbot_vision/darknet_ros/darknet_ros/darknet/src/classifier.c
[ 57%] [32mBuilding C object CMakeFiles/darknet.dir/src/coco.c.o[0m
/usr/bin/cc -DOPENCV -DUSE_CMAKE_LIBS -I/home/ngan/Documents/test_github/lesson6_ws/src/rmitbot_vision/darknet_ros/darknet_ros/darknet/include -I/home/ngan/Documents/test_github/lesson6_ws/src/rmitbot_vision/darknet_ros/darknet_ros/darknet/src -I/home/ngan/Documents/test_github/lesson6_ws/src/rmitbot_vision/darknet_ros/darknet_ros/darknet/3rdparty/stb/include -isystem /usr/include/opencv4 -Wall -Wno-unused-result -Wno-unknown-pragmas -Wfatal-errors -Wno-deprecated-declarations -Wno-write-strings -Wl,-Bsymbolic  -Ofast -DNDEBUG -fopenmp -MD -MT CMakeFiles/darknet.dir/src/coco.c.o -MF CMakeFiles/darknet.dir/src/coco.c.o.d -o CMakeFiles/darknet.dir/src/coco.c.o -c /home/ngan/Documents/test_github/lesson6_ws/src/rmitbot_vision/darknet_ros/darknet_ros/darknet/src/coco.c
[ 58%] [32mBuilding C object CMakeFiles/darknet.dir/src/col2im.c.o[0m
/usr/bin/cc -DOPENCV -DUSE_CMAKE_LIBS -I/home/ngan/Documents/test_github/lesson6_ws/src/rmitbot_vision/darknet_ros/darknet_ros/darknet/include -I/home/ngan/Documents/test_github/lesson6_ws/src/rmitbot_vision/darknet_ros/darknet_ros/darknet/src -I/home/ngan/Documents/test_github/lesson6_ws/src/rmitbot_vision/darknet_ros/darknet_ros/darknet/3rdparty/stb/include -isystem /usr/include/opencv4 -Wall -Wno-unused-result -Wno-unknown-pragmas -Wfatal-errors -Wno-deprecated-declarations -Wno-write-strings -Wl,-Bsymbolic  -Ofast -DNDEBUG -fopenmp -MD -MT CMakeFiles/darknet.dir/src/col2im.c.o -MF CMakeFiles/darknet.dir/src/col2im.c.o.d -o CMakeFiles/darknet.dir/src/col2im.c.o -c /home/ngan/Documents/test_github/lesson6_ws/src/rmitbot_vision/darknet_ros/darknet_ros/darknet/src/col2im.c
[ 59%] [32mBuilding C object CMakeFiles/darknet.dir/src/compare.c.o[0m
/usr/bin/cc -DOPENCV -DUSE_CMAKE_LIBS -I/home/ngan/Documents/test_github/lesson6_ws/src/rmitbot_vision/darknet_ros/darknet_ros/darknet/include -I/home/ngan/Documents/test_github/lesson6_ws/src/rmitbot_vision/darknet_ros/darknet_ros/darknet/src -I/home/ngan/Documents/test_github/lesson6_ws/src/rmitbot_vision/darknet_ros/darknet_ros/darknet/3rdparty/stb/include -isystem /usr/include/opencv4 -Wall -Wno-unused-result -Wno-unknown-pragmas -Wfatal-errors -Wno-deprecated-declarations -Wno-write-strings -Wl,-Bsymbolic  -Ofast -DNDEBUG -fopenmp -MD -MT CMakeFiles/darknet.dir/src/compare.c.o -MF CMakeFiles/darknet.dir/src/compare.c.o.d -o CMakeFiles/darknet.dir/src/compare.c.o -c /home/ngan/Documents/test_github/lesson6_ws/src/rmitbot_vision/darknet_ros/darknet_ros/darknet/src/compare.c
[ 59%] [32mBuilding C object CMakeFiles/darknet.dir/src/connected_layer.c.o[0m
/usr/bin/cc -DOPENCV -DUSE_CMAKE_LIBS -I/home/ngan/Documents/test_github/lesson6_ws/src/rmitbot_vision/darknet_ros/darknet_ros/darknet/include -I/home/ngan/Documents/test_github/lesson6_ws/src/rmitbot_vision/darknet_ros/darknet_ros/darknet/src -I/home/ngan/Documents/test_github/lesson6_ws/src/rmitbot_vision/darknet_ros/darknet_ros/darknet/3rdparty/stb/include -isystem /usr/include/opencv4 -Wall -Wno-unused-result -Wno-unknown-pragmas -Wfatal-errors -Wno-deprecated-declarations -Wno-write-strings -Wl,-Bsymbolic  -Ofast -DNDEBUG -fopenmp -MD -MT CMakeFiles/darknet.dir/src/connected_layer.c.o -MF CMakeFiles/darknet.dir/src/connected_layer.c.o.d -o CMakeFiles/darknet.dir/src/connected_layer.c.o -c /home/ngan/Documents/test_github/lesson6_ws/src/rmitbot_vision/darknet_ros/darknet_ros/darknet/src/connected_layer.c
[ 60%] [32mBuilding C object CMakeFiles/darknet.dir/src/conv_lstm_layer.c.o[0m
/usr/bin/cc -DOPENCV -DUSE_CMAKE_LIBS -I/home/ngan/Documents/test_github/lesson6_ws/src/rmitbot_vision/darknet_ros/darknet_ros/darknet/include -I/home/ngan/Documents/test_github/lesson6_ws/src/rmitbot_vision/darknet_ros/darknet_ros/darknet/src -I/home/ngan/Documents/test_github/lesson6_ws/src/rmitbot_vision/darknet_ros/darknet_ros/darknet/3rdparty/stb/include -isystem /usr/include/opencv4 -Wall -Wno-unused-result -Wno-unknown-pragmas -Wfatal-errors -Wno-deprecated-declarations -Wno-write-strings -Wl,-Bsymbolic  -Ofast -DNDEBUG -fopenmp -MD -MT CMakeFiles/darknet.dir/src/conv_lstm_layer.c.o -MF CMakeFiles/darknet.dir/src/conv_lstm_layer.c.o.d -o CMakeFiles/darknet.dir/src/conv_lstm_layer.c.o -c /home/ngan/Documents/test_github/lesson6_ws/src/rmitbot_vision/darknet_ros/darknet_ros/darknet/src/conv_lstm_layer.c
[ 61%] [32mBuilding C object CMakeFiles/darknet.dir/src/convolutional_layer.c.o[0m
/usr/bin/cc -DOPENCV -DUSE_CMAKE_LIBS -I/home/ngan/Documents/test_github/lesson6_ws/src/rmitbot_vision/darknet_ros/darknet_ros/darknet/include -I/home/ngan/Documents/test_github/lesson6_ws/src/rmitbot_vision/darknet_ros/darknet_ros/darknet/src -I/home/ngan/Documents/test_github/lesson6_ws/src/rmitbot_vision/darknet_ros/darknet_ros/darknet/3rdparty/stb/include -isystem /usr/include/opencv4 -Wall -Wno-unused-result -Wno-unknown-pragmas -Wfatal-errors -Wno-deprecated-declarations -Wno-write-strings -Wl,-Bsymbolic  -Ofast -DNDEBUG -fopenmp -MD -MT CMakeFiles/darknet.dir/src/convolutional_layer.c.o -MF CMakeFiles/darknet.dir/src/convolutional_layer.c.o.d -o CMakeFiles/darknet.dir/src/convolutional_layer.c.o -c /home/ngan/Documents/test_github/lesson6_ws/src/rmitbot_vision/darknet_ros/darknet_ros/darknet/src/convolutional_layer.c
[ 61%] [32mBuilding C object CMakeFiles/darknet.dir/src/cost_layer.c.o[0m
/usr/bin/cc -DOPENCV -DUSE_CMAKE_LIBS -I/home/ngan/Documents/test_github/lesson6_ws/src/rmitbot_vision/darknet_ros/darknet_ros/darknet/include -I/home/ngan/Documents/test_github/lesson6_ws/src/rmitbot_vision/darknet_ros/darknet_ros/darknet/src -I/home/ngan/Documents/test_github/lesson6_ws/src/rmitbot_vision/darknet_ros/darknet_ros/darknet/3rdparty/stb/include -isystem /usr/include/opencv4 -Wall -Wno-unused-result -Wno-unknown-pragmas -Wfatal-errors -Wno-deprecated-declarations -Wno-write-strings -Wl,-Bsymbolic  -Ofast -DNDEBUG -fopenmp -MD -MT CMakeFiles/darknet.dir/src/cost_layer.c.o -MF CMakeFiles/darknet.dir/src/cost_layer.c.o.d -o CMakeFiles/darknet.dir/src/cost_layer.c.o -c /home/ngan/Documents/test_github/lesson6_ws/src/rmitbot_vision/darknet_ros/darknet_ros/darknet/src/cost_layer.c
[ 62%] [32mBuilding C object CMakeFiles/darknet.dir/src/cpu_gemm.c.o[0m
/usr/bin/cc -DOPENCV -DUSE_CMAKE_LIBS -I/home/ngan/Documents/test_github/lesson6_ws/src/rmitbot_vision/darknet_ros/darknet_ros/darknet/include -I/home/ngan/Documents/test_github/lesson6_ws/src/rmitbot_vision/darknet_ros/darknet_ros/darknet/src -I/home/ngan/Documents/test_github/lesson6_ws/src/rmitbot_vision/darknet_ros/darknet_ros/darknet/3rdparty/stb/include -isystem /usr/include/opencv4 -Wall -Wno-unused-result -Wno-unknown-pragmas -Wfatal-errors -Wno-deprecated-declarations -Wno-write-strings -Wl,-Bsymbolic  -Ofast -DNDEBUG -fopenmp -MD -MT CMakeFiles/darknet.dir/src/cpu_gemm.c.o -MF CMakeFiles/darknet.dir/src/cpu_gemm.c.o.d -o CMakeFiles/darknet.dir/src/cpu_gemm.c.o -c /home/ngan/Documents/test_github/lesson6_ws/src/rmitbot_vision/darknet_ros/darknet_ros/darknet/src/cpu_gemm.c
[ 63%] [32mBuilding C object CMakeFiles/darknet.dir/src/crnn_layer.c.o[0m
/usr/bin/cc -DOPENCV -DUSE_CMAKE_LIBS -I/home/ngan/Documents/test_github/lesson6_ws/src/rmitbot_vision/darknet_ros/darknet_ros/darknet/include -I/home/ngan/Documents/test_github/lesson6_ws/src/rmitbot_vision/darknet_ros/darknet_ros/darknet/src -I/home/ngan/Documents/test_github/lesson6_ws/src/rmitbot_vision/darknet_ros/darknet_ros/darknet/3rdparty/stb/include -isystem /usr/include/opencv4 -Wall -Wno-unused-result -Wno-unknown-pragmas -Wfatal-errors -Wno-deprecated-declarations -Wno-write-strings -Wl,-Bsymbolic  -Ofast -DNDEBUG -fopenmp -MD -MT CMakeFiles/darknet.dir/src/crnn_layer.c.o -MF CMakeFiles/darknet.dir/src/crnn_layer.c.o.d -o CMakeFiles/darknet.dir/src/crnn_layer.c.o -c /home/ngan/Documents/test_github/lesson6_ws/src/rmitbot_vision/darknet_ros/darknet_ros/darknet/src/crnn_layer.c
[ 63%] [32mBuilding C object CMakeFiles/darknet.dir/src/crop_layer.c.o[0m
/usr/bin/cc -DOPENCV -DUSE_CMAKE_LIBS -I/home/ngan/Documents/test_github/lesson6_ws/src/rmitbot_vision/darknet_ros/darknet_ros/darknet/include -I/home/ngan/Documents/test_github/lesson6_ws/src/rmitbot_vision/darknet_ros/darknet_ros/darknet/src -I/home/ngan/Documents/test_github/lesson6_ws/src/rmitbot_vision/darknet_ros/darknet_ros/darknet/3rdparty/stb/include -isystem /usr/include/opencv4 -Wall -Wno-unused-result -Wno-unknown-pragmas -Wfatal-errors -Wno-deprecated-declarations -Wno-write-strings -Wl,-Bsymbolic  -Ofast -DNDEBUG -fopenmp -MD -MT CMakeFiles/darknet.dir/src/crop_layer.c.o -MF CMakeFiles/darknet.dir/src/crop_layer.c.o.d -o CMakeFiles/darknet.dir/src/crop_layer.c.o -c /home/ngan/Documents/test_github/lesson6_ws/src/rmitbot_vision/darknet_ros/darknet_ros/darknet/src/crop_layer.c
[ 64%] [32mBuilding C object CMakeFiles/darknet.dir/src/dark_cuda.c.o[0m
/usr/bin/cc -DOPENCV -DUSE_CMAKE_LIBS -I/home/ngan/Documents/test_github/lesson6_ws/src/rmitbot_vision/darknet_ros/darknet_ros/darknet/include -I/home/ngan/Documents/test_github/lesson6_ws/src/rmitbot_vision/darknet_ros/darknet_ros/darknet/src -I/home/ngan/Documents/test_github/lesson6_ws/src/rmitbot_vision/darknet_ros/darknet_ros/darknet/3rdparty/stb/include -isystem /usr/include/opencv4 -Wall -Wno-unused-result -Wno-unknown-pragmas -Wfatal-errors -Wno-deprecated-declarations -Wno-write-strings -Wl,-Bsymbolic  -Ofast -DNDEBUG -fopenmp -MD -MT CMakeFiles/darknet.dir/src/dark_cuda.c.o -MF CMakeFiles/darknet.dir/src/dark_cuda.c.o.d -o CMakeFiles/darknet.dir/src/dark_cuda.c.o -c /home/ngan/Documents/test_github/lesson6_ws/src/rmitbot_vision/darknet_ros/darknet_ros/darknet/src/dark_cuda.c
[ 65%] [32mBuilding C object CMakeFiles/darknet.dir/src/data.c.o[0m
/usr/bin/cc -DOPENCV -DUSE_CMAKE_LIBS -I/home/ngan/Documents/test_github/lesson6_ws/src/rmitbot_vision/darknet_ros/darknet_ros/darknet/include -I/home/ngan/Documents/test_github/lesson6_ws/src/rmitbot_vision/darknet_ros/darknet_ros/darknet/src -I/home/ngan/Documents/test_github/lesson6_ws/src/rmitbot_vision/darknet_ros/darknet_ros/darknet/3rdparty/stb/include -isystem /usr/include/opencv4 -Wall -Wno-unused-result -Wno-unknown-pragmas -Wfatal-errors -Wno-deprecated-declarations -Wno-write-strings -Wl,-Bsymbolic  -Ofast -DNDEBUG -fopenmp -MD -MT CMakeFiles/darknet.dir/src/data.c.o -MF CMakeFiles/darknet.dir/src/data.c.o.d -o CMakeFiles/darknet.dir/src/data.c.o -c /home/ngan/Documents/test_github/lesson6_ws/src/rmitbot_vision/darknet_ros/darknet_ros/darknet/src/data.c
[ 65%] [32mBuilding C object CMakeFiles/darknet.dir/src/deconvolutional_layer.c.o[0m
/usr/bin/cc -DOPENCV -DUSE_CMAKE_LIBS -I/home/ngan/Documents/test_github/lesson6_ws/src/rmitbot_vision/darknet_ros/darknet_ros/darknet/include -I/home/ngan/Documents/test_github/lesson6_ws/src/rmitbot_vision/darknet_ros/darknet_ros/darknet/src -I/home/ngan/Documents/test_github/lesson6_ws/src/rmitbot_vision/darknet_ros/darknet_ros/darknet/3rdparty/stb/include -isystem /usr/include/opencv4 -Wall -Wno-unused-result -Wno-unknown-pragmas -Wfatal-errors -Wno-deprecated-declarations -Wno-write-strings -Wl,-Bsymbolic  -Ofast -DNDEBUG -fopenmp -MD -MT CMakeFiles/darknet.dir/src/deconvolutional_layer.c.o -MF CMakeFiles/darknet.dir/src/deconvolutional_layer.c.o.d -o CMakeFiles/darknet.dir/src/deconvolutional_layer.c.o -c /home/ngan/Documents/test_github/lesson6_ws/src/rmitbot_vision/darknet_ros/darknet_ros/darknet/src/deconvolutional_layer.c
[ 66%] [32mBuilding C object CMakeFiles/darknet.dir/src/demo.c.o[0m
/usr/bin/cc -DOPENCV -DUSE_CMAKE_LIBS -I/home/ngan/Documents/test_github/lesson6_ws/src/rmitbot_vision/darknet_ros/darknet_ros/darknet/include -I/home/ngan/Documents/test_github/lesson6_ws/src/rmitbot_vision/darknet_ros/darknet_ros/darknet/src -I/home/ngan/Documents/test_github/lesson6_ws/src/rmitbot_vision/darknet_ros/darknet_ros/darknet/3rdparty/stb/include -isystem /usr/include/opencv4 -Wall -Wno-unused-result -Wno-unknown-pragmas -Wfatal-errors -Wno-deprecated-declarations -Wno-write-strings -Wl,-Bsymbolic  -Ofast -DNDEBUG -fopenmp -MD -MT CMakeFiles/darknet.dir/src/demo.c.o -MF CMakeFiles/darknet.dir/src/demo.c.o.d -o CMakeFiles/darknet.dir/src/demo.c.o -c /home/ngan/Documents/test_github/lesson6_ws/src/rmitbot_vision/darknet_ros/darknet_ros/darknet/src/demo.c
[ 67%] [32mBuilding C object CMakeFiles/darknet.dir/src/detection_layer.c.o[0m
/usr/bin/cc -DOPENCV -DUSE_CMAKE_LIBS -I/home/ngan/Documents/test_github/lesson6_ws/src/rmitbot_vision/darknet_ros/darknet_ros/darknet/include -I/home/ngan/Documents/test_github/lesson6_ws/src/rmitbot_vision/darknet_ros/darknet_ros/darknet/src -I/home/ngan/Documents/test_github/lesson6_ws/src/rmitbot_vision/darknet_ros/darknet_ros/darknet/3rdparty/stb/include -isystem /usr/include/opencv4 -Wall -Wno-unused-result -Wno-unknown-pragmas -Wfatal-errors -Wno-deprecated-declarations -Wno-write-strings -Wl,-Bsymbolic  -Ofast -DNDEBUG -fopenmp -MD -MT CMakeFiles/darknet.dir/src/detection_layer.c.o -MF CMakeFiles/darknet.dir/src/detection_layer.c.o.d -o CMakeFiles/darknet.dir/src/detection_layer.c.o -c /home/ngan/Documents/test_github/lesson6_ws/src/rmitbot_vision/darknet_ros/darknet_ros/darknet/src/detection_layer.c
[ 68%] [32mBuilding C object CMakeFiles/darknet.dir/src/detector.c.o[0m
/usr/bin/cc -DOPENCV -DUSE_CMAKE_LIBS -I/home/ngan/Documents/test_github/lesson6_ws/src/rmitbot_vision/darknet_ros/darknet_ros/darknet/include -I/home/ngan/Documents/test_github/lesson6_ws/src/rmitbot_vision/darknet_ros/darknet_ros/darknet/src -I/home/ngan/Documents/test_github/lesson6_ws/src/rmitbot_vision/darknet_ros/darknet_ros/darknet/3rdparty/stb/include -isystem /usr/include/opencv4 -Wall -Wno-unused-result -Wno-unknown-pragmas -Wfatal-errors -Wno-deprecated-declarations -Wno-write-strings -Wl,-Bsymbolic  -Ofast -DNDEBUG -fopenmp -MD -MT CMakeFiles/darknet.dir/src/detector.c.o -MF CMakeFiles/darknet.dir/src/detector.c.o.d -o CMakeFiles/darknet.dir/src/detector.c.o -c /home/ngan/Documents/test_github/lesson6_ws/src/rmitbot_vision/darknet_ros/darknet_ros/darknet/src/detector.c
[ 68%] [32mBuilding C object CMakeFiles/darknet.dir/src/dice.c.o[0m
/usr/bin/cc -DOPENCV -DUSE_CMAKE_LIBS -I/home/ngan/Documents/test_github/lesson6_ws/src/rmitbot_vision/darknet_ros/darknet_ros/darknet/include -I/home/ngan/Documents/test_github/lesson6_ws/src/rmitbot_vision/darknet_ros/darknet_ros/darknet/src -I/home/ngan/Documents/test_github/lesson6_ws/src/rmitbot_vision/darknet_ros/darknet_ros/darknet/3rdparty/stb/include -isystem /usr/include/opencv4 -Wall -Wno-unused-result -Wno-unknown-pragmas -Wfatal-errors -Wno-deprecated-declarations -Wno-write-strings -Wl,-Bsymbolic  -Ofast -DNDEBUG -fopenmp -MD -MT CMakeFiles/darknet.dir/src/dice.c.o -MF CMakeFiles/darknet.dir/src/dice.c.o.d -o CMakeFiles/darknet.dir/src/dice.c.o -c /home/ngan/Documents/test_github/lesson6_ws/src/rmitbot_vision/darknet_ros/darknet_ros/darknet/src/dice.c
[ 69%] [32mBuilding C object CMakeFiles/darknet.dir/src/dropout_layer.c.o[0m
/usr/bin/cc -DOPENCV -DUSE_CMAKE_LIBS -I/home/ngan/Documents/test_github/lesson6_ws/src/rmitbot_vision/darknet_ros/darknet_ros/darknet/include -I/home/ngan/Documents/test_github/lesson6_ws/src/rmitbot_vision/darknet_ros/darknet_ros/darknet/src -I/home/ngan/Documents/test_github/lesson6_ws/src/rmitbot_vision/darknet_ros/darknet_ros/darknet/3rdparty/stb/include -isystem /usr/include/opencv4 -Wall -Wno-unused-result -Wno-unknown-pragmas -Wfatal-errors -Wno-deprecated-declarations -Wno-write-strings -Wl,-Bsymbolic  -Ofast -DNDEBUG -fopenmp -MD -MT CMakeFiles/darknet.dir/src/dropout_layer.c.o -MF CMakeFiles/darknet.dir/src/dropout_layer.c.o.d -o CMakeFiles/darknet.dir/src/dropout_layer.c.o -c /home/ngan/Documents/test_github/lesson6_ws/src/rmitbot_vision/darknet_ros/darknet_ros/darknet/src/dropout_layer.c
[ 70%] [32mBuilding C object CMakeFiles/darknet.dir/src/gaussian_yolo_layer.c.o[0m
/usr/bin/cc -DOPENCV -DUSE_CMAKE_LIBS -I/home/ngan/Documents/test_github/lesson6_ws/src/rmitbot_vision/darknet_ros/darknet_ros/darknet/include -I/home/ngan/Documents/test_github/lesson6_ws/src/rmitbot_vision/darknet_ros/darknet_ros/darknet/src -I/home/ngan/Documents/test_github/lesson6_ws/src/rmitbot_vision/darknet_ros/darknet_ros/darknet/3rdparty/stb/include -isystem /usr/include/opencv4 -Wall -Wno-unused-result -Wno-unknown-pragmas -Wfatal-errors -Wno-deprecated-declarations -Wno-write-strings -Wl,-Bsymbolic  -Ofast -DNDEBUG -fopenmp -MD -MT CMakeFiles/darknet.dir/src/gaussian_yolo_layer.c.o -MF CMakeFiles/darknet.dir/src/gaussian_yolo_layer.c.o.d -o CMakeFiles/darknet.dir/src/gaussian_yolo_layer.c.o -c /home/ngan/Documents/test_github/lesson6_ws/src/rmitbot_vision/darknet_ros/darknet_ros/darknet/src/gaussian_yolo_layer.c
[ 70%] [32mBuilding C object CMakeFiles/darknet.dir/src/gemm.c.o[0m
/usr/bin/cc -DOPENCV -DUSE_CMAKE_LIBS -I/home/ngan/Documents/test_github/lesson6_ws/src/rmitbot_vision/darknet_ros/darknet_ros/darknet/include -I/home/ngan/Documents/test_github/lesson6_ws/src/rmitbot_vision/darknet_ros/darknet_ros/darknet/src -I/home/ngan/Documents/test_github/lesson6_ws/src/rmitbot_vision/darknet_ros/darknet_ros/darknet/3rdparty/stb/include -isystem /usr/include/opencv4 -Wall -Wno-unused-result -Wno-unknown-pragmas -Wfatal-errors -Wno-deprecated-declarations -Wno-write-strings -Wl,-Bsymbolic  -Ofast -DNDEBUG -fopenmp -MD -MT CMakeFiles/darknet.dir/src/gemm.c.o -MF CMakeFiles/darknet.dir/src/gemm.c.o.d -o CMakeFiles/darknet.dir/src/gemm.c.o -c /home/ngan/Documents/test_github/lesson6_ws/src/rmitbot_vision/darknet_ros/darknet_ros/darknet/src/gemm.c
[ 71%] [32mBuilding C object CMakeFiles/darknet.dir/src/go.c.o[0m
/usr/bin/cc -DOPENCV -DUSE_CMAKE_LIBS -I/home/ngan/Documents/test_github/lesson6_ws/src/rmitbot_vision/darknet_ros/darknet_ros/darknet/include -I/home/ngan/Documents/test_github/lesson6_ws/src/rmitbot_vision/darknet_ros/darknet_ros/darknet/src -I/home/ngan/Documents/test_github/lesson6_ws/src/rmitbot_vision/darknet_ros/darknet_ros/darknet/3rdparty/stb/include -isystem /usr/include/opencv4 -Wall -Wno-unused-result -Wno-unknown-pragmas -Wfatal-errors -Wno-deprecated-declarations -Wno-write-strings -Wl,-Bsymbolic  -Ofast -DNDEBUG -fopenmp -MD -MT CMakeFiles/darknet.dir/src/go.c.o -MF CMakeFiles/darknet.dir/src/go.c.o.d -o CMakeFiles/darknet.dir/src/go.c.o -c /home/ngan/Documents/test_github/lesson6_ws/src/rmitbot_vision/darknet_ros/darknet_ros/darknet/src/go.c
[ 72%] [32mBuilding C object CMakeFiles/darknet.dir/src/gru_layer.c.o[0m
/usr/bin/cc -DOPENCV -DUSE_CMAKE_LIBS -I/home/ngan/Documents/test_github/lesson6_ws/src/rmitbot_vision/darknet_ros/darknet_ros/darknet/include -I/home/ngan/Documents/test_github/lesson6_ws/src/rmitbot_vision/darknet_ros/darknet_ros/darknet/src -I/home/ngan/Documents/test_github/lesson6_ws/src/rmitbot_vision/darknet_ros/darknet_ros/darknet/3rdparty/stb/include -isystem /usr/include/opencv4 -Wall -Wno-unused-result -Wno-unknown-pragmas -Wfatal-errors -Wno-deprecated-declarations -Wno-write-strings -Wl,-Bsymbolic  -Ofast -DNDEBUG -fopenmp -MD -MT CMakeFiles/darknet.dir/src/gru_layer.c.o -MF CMakeFiles/darknet.dir/src/gru_layer.c.o.d -o CMakeFiles/darknet.dir/src/gru_layer.c.o -c /home/ngan/Documents/test_github/lesson6_ws/src/rmitbot_vision/darknet_ros/darknet_ros/darknet/src/gru_layer.c
[ 72%] [32mBuilding C object CMakeFiles/darknet.dir/src/im2col.c.o[0m
/usr/bin/cc -DOPENCV -DUSE_CMAKE_LIBS -I/home/ngan/Documents/test_github/lesson6_ws/src/rmitbot_vision/darknet_ros/darknet_ros/darknet/include -I/home/ngan/Documents/test_github/lesson6_ws/src/rmitbot_vision/darknet_ros/darknet_ros/darknet/src -I/home/ngan/Documents/test_github/lesson6_ws/src/rmitbot_vision/darknet_ros/darknet_ros/darknet/3rdparty/stb/include -isystem /usr/include/opencv4 -Wall -Wno-unused-result -Wno-unknown-pragmas -Wfatal-errors -Wno-deprecated-declarations -Wno-write-strings -Wl,-Bsymbolic  -Ofast -DNDEBUG -fopenmp -MD -MT CMakeFiles/darknet.dir/src/im2col.c.o -MF CMakeFiles/darknet.dir/src/im2col.c.o.d -o CMakeFiles/darknet.dir/src/im2col.c.o -c /home/ngan/Documents/test_github/lesson6_ws/src/rmitbot_vision/darknet_ros/darknet_ros/darknet/src/im2col.c
[ 73%] [32mBuilding C object CMakeFiles/darknet.dir/src/image.c.o[0m
/usr/bin/cc -DOPENCV -DUSE_CMAKE_LIBS -I/home/ngan/Documents/test_github/lesson6_ws/src/rmitbot_vision/darknet_ros/darknet_ros/darknet/include -I/home/ngan/Documents/test_github/lesson6_ws/src/rmitbot_vision/darknet_ros/darknet_ros/darknet/src -I/home/ngan/Documents/test_github/lesson6_ws/src/rmitbot_vision/darknet_ros/darknet_ros/darknet/3rdparty/stb/include -isystem /usr/include/opencv4 -Wall -Wno-unused-result -Wno-unknown-pragmas -Wfatal-errors -Wno-deprecated-declarations -Wno-write-strings -Wl,-Bsymbolic  -Ofast -DNDEBUG -fopenmp -MD -MT CMakeFiles/darknet.dir/src/image.c.o -MF CMakeFiles/darknet.dir/src/image.c.o.d -o CMakeFiles/darknet.dir/src/image.c.o -c /home/ngan/Documents/test_github/lesson6_ws/src/rmitbot_vision/darknet_ros/darknet_ros/darknet/src/image.c
[ 74%] [32mBuilding C object CMakeFiles/darknet.dir/src/layer.c.o[0m
/usr/bin/cc -DOPENCV -DUSE_CMAKE_LIBS -I/home/ngan/Documents/test_github/lesson6_ws/src/rmitbot_vision/darknet_ros/darknet_ros/darknet/include -I/home/ngan/Documents/test_github/lesson6_ws/src/rmitbot_vision/darknet_ros/darknet_ros/darknet/src -I/home/ngan/Documents/test_github/lesson6_ws/src/rmitbot_vision/darknet_ros/darknet_ros/darknet/3rdparty/stb/include -isystem /usr/include/opencv4 -Wall -Wno-unused-result -Wno-unknown-pragmas -Wfatal-errors -Wno-deprecated-declarations -Wno-write-strings -Wl,-Bsymbolic  -Ofast -DNDEBUG -fopenmp -MD -MT CMakeFiles/darknet.dir/src/layer.c.o -MF CMakeFiles/darknet.dir/src/layer.c.o.d -o CMakeFiles/darknet.dir/src/layer.c.o -c /home/ngan/Documents/test_github/lesson6_ws/src/rmitbot_vision/darknet_ros/darknet_ros/darknet/src/layer.c
[ 75%] [32mBuilding C object CMakeFiles/darknet.dir/src/list.c.o[0m
/usr/bin/cc -DOPENCV -DUSE_CMAKE_LIBS -I/home/ngan/Documents/test_github/lesson6_ws/src/rmitbot_vision/darknet_ros/darknet_ros/darknet/include -I/home/ngan/Documents/test_github/lesson6_ws/src/rmitbot_vision/darknet_ros/darknet_ros/darknet/src -I/home/ngan/Documents/test_github/lesson6_ws/src/rmitbot_vision/darknet_ros/darknet_ros/darknet/3rdparty/stb/include -isystem /usr/include/opencv4 -Wall -Wno-unused-result -Wno-unknown-pragmas -Wfatal-errors -Wno-deprecated-declarations -Wno-write-strings -Wl,-Bsymbolic  -Ofast -DNDEBUG -fopenmp -MD -MT CMakeFiles/darknet.dir/src/list.c.o -MF CMakeFiles/darknet.dir/src/list.c.o.d -o CMakeFiles/darknet.dir/src/list.c.o -c /home/ngan/Documents/test_github/lesson6_ws/src/rmitbot_vision/darknet_ros/darknet_ros/darknet/src/list.c
[ 75%] [32mBuilding C object CMakeFiles/darknet.dir/src/local_layer.c.o[0m
/usr/bin/cc -DOPENCV -DUSE_CMAKE_LIBS -I/home/ngan/Documents/test_github/lesson6_ws/src/rmitbot_vision/darknet_ros/darknet_ros/darknet/include -I/home/ngan/Documents/test_github/lesson6_ws/src/rmitbot_vision/darknet_ros/darknet_ros/darknet/src -I/home/ngan/Documents/test_github/lesson6_ws/src/rmitbot_vision/darknet_ros/darknet_ros/darknet/3rdparty/stb/include -isystem /usr/include/opencv4 -Wall -Wno-unused-result -Wno-unknown-pragmas -Wfatal-errors -Wno-deprecated-declarations -Wno-write-strings -Wl,-Bsymbolic  -Ofast -DNDEBUG -fopenmp -MD -MT CMakeFiles/darknet.dir/src/local_layer.c.o -MF CMakeFiles/darknet.dir/src/local_layer.c.o.d -o CMakeFiles/darknet.dir/src/local_layer.c.o -c /home/ngan/Documents/test_github/lesson6_ws/src/rmitbot_vision/darknet_ros/darknet_ros/darknet/src/local_layer.c
[ 76%] [32mBuilding C object CMakeFiles/darknet.dir/src/lstm_layer.c.o[0m
/usr/bin/cc -DOPENCV -DUSE_CMAKE_LIBS -I/home/ngan/Documents/test_github/lesson6_ws/src/rmitbot_vision/darknet_ros/darknet_ros/darknet/include -I/home/ngan/Documents/test_github/lesson6_ws/src/rmitbot_vision/darknet_ros/darknet_ros/darknet/src -I/home/ngan/Documents/test_github/lesson6_ws/src/rmitbot_vision/darknet_ros/darknet_ros/darknet/3rdparty/stb/include -isystem /usr/include/opencv4 -Wall -Wno-unused-result -Wno-unknown-pragmas -Wfatal-errors -Wno-deprecated-declarations -Wno-write-strings -Wl,-Bsymbolic  -Ofast -DNDEBUG -fopenmp -MD -MT CMakeFiles/darknet.dir/src/lstm_layer.c.o -MF CMakeFiles/darknet.dir/src/lstm_layer.c.o.d -o CMakeFiles/darknet.dir/src/lstm_layer.c.o -c /home/ngan/Documents/test_github/lesson6_ws/src/rmitbot_vision/darknet_ros/darknet_ros/darknet/src/lstm_layer.c
[ 77%] [32mBuilding C object CMakeFiles/darknet.dir/src/matrix.c.o[0m
/usr/bin/cc -DOPENCV -DUSE_CMAKE_LIBS -I/home/ngan/Documents/test_github/lesson6_ws/src/rmitbot_vision/darknet_ros/darknet_ros/darknet/include -I/home/ngan/Documents/test_github/lesson6_ws/src/rmitbot_vision/darknet_ros/darknet_ros/darknet/src -I/home/ngan/Documents/test_github/lesson6_ws/src/rmitbot_vision/darknet_ros/darknet_ros/darknet/3rdparty/stb/include -isystem /usr/include/opencv4 -Wall -Wno-unused-result -Wno-unknown-pragmas -Wfatal-errors -Wno-deprecated-declarations -Wno-write-strings -Wl,-Bsymbolic  -Ofast -DNDEBUG -fopenmp -MD -MT CMakeFiles/darknet.dir/src/matrix.c.o -MF CMakeFiles/darknet.dir/src/matrix.c.o.d -o CMakeFiles/darknet.dir/src/matrix.c.o -c /home/ngan/Documents/test_github/lesson6_ws/src/rmitbot_vision/darknet_ros/darknet_ros/darknet/src/matrix.c
[ 77%] [32mBuilding C object CMakeFiles/darknet.dir/src/maxpool_layer.c.o[0m
/usr/bin/cc -DOPENCV -DUSE_CMAKE_LIBS -I/home/ngan/Documents/test_github/lesson6_ws/src/rmitbot_vision/darknet_ros/darknet_ros/darknet/include -I/home/ngan/Documents/test_github/lesson6_ws/src/rmitbot_vision/darknet_ros/darknet_ros/darknet/src -I/home/ngan/Documents/test_github/lesson6_ws/src/rmitbot_vision/darknet_ros/darknet_ros/darknet/3rdparty/stb/include -isystem /usr/include/opencv4 -Wall -Wno-unused-result -Wno-unknown-pragmas -Wfatal-errors -Wno-deprecated-declarations -Wno-write-strings -Wl,-Bsymbolic  -Ofast -DNDEBUG -fopenmp -MD -MT CMakeFiles/darknet.dir/src/maxpool_layer.c.o -MF CMakeFiles/darknet.dir/src/maxpool_layer.c.o.d -o CMakeFiles/darknet.dir/src/maxpool_layer.c.o -c /home/ngan/Documents/test_github/lesson6_ws/src/rmitbot_vision/darknet_ros/darknet_ros/darknet/src/maxpool_layer.c
[ 78%] [32mBuilding C object CMakeFiles/darknet.dir/src/network.c.o[0m
/usr/bin/cc -DOPENCV -DUSE_CMAKE_LIBS -I/home/ngan/Documents/test_github/lesson6_ws/src/rmitbot_vision/darknet_ros/darknet_ros/darknet/include -I/home/ngan/Documents/test_github/lesson6_ws/src/rmitbot_vision/darknet_ros/darknet_ros/darknet/src -I/home/ngan/Documents/test_github/lesson6_ws/src/rmitbot_vision/darknet_ros/darknet_ros/darknet/3rdparty/stb/include -isystem /usr/include/opencv4 -Wall -Wno-unused-result -Wno-unknown-pragmas -Wfatal-errors -Wno-deprecated-declarations -Wno-write-strings -Wl,-Bsymbolic  -Ofast -DNDEBUG -fopenmp -MD -MT CMakeFiles/darknet.dir/src/network.c.o -MF CMakeFiles/darknet.dir/src/network.c.o.d -o CMakeFiles/darknet.dir/src/network.c.o -c /home/ngan/Documents/test_github/lesson6_ws/src/rmitbot_vision/darknet_ros/darknet_ros/darknet/src/network.c
[ 79%] [32mBuilding C object CMakeFiles/darknet.dir/src/nightmare.c.o[0m
/usr/bin/cc -DOPENCV -DUSE_CMAKE_LIBS -I/home/ngan/Documents/test_github/lesson6_ws/src/rmitbot_vision/darknet_ros/darknet_ros/darknet/include -I/home/ngan/Documents/test_github/lesson6_ws/src/rmitbot_vision/darknet_ros/darknet_ros/darknet/src -I/home/ngan/Documents/test_github/lesson6_ws/src/rmitbot_vision/darknet_ros/darknet_ros/darknet/3rdparty/stb/include -isystem /usr/include/opencv4 -Wall -Wno-unused-result -Wno-unknown-pragmas -Wfatal-errors -Wno-deprecated-declarations -Wno-write-strings -Wl,-Bsymbolic  -Ofast -DNDEBUG -fopenmp -MD -MT CMakeFiles/darknet.dir/src/nightmare.c.o -MF CMakeFiles/darknet.dir/src/nightmare.c.o.d -o CMakeFiles/darknet.dir/src/nightmare.c.o -c /home/ngan/Documents/test_github/lesson6_ws/src/rmitbot_vision/darknet_ros/darknet_ros/darknet/src/nightmare.c
[ 79%] [32mBuilding C object CMakeFiles/darknet.dir/src/normalization_layer.c.o[0m
/usr/bin/cc -DOPENCV -DUSE_CMAKE_LIBS -I/home/ngan/Documents/test_github/lesson6_ws/src/rmitbot_vision/darknet_ros/darknet_ros/darknet/include -I/home/ngan/Documents/test_github/lesson6_ws/src/rmitbot_vision/darknet_ros/darknet_ros/darknet/src -I/home/ngan/Documents/test_github/lesson6_ws/src/rmitbot_vision/darknet_ros/darknet_ros/darknet/3rdparty/stb/include -isystem /usr/include/opencv4 -Wall -Wno-unused-result -Wno-unknown-pragmas -Wfatal-errors -Wno-deprecated-declarations -Wno-write-strings -Wl,-Bsymbolic  -Ofast -DNDEBUG -fopenmp -MD -MT CMakeFiles/darknet.dir/src/normalization_layer.c.o -MF CMakeFiles/darknet.dir/src/normalization_layer.c.o.d -o CMakeFiles/darknet.dir/src/normalization_layer.c.o -c /home/ngan/Documents/test_github/lesson6_ws/src/rmitbot_vision/darknet_ros/darknet_ros/darknet/src/normalization_layer.c
[ 80%] [32mBuilding C object CMakeFiles/darknet.dir/src/option_list.c.o[0m
/usr/bin/cc -DOPENCV -DUSE_CMAKE_LIBS -I/home/ngan/Documents/test_github/lesson6_ws/src/rmitbot_vision/darknet_ros/darknet_ros/darknet/include -I/home/ngan/Documents/test_github/lesson6_ws/src/rmitbot_vision/darknet_ros/darknet_ros/darknet/src -I/home/ngan/Documents/test_github/lesson6_ws/src/rmitbot_vision/darknet_ros/darknet_ros/darknet/3rdparty/stb/include -isystem /usr/include/opencv4 -Wall -Wno-unused-result -Wno-unknown-pragmas -Wfatal-errors -Wno-deprecated-declarations -Wno-write-strings -Wl,-Bsymbolic  -Ofast -DNDEBUG -fopenmp -MD -MT CMakeFiles/darknet.dir/src/option_list.c.o -MF CMakeFiles/darknet.dir/src/option_list.c.o.d -o CMakeFiles/darknet.dir/src/option_list.c.o -c /home/ngan/Documents/test_github/lesson6_ws/src/rmitbot_vision/darknet_ros/darknet_ros/darknet/src/option_list.c
[ 81%] [32mBuilding C object CMakeFiles/darknet.dir/src/parser.c.o[0m
/usr/bin/cc -DOPENCV -DUSE_CMAKE_LIBS -I/home/ngan/Documents/test_github/lesson6_ws/src/rmitbot_vision/darknet_ros/darknet_ros/darknet/include -I/home/ngan/Documents/test_github/lesson6_ws/src/rmitbot_vision/darknet_ros/darknet_ros/darknet/src -I/home/ngan/Documents/test_github/lesson6_ws/src/rmitbot_vision/darknet_ros/darknet_ros/darknet/3rdparty/stb/include -isystem /usr/include/opencv4 -Wall -Wno-unused-result -Wno-unknown-pragmas -Wfatal-errors -Wno-deprecated-declarations -Wno-write-strings -Wl,-Bsymbolic  -Ofast -DNDEBUG -fopenmp -MD -MT CMakeFiles/darknet.dir/src/parser.c.o -MF CMakeFiles/darknet.dir/src/parser.c.o.d -o CMakeFiles/darknet.dir/src/parser.c.o -c /home/ngan/Documents/test_github/lesson6_ws/src/rmitbot_vision/darknet_ros/darknet_ros/darknet/src/parser.c
[ 81%] [32mBuilding C object CMakeFiles/darknet.dir/src/region_layer.c.o[0m
/usr/bin/cc -DOPENCV -DUSE_CMAKE_LIBS -I/home/ngan/Documents/test_github/lesson6_ws/src/rmitbot_vision/darknet_ros/darknet_ros/darknet/include -I/home/ngan/Documents/test_github/lesson6_ws/src/rmitbot_vision/darknet_ros/darknet_ros/darknet/src -I/home/ngan/Documents/test_github/lesson6_ws/src/rmitbot_vision/darknet_ros/darknet_ros/darknet/3rdparty/stb/include -isystem /usr/include/opencv4 -Wall -Wno-unused-result -Wno-unknown-pragmas -Wfatal-errors -Wno-deprecated-declarations -Wno-write-strings -Wl,-Bsymbolic  -Ofast -DNDEBUG -fopenmp -MD -MT CMakeFiles/darknet.dir/src/region_layer.c.o -MF CMakeFiles/darknet.dir/src/region_layer.c.o.d -o CMakeFiles/darknet.dir/src/region_layer.c.o -c /home/ngan/Documents/test_github/lesson6_ws/src/rmitbot_vision/darknet_ros/darknet_ros/darknet/src/region_layer.c
[ 82%] [32mBuilding C object CMakeFiles/darknet.dir/src/reorg_layer.c.o[0m
/usr/bin/cc -DOPENCV -DUSE_CMAKE_LIBS -I/home/ngan/Documents/test_github/lesson6_ws/src/rmitbot_vision/darknet_ros/darknet_ros/darknet/include -I/home/ngan/Documents/test_github/lesson6_ws/src/rmitbot_vision/darknet_ros/darknet_ros/darknet/src -I/home/ngan/Documents/test_github/lesson6_ws/src/rmitbot_vision/darknet_ros/darknet_ros/darknet/3rdparty/stb/include -isystem /usr/include/opencv4 -Wall -Wno-unused-result -Wno-unknown-pragmas -Wfatal-errors -Wno-deprecated-declarations -Wno-write-strings -Wl,-Bsymbolic  -Ofast -DNDEBUG -fopenmp -MD -MT CMakeFiles/darknet.dir/src/reorg_layer.c.o -MF CMakeFiles/darknet.dir/src/reorg_layer.c.o.d -o CMakeFiles/darknet.dir/src/reorg_layer.c.o -c /home/ngan/Documents/test_github/lesson6_ws/src/rmitbot_vision/darknet_ros/darknet_ros/darknet/src/reorg_layer.c
[ 83%] [32mBuilding C object CMakeFiles/darknet.dir/src/reorg_old_layer.c.o[0m
/usr/bin/cc -DOPENCV -DUSE_CMAKE_LIBS -I/home/ngan/Documents/test_github/lesson6_ws/src/rmitbot_vision/darknet_ros/darknet_ros/darknet/include -I/home/ngan/Documents/test_github/lesson6_ws/src/rmitbot_vision/darknet_ros/darknet_ros/darknet/src -I/home/ngan/Documents/test_github/lesson6_ws/src/rmitbot_vision/darknet_ros/darknet_ros/darknet/3rdparty/stb/include -isystem /usr/include/opencv4 -Wall -Wno-unused-result -Wno-unknown-pragmas -Wfatal-errors -Wno-deprecated-declarations -Wno-write-strings -Wl,-Bsymbolic  -Ofast -DNDEBUG -fopenmp -MD -MT CMakeFiles/darknet.dir/src/reorg_old_layer.c.o -MF CMakeFiles/darknet.dir/src/reorg_old_layer.c.o.d -o CMakeFiles/darknet.dir/src/reorg_old_layer.c.o -c /home/ngan/Documents/test_github/lesson6_ws/src/rmitbot_vision/darknet_ros/darknet_ros/darknet/src/reorg_old_layer.c
[ 84%] [32mBuilding C object CMakeFiles/darknet.dir/src/representation_layer.c.o[0m
/usr/bin/cc -DOPENCV -DUSE_CMAKE_LIBS -I/home/ngan/Documents/test_github/lesson6_ws/src/rmitbot_vision/darknet_ros/darknet_ros/darknet/include -I/home/ngan/Documents/test_github/lesson6_ws/src/rmitbot_vision/darknet_ros/darknet_ros/darknet/src -I/home/ngan/Documents/test_github/lesson6_ws/src/rmitbot_vision/darknet_ros/darknet_ros/darknet/3rdparty/stb/include -isystem /usr/include/opencv4 -Wall -Wno-unused-result -Wno-unknown-pragmas -Wfatal-errors -Wno-deprecated-declarations -Wno-write-strings -Wl,-Bsymbolic  -Ofast -DNDEBUG -fopenmp -MD -MT CMakeFiles/darknet.dir/src/representation_layer.c.o -MF CMakeFiles/darknet.dir/src/representation_layer.c.o.d -o CMakeFiles/darknet.dir/src/representation_layer.c.o -c /home/ngan/Documents/test_github/lesson6_ws/src/rmitbot_vision/darknet_ros/darknet_ros/darknet/src/representation_layer.c
[ 84%] [32mBuilding C object CMakeFiles/darknet.dir/src/rnn.c.o[0m
/usr/bin/cc -DOPENCV -DUSE_CMAKE_LIBS -I/home/ngan/Documents/test_github/lesson6_ws/src/rmitbot_vision/darknet_ros/darknet_ros/darknet/include -I/home/ngan/Documents/test_github/lesson6_ws/src/rmitbot_vision/darknet_ros/darknet_ros/darknet/src -I/home/ngan/Documents/test_github/lesson6_ws/src/rmitbot_vision/darknet_ros/darknet_ros/darknet/3rdparty/stb/include -isystem /usr/include/opencv4 -Wall -Wno-unused-result -Wno-unknown-pragmas -Wfatal-errors -Wno-deprecated-declarations -Wno-write-strings -Wl,-Bsymbolic  -Ofast -DNDEBUG -fopenmp -MD -MT CMakeFiles/darknet.dir/src/rnn.c.o -MF CMakeFiles/darknet.dir/src/rnn.c.o.d -o CMakeFiles/darknet.dir/src/rnn.c.o -c /home/ngan/Documents/test_github/lesson6_ws/src/rmitbot_vision/darknet_ros/darknet_ros/darknet/src/rnn.c
[ 85%] [32mBuilding C object CMakeFiles/darknet.dir/src/rnn_layer.c.o[0m
/usr/bin/cc -DOPENCV -DUSE_CMAKE_LIBS -I/home/ngan/Documents/test_github/lesson6_ws/src/rmitbot_vision/darknet_ros/darknet_ros/darknet/include -I/home/ngan/Documents/test_github/lesson6_ws/src/rmitbot_vision/darknet_ros/darknet_ros/darknet/src -I/home/ngan/Documents/test_github/lesson6_ws/src/rmitbot_vision/darknet_ros/darknet_ros/darknet/3rdparty/stb/include -isystem /usr/include/opencv4 -Wall -Wno-unused-result -Wno-unknown-pragmas -Wfatal-errors -Wno-deprecated-declarations -Wno-write-strings -Wl,-Bsymbolic  -Ofast -DNDEBUG -fopenmp -MD -MT CMakeFiles/darknet.dir/src/rnn_layer.c.o -MF CMakeFiles/darknet.dir/src/rnn_layer.c.o.d -o CMakeFiles/darknet.dir/src/rnn_layer.c.o -c /home/ngan/Documents/test_github/lesson6_ws/src/rmitbot_vision/darknet_ros/darknet_ros/darknet/src/rnn_layer.c
[ 86%] [32mBuilding C object CMakeFiles/darknet.dir/src/rnn_vid.c.o[0m
/usr/bin/cc -DOPENCV -DUSE_CMAKE_LIBS -I/home/ngan/Documents/test_github/lesson6_ws/src/rmitbot_vision/darknet_ros/darknet_ros/darknet/include -I/home/ngan/Documents/test_github/lesson6_ws/src/rmitbot_vision/darknet_ros/darknet_ros/darknet/src -I/home/ngan/Documents/test_github/lesson6_ws/src/rmitbot_vision/darknet_ros/darknet_ros/darknet/3rdparty/stb/include -isystem /usr/include/opencv4 -Wall -Wno-unused-result -Wno-unknown-pragmas -Wfatal-errors -Wno-deprecated-declarations -Wno-write-strings -Wl,-Bsymbolic  -Ofast -DNDEBUG -fopenmp -MD -MT CMakeFiles/darknet.dir/src/rnn_vid.c.o -MF CMakeFiles/darknet.dir/src/rnn_vid.c.o.d -o CMakeFiles/darknet.dir/src/rnn_vid.c.o -c /home/ngan/Documents/test_github/lesson6_ws/src/rmitbot_vision/darknet_ros/darknet_ros/darknet/src/rnn_vid.c
[ 86%] [32mBuilding C object CMakeFiles/darknet.dir/src/route_layer.c.o[0m
/usr/bin/cc -DOPENCV -DUSE_CMAKE_LIBS -I/home/ngan/Documents/test_github/lesson6_ws/src/rmitbot_vision/darknet_ros/darknet_ros/darknet/include -I/home/ngan/Documents/test_github/lesson6_ws/src/rmitbot_vision/darknet_ros/darknet_ros/darknet/src -I/home/ngan/Documents/test_github/lesson6_ws/src/rmitbot_vision/darknet_ros/darknet_ros/darknet/3rdparty/stb/include -isystem /usr/include/opencv4 -Wall -Wno-unused-result -Wno-unknown-pragmas -Wfatal-errors -Wno-deprecated-declarations -Wno-write-strings -Wl,-Bsymbolic  -Ofast -DNDEBUG -fopenmp -MD -MT CMakeFiles/darknet.dir/src/route_layer.c.o -MF CMakeFiles/darknet.dir/src/route_layer.c.o.d -o CMakeFiles/darknet.dir/src/route_layer.c.o -c /home/ngan/Documents/test_github/lesson6_ws/src/rmitbot_vision/darknet_ros/darknet_ros/darknet/src/route_layer.c
[ 87%] [32mBuilding C object CMakeFiles/darknet.dir/src/sam_layer.c.o[0m
/usr/bin/cc -DOPENCV -DUSE_CMAKE_LIBS -I/home/ngan/Documents/test_github/lesson6_ws/src/rmitbot_vision/darknet_ros/darknet_ros/darknet/include -I/home/ngan/Documents/test_github/lesson6_ws/src/rmitbot_vision/darknet_ros/darknet_ros/darknet/src -I/home/ngan/Documents/test_github/lesson6_ws/src/rmitbot_vision/darknet_ros/darknet_ros/darknet/3rdparty/stb/include -isystem /usr/include/opencv4 -Wall -Wno-unused-result -Wno-unknown-pragmas -Wfatal-errors -Wno-deprecated-declarations -Wno-write-strings -Wl,-Bsymbolic  -Ofast -DNDEBUG -fopenmp -MD -MT CMakeFiles/darknet.dir/src/sam_layer.c.o -MF CMakeFiles/darknet.dir/src/sam_layer.c.o.d -o CMakeFiles/darknet.dir/src/sam_layer.c.o -c /home/ngan/Documents/test_github/lesson6_ws/src/rmitbot_vision/darknet_ros/darknet_ros/darknet/src/sam_layer.c
[ 88%] [32mBuilding C object CMakeFiles/darknet.dir/src/scale_channels_layer.c.o[0m
/usr/bin/cc -DOPENCV -DUSE_CMAKE_LIBS -I/home/ngan/Documents/test_github/lesson6_ws/src/rmitbot_vision/darknet_ros/darknet_ros/darknet/include -I/home/ngan/Documents/test_github/lesson6_ws/src/rmitbot_vision/darknet_ros/darknet_ros/darknet/src -I/home/ngan/Documents/test_github/lesson6_ws/src/rmitbot_vision/darknet_ros/darknet_ros/darknet/3rdparty/stb/include -isystem /usr/include/opencv4 -Wall -Wno-unused-result -Wno-unknown-pragmas -Wfatal-errors -Wno-deprecated-declarations -Wno-write-strings -Wl,-Bsymbolic  -Ofast -DNDEBUG -fopenmp -MD -MT CMakeFiles/darknet.dir/src/scale_channels_layer.c.o -MF CMakeFiles/darknet.dir/src/scale_channels_layer.c.o.d -o CMakeFiles/darknet.dir/src/scale_channels_layer.c.o -c /home/ngan/Documents/test_github/lesson6_ws/src/rmitbot_vision/darknet_ros/darknet_ros/darknet/src/scale_channels_layer.c
[ 88%] [32mBuilding C object CMakeFiles/darknet.dir/src/shortcut_layer.c.o[0m
/usr/bin/cc -DOPENCV -DUSE_CMAKE_LIBS -I/home/ngan/Documents/test_github/lesson6_ws/src/rmitbot_vision/darknet_ros/darknet_ros/darknet/include -I/home/ngan/Documents/test_github/lesson6_ws/src/rmitbot_vision/darknet_ros/darknet_ros/darknet/src -I/home/ngan/Documents/test_github/lesson6_ws/src/rmitbot_vision/darknet_ros/darknet_ros/darknet/3rdparty/stb/include -isystem /usr/include/opencv4 -Wall -Wno-unused-result -Wno-unknown-pragmas -Wfatal-errors -Wno-deprecated-declarations -Wno-write-strings -Wl,-Bsymbolic  -Ofast -DNDEBUG -fopenmp -MD -MT CMakeFiles/darknet.dir/src/shortcut_layer.c.o -MF CMakeFiles/darknet.dir/src/shortcut_layer.c.o.d -o CMakeFiles/darknet.dir/src/shortcut_layer.c.o -c /home/ngan/Documents/test_github/lesson6_ws/src/rmitbot_vision/darknet_ros/darknet_ros/darknet/src/shortcut_layer.c
[ 89%] [32mBuilding C object CMakeFiles/darknet.dir/src/softmax_layer.c.o[0m
/usr/bin/cc -DOPENCV -DUSE_CMAKE_LIBS -I/home/ngan/Documents/test_github/lesson6_ws/src/rmitbot_vision/darknet_ros/darknet_ros/darknet/include -I/home/ngan/Documents/test_github/lesson6_ws/src/rmitbot_vision/darknet_ros/darknet_ros/darknet/src -I/home/ngan/Documents/test_github/lesson6_ws/src/rmitbot_vision/darknet_ros/darknet_ros/darknet/3rdparty/stb/include -isystem /usr/include/opencv4 -Wall -Wno-unused-result -Wno-unknown-pragmas -Wfatal-errors -Wno-deprecated-declarations -Wno-write-strings -Wl,-Bsymbolic  -Ofast -DNDEBUG -fopenmp -MD -MT CMakeFiles/darknet.dir/src/softmax_layer.c.o -MF CMakeFiles/darknet.dir/src/softmax_layer.c.o.d -o CMakeFiles/darknet.dir/src/softmax_layer.c.o -c /home/ngan/Documents/test_github/lesson6_ws/src/rmitbot_vision/darknet_ros/darknet_ros/darknet/src/softmax_layer.c
[ 90%] [32mBuilding C object CMakeFiles/darknet.dir/src/super.c.o[0m
/usr/bin/cc -DOPENCV -DUSE_CMAKE_LIBS -I/home/ngan/Documents/test_github/lesson6_ws/src/rmitbot_vision/darknet_ros/darknet_ros/darknet/include -I/home/ngan/Documents/test_github/lesson6_ws/src/rmitbot_vision/darknet_ros/darknet_ros/darknet/src -I/home/ngan/Documents/test_github/lesson6_ws/src/rmitbot_vision/darknet_ros/darknet_ros/darknet/3rdparty/stb/include -isystem /usr/include/opencv4 -Wall -Wno-unused-result -Wno-unknown-pragmas -Wfatal-errors -Wno-deprecated-declarations -Wno-write-strings -Wl,-Bsymbolic  -Ofast -DNDEBUG -fopenmp -MD -MT CMakeFiles/darknet.dir/src/super.c.o -MF CMakeFiles/darknet.dir/src/super.c.o.d -o CMakeFiles/darknet.dir/src/super.c.o -c /home/ngan/Documents/test_github/lesson6_ws/src/rmitbot_vision/darknet_ros/darknet_ros/darknet/src/super.c
[ 90%] [32mBuilding C object CMakeFiles/darknet.dir/src/swag.c.o[0m
/usr/bin/cc -DOPENCV -DUSE_CMAKE_LIBS -I/home/ngan/Documents/test_github/lesson6_ws/src/rmitbot_vision/darknet_ros/darknet_ros/darknet/include -I/home/ngan/Documents/test_github/lesson6_ws/src/rmitbot_vision/darknet_ros/darknet_ros/darknet/src -I/home/ngan/Documents/test_github/lesson6_ws/src/rmitbot_vision/darknet_ros/darknet_ros/darknet/3rdparty/stb/include -isystem /usr/include/opencv4 -Wall -Wno-unused-result -Wno-unknown-pragmas -Wfatal-errors -Wno-deprecated-declarations -Wno-write-strings -Wl,-Bsymbolic  -Ofast -DNDEBUG -fopenmp -MD -MT CMakeFiles/darknet.dir/src/swag.c.o -MF CMakeFiles/darknet.dir/src/swag.c.o.d -o CMakeFiles/darknet.dir/src/swag.c.o -c /home/ngan/Documents/test_github/lesson6_ws/src/rmitbot_vision/darknet_ros/darknet_ros/darknet/src/swag.c
[ 91%] [32mBuilding C object CMakeFiles/darknet.dir/src/tag.c.o[0m
/usr/bin/cc -DOPENCV -DUSE_CMAKE_LIBS -I/home/ngan/Documents/test_github/lesson6_ws/src/rmitbot_vision/darknet_ros/darknet_ros/darknet/include -I/home/ngan/Documents/test_github/lesson6_ws/src/rmitbot_vision/darknet_ros/darknet_ros/darknet/src -I/home/ngan/Documents/test_github/lesson6_ws/src/rmitbot_vision/darknet_ros/darknet_ros/darknet/3rdparty/stb/include -isystem /usr/include/opencv4 -Wall -Wno-unused-result -Wno-unknown-pragmas -Wfatal-errors -Wno-deprecated-declarations -Wno-write-strings -Wl,-Bsymbolic  -Ofast -DNDEBUG -fopenmp -MD -MT CMakeFiles/darknet.dir/src/tag.c.o -MF CMakeFiles/darknet.dir/src/tag.c.o.d -o CMakeFiles/darknet.dir/src/tag.c.o -c /home/ngan/Documents/test_github/lesson6_ws/src/rmitbot_vision/darknet_ros/darknet_ros/darknet/src/tag.c
[ 92%] [32mBuilding C object CMakeFiles/darknet.dir/src/tree.c.o[0m
/usr/bin/cc -DOPENCV -DUSE_CMAKE_LIBS -I/home/ngan/Documents/test_github/lesson6_ws/src/rmitbot_vision/darknet_ros/darknet_ros/darknet/include -I/home/ngan/Documents/test_github/lesson6_ws/src/rmitbot_vision/darknet_ros/darknet_ros/darknet/src -I/home/ngan/Documents/test_github/lesson6_ws/src/rmitbot_vision/darknet_ros/darknet_ros/darknet/3rdparty/stb/include -isystem /usr/include/opencv4 -Wall -Wno-unused-result -Wno-unknown-pragmas -Wfatal-errors -Wno-deprecated-declarations -Wno-write-strings -Wl,-Bsymbolic  -Ofast -DNDEBUG -fopenmp -MD -MT CMakeFiles/darknet.dir/src/tree.c.o -MF CMakeFiles/darknet.dir/src/tree.c.o.d -o CMakeFiles/darknet.dir/src/tree.c.o -c /home/ngan/Documents/test_github/lesson6_ws/src/rmitbot_vision/darknet_ros/darknet_ros/darknet/src/tree.c
[ 93%] [32mBuilding C object CMakeFiles/darknet.dir/src/upsample_layer.c.o[0m
/usr/bin/cc -DOPENCV -DUSE_CMAKE_LIBS -I/home/ngan/Documents/test_github/lesson6_ws/src/rmitbot_vision/darknet_ros/darknet_ros/darknet/include -I/home/ngan/Documents/test_github/lesson6_ws/src/rmitbot_vision/darknet_ros/darknet_ros/darknet/src -I/home/ngan/Documents/test_github/lesson6_ws/src/rmitbot_vision/darknet_ros/darknet_ros/darknet/3rdparty/stb/include -isystem /usr/include/opencv4 -Wall -Wno-unused-result -Wno-unknown-pragmas -Wfatal-errors -Wno-deprecated-declarations -Wno-write-strings -Wl,-Bsymbolic  -Ofast -DNDEBUG -fopenmp -MD -MT CMakeFiles/darknet.dir/src/upsample_layer.c.o -MF CMakeFiles/darknet.dir/src/upsample_layer.c.o.d -o CMakeFiles/darknet.dir/src/upsample_layer.c.o -c /home/ngan/Documents/test_github/lesson6_ws/src/rmitbot_vision/darknet_ros/darknet_ros/darknet/src/upsample_layer.c
[ 93%] [32mBuilding C object CMakeFiles/darknet.dir/src/utils.c.o[0m
/usr/bin/cc -DOPENCV -DUSE_CMAKE_LIBS -I/home/ngan/Documents/test_github/lesson6_ws/src/rmitbot_vision/darknet_ros/darknet_ros/darknet/include -I/home/ngan/Documents/test_github/lesson6_ws/src/rmitbot_vision/darknet_ros/darknet_ros/darknet/src -I/home/ngan/Documents/test_github/lesson6_ws/src/rmitbot_vision/darknet_ros/darknet_ros/darknet/3rdparty/stb/include -isystem /usr/include/opencv4 -Wall -Wno-unused-result -Wno-unknown-pragmas -Wfatal-errors -Wno-deprecated-declarations -Wno-write-strings -Wl,-Bsymbolic  -Ofast -DNDEBUG -fopenmp -MD -MT CMakeFiles/darknet.dir/src/utils.c.o -MF CMakeFiles/darknet.dir/src/utils.c.o.d -o CMakeFiles/darknet.dir/src/utils.c.o -c /home/ngan/Documents/test_github/lesson6_ws/src/rmitbot_vision/darknet_ros/darknet_ros/darknet/src/utils.c
[ 94%] [32mBuilding C object CMakeFiles/darknet.dir/src/voxel.c.o[0m
/usr/bin/cc -DOPENCV -DUSE_CMAKE_LIBS -I/home/ngan/Documents/test_github/lesson6_ws/src/rmitbot_vision/darknet_ros/darknet_ros/darknet/include -I/home/ngan/Documents/test_github/lesson6_ws/src/rmitbot_vision/darknet_ros/darknet_ros/darknet/src -I/home/ngan/Documents/test_github/lesson6_ws/src/rmitbot_vision/darknet_ros/darknet_ros/darknet/3rdparty/stb/include -isystem /usr/include/opencv4 -Wall -Wno-unused-result -Wno-unknown-pragmas -Wfatal-errors -Wno-deprecated-declarations -Wno-write-strings -Wl,-Bsymbolic  -Ofast -DNDEBUG -fopenmp -MD -MT CMakeFiles/darknet.dir/src/voxel.c.o -MF CMakeFiles/darknet.dir/src/voxel.c.o.d -o CMakeFiles/darknet.dir/src/voxel.c.o -c /home/ngan/Documents/test_github/lesson6_ws/src/rmitbot_vision/darknet_ros/darknet_ros/darknet/src/voxel.c
[ 95%] [32mBuilding C object CMakeFiles/darknet.dir/src/writing.c.o[0m
/usr/bin/cc -DOPENCV -DUSE_CMAKE_LIBS -I/home/ngan/Documents/test_github/lesson6_ws/src/rmitbot_vision/darknet_ros/darknet_ros/darknet/include -I/home/ngan/Documents/test_github/lesson6_ws/src/rmitbot_vision/darknet_ros/darknet_ros/darknet/src -I/home/ngan/Documents/test_github/lesson6_ws/src/rmitbot_vision/darknet_ros/darknet_ros/darknet/3rdparty/stb/include -isystem /usr/include/opencv4 -Wall -Wno-unused-result -Wno-unknown-pragmas -Wfatal-errors -Wno-deprecated-declarations -Wno-write-strings -Wl,-Bsymbolic  -Ofast -DNDEBUG -fopenmp -MD -MT CMakeFiles/darknet.dir/src/writing.c.o -MF CMakeFiles/darknet.dir/src/writing.c.o.d -o CMakeFiles/darknet.dir/src/writing.c.o -c /home/ngan/Documents/test_github/lesson6_ws/src/rmitbot_vision/darknet_ros/darknet_ros/darknet/src/writing.c
[ 95%] [32mBuilding C object CMakeFiles/darknet.dir/src/yolo.c.o[0m
/usr/bin/cc -DOPENCV -DUSE_CMAKE_LIBS -I/home/ngan/Documents/test_github/lesson6_ws/src/rmitbot_vision/darknet_ros/darknet_ros/darknet/include -I/home/ngan/Documents/test_github/lesson6_ws/src/rmitbot_vision/darknet_ros/darknet_ros/darknet/src -I/home/ngan/Documents/test_github/lesson6_ws/src/rmitbot_vision/darknet_ros/darknet_ros/darknet/3rdparty/stb/include -isystem /usr/include/opencv4 -Wall -Wno-unused-result -Wno-unknown-pragmas -Wfatal-errors -Wno-deprecated-declarations -Wno-write-strings -Wl,-Bsymbolic  -Ofast -DNDEBUG -fopenmp -MD -MT CMakeFiles/darknet.dir/src/yolo.c.o -MF CMakeFiles/darknet.dir/src/yolo.c.o.d -o CMakeFiles/darknet.dir/src/yolo.c.o -c /home/ngan/Documents/test_github/lesson6_ws/src/rmitbot_vision/darknet_ros/darknet_ros/darknet/src/yolo.c
[ 96%] [32mBuilding C object CMakeFiles/darknet.dir/src/yolo_layer.c.o[0m
/usr/bin/cc -DOPENCV -DUSE_CMAKE_LIBS -I/home/ngan/Documents/test_github/lesson6_ws/src/rmitbot_vision/darknet_ros/darknet_ros/darknet/include -I/home/ngan/Documents/test_github/lesson6_ws/src/rmitbot_vision/darknet_ros/darknet_ros/darknet/src -I/home/ngan/Documents/test_github/lesson6_ws/src/rmitbot_vision/darknet_ros/darknet_ros/darknet/3rdparty/stb/include -isystem /usr/include/opencv4 -Wall -Wno-unused-result -Wno-unknown-pragmas -Wfatal-errors -Wno-deprecated-declarations -Wno-write-strings -Wl,-Bsymbolic  -Ofast -DNDEBUG -fopenmp -MD -MT CMakeFiles/darknet.dir/src/yolo_layer.c.o -MF CMakeFiles/darknet.dir/src/yolo_layer.c.o.d -o CMakeFiles/darknet.dir/src/yolo_layer.c.o -c /home/ngan/Documents/test_github/lesson6_ws/src/rmitbot_vision/darknet_ros/darknet_ros/darknet/src/yolo_layer.c
[ 97%] [32mBuilding CXX object CMakeFiles/darknet.dir/src/http_stream.cpp.o[0m
/usr/bin/c++ -DOPENCV -DUSE_CMAKE_LIBS -I/home/ngan/Documents/test_github/lesson6_ws/src/rmitbot_vision/darknet_ros/darknet_ros/darknet/include -I/home/ngan/Documents/test_github/lesson6_ws/src/rmitbot_vision/darknet_ros/darknet_ros/darknet/src -I/home/ngan/Documents/test_github/lesson6_ws/src/rmitbot_vision/darknet_ros/darknet_ros/darknet/3rdparty/stb/include -isystem /usr/include/opencv4 -Wall -Wno-unused-result -Wno-unknown-pragmas -Wfatal-errors -Wno-deprecated-declarations -Wno-write-strings -Wl,-Bsymbolic  -Ofast -DNDEBUG -std=gnu++11 -fopenmp -MD -MT CMakeFiles/darknet.dir/src/http_stream.cpp.o -MF CMakeFiles/darknet.dir/src/http_stream.cpp.o.d -o CMakeFiles/darknet.dir/src/http_stream.cpp.o -c /home/ngan/Documents/test_github/lesson6_ws/src/rmitbot_vision/darknet_ros/darknet_ros/darknet/src/http_stream.cpp
[ 97%] [32mBuilding CXX object CMakeFiles/darknet.dir/src/image_opencv.cpp.o[0m
/usr/bin/c++ -DOPENCV -DUSE_CMAKE_LIBS -I/home/ngan/Documents/test_github/lesson6_ws/src/rmitbot_vision/darknet_ros/darknet_ros/darknet/include -I/home/ngan/Documents/test_github/lesson6_ws/src/rmitbot_vision/darknet_ros/darknet_ros/darknet/src -I/home/ngan/Documents/test_github/lesson6_ws/src/rmitbot_vision/darknet_ros/darknet_ros/darknet/3rdparty/stb/include -isystem /usr/include/opencv4 -Wall -Wno-unused-result -Wno-unknown-pragmas -Wfatal-errors -Wno-deprecated-declarations -Wno-write-strings -Wl,-Bsymbolic  -Ofast -DNDEBUG -std=gnu++11 -fopenmp -MD -MT CMakeFiles/darknet.dir/src/image_opencv.cpp.o -MF CMakeFiles/darknet.dir/src/image_opencv.cpp.o.d -o CMakeFiles/darknet.dir/src/image_opencv.cpp.o -c /home/ngan/Documents/test_github/lesson6_ws/src/rmitbot_vision/darknet_ros/darknet_ros/darknet/src/image_opencv.cpp
[ 97%] [32mBuilding C object CMakeFiles/darknet.dir/src/activation_layer.c.o[0m
/usr/bin/cc -DOPENCV -DUSE_CMAKE_LIBS -I/home/ngan/Documents/test_github/lesson6_ws/src/rmitbot_vision/darknet_ros/darknet_ros/darknet/include -I/home/ngan/Documents/test_github/lesson6_ws/src/rmitbot_vision/darknet_ros/darknet_ros/darknet/src -I/home/ngan/Documents/test_github/lesson6_ws/src/rmitbot_vision/darknet_ros/darknet_ros/darknet/3rdparty/stb/include -isystem /usr/include/opencv4 -Wall -Wno-unused-result -Wno-unknown-pragmas -Wfatal-errors -Wno-deprecated-declarations -Wno-write-strings -Wl,-Bsymbolic  -Ofast -DNDEBUG -fopenmp -MD -MT CMakeFiles/darknet.dir/src/activation_layer.c.o -MF CMakeFiles/darknet.dir/src/activation_layer.c.o.d -o CMakeFiles/darknet.dir/src/activation_layer.c.o -c /home/ngan/Documents/test_github/lesson6_ws/src/rmitbot_vision/darknet_ros/darknet_ros/darknet/src/activation_layer.c
[ 98%] [32m[1mLinking CXX executable darknet[0m
/usr/bin/cmake -E cmake_link_script CMakeFiles/darknet.dir/link.txt --verbose=1
/usr/bin/c++ -Wall -Wno-unused-result -Wno-unknown-pragmas -Wfatal-errors -Wno-deprecated-declarations -Wno-write-strings -Wl,-Bsymbolic  -Ofast -DNDEBUG CMakeFiles/darknet.dir/src/darknet.c.o CMakeFiles/darknet.dir/src/activation_layer.c.o CMakeFiles/darknet.dir/src/activations.c.o CMakeFiles/darknet.dir/src/art.c.o CMakeFiles/darknet.dir/src/avgpool_layer.c.o CMakeFiles/darknet.dir/src/batchnorm_layer.c.o CMakeFiles/darknet.dir/src/blas.c.o CMakeFiles/darknet.dir/src/box.c.o CMakeFiles/darknet.dir/src/captcha.c.o CMakeFiles/darknet.dir/src/cifar.c.o CMakeFiles/darknet.dir/src/classifier.c.o CMakeFiles/darknet.dir/src/coco.c.o CMakeFiles/darknet.dir/src/col2im.c.o CMakeFiles/darknet.dir/src/compare.c.o CMakeFiles/darknet.dir/src/connected_layer.c.o CMakeFiles/darknet.dir/src/conv_lstm_layer.c.o CMakeFiles/darknet.dir/src/convolutional_layer.c.o CMakeFiles/darknet.dir/src/cost_layer.c.o CMakeFiles/darknet.dir/src/cpu_gemm.c.o CMakeFiles/darknet.dir/src/crnn_layer.c.o CMakeFiles/darknet.dir/src/crop_layer.c.o CMakeFiles/darknet.dir/src/dark_cuda.c.o CMakeFiles/darknet.dir/src/data.c.o CMakeFiles/darknet.dir/src/deconvolutional_layer.c.o CMakeFiles/darknet.dir/src/demo.c.o CMakeFiles/darknet.dir/src/detection_layer.c.o CMakeFiles/darknet.dir/src/detector.c.o CMakeFiles/darknet.dir/src/dice.c.o CMakeFiles/darknet.dir/src/dropout_layer.c.o CMakeFiles/darknet.dir/src/gaussian_yolo_layer.c.o CMakeFiles/darknet.dir/src/gemm.c.o CMakeFiles/darknet.dir/src/go.c.o CMakeFiles/darknet.dir/src/gru_layer.c.o CMakeFiles/darknet.dir/src/im2col.c.o CMakeFiles/darknet.dir/src/image.c.o CMakeFiles/darknet.dir/src/layer.c.o CMakeFiles/darknet.dir/src/list.c.o CMakeFiles/darknet.dir/src/local_layer.c.o CMakeFiles/darknet.dir/src/lstm_layer.c.o CMakeFiles/darknet.dir/src/matrix.c.o CMakeFiles/darknet.dir/src/maxpool_layer.c.o CMakeFiles/darknet.dir/src/network.c.o CMakeFiles/darknet.dir/src/nightmare.c.o CMakeFiles/darknet.dir/src/normalization_layer.c.o CMakeFiles/darknet.dir/src/option_list.c.o CMakeFiles/darknet.dir/src/parser.c.o CMakeFiles/darknet.dir/src/region_layer.c.o CMakeFiles/darknet.dir/src/reorg_layer.c.o CMakeFiles/darknet.dir/src/reorg_old_layer.c.o CMakeFiles/darknet.dir/src/representation_layer.c.o CMakeFiles/darknet.dir/src/rnn.c.o CMakeFiles/darknet.dir/src/rnn_layer.c.o CMakeFiles/darknet.dir/src/rnn_vid.c.o CMakeFiles/darknet.dir/src/route_layer.c.o CMakeFiles/darknet.dir/src/sam_layer.c.o CMakeFiles/darknet.dir/src/scale_channels_layer.c.o CMakeFiles/darknet.dir/src/shortcut_layer.c.o CMakeFiles/darknet.dir/src/softmax_layer.c.o CMakeFiles/darknet.dir/src/super.c.o CMakeFiles/darknet.dir/src/swag.c.o CMakeFiles/darknet.dir/src/tag.c.o CMakeFiles/darknet.dir/src/tree.c.o CMakeFiles/darknet.dir/src/upsample_layer.c.o CMakeFiles/darknet.dir/src/utils.c.o CMakeFiles/darknet.dir/src/voxel.c.o CMakeFiles/darknet.dir/src/writing.c.o CMakeFiles/darknet.dir/src/yolo.c.o CMakeFiles/darknet.dir/src/yolo_layer.c.o CMakeFiles/darknet.dir/src/http_stream.cpp.o CMakeFiles/darknet.dir/src/image_opencv.cpp.o -o darknet  /usr/lib/aarch64-linux-gnu/libopencv_stitching.so.4.6.0 /usr/lib/aarch64-linux-gnu/libopencv_alphamat.so.4.6.0 /usr/lib/aarch64-linux-gnu/libopencv_aruco.so.4.6.0 /usr/lib/aarch64-linux-gnu/libopencv_barcode.so.4.6.0 /usr/lib/aarch64-linux-gnu/libopencv_bgsegm.so.4.6.0 /usr/lib/aarch64-linux-gnu/libopencv_bioinspired.so.4.6.0 /usr/lib/aarch64-linux-gnu/libopencv_ccalib.so.4.6.0 /usr/lib/aarch64-linux-gnu/libopencv_cvv.so.4.6.0 /usr/lib/aarch64-linux-gnu/libopencv_dnn_objdetect.so.4.6.0 /usr/lib/aarch64-linux-gnu/libopencv_dnn_superres.so.4.6.0 /usr/lib/aarch64-linux-gnu/libopencv_dpm.so.4.6.0 /usr/lib/aarch64-linux-gnu/libopencv_face.so.4.6.0 /usr/lib/aarch64-linux-gnu/libopencv_freetype.so.4.6.0 /usr/lib/aarch64-linux-gnu/libopencv_fuzzy.so.4.6.0 /usr/lib/aarch64-linux-gnu/libopencv_hdf.so.4.6.0 /usr/lib/aarch64-linux-gnu/libopencv_hfs.so.4.6.0 /usr/lib/aarch64-linux-gnu/libopencv_img_hash.so.4.6.0 /usr/lib/aarch64-linux-gnu/libopencv_intensity_transform.so.4.6.0 /usr/lib/aarch64-linux-gnu/libopencv_line_descriptor.so.4.6.0 /usr/lib/aarch64-linux-gnu/libopencv_mcc.so.4.6.0 /usr/lib/aarch64-linux-gnu/libopencv_quality.so.4.6.0 /usr/lib/aarch64-linux-gnu/libopencv_rapid.so.4.6.0 /usr/lib/aarch64-linux-gnu/libopencv_reg.so.4.6.0 /usr/lib/aarch64-linux-gnu/libopencv_rgbd.so.4.6.0 /usr/lib/aarch64-linux-gnu/libopencv_saliency.so.4.6.0 /usr/lib/aarch64-linux-gnu/libopencv_shape.so.4.6.0 /usr/lib/aarch64-linux-gnu/libopencv_stereo.so.4.6.0 /usr/lib/aarch64-linux-gnu/libopencv_structured_light.so.4.6.0 /usr/lib/aarch64-linux-gnu/libopencv_superres.so.4.6.0 /usr/lib/aarch64-linux-gnu/libopencv_surface_matching.so.4.6.0 /usr/lib/aarch64-linux-gnu/libopencv_tracking.so.4.6.0 /usr/lib/aarch64-linux-gnu/libopencv_videostab.so.4.6.0 /usr/lib/aarch64-linux-gnu/libopencv_viz.so.4.6.0 /usr/lib/aarch64-linux-gnu/libopencv_wechat_qrcode.so.4.6.0 /usr/lib/aarch64-linux-gnu/libopencv_xobjdetect.so.4.6.0 /usr/lib/aarch64-linux-gnu/libopencv_xphoto.so.4.6.0 -lm /usr/lib/aarch64-linux-gnu/libopencv_highgui.so.4.6.0 /usr/lib/aarch64-linux-gnu/libopencv_datasets.so.4.6.0 /usr/lib/aarch64-linux-gnu/libopencv_plot.so.4.6.0 /usr/lib/aarch64-linux-gnu/libopencv_text.so.4.6.0 /usr/lib/aarch64-linux-gnu/libopencv_ml.so.4.6.0 /usr/lib/aarch64-linux-gnu/libopencv_phase_unwrapping.so.4.6.0 /usr/lib/aarch64-linux-gnu/libopencv_optflow.so.4.6.0 /usr/lib/aarch64-linux-gnu/libopencv_ximgproc.so.4.6.0 /usr/lib/aarch64-linux-gnu/libopencv_video.so.4.6.0 /usr/lib/aarch64-linux-gnu/libopencv_videoio.so.4.6.0 /usr/lib/aarch64-linux-gnu/libopencv_imgcodecs.so.4.6.0 /usr/lib/aarch64-linux-gnu/libopencv_objdetect.so.4.6.0 /usr/lib/aarch64-linux-gnu/libopencv_calib3d.so.4.6.0 /usr/lib/aarch64-linux-gnu/libopencv_dnn.so.4.6.0 /usr/lib/aarch64-linux-gnu/libopencv_features2d.so.4.6.0 /usr/lib/aarch64-linux-gnu/libopencv_flann.so.4.6.0 /usr/lib/aarch64-linux-gnu/libopencv_photo.so.4.6.0 /usr/lib/aarch64-linux-gnu/libopencv_imgproc.so.4.6.0 /usr/lib/aarch64-linux-gnu/libopencv_core.so.4.6.0 /usr/lib/gcc/aarch64-linux-gnu/13/libgomp.so /usr/lib/aarch64-linux-gnu/libpthread.a 
gmake[2]: Leaving directory '/home/ngan/Documents/test_github/lesson6_ws/build/Darknet'
[ 98%] Built target darknet
/usr/bin/gmake  -f CMakeFiles/uselib.dir/build.make CMakeFiles/uselib.dir/depend
gmake[2]: Entering directory '/home/ngan/Documents/test_github/lesson6_ws/build/Darknet'
cd /home/ngan/Documents/test_github/lesson6_ws/build/Darknet && /usr/bin/cmake -E cmake_depends "Unix Makefiles" /home/ngan/Documents/test_github/lesson6_ws/src/rmitbot_vision/darknet_ros/darknet_ros/darknet /home/ngan/Documents/test_github/lesson6_ws/src/rmitbot_vision/darknet_ros/darknet_ros/darknet /home/ngan/Documents/test_github/lesson6_ws/build/Darknet /home/ngan/Documents/test_github/lesson6_ws/build/Darknet /home/ngan/Documents/test_github/lesson6_ws/build/Darknet/CMakeFiles/uselib.dir/DependInfo.cmake "--color="
gmake[2]: Leaving directory '/home/ngan/Documents/test_github/lesson6_ws/build/Darknet'
/usr/bin/gmake  -f CMakeFiles/uselib.dir/build.make CMakeFiles/uselib.dir/build
gmake[2]: Entering directory '/home/ngan/Documents/test_github/lesson6_ws/build/Darknet'
[ 99%] [32mBuilding CXX object CMakeFiles/uselib.dir/src/yolo_console_dll.cpp.o[0m
/usr/bin/c++ -DOPENCV -DUSE_CMAKE_LIBS -I/home/ngan/Documents/test_github/lesson6_ws/src/rmitbot_vision/darknet_ros/darknet_ros/darknet/include -I/home/ngan/Documents/test_github/lesson6_ws/src/rmitbot_vision/darknet_ros/darknet_ros/darknet/src -I/home/ngan/Documents/test_github/lesson6_ws/src/rmitbot_vision/darknet_ros/darknet_ros/darknet/3rdparty/stb/include -isystem /usr/include/opencv4 -Wall -Wno-unused-result -Wno-unknown-pragmas -Wfatal-errors -Wno-deprecated-declarations -Wno-write-strings -Wl,-Bsymbolic  -Ofast -DNDEBUG -std=gnu++11 -fopenmp -MD -MT CMakeFiles/uselib.dir/src/yolo_console_dll.cpp.o -MF CMakeFiles/uselib.dir/src/yolo_console_dll.cpp.o.d -o CMakeFiles/uselib.dir/src/yolo_console_dll.cpp.o -c /home/ngan/Documents/test_github/lesson6_ws/src/rmitbot_vision/darknet_ros/darknet_ros/darknet/src/yolo_console_dll.cpp
[100%] [32m[1mLinking CXX executable uselib[0m
/usr/bin/cmake -E cmake_link_script CMakeFiles/uselib.dir/link.txt --verbose=1
/usr/bin/c++ -Wall -Wno-unused-result -Wno-unknown-pragmas -Wfatal-errors -Wno-deprecated-declarations -Wno-write-strings -Wl,-Bsymbolic  -Ofast -DNDEBUG CMakeFiles/uselib.dir/src/yolo_console_dll.cpp.o -o uselib  -Wl,-rpath,/home/ngan/Documents/test_github/lesson6_ws/build/Darknet: libdarknet.so /usr/lib/aarch64-linux-gnu/libopencv_stitching.so.4.6.0 /usr/lib/aarch64-linux-gnu/libopencv_alphamat.so.4.6.0 /usr/lib/aarch64-linux-gnu/libopencv_aruco.so.4.6.0 /usr/lib/aarch64-linux-gnu/libopencv_barcode.so.4.6.0 /usr/lib/aarch64-linux-gnu/libopencv_bgsegm.so.4.6.0 /usr/lib/aarch64-linux-gnu/libopencv_bioinspired.so.4.6.0 /usr/lib/aarch64-linux-gnu/libopencv_ccalib.so.4.6.0 /usr/lib/aarch64-linux-gnu/libopencv_cvv.so.4.6.0 /usr/lib/aarch64-linux-gnu/libopencv_dnn_objdetect.so.4.6.0 /usr/lib/aarch64-linux-gnu/libopencv_dnn_superres.so.4.6.0 /usr/lib/aarch64-linux-gnu/libopencv_dpm.so.4.6.0 /usr/lib/aarch64-linux-gnu/libopencv_face.so.4.6.0 /usr/lib/aarch64-linux-gnu/libopencv_freetype.so.4.6.0 /usr/lib/aarch64-linux-gnu/libopencv_fuzzy.so.4.6.0 /usr/lib/aarch64-linux-gnu/libopencv_hdf.so.4.6.0 /usr/lib/aarch64-linux-gnu/libopencv_hfs.so.4.6.0 /usr/lib/aarch64-linux-gnu/libopencv_img_hash.so.4.6.0 /usr/lib/aarch64-linux-gnu/libopencv_intensity_transform.so.4.6.0 /usr/lib/aarch64-linux-gnu/libopencv_line_descriptor.so.4.6.0 /usr/lib/aarch64-linux-gnu/libopencv_mcc.so.4.6.0 /usr/lib/aarch64-linux-gnu/libopencv_quality.so.4.6.0 /usr/lib/aarch64-linux-gnu/libopencv_rapid.so.4.6.0 /usr/lib/aarch64-linux-gnu/libopencv_reg.so.4.6.0 /usr/lib/aarch64-linux-gnu/libopencv_rgbd.so.4.6.0 /usr/lib/aarch64-linux-gnu/libopencv_saliency.so.4.6.0 /usr/lib/aarch64-linux-gnu/libopencv_shape.so.4.6.0 /usr/lib/aarch64-linux-gnu/libopencv_stereo.so.4.6.0 /usr/lib/aarch64-linux-gnu/libopencv_structured_light.so.4.6.0 /usr/lib/aarch64-linux-gnu/libopencv_phase_unwrapping.so.4.6.0 /usr/lib/aarch64-linux-gnu/libopencv_superres.so.4.6.0 /usr/lib/aarch64-linux-gnu/libopencv_optflow.so.4.6.0 /usr/lib/aarch64-linux-gnu/libopencv_surface_matching.so.4.6.0 /usr/lib/aarch64-linux-gnu/libopencv_tracking.so.4.6.0 /usr/lib/aarch64-linux-gnu/libopencv_highgui.so.4.6.0 /usr/lib/aarch64-linux-gnu/libopencv_datasets.so.4.6.0 /usr/lib/aarch64-linux-gnu/libopencv_plot.so.4.6.0 /usr/lib/aarch64-linux-gnu/libopencv_text.so.4.6.0 /usr/lib/aarch64-linux-gnu/libopencv_ml.so.4.6.0 /usr/lib/aarch64-linux-gnu/libopencv_videostab.so.4.6.0 /usr/lib/aarch64-linux-gnu/libopencv_videoio.so.4.6.0 /usr/lib/aarch64-linux-gnu/libopencv_viz.so.4.6.0 /usr/lib/aarch64-linux-gnu/libopencv_wechat_qrcode.so.4.6.0 /usr/lib/aarch64-linux-gnu/libopencv_ximgproc.so.4.6.0 /usr/lib/aarch64-linux-gnu/libopencv_video.so.4.6.0 /usr/lib/aarch64-linux-gnu/libopencv_xobjdetect.so.4.6.0 /usr/lib/aarch64-linux-gnu/libopencv_imgcodecs.so.4.6.0 /usr/lib/aarch64-linux-gnu/libopencv_objdetect.so.4.6.0 /usr/lib/aarch64-linux-gnu/libopencv_calib3d.so.4.6.0 /usr/lib/aarch64-linux-gnu/libopencv_dnn.so.4.6.0 /usr/lib/aarch64-linux-gnu/libopencv_features2d.so.4.6.0 /usr/lib/aarch64-linux-gnu/libopencv_flann.so.4.6.0 /usr/lib/aarch64-linux-gnu/libopencv_xphoto.so.4.6.0 /usr/lib/aarch64-linux-gnu/libopencv_photo.so.4.6.0 /usr/lib/aarch64-linux-gnu/libopencv_imgproc.so.4.6.0 /usr/lib/aarch64-linux-gnu/libopencv_core.so.4.6.0 /usr/lib/gcc/aarch64-linux-gnu/13/libgomp.so /usr/lib/aarch64-linux-gnu/libpthread.a -lm 
gmake[2]: Leaving directory '/home/ngan/Documents/test_github/lesson6_ws/build/Darknet'
[100%] Built target uselib
gmake[1]: Leaving directory '/home/ngan/Documents/test_github/lesson6_ws/build/Darknet'
/usr/bin/cmake -E cmake_progress_start /home/ngan/Documents/test_github/lesson6_ws/build/Darknet/CMakeFiles 0

