[0.056s] Invoking command in '/home/ngan/Documents/test_github/lesson6_ws/build/darknet_ros_msgs': CMAKE_PREFIX_PATH=${CMAKE_PREFIX_PATH}:/home/ngan/Documents/test_github/lesson6_ws/install/stop_sign_control:/home/ngan/Documents/test_github/lesson6_ws/install/opencv_tests:/opt/ros/jazzy DEBUGINFOD_URLS=https://debuginfod.ubuntu.com /usr/bin/cmake --build /home/ngan/Documents/test_github/lesson6_ws/build/darknet_ros_msgs -- -j4 -l4
[0.330s] [  1%] Built target darknet_ros_msgs__rosidl_generator_type_description
[0.436s] [  1%] Built target ament_cmake_python_copy_darknet_ros_msgs
[0.508s] [  3%] Built target darknet_ros_msgs__cpp
[1.260s] running egg_info
[1.342s] writing darknet_ros_msgs.egg-info/PKG-INFO
[1.344s] writing dependency_links to darknet_ros_msgs.egg-info/dependency_links.txt
[1.344s] writing top-level names to darknet_ros_msgs.egg-info/top_level.txt
[1.512s] reading manifest file 'darknet_ros_msgs.egg-info/SOURCES.txt'
[1.518s] writing manifest file 'darknet_ros_msgs.egg-info/SOURCES.txt'
[1.602s] [  3%] Built target ament_cmake_python_build_darknet_ros_msgs_egg
[1.698s] [ 25%] Built target darknet_ros_msgs__rosidl_generator_c
[1.959s] [ 34%] Built target darknet_ros_msgs__rosidl_typesupport_fastrtps_c
[2.061s] [ 43%] Built target darknet_ros_msgs__rosidl_typesupport_c
[2.153s] [ 53%] Built target darknet_ros_msgs__rosidl_typesupport_introspection_cpp
[2.291s] [ 62%] Built target darknet_ros_msgs__rosidl_typesupport_cpp
[3.022s] [ 71%] Built target darknet_ros_msgs__rosidl_typesupport_introspection_c
[3.223s] [ 81%] Built target darknet_ros_msgs__rosidl_typesupport_fastrtps_cpp
[3.399s] [ 81%] Built target darknet_ros_msgs
[4.579s] [ 82%] Built target darknet_ros_msgs__py
[5.389s] [ 90%] Built target darknet_ros_msgs__rosidl_generator_py
[5.509s] [ 93%] Built target darknet_ros_msgs_s__rosidl_typesupport_fastrtps_c
[5.566s] [ 96%] Built target darknet_ros_msgs_s__rosidl_typesupport_c
[5.647s] [100%] Built target darknet_ros_msgs_s__rosidl_typesupport_introspection_c
[6.104s] Invoked command in '/home/ngan/Documents/test_github/lesson6_ws/build/darknet_ros_msgs' returned '0': CMAKE_PREFIX_PATH=${CMAKE_PREFIX_PATH}:/home/ngan/Documents/test_github/lesson6_ws/install/stop_sign_control:/home/ngan/Documents/test_github/lesson6_ws/install/opencv_tests:/opt/ros/jazzy DEBUGINFOD_URLS=https://debuginfod.ubuntu.com /usr/bin/cmake --build /home/ngan/Documents/test_github/lesson6_ws/build/darknet_ros_msgs -- -j4 -l4
[6.113s] Invoking command in '/home/ngan/Documents/test_github/lesson6_ws/build/darknet_ros_msgs': CMAKE_PREFIX_PATH=${CMAKE_PREFIX_PATH}:/home/ngan/Documents/test_github/lesson6_ws/install/stop_sign_control:/home/ngan/Documents/test_github/lesson6_ws/install/opencv_tests:/opt/ros/jazzy DEBUGINFOD_URLS=https://debuginfod.ubuntu.com /usr/bin/cmake --install /home/ngan/Documents/test_github/lesson6_ws/build/darknet_ros_msgs
[6.254s] -- Install configuration: ""
[6.254s] -- Up-to-date: /home/ngan/Documents/test_github/lesson6_ws/install/darknet_ros_msgs/share/ament_index/resource_index/rosidl_interfaces/darknet_ros_msgs
[6.254s] -- Up-to-date: /home/ngan/Documents/test_github/lesson6_ws/install/darknet_ros_msgs/share/darknet_ros_msgs/msg/BoundingBox.json
[6.267s] -- Up-to-date: /home/ngan/Documents/test_github/lesson6_ws/install/darknet_ros_msgs/share/darknet_ros_msgs/msg/BoundingBoxes.json
[6.268s] -- Up-to-date: /home/ngan/Documents/test_github/lesson6_ws/install/darknet_ros_msgs/share/darknet_ros_msgs/msg/ObjectCount.json
[6.268s] -- Up-to-date: /home/ngan/Documents/test_github/lesson6_ws/install/darknet_ros_msgs/share/darknet_ros_msgs/action/CheckForObjects.json
[6.272s] -- Up-to-date: /home/ngan/Documents/test_github/lesson6_ws/install/darknet_ros_msgs/include/darknet_ros_msgs/darknet_ros_msgs
[6.282s] -- Up-to-date: /home/ngan/Documents/test_github/lesson6_ws/install/darknet_ros_msgs/include/darknet_ros_msgs/darknet_ros_msgs/action
[6.282s] -- Up-to-date: /home/ngan/Documents/test_github/lesson6_ws/install/darknet_ros_msgs/include/darknet_ros_msgs/darknet_ros_msgs/action/check_for_objects.h
[6.283s] -- Up-to-date: /home/ngan/Documents/test_github/lesson6_ws/install/darknet_ros_msgs/include/darknet_ros_msgs/darknet_ros_msgs/action/detail
[6.295s] -- Up-to-date: /home/ngan/Documents/test_github/lesson6_ws/install/darknet_ros_msgs/include/darknet_ros_msgs/darknet_ros_msgs/action/detail/check_for_objects__functions.c
[6.296s] -- Up-to-date: /home/ngan/Documents/test_github/lesson6_ws/install/darknet_ros_msgs/include/darknet_ros_msgs/darknet_ros_msgs/action/detail/check_for_objects__functions.h
[6.297s] -- Installing: /home/ngan/Documents/test_github/lesson6_ws/install/darknet_ros_msgs/include/darknet_ros_msgs/darknet_ros_msgs/action/detail/check_for_objects__type_support.c
[6.306s] -- Up-to-date: /home/ngan/Documents/test_github/lesson6_ws/install/darknet_ros_msgs/include/darknet_ros_msgs/darknet_ros_msgs/action/detail/check_for_objects__description.c
[6.306s] -- Up-to-date: /home/ngan/Documents/test_github/lesson6_ws/install/darknet_ros_msgs/include/darknet_ros_msgs/darknet_ros_msgs/action/detail/check_for_objects__struct.h
[6.306s] -- Up-to-date: /home/ngan/Documents/test_github/lesson6_ws/install/darknet_ros_msgs/include/darknet_ros_msgs/darknet_ros_msgs/action/detail/check_for_objects__type_support.h
[6.307s] -- Up-to-date: /home/ngan/Documents/test_github/lesson6_ws/install/darknet_ros_msgs/include/darknet_ros_msgs/darknet_ros_msgs/msg
[6.307s] -- Up-to-date: /home/ngan/Documents/test_github/lesson6_ws/install/darknet_ros_msgs/include/darknet_ros_msgs/darknet_ros_msgs/msg/detail
[6.307s] -- Up-to-date: /home/ngan/Documents/test_github/lesson6_ws/install/darknet_ros_msgs/include/darknet_ros_msgs/darknet_ros_msgs/msg/detail/bounding_box__functions.h
[6.308s] -- Up-to-date: /home/ngan/Documents/test_github/lesson6_ws/install/darknet_ros_msgs/include/darknet_ros_msgs/darknet_ros_msgs/msg/detail/bounding_boxes__functions.c
[6.313s] -- Up-to-date: /home/ngan/Documents/test_github/lesson6_ws/install/darknet_ros_msgs/include/darknet_ros_msgs/darknet_ros_msgs/msg/detail/object_count__struct.h
[6.313s] -- Installing: /home/ngan/Documents/test_github/lesson6_ws/install/darknet_ros_msgs/include/darknet_ros_msgs/darknet_ros_msgs/msg/detail/bounding_box__type_support.c
[6.314s] -- Up-to-date: /home/ngan/Documents/test_github/lesson6_ws/install/darknet_ros_msgs/include/darknet_ros_msgs/darknet_ros_msgs/msg/detail/object_count__type_support.h
[6.317s] -- Up-to-date: /home/ngan/Documents/test_github/lesson6_ws/install/darknet_ros_msgs/include/darknet_ros_msgs/darknet_ros_msgs/msg/detail/bounding_box__type_support.h
[6.319s] -- Up-to-date: /home/ngan/Documents/test_github/lesson6_ws/install/darknet_ros_msgs/include/darknet_ros_msgs/darknet_ros_msgs/msg/detail/object_count__description.c
[6.319s] -- Installing: /home/ngan/Documents/test_github/lesson6_ws/install/darknet_ros_msgs/include/darknet_ros_msgs/darknet_ros_msgs/msg/detail/bounding_boxes__type_support.c
[6.323s] -- Up-to-date: /home/ngan/Documents/test_github/lesson6_ws/install/darknet_ros_msgs/include/darknet_ros_msgs/darknet_ros_msgs/msg/detail/bounding_boxes__functions.h
[6.323s] -- Up-to-date: /home/ngan/Documents/test_github/lesson6_ws/install/darknet_ros_msgs/include/darknet_ros_msgs/darknet_ros_msgs/msg/detail/object_count__functions.h
[6.330s] -- Up-to-date: /home/ngan/Documents/test_github/lesson6_ws/install/darknet_ros_msgs/include/darknet_ros_msgs/darknet_ros_msgs/msg/detail/bounding_box__functions.c
[6.334s] -- Up-to-date: /home/ngan/Documents/test_github/lesson6_ws/install/darknet_ros_msgs/include/darknet_ros_msgs/darknet_ros_msgs/msg/detail/bounding_boxes__struct.h
[6.334s] -- Installing: /home/ngan/Documents/test_github/lesson6_ws/install/darknet_ros_msgs/include/darknet_ros_msgs/darknet_ros_msgs/msg/detail/object_count__type_support.c
[6.334s] -- Up-to-date: /home/ngan/Documents/test_github/lesson6_ws/install/darknet_ros_msgs/include/darknet_ros_msgs/darknet_ros_msgs/msg/detail/bounding_box__description.c
[6.334s] -- Up-to-date: /home/ngan/Documents/test_github/lesson6_ws/install/darknet_ros_msgs/include/darknet_ros_msgs/darknet_ros_msgs/msg/detail/bounding_boxes__description.c
[6.335s] -- Up-to-date: /home/ngan/Documents/test_github/lesson6_ws/install/darknet_ros_msgs/include/darknet_ros_msgs/darknet_ros_msgs/msg/detail/bounding_box__struct.h
[6.338s] -- Up-to-date: /home/ngan/Documents/test_github/lesson6_ws/install/darknet_ros_msgs/include/darknet_ros_msgs/darknet_ros_msgs/msg/detail/object_count__functions.c
[6.338s] -- Up-to-date: /home/ngan/Documents/test_github/lesson6_ws/install/darknet_ros_msgs/include/darknet_ros_msgs/darknet_ros_msgs/msg/detail/bounding_boxes__type_support.h
[6.338s] -- Up-to-date: /home/ngan/Documents/test_github/lesson6_ws/install/darknet_ros_msgs/include/darknet_ros_msgs/darknet_ros_msgs/msg/bounding_boxes.h
[6.338s] -- Up-to-date: /home/ngan/Documents/test_github/lesson6_ws/install/darknet_ros_msgs/include/darknet_ros_msgs/darknet_ros_msgs/msg/rosidl_generator_c__visibility_control.h
[6.338s] -- Up-to-date: /home/ngan/Documents/test_github/lesson6_ws/install/darknet_ros_msgs/include/darknet_ros_msgs/darknet_ros_msgs/msg/object_count.h
[6.338s] -- Up-to-date: /home/ngan/Documents/test_github/lesson6_ws/install/darknet_ros_msgs/include/darknet_ros_msgs/darknet_ros_msgs/msg/bounding_box.h
[6.338s] -- Up-to-date: /home/ngan/Documents/test_github/lesson6_ws/install/darknet_ros_msgs/share/darknet_ros_msgs/environment/library_path.sh
[6.338s] -- Up-to-date: /home/ngan/Documents/test_github/lesson6_ws/install/darknet_ros_msgs/share/darknet_ros_msgs/environment/library_path.dsv
[6.338s] -- Up-to-date: /home/ngan/Documents/test_github/lesson6_ws/install/darknet_ros_msgs/lib/libdarknet_ros_msgs__rosidl_generator_c.so
[6.338s] -- Up-to-date: /home/ngan/Documents/test_github/lesson6_ws/install/darknet_ros_msgs/include/darknet_ros_msgs/darknet_ros_msgs
[6.338s] -- Up-to-date: /home/ngan/Documents/test_github/lesson6_ws/install/darknet_ros_msgs/include/darknet_ros_msgs/darknet_ros_msgs/action
[6.341s] -- Up-to-date: /home/ngan/Documents/test_github/lesson6_ws/install/darknet_ros_msgs/include/darknet_ros_msgs/darknet_ros_msgs/action/detail
[6.342s] -- Up-to-date: /home/ngan/Documents/test_github/lesson6_ws/install/darknet_ros_msgs/include/darknet_ros_msgs/darknet_ros_msgs/action/detail/check_for_objects__rosidl_typesupport_fastrtps_c.h
[6.343s] -- Up-to-date: /home/ngan/Documents/test_github/lesson6_ws/install/darknet_ros_msgs/include/darknet_ros_msgs/darknet_ros_msgs/msg
[6.343s] -- Up-to-date: /home/ngan/Documents/test_github/lesson6_ws/install/darknet_ros_msgs/include/darknet_ros_msgs/darknet_ros_msgs/msg/rosidl_typesupport_fastrtps_c__visibility_control.h
[6.343s] -- Up-to-date: /home/ngan/Documents/test_github/lesson6_ws/install/darknet_ros_msgs/include/darknet_ros_msgs/darknet_ros_msgs/msg/detail
[6.343s] -- Up-to-date: /home/ngan/Documents/test_github/lesson6_ws/install/darknet_ros_msgs/include/darknet_ros_msgs/darknet_ros_msgs/msg/detail/bounding_boxes__rosidl_typesupport_fastrtps_c.h
[6.343s] -- Up-to-date: /home/ngan/Documents/test_github/lesson6_ws/install/darknet_ros_msgs/include/darknet_ros_msgs/darknet_ros_msgs/msg/detail/bounding_box__rosidl_typesupport_fastrtps_c.h
[6.344s] -- Up-to-date: /home/ngan/Documents/test_github/lesson6_ws/install/darknet_ros_msgs/include/darknet_ros_msgs/darknet_ros_msgs/msg/detail/object_count__rosidl_typesupport_fastrtps_c.h
[6.344s] -- Up-to-date: /home/ngan/Documents/test_github/lesson6_ws/install/darknet_ros_msgs/lib/libdarknet_ros_msgs__rosidl_typesupport_fastrtps_c.so
[6.344s] -- Up-to-date: /home/ngan/Documents/test_github/lesson6_ws/install/darknet_ros_msgs/include/darknet_ros_msgs/darknet_ros_msgs
[6.344s] -- Up-to-date: /home/ngan/Documents/test_github/lesson6_ws/install/darknet_ros_msgs/include/darknet_ros_msgs/darknet_ros_msgs/action
[6.345s] -- Up-to-date: /home/ngan/Documents/test_github/lesson6_ws/install/darknet_ros_msgs/include/darknet_ros_msgs/darknet_ros_msgs/action/detail
[6.345s] -- Up-to-date: /home/ngan/Documents/test_github/lesson6_ws/install/darknet_ros_msgs/include/darknet_ros_msgs/darknet_ros_msgs/action/detail/check_for_objects__struct.hpp
[6.345s] -- Up-to-date: /home/ngan/Documents/test_github/lesson6_ws/install/darknet_ros_msgs/include/darknet_ros_msgs/darknet_ros_msgs/action/detail/check_for_objects__type_support.hpp
[6.345s] -- Up-to-date: /home/ngan/Documents/test_github/lesson6_ws/install/darknet_ros_msgs/include/darknet_ros_msgs/darknet_ros_msgs/action/detail/check_for_objects__builder.hpp
[6.345s] -- Up-to-date: /home/ngan/Documents/test_github/lesson6_ws/install/darknet_ros_msgs/include/darknet_ros_msgs/darknet_ros_msgs/action/detail/check_for_objects__traits.hpp
[6.345s] -- Up-to-date: /home/ngan/Documents/test_github/lesson6_ws/install/darknet_ros_msgs/include/darknet_ros_msgs/darknet_ros_msgs/action/check_for_objects.hpp
[6.357s] -- Up-to-date: /home/ngan/Documents/test_github/lesson6_ws/install/darknet_ros_msgs/include/darknet_ros_msgs/darknet_ros_msgs/msg
[6.357s] -- Up-to-date: /home/ngan/Documents/test_github/lesson6_ws/install/darknet_ros_msgs/include/darknet_ros_msgs/darknet_ros_msgs/msg/detail
[6.358s] -- Up-to-date: /home/ngan/Documents/test_github/lesson6_ws/install/darknet_ros_msgs/include/darknet_ros_msgs/darknet_ros_msgs/msg/detail/object_count__type_support.hpp
[6.358s] -- Up-to-date: /home/ngan/Documents/test_github/lesson6_ws/install/darknet_ros_msgs/include/darknet_ros_msgs/darknet_ros_msgs/msg/detail/bounding_boxes__traits.hpp
[6.358s] -- Up-to-date: /home/ngan/Documents/test_github/lesson6_ws/install/darknet_ros_msgs/include/darknet_ros_msgs/darknet_ros_msgs/msg/detail/bounding_boxes__struct.hpp
[6.374s] -- Up-to-date: /home/ngan/Documents/test_github/lesson6_ws/install/darknet_ros_msgs/include/darknet_ros_msgs/darknet_ros_msgs/msg/detail/bounding_box__builder.hpp
[6.374s] -- Up-to-date: /home/ngan/Documents/test_github/lesson6_ws/install/darknet_ros_msgs/include/darknet_ros_msgs/darknet_ros_msgs/msg/detail/object_count__struct.hpp
[6.375s] -- Up-to-date: /home/ngan/Documents/test_github/lesson6_ws/install/darknet_ros_msgs/include/darknet_ros_msgs/darknet_ros_msgs/msg/detail/bounding_box__struct.hpp
[6.375s] -- Up-to-date: /home/ngan/Documents/test_github/lesson6_ws/install/darknet_ros_msgs/include/darknet_ros_msgs/darknet_ros_msgs/msg/detail/bounding_box__traits.hpp
[6.379s] -- Up-to-date: /home/ngan/Documents/test_github/lesson6_ws/install/darknet_ros_msgs/include/darknet_ros_msgs/darknet_ros_msgs/msg/detail/object_count__traits.hpp
[6.380s] -- Up-to-date: /home/ngan/Documents/test_github/lesson6_ws/install/darknet_ros_msgs/include/darknet_ros_msgs/darknet_ros_msgs/msg/detail/bounding_box__type_support.hpp
[6.381s] -- Up-to-date: /home/ngan/Documents/test_github/lesson6_ws/install/darknet_ros_msgs/include/darknet_ros_msgs/darknet_ros_msgs/msg/detail/object_count__builder.hpp
[6.389s] -- Up-to-date: /home/ngan/Documents/test_github/lesson6_ws/install/darknet_ros_msgs/include/darknet_ros_msgs/darknet_ros_msgs/msg/detail/bounding_boxes__type_support.hpp
[6.390s] -- Up-to-date: /home/ngan/Documents/test_github/lesson6_ws/install/darknet_ros_msgs/include/darknet_ros_msgs/darknet_ros_msgs/msg/detail/bounding_boxes__builder.hpp
[6.390s] -- Up-to-date: /home/ngan/Documents/test_github/lesson6_ws/install/darknet_ros_msgs/include/darknet_ros_msgs/darknet_ros_msgs/msg/rosidl_generator_cpp__visibility_control.hpp
[6.390s] -- Up-to-date: /home/ngan/Documents/test_github/lesson6_ws/install/darknet_ros_msgs/include/darknet_ros_msgs/darknet_ros_msgs/msg/bounding_boxes.hpp
[6.390s] -- Up-to-date: /home/ngan/Documents/test_github/lesson6_ws/install/darknet_ros_msgs/include/darknet_ros_msgs/darknet_ros_msgs/msg/bounding_box.hpp
[6.390s] -- Up-to-date: /home/ngan/Documents/test_github/lesson6_ws/install/darknet_ros_msgs/include/darknet_ros_msgs/darknet_ros_msgs/msg/object_count.hpp
[6.390s] -- Up-to-date: /home/ngan/Documents/test_github/lesson6_ws/install/darknet_ros_msgs/include/darknet_ros_msgs/darknet_ros_msgs
[6.391s] -- Up-to-date: /home/ngan/Documents/test_github/lesson6_ws/install/darknet_ros_msgs/include/darknet_ros_msgs/darknet_ros_msgs/action
[6.391s] -- Up-to-date: /home/ngan/Documents/test_github/lesson6_ws/install/darknet_ros_msgs/include/darknet_ros_msgs/darknet_ros_msgs/action/detail
[6.391s] -- Up-to-date: /home/ngan/Documents/test_github/lesson6_ws/install/darknet_ros_msgs/include/darknet_ros_msgs/darknet_ros_msgs/action/detail/dds_fastrtps
[6.391s] -- Up-to-date: /home/ngan/Documents/test_github/lesson6_ws/install/darknet_ros_msgs/include/darknet_ros_msgs/darknet_ros_msgs/action/detail/check_for_objects__rosidl_typesupport_fastrtps_cpp.hpp
[6.391s] -- Up-to-date: /home/ngan/Documents/test_github/lesson6_ws/install/darknet_ros_msgs/include/darknet_ros_msgs/darknet_ros_msgs/msg
[6.391s] -- Up-to-date: /home/ngan/Documents/test_github/lesson6_ws/install/darknet_ros_msgs/include/darknet_ros_msgs/darknet_ros_msgs/msg/detail
[6.396s] -- Up-to-date: /home/ngan/Documents/test_github/lesson6_ws/install/darknet_ros_msgs/include/darknet_ros_msgs/darknet_ros_msgs/msg/detail/bounding_boxes__rosidl_typesupport_fastrtps_cpp.hpp
[6.396s] -- Up-to-date: /home/ngan/Documents/test_github/lesson6_ws/install/darknet_ros_msgs/include/darknet_ros_msgs/darknet_ros_msgs/msg/detail/object_count__rosidl_typesupport_fastrtps_cpp.hpp
[6.398s] -- Up-to-date: /home/ngan/Documents/test_github/lesson6_ws/install/darknet_ros_msgs/include/darknet_ros_msgs/darknet_ros_msgs/msg/detail/bounding_box__rosidl_typesupport_fastrtps_cpp.hpp
[6.398s] -- Up-to-date: /home/ngan/Documents/test_github/lesson6_ws/install/darknet_ros_msgs/include/darknet_ros_msgs/darknet_ros_msgs/msg/detail/dds_fastrtps
[6.398s] -- Up-to-date: /home/ngan/Documents/test_github/lesson6_ws/install/darknet_ros_msgs/include/darknet_ros_msgs/darknet_ros_msgs/msg/rosidl_typesupport_fastrtps_cpp__visibility_control.h
[6.400s] -- Up-to-date: /home/ngan/Documents/test_github/lesson6_ws/install/darknet_ros_msgs/lib/libdarknet_ros_msgs__rosidl_typesupport_fastrtps_cpp.so
[6.400s] -- Up-to-date: /home/ngan/Documents/test_github/lesson6_ws/install/darknet_ros_msgs/include/darknet_ros_msgs/darknet_ros_msgs
[6.400s] -- Up-to-date: /home/ngan/Documents/test_github/lesson6_ws/install/darknet_ros_msgs/include/darknet_ros_msgs/darknet_ros_msgs/action
[6.401s] -- Up-to-date: /home/ngan/Documents/test_github/lesson6_ws/install/darknet_ros_msgs/include/darknet_ros_msgs/darknet_ros_msgs/action/detail
[6.401s] -- Up-to-date: /home/ngan/Documents/test_github/lesson6_ws/install/darknet_ros_msgs/include/darknet_ros_msgs/darknet_ros_msgs/action/detail/check_for_objects__rosidl_typesupport_introspection_c.h
[6.410s] -- Installing: /home/ngan/Documents/test_github/lesson6_ws/install/darknet_ros_msgs/include/darknet_ros_msgs/darknet_ros_msgs/action/detail/check_for_objects__type_support.c
[6.410s] -- Up-to-date: /home/ngan/Documents/test_github/lesson6_ws/install/darknet_ros_msgs/include/darknet_ros_msgs/darknet_ros_msgs/msg
[6.411s] -- Up-to-date: /home/ngan/Documents/test_github/lesson6_ws/install/darknet_ros_msgs/include/darknet_ros_msgs/darknet_ros_msgs/msg/rosidl_typesupport_introspection_c__visibility_control.h
[6.411s] -- Up-to-date: /home/ngan/Documents/test_github/lesson6_ws/install/darknet_ros_msgs/include/darknet_ros_msgs/darknet_ros_msgs/msg/detail
[6.411s] -- Installing: /home/ngan/Documents/test_github/lesson6_ws/install/darknet_ros_msgs/include/darknet_ros_msgs/darknet_ros_msgs/msg/detail/bounding_box__type_support.c
[6.411s] -- Up-to-date: /home/ngan/Documents/test_github/lesson6_ws/install/darknet_ros_msgs/include/darknet_ros_msgs/darknet_ros_msgs/msg/detail/bounding_boxes__rosidl_typesupport_introspection_c.h
[6.411s] -- Installing: /home/ngan/Documents/test_github/lesson6_ws/install/darknet_ros_msgs/include/darknet_ros_msgs/darknet_ros_msgs/msg/detail/bounding_boxes__type_support.c
[6.411s] -- Up-to-date: /home/ngan/Documents/test_github/lesson6_ws/install/darknet_ros_msgs/include/darknet_ros_msgs/darknet_ros_msgs/msg/detail/bounding_box__rosidl_typesupport_introspection_c.h
[6.411s] -- Up-to-date: /home/ngan/Documents/test_github/lesson6_ws/install/darknet_ros_msgs/include/darknet_ros_msgs/darknet_ros_msgs/msg/detail/object_count__rosidl_typesupport_introspection_c.h
[6.411s] -- Installing: /home/ngan/Documents/test_github/lesson6_ws/install/darknet_ros_msgs/include/darknet_ros_msgs/darknet_ros_msgs/msg/detail/object_count__type_support.c
[6.412s] -- Up-to-date: /home/ngan/Documents/test_github/lesson6_ws/install/darknet_ros_msgs/lib/libdarknet_ros_msgs__rosidl_typesupport_introspection_c.so
[6.412s] -- Up-to-date: /home/ngan/Documents/test_github/lesson6_ws/install/darknet_ros_msgs/lib/libdarknet_ros_msgs__rosidl_typesupport_c.so
[6.412s] -- Up-to-date: /home/ngan/Documents/test_github/lesson6_ws/install/darknet_ros_msgs/include/darknet_ros_msgs/darknet_ros_msgs
[6.412s] -- Up-to-date: /home/ngan/Documents/test_github/lesson6_ws/install/darknet_ros_msgs/include/darknet_ros_msgs/darknet_ros_msgs/action
[6.412s] -- Up-to-date: /home/ngan/Documents/test_github/lesson6_ws/install/darknet_ros_msgs/include/darknet_ros_msgs/darknet_ros_msgs/action/detail
[6.422s] -- Up-to-date: /home/ngan/Documents/test_github/lesson6_ws/install/darknet_ros_msgs/include/darknet_ros_msgs/darknet_ros_msgs/action/detail/check_for_objects__type_support.cpp
[6.423s] -- Up-to-date: /home/ngan/Documents/test_github/lesson6_ws/install/darknet_ros_msgs/include/darknet_ros_msgs/darknet_ros_msgs/action/detail/check_for_objects__rosidl_typesupport_introspection_cpp.hpp
[6.423s] -- Up-to-date: /home/ngan/Documents/test_github/lesson6_ws/install/darknet_ros_msgs/include/darknet_ros_msgs/darknet_ros_msgs/msg
[6.423s] -- Up-to-date: /home/ngan/Documents/test_github/lesson6_ws/install/darknet_ros_msgs/include/darknet_ros_msgs/darknet_ros_msgs/msg/detail
[6.423s] -- Up-to-date: /home/ngan/Documents/test_github/lesson6_ws/install/darknet_ros_msgs/include/darknet_ros_msgs/darknet_ros_msgs/msg/detail/bounding_boxes__rosidl_typesupport_introspection_cpp.hpp
[6.423s] -- Up-to-date: /home/ngan/Documents/test_github/lesson6_ws/install/darknet_ros_msgs/include/darknet_ros_msgs/darknet_ros_msgs/msg/detail/bounding_box__type_support.cpp
[6.423s] -- Up-to-date: /home/ngan/Documents/test_github/lesson6_ws/install/darknet_ros_msgs/include/darknet_ros_msgs/darknet_ros_msgs/msg/detail/object_count__rosidl_typesupport_introspection_cpp.hpp
[6.423s] -- Up-to-date: /home/ngan/Documents/test_github/lesson6_ws/install/darknet_ros_msgs/include/darknet_ros_msgs/darknet_ros_msgs/msg/detail/object_count__type_support.cpp
[6.423s] -- Up-to-date: /home/ngan/Documents/test_github/lesson6_ws/install/darknet_ros_msgs/include/darknet_ros_msgs/darknet_ros_msgs/msg/detail/bounding_box__rosidl_typesupport_introspection_cpp.hpp
[6.423s] -- Up-to-date: /home/ngan/Documents/test_github/lesson6_ws/install/darknet_ros_msgs/include/darknet_ros_msgs/darknet_ros_msgs/msg/detail/bounding_boxes__type_support.cpp
[6.424s] -- Up-to-date: /home/ngan/Documents/test_github/lesson6_ws/install/darknet_ros_msgs/lib/libdarknet_ros_msgs__rosidl_typesupport_introspection_cpp.so
[6.424s] -- Up-to-date: /home/ngan/Documents/test_github/lesson6_ws/install/darknet_ros_msgs/lib/libdarknet_ros_msgs__rosidl_typesupport_cpp.so
[6.424s] -- Up-to-date: /home/ngan/Documents/test_github/lesson6_ws/install/darknet_ros_msgs/share/darknet_ros_msgs/environment/pythonpath.sh
[6.424s] -- Up-to-date: /home/ngan/Documents/test_github/lesson6_ws/install/darknet_ros_msgs/share/darknet_ros_msgs/environment/pythonpath.dsv
[6.424s] -- Up-to-date: /home/ngan/Documents/test_github/lesson6_ws/install/darknet_ros_msgs/lib/python3.12/site-packages/darknet_ros_msgs-1.1.5-py3.12.egg-info
[6.424s] -- Installing: /home/ngan/Documents/test_github/lesson6_ws/install/darknet_ros_msgs/lib/python3.12/site-packages/darknet_ros_msgs-1.1.5-py3.12.egg-info/SOURCES.txt
[6.435s] -- Installing: /home/ngan/Documents/test_github/lesson6_ws/install/darknet_ros_msgs/lib/python3.12/site-packages/darknet_ros_msgs-1.1.5-py3.12.egg-info/dependency_links.txt
[6.448s] -- Installing: /home/ngan/Documents/test_github/lesson6_ws/install/darknet_ros_msgs/lib/python3.12/site-packages/darknet_ros_msgs-1.1.5-py3.12.egg-info/PKG-INFO
[6.449s] -- Installing: /home/ngan/Documents/test_github/lesson6_ws/install/darknet_ros_msgs/lib/python3.12/site-packages/darknet_ros_msgs-1.1.5-py3.12.egg-info/top_level.txt
[6.449s] -- Up-to-date: /home/ngan/Documents/test_github/lesson6_ws/install/darknet_ros_msgs/lib/python3.12/site-packages/darknet_ros_msgs
[6.449s] -- Up-to-date: /home/ngan/Documents/test_github/lesson6_ws/install/darknet_ros_msgs/lib/python3.12/site-packages/darknet_ros_msgs/_darknet_ros_msgs_s.ep.rosidl_typesupport_introspection_c.c
[6.449s] -- Up-to-date: /home/ngan/Documents/test_github/lesson6_ws/install/darknet_ros_msgs/lib/python3.12/site-packages/darknet_ros_msgs/darknet_ros_msgs_s__rosidl_typesupport_c.so
[6.449s] -- Up-to-date: /home/ngan/Documents/test_github/lesson6_ws/install/darknet_ros_msgs/lib/python3.12/site-packages/darknet_ros_msgs/darknet_ros_msgs_s__rosidl_typesupport_introspection_c.so
[6.449s] -- Up-to-date: /home/ngan/Documents/test_github/lesson6_ws/install/darknet_ros_msgs/lib/python3.12/site-packages/darknet_ros_msgs/__init__.py
[6.450s] -- Up-to-date: /home/ngan/Documents/test_github/lesson6_ws/install/darknet_ros_msgs/lib/python3.12/site-packages/darknet_ros_msgs/action
[6.450s] -- Up-to-date: /home/ngan/Documents/test_github/lesson6_ws/install/darknet_ros_msgs/lib/python3.12/site-packages/darknet_ros_msgs/action/__init__.py
[6.450s] -- Up-to-date: /home/ngan/Documents/test_github/lesson6_ws/install/darknet_ros_msgs/lib/python3.12/site-packages/darknet_ros_msgs/action/_check_for_objects.py
[6.450s] -- Up-to-date: /home/ngan/Documents/test_github/lesson6_ws/install/darknet_ros_msgs/lib/python3.12/site-packages/darknet_ros_msgs/action/_check_for_objects_s.c
[6.450s] -- Up-to-date: /home/ngan/Documents/test_github/lesson6_ws/install/darknet_ros_msgs/lib/python3.12/site-packages/darknet_ros_msgs/_darknet_ros_msgs_s.ep.rosidl_typesupport_c.c
[6.459s] -- Up-to-date: /home/ngan/Documents/test_github/lesson6_ws/install/darknet_ros_msgs/lib/python3.12/site-packages/darknet_ros_msgs/darknet_ros_msgs_s__rosidl_typesupport_fastrtps_c.so
[6.459s] -- Up-to-date: /home/ngan/Documents/test_github/lesson6_ws/install/darknet_ros_msgs/lib/python3.12/site-packages/darknet_ros_msgs/_darknet_ros_msgs_s.ep.rosidl_typesupport_fastrtps_c.c
[6.459s] -- Up-to-date: /home/ngan/Documents/test_github/lesson6_ws/install/darknet_ros_msgs/lib/python3.12/site-packages/darknet_ros_msgs/msg
[6.459s] -- Up-to-date: /home/ngan/Documents/test_github/lesson6_ws/install/darknet_ros_msgs/lib/python3.12/site-packages/darknet_ros_msgs/msg/__init__.py
[6.459s] -- Up-to-date: /home/ngan/Documents/test_github/lesson6_ws/install/darknet_ros_msgs/lib/python3.12/site-packages/darknet_ros_msgs/msg/_bounding_boxes.py
[6.459s] -- Up-to-date: /home/ngan/Documents/test_github/lesson6_ws/install/darknet_ros_msgs/lib/python3.12/site-packages/darknet_ros_msgs/msg/_object_count.py
[6.459s] -- Up-to-date: /home/ngan/Documents/test_github/lesson6_ws/install/darknet_ros_msgs/lib/python3.12/site-packages/darknet_ros_msgs/msg/_object_count_s.c
[6.459s] -- Up-to-date: /home/ngan/Documents/test_github/lesson6_ws/install/darknet_ros_msgs/lib/python3.12/site-packages/darknet_ros_msgs/msg/_bounding_box.py
[6.460s] -- Up-to-date: /home/ngan/Documents/test_github/lesson6_ws/install/darknet_ros_msgs/lib/python3.12/site-packages/darknet_ros_msgs/msg/_bounding_box_s.c
[6.460s] -- Up-to-date: /home/ngan/Documents/test_github/lesson6_ws/install/darknet_ros_msgs/lib/python3.12/site-packages/darknet_ros_msgs/msg/_bounding_boxes_s.c
[6.774s] Listing '/home/ngan/Documents/test_github/lesson6_ws/install/darknet_ros_msgs/lib/python3.12/site-packages/darknet_ros_msgs'...
[6.775s] Listing '/home/ngan/Documents/test_github/lesson6_ws/install/darknet_ros_msgs/lib/python3.12/site-packages/darknet_ros_msgs/action'...
[6.775s] Listing '/home/ngan/Documents/test_github/lesson6_ws/install/darknet_ros_msgs/lib/python3.12/site-packages/darknet_ros_msgs/msg'...
[6.775s] -- Up-to-date: /home/ngan/Documents/test_github/lesson6_ws/install/darknet_ros_msgs/lib/python3.12/site-packages/darknet_ros_msgs/darknet_ros_msgs_s__rosidl_typesupport_fastrtps_c.so
[6.775s] -- Up-to-date: /home/ngan/Documents/test_github/lesson6_ws/install/darknet_ros_msgs/lib/python3.12/site-packages/darknet_ros_msgs/darknet_ros_msgs_s__rosidl_typesupport_introspection_c.so
[6.775s] -- Up-to-date: /home/ngan/Documents/test_github/lesson6_ws/install/darknet_ros_msgs/lib/python3.12/site-packages/darknet_ros_msgs/darknet_ros_msgs_s__rosidl_typesupport_c.so
[6.775s] -- Up-to-date: /home/ngan/Documents/test_github/lesson6_ws/install/darknet_ros_msgs/lib/libdarknet_ros_msgs__rosidl_generator_py.so
[6.775s] -- Up-to-date: /home/ngan/Documents/test_github/lesson6_ws/install/darknet_ros_msgs/share/darknet_ros_msgs/msg/BoundingBox.idl
[6.782s] -- Up-to-date: /home/ngan/Documents/test_github/lesson6_ws/install/darknet_ros_msgs/share/darknet_ros_msgs/msg/BoundingBoxes.idl
[6.782s] -- Up-to-date: /home/ngan/Documents/test_github/lesson6_ws/install/darknet_ros_msgs/share/darknet_ros_msgs/msg/ObjectCount.idl
[6.782s] -- Up-to-date: /home/ngan/Documents/test_github/lesson6_ws/install/darknet_ros_msgs/share/darknet_ros_msgs/action/CheckForObjects.idl
[6.783s] -- Up-to-date: /home/ngan/Documents/test_github/lesson6_ws/install/darknet_ros_msgs/share/darknet_ros_msgs/msg/BoundingBox.msg
[6.806s] -- Up-to-date: /home/ngan/Documents/test_github/lesson6_ws/install/darknet_ros_msgs/share/darknet_ros_msgs/msg/BoundingBoxes.msg
[6.807s] -- Up-to-date: /home/ngan/Documents/test_github/lesson6_ws/install/darknet_ros_msgs/share/darknet_ros_msgs/msg/ObjectCount.msg
[6.807s] -- Up-to-date: /home/ngan/Documents/test_github/lesson6_ws/install/darknet_ros_msgs/share/darknet_ros_msgs/action/CheckForObjects.action
[6.808s] -- Up-to-date: /home/ngan/Documents/test_github/lesson6_ws/install/darknet_ros_msgs/share/ament_index/resource_index/package_run_dependencies/darknet_ros_msgs
[6.808s] -- Up-to-date: /home/ngan/Documents/test_github/lesson6_ws/install/darknet_ros_msgs/share/ament_index/resource_index/parent_prefix_path/darknet_ros_msgs
[6.838s] -- Up-to-date: /home/ngan/Documents/test_github/lesson6_ws/install/darknet_ros_msgs/share/darknet_ros_msgs/environment/ament_prefix_path.sh
[6.838s] -- Up-to-date: /home/ngan/Documents/test_github/lesson6_ws/install/darknet_ros_msgs/share/darknet_ros_msgs/environment/ament_prefix_path.dsv
[6.838s] -- Up-to-date: /home/ngan/Documents/test_github/lesson6_ws/install/darknet_ros_msgs/share/darknet_ros_msgs/environment/path.sh
[6.839s] -- Up-to-date: /home/ngan/Documents/test_github/lesson6_ws/install/darknet_ros_msgs/share/darknet_ros_msgs/environment/path.dsv
[6.839s] -- Up-to-date: /home/ngan/Documents/test_github/lesson6_ws/install/darknet_ros_msgs/share/darknet_ros_msgs/local_setup.bash
[6.839s] -- Up-to-date: /home/ngan/Documents/test_github/lesson6_ws/install/darknet_ros_msgs/share/darknet_ros_msgs/local_setup.sh
[6.839s] -- Up-to-date: /home/ngan/Documents/test_github/lesson6_ws/install/darknet_ros_msgs/share/darknet_ros_msgs/local_setup.zsh
[6.839s] -- Up-to-date: /home/ngan/Documents/test_github/lesson6_ws/install/darknet_ros_msgs/share/darknet_ros_msgs/local_setup.dsv
[6.839s] -- Installing: /home/ngan/Documents/test_github/lesson6_ws/install/darknet_ros_msgs/share/darknet_ros_msgs/package.dsv
[6.840s] -- Up-to-date: /home/ngan/Documents/test_github/lesson6_ws/install/darknet_ros_msgs/share/ament_index/resource_index/packages/darknet_ros_msgs
[6.840s] -- Up-to-date: /home/ngan/Documents/test_github/lesson6_ws/install/darknet_ros_msgs/share/darknet_ros_msgs/cmake/export_darknet_ros_msgs__rosidl_generator_cExport.cmake
[6.840s] -- Up-to-date: /home/ngan/Documents/test_github/lesson6_ws/install/darknet_ros_msgs/share/darknet_ros_msgs/cmake/export_darknet_ros_msgs__rosidl_generator_cExport-noconfig.cmake
[6.840s] -- Up-to-date: /home/ngan/Documents/test_github/lesson6_ws/install/darknet_ros_msgs/share/darknet_ros_msgs/cmake/export_darknet_ros_msgs__rosidl_typesupport_fastrtps_cExport.cmake
[6.840s] -- Up-to-date: /home/ngan/Documents/test_github/lesson6_ws/install/darknet_ros_msgs/share/darknet_ros_msgs/cmake/export_darknet_ros_msgs__rosidl_typesupport_fastrtps_cExport-noconfig.cmake
[6.840s] -- Up-to-date: /home/ngan/Documents/test_github/lesson6_ws/install/darknet_ros_msgs/share/darknet_ros_msgs/cmake/export_darknet_ros_msgs__rosidl_generator_cppExport.cmake
[6.840s] -- Up-to-date: /home/ngan/Documents/test_github/lesson6_ws/install/darknet_ros_msgs/share/darknet_ros_msgs/cmake/export_darknet_ros_msgs__rosidl_typesupport_fastrtps_cppExport.cmake
[6.843s] -- Up-to-date: /home/ngan/Documents/test_github/lesson6_ws/install/darknet_ros_msgs/share/darknet_ros_msgs/cmake/export_darknet_ros_msgs__rosidl_typesupport_fastrtps_cppExport-noconfig.cmake
[6.844s] -- Up-to-date: /home/ngan/Documents/test_github/lesson6_ws/install/darknet_ros_msgs/share/darknet_ros_msgs/cmake/darknet_ros_msgs__rosidl_typesupport_introspection_cExport.cmake
[6.844s] -- Up-to-date: /home/ngan/Documents/test_github/lesson6_ws/install/darknet_ros_msgs/share/darknet_ros_msgs/cmake/darknet_ros_msgs__rosidl_typesupport_introspection_cExport-noconfig.cmake
[6.844s] -- Up-to-date: /home/ngan/Documents/test_github/lesson6_ws/install/darknet_ros_msgs/share/darknet_ros_msgs/cmake/darknet_ros_msgs__rosidl_typesupport_cExport.cmake
[6.844s] -- Up-to-date: /home/ngan/Documents/test_github/lesson6_ws/install/darknet_ros_msgs/share/darknet_ros_msgs/cmake/darknet_ros_msgs__rosidl_typesupport_cExport-noconfig.cmake
[6.844s] -- Up-to-date: /home/ngan/Documents/test_github/lesson6_ws/install/darknet_ros_msgs/share/darknet_ros_msgs/cmake/darknet_ros_msgs__rosidl_typesupport_introspection_cppExport.cmake
[6.844s] -- Up-to-date: /home/ngan/Documents/test_github/lesson6_ws/install/darknet_ros_msgs/share/darknet_ros_msgs/cmake/darknet_ros_msgs__rosidl_typesupport_introspection_cppExport-noconfig.cmake
[6.845s] -- Up-to-date: /home/ngan/Documents/test_github/lesson6_ws/install/darknet_ros_msgs/share/darknet_ros_msgs/cmake/darknet_ros_msgs__rosidl_typesupport_cppExport.cmake
[6.845s] -- Up-to-date: /home/ngan/Documents/test_github/lesson6_ws/install/darknet_ros_msgs/share/darknet_ros_msgs/cmake/darknet_ros_msgs__rosidl_typesupport_cppExport-noconfig.cmake
[6.845s] -- Up-to-date: /home/ngan/Documents/test_github/lesson6_ws/install/darknet_ros_msgs/share/darknet_ros_msgs/cmake/export_darknet_ros_msgs__rosidl_generator_pyExport.cmake
[6.845s] -- Up-to-date: /home/ngan/Documents/test_github/lesson6_ws/install/darknet_ros_msgs/share/darknet_ros_msgs/cmake/export_darknet_ros_msgs__rosidl_generator_pyExport-noconfig.cmake
[6.845s] -- Up-to-date: /home/ngan/Documents/test_github/lesson6_ws/install/darknet_ros_msgs/share/darknet_ros_msgs/cmake/rosidl_cmake-extras.cmake
[6.845s] -- Up-to-date: /home/ngan/Documents/test_github/lesson6_ws/install/darknet_ros_msgs/share/darknet_ros_msgs/cmake/ament_cmake_export_dependencies-extras.cmake
[6.845s] -- Up-to-date: /home/ngan/Documents/test_github/lesson6_ws/install/darknet_ros_msgs/share/darknet_ros_msgs/cmake/ament_cmake_export_include_directories-extras.cmake
[6.857s] -- Up-to-date: /home/ngan/Documents/test_github/lesson6_ws/install/darknet_ros_msgs/share/darknet_ros_msgs/cmake/ament_cmake_export_libraries-extras.cmake
[6.858s] -- Up-to-date: /home/ngan/Documents/test_github/lesson6_ws/install/darknet_ros_msgs/share/darknet_ros_msgs/cmake/ament_cmake_export_targets-extras.cmake
[6.871s] -- Up-to-date: /home/ngan/Documents/test_github/lesson6_ws/install/darknet_ros_msgs/share/darknet_ros_msgs/cmake/rosidl_cmake_export_typesupport_targets-extras.cmake
[6.871s] -- Up-to-date: /home/ngan/Documents/test_github/lesson6_ws/install/darknet_ros_msgs/share/darknet_ros_msgs/cmake/rosidl_cmake_export_typesupport_libraries-extras.cmake
[6.871s] -- Up-to-date: /home/ngan/Documents/test_github/lesson6_ws/install/darknet_ros_msgs/share/darknet_ros_msgs/cmake/darknet_ros_msgsConfig.cmake
[6.872s] -- Up-to-date: /home/ngan/Documents/test_github/lesson6_ws/install/darknet_ros_msgs/share/darknet_ros_msgs/cmake/darknet_ros_msgsConfig-version.cmake
[6.873s] -- Up-to-date: /home/ngan/Documents/test_github/lesson6_ws/install/darknet_ros_msgs/share/darknet_ros_msgs/package.xml
[6.944s] Invoked command in '/home/ngan/Documents/test_github/lesson6_ws/build/darknet_ros_msgs' returned '0': CMAKE_PREFIX_PATH=${CMAKE_PREFIX_PATH}:/home/ngan/Documents/test_github/lesson6_ws/install/stop_sign_control:/home/ngan/Documents/test_github/lesson6_ws/install/opencv_tests:/opt/ros/jazzy DEBUGINFOD_URLS=https://debuginfod.ubuntu.com /usr/bin/cmake --install /home/ngan/Documents/test_github/lesson6_ws/build/darknet_ros_msgs
