[0.051s] Invoking command in '/home/ngan/Documents/test_github/lesson6_ws/build/darknet_ros_msgs': CMAKE_PREFIX_PATH=${CMAKE_PREFIX_PATH}:/opt/ros/jazzy DEBUGINFOD_URLS=https://debuginfod.ubuntu.com /usr/bin/cmake --build /home/ngan/Documents/test_github/lesson6_ws/build/darknet_ros_msgs -- -j4 -l4
[0.538s] [  1%] Built target darknet_ros_msgs__rosidl_generator_type_description
[0.651s] [  1%] Built target ament_cmake_python_copy_darknet_ros_msgs
[0.895s] [ 23%] Built target darknet_ros_msgs__rosidl_generator_c
[0.940s] [ 25%] Built target darknet_ros_msgs__cpp
[1.142s] [ 34%] Built target darknet_ros_msgs__rosidl_typesupport_introspection_c
[1.178s] [ 43%] Built target darknet_ros_msgs__rosidl_typesupport_fastrtps_c
[1.333s] [ 53%] Built target darknet_ros_msgs__rosidl_typesupport_c
[1.391s] [ 62%] Built target darknet_ros_msgs__rosidl_typesupport_introspection_cpp
[1.488s] [ 71%] Built target darknet_ros_msgs__rosidl_typesupport_cpp
[1.587s] [ 81%] Built target darknet_ros_msgs__rosidl_typesupport_fastrtps_cpp
[1.677s] [ 81%] Built target darknet_ros_msgs
[1.874s] [ 82%] Built target darknet_ros_msgs__py
[2.071s] [ 90%] Built target darknet_ros_msgs__rosidl_generator_py
[2.287s] [ 93%] Built target darknet_ros_msgs_s__rosidl_typesupport_introspection_c
[2.352s] [ 96%] Built target darknet_ros_msgs_s__rosidl_typesupport_fastrtps_c
[2.418s] [100%] Built target darknet_ros_msgs_s__rosidl_typesupport_c
[2.585s] running egg_info
[2.685s] writing darknet_ros_msgs.egg-info/PKG-INFO
[2.688s] writing dependency_links to darknet_ros_msgs.egg-info/dependency_links.txt
[2.688s] writing top-level names to darknet_ros_msgs.egg-info/top_level.txt
[3.013s] reading manifest file 'darknet_ros_msgs.egg-info/SOURCES.txt'
[3.023s] writing manifest file 'darknet_ros_msgs.egg-info/SOURCES.txt'
[3.336s] [100%] Built target ament_cmake_python_build_darknet_ros_msgs_egg
[3.518s] Invoked command in '/home/ngan/Documents/test_github/lesson6_ws/build/darknet_ros_msgs' returned '0': CMAKE_PREFIX_PATH=${CMAKE_PREFIX_PATH}:/opt/ros/jazzy DEBUGINFOD_URLS=https://debuginfod.ubuntu.com /usr/bin/cmake --build /home/ngan/Documents/test_github/lesson6_ws/build/darknet_ros_msgs -- -j4 -l4
[3.523s] Invoking command in '/home/ngan/Documents/test_github/lesson6_ws/build/darknet_ros_msgs': CMAKE_PREFIX_PATH=${CMAKE_PREFIX_PATH}:/opt/ros/jazzy DEBUGINFOD_URLS=https://debuginfod.ubuntu.com /usr/bin/cmake --install /home/ngan/Documents/test_github/lesson6_ws/build/darknet_ros_msgs
[3.553s] -- Install configuration: ""
[3.556s] -- Up-to-date: /home/ngan/Documents/test_github/lesson6_ws/install/darknet_ros_msgs/share/ament_index/resource_index/rosidl_interfaces/darknet_ros_msgs
[3.556s] -- Up-to-date: /home/ngan/Documents/test_github/lesson6_ws/install/darknet_ros_msgs/share/darknet_ros_msgs/msg/BoundingBox.json
[3.556s] -- Up-to-date: /home/ngan/Documents/test_github/lesson6_ws/install/darknet_ros_msgs/share/darknet_ros_msgs/msg/BoundingBoxes.json
[3.556s] -- Up-to-date: /home/ngan/Documents/test_github/lesson6_ws/install/darknet_ros_msgs/share/darknet_ros_msgs/msg/ObjectCount.json
[3.556s] -- Up-to-date: /home/ngan/Documents/test_github/lesson6_ws/install/darknet_ros_msgs/share/darknet_ros_msgs/action/CheckForObjects.json
[3.556s] -- Up-to-date: /home/ngan/Documents/test_github/lesson6_ws/install/darknet_ros_msgs/include/darknet_ros_msgs/darknet_ros_msgs
[3.557s] -- Up-to-date: /home/ngan/Documents/test_github/lesson6_ws/install/darknet_ros_msgs/include/darknet_ros_msgs/darknet_ros_msgs/action
[3.557s] -- Up-to-date: /home/ngan/Documents/test_github/lesson6_ws/install/darknet_ros_msgs/include/darknet_ros_msgs/darknet_ros_msgs/action/check_for_objects.h
[3.557s] -- Up-to-date: /home/ngan/Documents/test_github/lesson6_ws/install/darknet_ros_msgs/include/darknet_ros_msgs/darknet_ros_msgs/action/detail
[3.557s] -- Up-to-date: /home/ngan/Documents/test_github/lesson6_ws/install/darknet_ros_msgs/include/darknet_ros_msgs/darknet_ros_msgs/action/detail/check_for_objects__functions.c
[3.557s] -- Up-to-date: /home/ngan/Documents/test_github/lesson6_ws/install/darknet_ros_msgs/include/darknet_ros_msgs/darknet_ros_msgs/action/detail/check_for_objects__functions.h
[3.561s] -- Installing: /home/ngan/Documents/test_github/lesson6_ws/install/darknet_ros_msgs/include/darknet_ros_msgs/darknet_ros_msgs/action/detail/check_for_objects__type_support.c
[3.562s] -- Up-to-date: /home/ngan/Documents/test_github/lesson6_ws/install/darknet_ros_msgs/include/darknet_ros_msgs/darknet_ros_msgs/action/detail/check_for_objects__description.c
[3.562s] -- Up-to-date: /home/ngan/Documents/test_github/lesson6_ws/install/darknet_ros_msgs/include/darknet_ros_msgs/darknet_ros_msgs/action/detail/check_for_objects__struct.h
[3.562s] -- Up-to-date: /home/ngan/Documents/test_github/lesson6_ws/install/darknet_ros_msgs/include/darknet_ros_msgs/darknet_ros_msgs/action/detail/check_for_objects__type_support.h
[3.562s] -- Up-to-date: /home/ngan/Documents/test_github/lesson6_ws/install/darknet_ros_msgs/include/darknet_ros_msgs/darknet_ros_msgs/msg
[3.562s] -- Up-to-date: /home/ngan/Documents/test_github/lesson6_ws/install/darknet_ros_msgs/include/darknet_ros_msgs/darknet_ros_msgs/msg/detail
[3.562s] -- Up-to-date: /home/ngan/Documents/test_github/lesson6_ws/install/darknet_ros_msgs/include/darknet_ros_msgs/darknet_ros_msgs/msg/detail/bounding_box__functions.h
[3.562s] -- Up-to-date: /home/ngan/Documents/test_github/lesson6_ws/install/darknet_ros_msgs/include/darknet_ros_msgs/darknet_ros_msgs/msg/detail/bounding_boxes__functions.c
[3.562s] -- Up-to-date: /home/ngan/Documents/test_github/lesson6_ws/install/darknet_ros_msgs/include/darknet_ros_msgs/darknet_ros_msgs/msg/detail/object_count__struct.h
[3.562s] -- Installing: /home/ngan/Documents/test_github/lesson6_ws/install/darknet_ros_msgs/include/darknet_ros_msgs/darknet_ros_msgs/msg/detail/bounding_box__type_support.c
[3.562s] -- Up-to-date: /home/ngan/Documents/test_github/lesson6_ws/install/darknet_ros_msgs/include/darknet_ros_msgs/darknet_ros_msgs/msg/detail/object_count__type_support.h
[3.563s] -- Up-to-date: /home/ngan/Documents/test_github/lesson6_ws/install/darknet_ros_msgs/include/darknet_ros_msgs/darknet_ros_msgs/msg/detail/bounding_box__type_support.h
[3.564s] -- Up-to-date: /home/ngan/Documents/test_github/lesson6_ws/install/darknet_ros_msgs/include/darknet_ros_msgs/darknet_ros_msgs/msg/detail/object_count__description.c
[3.564s] -- Installing: /home/ngan/Documents/test_github/lesson6_ws/install/darknet_ros_msgs/include/darknet_ros_msgs/darknet_ros_msgs/msg/detail/bounding_boxes__type_support.c
[3.564s] -- Up-to-date: /home/ngan/Documents/test_github/lesson6_ws/install/darknet_ros_msgs/include/darknet_ros_msgs/darknet_ros_msgs/msg/detail/bounding_boxes__functions.h
[3.564s] -- Up-to-date: /home/ngan/Documents/test_github/lesson6_ws/install/darknet_ros_msgs/include/darknet_ros_msgs/darknet_ros_msgs/msg/detail/object_count__functions.h
[3.564s] -- Up-to-date: /home/ngan/Documents/test_github/lesson6_ws/install/darknet_ros_msgs/include/darknet_ros_msgs/darknet_ros_msgs/msg/detail/bounding_box__functions.c
[3.565s] -- Up-to-date: /home/ngan/Documents/test_github/lesson6_ws/install/darknet_ros_msgs/include/darknet_ros_msgs/darknet_ros_msgs/msg/detail/bounding_boxes__struct.h
[3.565s] -- Installing: /home/ngan/Documents/test_github/lesson6_ws/install/darknet_ros_msgs/include/darknet_ros_msgs/darknet_ros_msgs/msg/detail/object_count__type_support.c
[3.565s] -- Up-to-date: /home/ngan/Documents/test_github/lesson6_ws/install/darknet_ros_msgs/include/darknet_ros_msgs/darknet_ros_msgs/msg/detail/bounding_box__description.c
[3.565s] -- Up-to-date: /home/ngan/Documents/test_github/lesson6_ws/install/darknet_ros_msgs/include/darknet_ros_msgs/darknet_ros_msgs/msg/detail/bounding_boxes__description.c
[3.571s] -- Up-to-date: /home/ngan/Documents/test_github/lesson6_ws/install/darknet_ros_msgs/include/darknet_ros_msgs/darknet_ros_msgs/msg/detail/bounding_box__struct.h
[3.572s] -- Up-to-date: /home/ngan/Documents/test_github/lesson6_ws/install/darknet_ros_msgs/include/darknet_ros_msgs/darknet_ros_msgs/msg/detail/object_count__functions.c
[3.573s] -- Up-to-date: /home/ngan/Documents/test_github/lesson6_ws/install/darknet_ros_msgs/include/darknet_ros_msgs/darknet_ros_msgs/msg/detail/bounding_boxes__type_support.h
[3.573s] -- Up-to-date: /home/ngan/Documents/test_github/lesson6_ws/install/darknet_ros_msgs/include/darknet_ros_msgs/darknet_ros_msgs/msg/bounding_boxes.h
[3.573s] -- Up-to-date: /home/ngan/Documents/test_github/lesson6_ws/install/darknet_ros_msgs/include/darknet_ros_msgs/darknet_ros_msgs/msg/rosidl_generator_c__visibility_control.h
[3.573s] -- Up-to-date: /home/ngan/Documents/test_github/lesson6_ws/install/darknet_ros_msgs/include/darknet_ros_msgs/darknet_ros_msgs/msg/object_count.h
[3.573s] -- Up-to-date: /home/ngan/Documents/test_github/lesson6_ws/install/darknet_ros_msgs/include/darknet_ros_msgs/darknet_ros_msgs/msg/bounding_box.h
[3.574s] -- Up-to-date: /home/ngan/Documents/test_github/lesson6_ws/install/darknet_ros_msgs/share/darknet_ros_msgs/environment/library_path.sh
[3.574s] -- Up-to-date: /home/ngan/Documents/test_github/lesson6_ws/install/darknet_ros_msgs/share/darknet_ros_msgs/environment/library_path.dsv
[3.574s] -- Up-to-date: /home/ngan/Documents/test_github/lesson6_ws/install/darknet_ros_msgs/lib/libdarknet_ros_msgs__rosidl_generator_c.so
[3.574s] -- Up-to-date: /home/ngan/Documents/test_github/lesson6_ws/install/darknet_ros_msgs/include/darknet_ros_msgs/darknet_ros_msgs
[3.574s] -- Up-to-date: /home/ngan/Documents/test_github/lesson6_ws/install/darknet_ros_msgs/include/darknet_ros_msgs/darknet_ros_msgs/action
[3.575s] -- Up-to-date: /home/ngan/Documents/test_github/lesson6_ws/install/darknet_ros_msgs/include/darknet_ros_msgs/darknet_ros_msgs/action/detail
[3.575s] -- Up-to-date: /home/ngan/Documents/test_github/lesson6_ws/install/darknet_ros_msgs/include/darknet_ros_msgs/darknet_ros_msgs/action/detail/check_for_objects__rosidl_typesupport_fastrtps_c.h
[3.586s] -- Up-to-date: /home/ngan/Documents/test_github/lesson6_ws/install/darknet_ros_msgs/include/darknet_ros_msgs/darknet_ros_msgs/msg
[3.586s] -- Up-to-date: /home/ngan/Documents/test_github/lesson6_ws/install/darknet_ros_msgs/include/darknet_ros_msgs/darknet_ros_msgs/msg/rosidl_typesupport_fastrtps_c__visibility_control.h
[3.587s] -- Up-to-date: /home/ngan/Documents/test_github/lesson6_ws/install/darknet_ros_msgs/include/darknet_ros_msgs/darknet_ros_msgs/msg/detail
[3.587s] -- Up-to-date: /home/ngan/Documents/test_github/lesson6_ws/install/darknet_ros_msgs/include/darknet_ros_msgs/darknet_ros_msgs/msg/detail/bounding_boxes__rosidl_typesupport_fastrtps_c.h
[3.587s] -- Up-to-date: /home/ngan/Documents/test_github/lesson6_ws/install/darknet_ros_msgs/include/darknet_ros_msgs/darknet_ros_msgs/msg/detail/bounding_box__rosidl_typesupport_fastrtps_c.h
[3.587s] -- Up-to-date: /home/ngan/Documents/test_github/lesson6_ws/install/darknet_ros_msgs/include/darknet_ros_msgs/darknet_ros_msgs/msg/detail/object_count__rosidl_typesupport_fastrtps_c.h
[3.588s] -- Up-to-date: /home/ngan/Documents/test_github/lesson6_ws/install/darknet_ros_msgs/lib/libdarknet_ros_msgs__rosidl_typesupport_fastrtps_c.so
[3.588s] -- Up-to-date: /home/ngan/Documents/test_github/lesson6_ws/install/darknet_ros_msgs/include/darknet_ros_msgs/darknet_ros_msgs
[3.588s] -- Up-to-date: /home/ngan/Documents/test_github/lesson6_ws/install/darknet_ros_msgs/include/darknet_ros_msgs/darknet_ros_msgs/action
[3.607s] -- Up-to-date: /home/ngan/Documents/test_github/lesson6_ws/install/darknet_ros_msgs/include/darknet_ros_msgs/darknet_ros_msgs/action/detail
[3.607s] -- Up-to-date: /home/ngan/Documents/test_github/lesson6_ws/install/darknet_ros_msgs/include/darknet_ros_msgs/darknet_ros_msgs/action/detail/check_for_objects__struct.hpp
[3.607s] -- Up-to-date: /home/ngan/Documents/test_github/lesson6_ws/install/darknet_ros_msgs/include/darknet_ros_msgs/darknet_ros_msgs/action/detail/check_for_objects__type_support.hpp
[3.607s] -- Up-to-date: /home/ngan/Documents/test_github/lesson6_ws/install/darknet_ros_msgs/include/darknet_ros_msgs/darknet_ros_msgs/action/detail/check_for_objects__builder.hpp
[3.608s] -- Up-to-date: /home/ngan/Documents/test_github/lesson6_ws/install/darknet_ros_msgs/include/darknet_ros_msgs/darknet_ros_msgs/action/detail/check_for_objects__traits.hpp
[3.608s] -- Up-to-date: /home/ngan/Documents/test_github/lesson6_ws/install/darknet_ros_msgs/include/darknet_ros_msgs/darknet_ros_msgs/action/check_for_objects.hpp
[3.608s] -- Up-to-date: /home/ngan/Documents/test_github/lesson6_ws/install/darknet_ros_msgs/include/darknet_ros_msgs/darknet_ros_msgs/msg
[3.608s] -- Up-to-date: /home/ngan/Documents/test_github/lesson6_ws/install/darknet_ros_msgs/include/darknet_ros_msgs/darknet_ros_msgs/msg/detail
[3.608s] -- Up-to-date: /home/ngan/Documents/test_github/lesson6_ws/install/darknet_ros_msgs/include/darknet_ros_msgs/darknet_ros_msgs/msg/detail/object_count__type_support.hpp
[3.608s] -- Up-to-date: /home/ngan/Documents/test_github/lesson6_ws/install/darknet_ros_msgs/include/darknet_ros_msgs/darknet_ros_msgs/msg/detail/bounding_boxes__traits.hpp
[3.609s] -- Up-to-date: /home/ngan/Documents/test_github/lesson6_ws/install/darknet_ros_msgs/include/darknet_ros_msgs/darknet_ros_msgs/msg/detail/bounding_boxes__struct.hpp
[3.609s] -- Up-to-date: /home/ngan/Documents/test_github/lesson6_ws/install/darknet_ros_msgs/include/darknet_ros_msgs/darknet_ros_msgs/msg/detail/bounding_box__builder.hpp
[3.609s] -- Up-to-date: /home/ngan/Documents/test_github/lesson6_ws/install/darknet_ros_msgs/include/darknet_ros_msgs/darknet_ros_msgs/msg/detail/object_count__struct.hpp
[3.609s] -- Up-to-date: /home/ngan/Documents/test_github/lesson6_ws/install/darknet_ros_msgs/include/darknet_ros_msgs/darknet_ros_msgs/msg/detail/bounding_box__struct.hpp
[3.609s] -- Up-to-date: /home/ngan/Documents/test_github/lesson6_ws/install/darknet_ros_msgs/include/darknet_ros_msgs/darknet_ros_msgs/msg/detail/bounding_box__traits.hpp
[3.609s] -- Up-to-date: /home/ngan/Documents/test_github/lesson6_ws/install/darknet_ros_msgs/include/darknet_ros_msgs/darknet_ros_msgs/msg/detail/object_count__traits.hpp
[3.611s] -- Up-to-date: /home/ngan/Documents/test_github/lesson6_ws/install/darknet_ros_msgs/include/darknet_ros_msgs/darknet_ros_msgs/msg/detail/bounding_box__type_support.hpp
[3.612s] -- Up-to-date: /home/ngan/Documents/test_github/lesson6_ws/install/darknet_ros_msgs/include/darknet_ros_msgs/darknet_ros_msgs/msg/detail/object_count__builder.hpp
[3.612s] -- Up-to-date: /home/ngan/Documents/test_github/lesson6_ws/install/darknet_ros_msgs/include/darknet_ros_msgs/darknet_ros_msgs/msg/detail/bounding_boxes__type_support.hpp
[3.612s] -- Up-to-date: /home/ngan/Documents/test_github/lesson6_ws/install/darknet_ros_msgs/include/darknet_ros_msgs/darknet_ros_msgs/msg/detail/bounding_boxes__builder.hpp
[3.612s] -- Up-to-date: /home/ngan/Documents/test_github/lesson6_ws/install/darknet_ros_msgs/include/darknet_ros_msgs/darknet_ros_msgs/msg/rosidl_generator_cpp__visibility_control.hpp
[3.612s] -- Up-to-date: /home/ngan/Documents/test_github/lesson6_ws/install/darknet_ros_msgs/include/darknet_ros_msgs/darknet_ros_msgs/msg/bounding_boxes.hpp
[3.612s] -- Up-to-date: /home/ngan/Documents/test_github/lesson6_ws/install/darknet_ros_msgs/include/darknet_ros_msgs/darknet_ros_msgs/msg/bounding_box.hpp
[3.612s] -- Up-to-date: /home/ngan/Documents/test_github/lesson6_ws/install/darknet_ros_msgs/include/darknet_ros_msgs/darknet_ros_msgs/msg/object_count.hpp
[3.614s] -- Up-to-date: /home/ngan/Documents/test_github/lesson6_ws/install/darknet_ros_msgs/include/darknet_ros_msgs/darknet_ros_msgs
[3.615s] -- Up-to-date: /home/ngan/Documents/test_github/lesson6_ws/install/darknet_ros_msgs/include/darknet_ros_msgs/darknet_ros_msgs/action
[3.615s] -- Up-to-date: /home/ngan/Documents/test_github/lesson6_ws/install/darknet_ros_msgs/include/darknet_ros_msgs/darknet_ros_msgs/action/detail
[3.615s] -- Up-to-date: /home/ngan/Documents/test_github/lesson6_ws/install/darknet_ros_msgs/include/darknet_ros_msgs/darknet_ros_msgs/action/detail/dds_fastrtps
[3.615s] -- Up-to-date: /home/ngan/Documents/test_github/lesson6_ws/install/darknet_ros_msgs/include/darknet_ros_msgs/darknet_ros_msgs/action/detail/check_for_objects__rosidl_typesupport_fastrtps_cpp.hpp
[3.615s] -- Up-to-date: /home/ngan/Documents/test_github/lesson6_ws/install/darknet_ros_msgs/include/darknet_ros_msgs/darknet_ros_msgs/msg
[3.615s] -- Up-to-date: /home/ngan/Documents/test_github/lesson6_ws/install/darknet_ros_msgs/include/darknet_ros_msgs/darknet_ros_msgs/msg/detail
[3.615s] -- Up-to-date: /home/ngan/Documents/test_github/lesson6_ws/install/darknet_ros_msgs/include/darknet_ros_msgs/darknet_ros_msgs/msg/detail/bounding_boxes__rosidl_typesupport_fastrtps_cpp.hpp
[3.615s] -- Up-to-date: /home/ngan/Documents/test_github/lesson6_ws/install/darknet_ros_msgs/include/darknet_ros_msgs/darknet_ros_msgs/msg/detail/object_count__rosidl_typesupport_fastrtps_cpp.hpp
[3.615s] -- Up-to-date: /home/ngan/Documents/test_github/lesson6_ws/install/darknet_ros_msgs/include/darknet_ros_msgs/darknet_ros_msgs/msg/detail/bounding_box__rosidl_typesupport_fastrtps_cpp.hpp
[3.615s] -- Up-to-date: /home/ngan/Documents/test_github/lesson6_ws/install/darknet_ros_msgs/include/darknet_ros_msgs/darknet_ros_msgs/msg/detail/dds_fastrtps
[3.616s] -- Up-to-date: /home/ngan/Documents/test_github/lesson6_ws/install/darknet_ros_msgs/include/darknet_ros_msgs/darknet_ros_msgs/msg/rosidl_typesupport_fastrtps_cpp__visibility_control.h
[3.616s] -- Up-to-date: /home/ngan/Documents/test_github/lesson6_ws/install/darknet_ros_msgs/lib/libdarknet_ros_msgs__rosidl_typesupport_fastrtps_cpp.so
[3.616s] -- Up-to-date: /home/ngan/Documents/test_github/lesson6_ws/install/darknet_ros_msgs/include/darknet_ros_msgs/darknet_ros_msgs
[3.616s] -- Up-to-date: /home/ngan/Documents/test_github/lesson6_ws/install/darknet_ros_msgs/include/darknet_ros_msgs/darknet_ros_msgs/action
[3.616s] -- Up-to-date: /home/ngan/Documents/test_github/lesson6_ws/install/darknet_ros_msgs/include/darknet_ros_msgs/darknet_ros_msgs/action/detail
[3.619s] -- Up-to-date: /home/ngan/Documents/test_github/lesson6_ws/install/darknet_ros_msgs/include/darknet_ros_msgs/darknet_ros_msgs/action/detail/check_for_objects__rosidl_typesupport_introspection_c.h
[3.619s] -- Installing: /home/ngan/Documents/test_github/lesson6_ws/install/darknet_ros_msgs/include/darknet_ros_msgs/darknet_ros_msgs/action/detail/check_for_objects__type_support.c
[3.619s] -- Up-to-date: /home/ngan/Documents/test_github/lesson6_ws/install/darknet_ros_msgs/include/darknet_ros_msgs/darknet_ros_msgs/msg
[3.619s] -- Up-to-date: /home/ngan/Documents/test_github/lesson6_ws/install/darknet_ros_msgs/include/darknet_ros_msgs/darknet_ros_msgs/msg/rosidl_typesupport_introspection_c__visibility_control.h
[3.619s] -- Up-to-date: /home/ngan/Documents/test_github/lesson6_ws/install/darknet_ros_msgs/include/darknet_ros_msgs/darknet_ros_msgs/msg/detail
[3.619s] -- Installing: /home/ngan/Documents/test_github/lesson6_ws/install/darknet_ros_msgs/include/darknet_ros_msgs/darknet_ros_msgs/msg/detail/bounding_box__type_support.c
[3.620s] -- Up-to-date: /home/ngan/Documents/test_github/lesson6_ws/install/darknet_ros_msgs/include/darknet_ros_msgs/darknet_ros_msgs/msg/detail/bounding_boxes__rosidl_typesupport_introspection_c.h
[3.620s] -- Installing: /home/ngan/Documents/test_github/lesson6_ws/install/darknet_ros_msgs/include/darknet_ros_msgs/darknet_ros_msgs/msg/detail/bounding_boxes__type_support.c
[3.620s] -- Up-to-date: /home/ngan/Documents/test_github/lesson6_ws/install/darknet_ros_msgs/include/darknet_ros_msgs/darknet_ros_msgs/msg/detail/bounding_box__rosidl_typesupport_introspection_c.h
[3.620s] -- Up-to-date: /home/ngan/Documents/test_github/lesson6_ws/install/darknet_ros_msgs/include/darknet_ros_msgs/darknet_ros_msgs/msg/detail/object_count__rosidl_typesupport_introspection_c.h
[3.620s] -- Installing: /home/ngan/Documents/test_github/lesson6_ws/install/darknet_ros_msgs/include/darknet_ros_msgs/darknet_ros_msgs/msg/detail/object_count__type_support.c
[3.620s] -- Up-to-date: /home/ngan/Documents/test_github/lesson6_ws/install/darknet_ros_msgs/lib/libdarknet_ros_msgs__rosidl_typesupport_introspection_c.so
[3.621s] -- Up-to-date: /home/ngan/Documents/test_github/lesson6_ws/install/darknet_ros_msgs/lib/libdarknet_ros_msgs__rosidl_typesupport_c.so
[3.621s] -- Up-to-date: /home/ngan/Documents/test_github/lesson6_ws/install/darknet_ros_msgs/include/darknet_ros_msgs/darknet_ros_msgs
[3.621s] -- Up-to-date: /home/ngan/Documents/test_github/lesson6_ws/install/darknet_ros_msgs/include/darknet_ros_msgs/darknet_ros_msgs/action
[3.621s] -- Up-to-date: /home/ngan/Documents/test_github/lesson6_ws/install/darknet_ros_msgs/include/darknet_ros_msgs/darknet_ros_msgs/action/detail
[3.624s] -- Up-to-date: /home/ngan/Documents/test_github/lesson6_ws/install/darknet_ros_msgs/include/darknet_ros_msgs/darknet_ros_msgs/action/detail/check_for_objects__type_support.cpp
[3.624s] -- Up-to-date: /home/ngan/Documents/test_github/lesson6_ws/install/darknet_ros_msgs/include/darknet_ros_msgs/darknet_ros_msgs/action/detail/check_for_objects__rosidl_typesupport_introspection_cpp.hpp
[3.624s] -- Up-to-date: /home/ngan/Documents/test_github/lesson6_ws/install/darknet_ros_msgs/include/darknet_ros_msgs/darknet_ros_msgs/msg
[3.624s] -- Up-to-date: /home/ngan/Documents/test_github/lesson6_ws/install/darknet_ros_msgs/include/darknet_ros_msgs/darknet_ros_msgs/msg/detail
[3.624s] -- Up-to-date: /home/ngan/Documents/test_github/lesson6_ws/install/darknet_ros_msgs/include/darknet_ros_msgs/darknet_ros_msgs/msg/detail/bounding_boxes__rosidl_typesupport_introspection_cpp.hpp
[3.624s] -- Up-to-date: /home/ngan/Documents/test_github/lesson6_ws/install/darknet_ros_msgs/include/darknet_ros_msgs/darknet_ros_msgs/msg/detail/bounding_box__type_support.cpp
[3.624s] -- Up-to-date: /home/ngan/Documents/test_github/lesson6_ws/install/darknet_ros_msgs/include/darknet_ros_msgs/darknet_ros_msgs/msg/detail/object_count__rosidl_typesupport_introspection_cpp.hpp
[3.628s] -- Up-to-date: /home/ngan/Documents/test_github/lesson6_ws/install/darknet_ros_msgs/include/darknet_ros_msgs/darknet_ros_msgs/msg/detail/object_count__type_support.cpp
[3.630s] -- Up-to-date: /home/ngan/Documents/test_github/lesson6_ws/install/darknet_ros_msgs/include/darknet_ros_msgs/darknet_ros_msgs/msg/detail/bounding_box__rosidl_typesupport_introspection_cpp.hpp
[3.631s] -- Up-to-date: /home/ngan/Documents/test_github/lesson6_ws/install/darknet_ros_msgs/include/darknet_ros_msgs/darknet_ros_msgs/msg/detail/bounding_boxes__type_support.cpp
[3.631s] -- Up-to-date: /home/ngan/Documents/test_github/lesson6_ws/install/darknet_ros_msgs/lib/libdarknet_ros_msgs__rosidl_typesupport_introspection_cpp.so
[3.631s] -- Up-to-date: /home/ngan/Documents/test_github/lesson6_ws/install/darknet_ros_msgs/lib/libdarknet_ros_msgs__rosidl_typesupport_cpp.so
[3.631s] -- Up-to-date: /home/ngan/Documents/test_github/lesson6_ws/install/darknet_ros_msgs/share/darknet_ros_msgs/environment/pythonpath.sh
[3.631s] -- Up-to-date: /home/ngan/Documents/test_github/lesson6_ws/install/darknet_ros_msgs/share/darknet_ros_msgs/environment/pythonpath.dsv
[3.631s] -- Up-to-date: /home/ngan/Documents/test_github/lesson6_ws/install/darknet_ros_msgs/lib/python3.12/site-packages/darknet_ros_msgs-1.1.5-py3.12.egg-info
[3.632s] -- Installing: /home/ngan/Documents/test_github/lesson6_ws/install/darknet_ros_msgs/lib/python3.12/site-packages/darknet_ros_msgs-1.1.5-py3.12.egg-info/SOURCES.txt
[3.632s] -- Installing: /home/ngan/Documents/test_github/lesson6_ws/install/darknet_ros_msgs/lib/python3.12/site-packages/darknet_ros_msgs-1.1.5-py3.12.egg-info/dependency_links.txt
[3.633s] -- Installing: /home/ngan/Documents/test_github/lesson6_ws/install/darknet_ros_msgs/lib/python3.12/site-packages/darknet_ros_msgs-1.1.5-py3.12.egg-info/PKG-INFO
[3.633s] -- Installing: /home/ngan/Documents/test_github/lesson6_ws/install/darknet_ros_msgs/lib/python3.12/site-packages/darknet_ros_msgs-1.1.5-py3.12.egg-info/top_level.txt
[3.633s] -- Up-to-date: /home/ngan/Documents/test_github/lesson6_ws/install/darknet_ros_msgs/lib/python3.12/site-packages/darknet_ros_msgs
[3.633s] -- Up-to-date: /home/ngan/Documents/test_github/lesson6_ws/install/darknet_ros_msgs/lib/python3.12/site-packages/darknet_ros_msgs/_darknet_ros_msgs_s.ep.rosidl_typesupport_introspection_c.c
[3.633s] -- Up-to-date: /home/ngan/Documents/test_github/lesson6_ws/install/darknet_ros_msgs/lib/python3.12/site-packages/darknet_ros_msgs/darknet_ros_msgs_s__rosidl_typesupport_c.so
[3.633s] -- Up-to-date: /home/ngan/Documents/test_github/lesson6_ws/install/darknet_ros_msgs/lib/python3.12/site-packages/darknet_ros_msgs/darknet_ros_msgs_s__rosidl_typesupport_introspection_c.so
[3.635s] -- Up-to-date: /home/ngan/Documents/test_github/lesson6_ws/install/darknet_ros_msgs/lib/python3.12/site-packages/darknet_ros_msgs/__init__.py
[3.636s] -- Up-to-date: /home/ngan/Documents/test_github/lesson6_ws/install/darknet_ros_msgs/lib/python3.12/site-packages/darknet_ros_msgs/action
[3.636s] -- Up-to-date: /home/ngan/Documents/test_github/lesson6_ws/install/darknet_ros_msgs/lib/python3.12/site-packages/darknet_ros_msgs/action/__init__.py
[3.636s] -- Up-to-date: /home/ngan/Documents/test_github/lesson6_ws/install/darknet_ros_msgs/lib/python3.12/site-packages/darknet_ros_msgs/action/_check_for_objects.py
[3.636s] -- Up-to-date: /home/ngan/Documents/test_github/lesson6_ws/install/darknet_ros_msgs/lib/python3.12/site-packages/darknet_ros_msgs/action/_check_for_objects_s.c
[3.636s] -- Up-to-date: /home/ngan/Documents/test_github/lesson6_ws/install/darknet_ros_msgs/lib/python3.12/site-packages/darknet_ros_msgs/_darknet_ros_msgs_s.ep.rosidl_typesupport_c.c
[3.638s] -- Up-to-date: /home/ngan/Documents/test_github/lesson6_ws/install/darknet_ros_msgs/lib/python3.12/site-packages/darknet_ros_msgs/darknet_ros_msgs_s__rosidl_typesupport_fastrtps_c.so
[3.639s] -- Up-to-date: /home/ngan/Documents/test_github/lesson6_ws/install/darknet_ros_msgs/lib/python3.12/site-packages/darknet_ros_msgs/_darknet_ros_msgs_s.ep.rosidl_typesupport_fastrtps_c.c
[3.639s] -- Up-to-date: /home/ngan/Documents/test_github/lesson6_ws/install/darknet_ros_msgs/lib/python3.12/site-packages/darknet_ros_msgs/msg
[3.639s] -- Up-to-date: /home/ngan/Documents/test_github/lesson6_ws/install/darknet_ros_msgs/lib/python3.12/site-packages/darknet_ros_msgs/msg/__init__.py
[3.639s] -- Up-to-date: /home/ngan/Documents/test_github/lesson6_ws/install/darknet_ros_msgs/lib/python3.12/site-packages/darknet_ros_msgs/msg/_bounding_boxes.py
[3.639s] -- Up-to-date: /home/ngan/Documents/test_github/lesson6_ws/install/darknet_ros_msgs/lib/python3.12/site-packages/darknet_ros_msgs/msg/_object_count.py
[3.639s] -- Up-to-date: /home/ngan/Documents/test_github/lesson6_ws/install/darknet_ros_msgs/lib/python3.12/site-packages/darknet_ros_msgs/msg/_object_count_s.c
[3.639s] -- Up-to-date: /home/ngan/Documents/test_github/lesson6_ws/install/darknet_ros_msgs/lib/python3.12/site-packages/darknet_ros_msgs/msg/_bounding_box.py
[3.639s] -- Up-to-date: /home/ngan/Documents/test_github/lesson6_ws/install/darknet_ros_msgs/lib/python3.12/site-packages/darknet_ros_msgs/msg/_bounding_box_s.c
[3.639s] -- Up-to-date: /home/ngan/Documents/test_github/lesson6_ws/install/darknet_ros_msgs/lib/python3.12/site-packages/darknet_ros_msgs/msg/_bounding_boxes_s.c
[3.893s] Listing '/home/ngan/Documents/test_github/lesson6_ws/install/darknet_ros_msgs/lib/python3.12/site-packages/darknet_ros_msgs'...
[3.893s] Listing '/home/ngan/Documents/test_github/lesson6_ws/install/darknet_ros_msgs/lib/python3.12/site-packages/darknet_ros_msgs/action'...
[3.893s] Listing '/home/ngan/Documents/test_github/lesson6_ws/install/darknet_ros_msgs/lib/python3.12/site-packages/darknet_ros_msgs/msg'...
[3.904s] -- Up-to-date: /home/ngan/Documents/test_github/lesson6_ws/install/darknet_ros_msgs/lib/python3.12/site-packages/darknet_ros_msgs/darknet_ros_msgs_s__rosidl_typesupport_fastrtps_c.so
[3.907s] -- Up-to-date: /home/ngan/Documents/test_github/lesson6_ws/install/darknet_ros_msgs/lib/python3.12/site-packages/darknet_ros_msgs/darknet_ros_msgs_s__rosidl_typesupport_introspection_c.so
[3.907s] -- Up-to-date: /home/ngan/Documents/test_github/lesson6_ws/install/darknet_ros_msgs/lib/python3.12/site-packages/darknet_ros_msgs/darknet_ros_msgs_s__rosidl_typesupport_c.so
[3.908s] -- Up-to-date: /home/ngan/Documents/test_github/lesson6_ws/install/darknet_ros_msgs/lib/libdarknet_ros_msgs__rosidl_generator_py.so
[3.908s] -- Up-to-date: /home/ngan/Documents/test_github/lesson6_ws/install/darknet_ros_msgs/share/darknet_ros_msgs/msg/BoundingBox.idl
[3.909s] -- Up-to-date: /home/ngan/Documents/test_github/lesson6_ws/install/darknet_ros_msgs/share/darknet_ros_msgs/msg/BoundingBoxes.idl
[3.909s] -- Up-to-date: /home/ngan/Documents/test_github/lesson6_ws/install/darknet_ros_msgs/share/darknet_ros_msgs/msg/ObjectCount.idl
[3.910s] -- Up-to-date: /home/ngan/Documents/test_github/lesson6_ws/install/darknet_ros_msgs/share/darknet_ros_msgs/action/CheckForObjects.idl
[3.910s] -- Up-to-date: /home/ngan/Documents/test_github/lesson6_ws/install/darknet_ros_msgs/share/darknet_ros_msgs/msg/BoundingBox.msg
[3.910s] -- Up-to-date: /home/ngan/Documents/test_github/lesson6_ws/install/darknet_ros_msgs/share/darknet_ros_msgs/msg/BoundingBoxes.msg
[3.911s] -- Up-to-date: /home/ngan/Documents/test_github/lesson6_ws/install/darknet_ros_msgs/share/darknet_ros_msgs/msg/ObjectCount.msg
[3.911s] -- Up-to-date: /home/ngan/Documents/test_github/lesson6_ws/install/darknet_ros_msgs/share/darknet_ros_msgs/action/CheckForObjects.action
[3.912s] -- Up-to-date: /home/ngan/Documents/test_github/lesson6_ws/install/darknet_ros_msgs/share/ament_index/resource_index/package_run_dependencies/darknet_ros_msgs
[3.914s] -- Up-to-date: /home/ngan/Documents/test_github/lesson6_ws/install/darknet_ros_msgs/share/ament_index/resource_index/parent_prefix_path/darknet_ros_msgs
[3.915s] -- Up-to-date: /home/ngan/Documents/test_github/lesson6_ws/install/darknet_ros_msgs/share/darknet_ros_msgs/environment/ament_prefix_path.sh
[3.915s] -- Up-to-date: /home/ngan/Documents/test_github/lesson6_ws/install/darknet_ros_msgs/share/darknet_ros_msgs/environment/ament_prefix_path.dsv
[3.915s] -- Up-to-date: /home/ngan/Documents/test_github/lesson6_ws/install/darknet_ros_msgs/share/darknet_ros_msgs/environment/path.sh
[3.916s] -- Up-to-date: /home/ngan/Documents/test_github/lesson6_ws/install/darknet_ros_msgs/share/darknet_ros_msgs/environment/path.dsv
[3.916s] -- Up-to-date: /home/ngan/Documents/test_github/lesson6_ws/install/darknet_ros_msgs/share/darknet_ros_msgs/local_setup.bash
[3.916s] -- Up-to-date: /home/ngan/Documents/test_github/lesson6_ws/install/darknet_ros_msgs/share/darknet_ros_msgs/local_setup.sh
[3.919s] -- Up-to-date: /home/ngan/Documents/test_github/lesson6_ws/install/darknet_ros_msgs/share/darknet_ros_msgs/local_setup.zsh
[3.919s] -- Up-to-date: /home/ngan/Documents/test_github/lesson6_ws/install/darknet_ros_msgs/share/darknet_ros_msgs/local_setup.dsv
[3.920s] -- Installing: /home/ngan/Documents/test_github/lesson6_ws/install/darknet_ros_msgs/share/darknet_ros_msgs/package.dsv
[3.920s] -- Up-to-date: /home/ngan/Documents/test_github/lesson6_ws/install/darknet_ros_msgs/share/ament_index/resource_index/packages/darknet_ros_msgs
[3.920s] -- Up-to-date: /home/ngan/Documents/test_github/lesson6_ws/install/darknet_ros_msgs/share/darknet_ros_msgs/cmake/export_darknet_ros_msgs__rosidl_generator_cExport.cmake
[3.921s] -- Up-to-date: /home/ngan/Documents/test_github/lesson6_ws/install/darknet_ros_msgs/share/darknet_ros_msgs/cmake/export_darknet_ros_msgs__rosidl_generator_cExport-noconfig.cmake
[3.921s] -- Up-to-date: /home/ngan/Documents/test_github/lesson6_ws/install/darknet_ros_msgs/share/darknet_ros_msgs/cmake/export_darknet_ros_msgs__rosidl_typesupport_fastrtps_cExport.cmake
[3.921s] -- Up-to-date: /home/ngan/Documents/test_github/lesson6_ws/install/darknet_ros_msgs/share/darknet_ros_msgs/cmake/export_darknet_ros_msgs__rosidl_typesupport_fastrtps_cExport-noconfig.cmake
[3.921s] -- Up-to-date: /home/ngan/Documents/test_github/lesson6_ws/install/darknet_ros_msgs/share/darknet_ros_msgs/cmake/export_darknet_ros_msgs__rosidl_generator_cppExport.cmake
[3.921s] -- Up-to-date: /home/ngan/Documents/test_github/lesson6_ws/install/darknet_ros_msgs/share/darknet_ros_msgs/cmake/export_darknet_ros_msgs__rosidl_typesupport_fastrtps_cppExport.cmake
[3.923s] -- Up-to-date: /home/ngan/Documents/test_github/lesson6_ws/install/darknet_ros_msgs/share/darknet_ros_msgs/cmake/export_darknet_ros_msgs__rosidl_typesupport_fastrtps_cppExport-noconfig.cmake
[3.930s] -- Up-to-date: /home/ngan/Documents/test_github/lesson6_ws/install/darknet_ros_msgs/share/darknet_ros_msgs/cmake/darknet_ros_msgs__rosidl_typesupport_introspection_cExport.cmake
[3.930s] -- Up-to-date: /home/ngan/Documents/test_github/lesson6_ws/install/darknet_ros_msgs/share/darknet_ros_msgs/cmake/darknet_ros_msgs__rosidl_typesupport_introspection_cExport-noconfig.cmake
[3.930s] -- Up-to-date: /home/ngan/Documents/test_github/lesson6_ws/install/darknet_ros_msgs/share/darknet_ros_msgs/cmake/darknet_ros_msgs__rosidl_typesupport_cExport.cmake
[3.930s] -- Up-to-date: /home/ngan/Documents/test_github/lesson6_ws/install/darknet_ros_msgs/share/darknet_ros_msgs/cmake/darknet_ros_msgs__rosidl_typesupport_cExport-noconfig.cmake
[3.931s] -- Up-to-date: /home/ngan/Documents/test_github/lesson6_ws/install/darknet_ros_msgs/share/darknet_ros_msgs/cmake/darknet_ros_msgs__rosidl_typesupport_introspection_cppExport.cmake
[3.931s] -- Up-to-date: /home/ngan/Documents/test_github/lesson6_ws/install/darknet_ros_msgs/share/darknet_ros_msgs/cmake/darknet_ros_msgs__rosidl_typesupport_introspection_cppExport-noconfig.cmake
[3.935s] -- Up-to-date: /home/ngan/Documents/test_github/lesson6_ws/install/darknet_ros_msgs/share/darknet_ros_msgs/cmake/darknet_ros_msgs__rosidl_typesupport_cppExport.cmake
[3.935s] -- Up-to-date: /home/ngan/Documents/test_github/lesson6_ws/install/darknet_ros_msgs/share/darknet_ros_msgs/cmake/darknet_ros_msgs__rosidl_typesupport_cppExport-noconfig.cmake
[3.935s] -- Up-to-date: /home/ngan/Documents/test_github/lesson6_ws/install/darknet_ros_msgs/share/darknet_ros_msgs/cmake/export_darknet_ros_msgs__rosidl_generator_pyExport.cmake
[3.935s] -- Up-to-date: /home/ngan/Documents/test_github/lesson6_ws/install/darknet_ros_msgs/share/darknet_ros_msgs/cmake/export_darknet_ros_msgs__rosidl_generator_pyExport-noconfig.cmake
[3.935s] -- Up-to-date: /home/ngan/Documents/test_github/lesson6_ws/install/darknet_ros_msgs/share/darknet_ros_msgs/cmake/rosidl_cmake-extras.cmake
[3.935s] -- Up-to-date: /home/ngan/Documents/test_github/lesson6_ws/install/darknet_ros_msgs/share/darknet_ros_msgs/cmake/ament_cmake_export_dependencies-extras.cmake
[3.935s] -- Up-to-date: /home/ngan/Documents/test_github/lesson6_ws/install/darknet_ros_msgs/share/darknet_ros_msgs/cmake/ament_cmake_export_include_directories-extras.cmake
[3.936s] -- Up-to-date: /home/ngan/Documents/test_github/lesson6_ws/install/darknet_ros_msgs/share/darknet_ros_msgs/cmake/ament_cmake_export_libraries-extras.cmake
[3.936s] -- Up-to-date: /home/ngan/Documents/test_github/lesson6_ws/install/darknet_ros_msgs/share/darknet_ros_msgs/cmake/ament_cmake_export_targets-extras.cmake
[3.936s] -- Up-to-date: /home/ngan/Documents/test_github/lesson6_ws/install/darknet_ros_msgs/share/darknet_ros_msgs/cmake/rosidl_cmake_export_typesupport_targets-extras.cmake
[3.936s] -- Up-to-date: /home/ngan/Documents/test_github/lesson6_ws/install/darknet_ros_msgs/share/darknet_ros_msgs/cmake/rosidl_cmake_export_typesupport_libraries-extras.cmake
[3.936s] -- Up-to-date: /home/ngan/Documents/test_github/lesson6_ws/install/darknet_ros_msgs/share/darknet_ros_msgs/cmake/darknet_ros_msgsConfig.cmake
[3.936s] -- Up-to-date: /home/ngan/Documents/test_github/lesson6_ws/install/darknet_ros_msgs/share/darknet_ros_msgs/cmake/darknet_ros_msgsConfig-version.cmake
[3.936s] -- Up-to-date: /home/ngan/Documents/test_github/lesson6_ws/install/darknet_ros_msgs/share/darknet_ros_msgs/package.xml
[4.042s] Invoked command in '/home/ngan/Documents/test_github/lesson6_ws/build/darknet_ros_msgs' returned '0': CMAKE_PREFIX_PATH=${CMAKE_PREFIX_PATH}:/opt/ros/jazzy DEBUGINFOD_URLS=https://debuginfod.ubuntu.com /usr/bin/cmake --install /home/ngan/Documents/test_github/lesson6_ws/build/darknet_ros_msgs
