[0.221s] Invoking command in '/home/ngan/Documents/test_github/lesson6_ws/build/rmitbot_description': CMAKE_PREFIX_PATH=${CMAKE_PREFIX_PATH}:/opt/ros/jazzy DEBUGINFOD_URLS=https://debuginfod.ubuntu.com /usr/bin/cmake --build /home/ngan/Documents/test_github/lesson6_ws/build/rmitbot_description -- -j4 -l4
[0.997s] Invoked command in '/home/ngan/Documents/test_github/lesson6_ws/build/rmitbot_description' returned '0': CMAKE_PREFIX_PATH=${CMAKE_PREFIX_PATH}:/opt/ros/jazzy DEBUGINFOD_URLS=https://debuginfod.ubuntu.com /usr/bin/cmake --build /home/ngan/Documents/test_github/lesson6_ws/build/rmitbot_description -- -j4 -l4
[1.014s] Invoking command in '/home/ngan/Documents/test_github/lesson6_ws/build/rmitbot_description': CMAKE_PREFIX_PATH=${CMAKE_PREFIX_PATH}:/opt/ros/jazzy DEBUGINFOD_URLS=https://debuginfod.ubuntu.com /usr/bin/cmake --install /home/ngan/Documents/test_github/lesson6_ws/build/rmitbot_description
[1.501s] -- Install configuration: ""
[1.515s] -- Up-to-date: /home/ngan/Documents/test_github/lesson6_ws/install/rmitbot_description/share/rmitbot_description/meshes
[1.519s] -- Up-to-date: /home/ngan/Documents/test_github/lesson6_ws/install/rmitbot_description/share/rmitbot_description/meshes/base_link.stl
[1.524s] -- Up-to-date: /home/ngan/Documents/test_github/lesson6_ws/install/rmitbot_description/share/rmitbot_description/meshes/rear_left_wheel.stl
[1.524s] -- Up-to-date: /home/ngan/Documents/test_github/lesson6_ws/install/rmitbot_description/share/rmitbot_description/meshes/front_right_wheel.stl
[1.525s] -- Up-to-date: /home/ngan/Documents/test_github/lesson6_ws/install/rmitbot_description/share/rmitbot_description/meshes/front_left_wheel.stl
[1.525s] -- Up-to-date: /home/ngan/Documents/test_github/lesson6_ws/install/rmitbot_description/share/rmitbot_description/meshes/rear_right_wheel.stl
[1.525s] -- Up-to-date: /home/ngan/Documents/test_github/lesson6_ws/install/rmitbot_description/share/rmitbot_description/urdf
[1.525s] -- Up-to-date: /home/ngan/Documents/test_github/lesson6_ws/install/rmitbot_description/share/rmitbot_description/urdf/rmitbot_gazebo.xacro
[1.528s] -- Up-to-date: /home/ngan/Documents/test_github/lesson6_ws/install/rmitbot_description/share/rmitbot_description/urdf/rmitbot.urdf.xacro
[1.528s] -- Up-to-date: /home/ngan/Documents/test_github/lesson6_ws/install/rmitbot_description/share/rmitbot_description/urdf/rmitbot_ros2_control.xacro
[1.528s] -- Up-to-date: /home/ngan/Documents/test_github/lesson6_ws/install/rmitbot_description/share/rmitbot_description/urdf/rmitbot_platform.xacro
[1.528s] -- Up-to-date: /home/ngan/Documents/test_github/lesson6_ws/install/rmitbot_description/share/rmitbot_description/launch
[1.528s] -- Up-to-date: /home/ngan/Documents/test_github/lesson6_ws/install/rmitbot_description/share/rmitbot_description/launch/gazebo.launch.py
[1.529s] -- Up-to-date: /home/ngan/Documents/test_github/lesson6_ws/install/rmitbot_description/share/rmitbot_description/launch/display.launch.py
[1.529s] -- Up-to-date: /home/ngan/Documents/test_github/lesson6_ws/install/rmitbot_description/share/rmitbot_description/rviz
[1.529s] -- Up-to-date: /home/ngan/Documents/test_github/lesson6_ws/install/rmitbot_description/share/rmitbot_description/rviz/display.rviz
[1.529s] -- Up-to-date: /home/ngan/Documents/test_github/lesson6_ws/install/rmitbot_description/share/ament_index/resource_index/package_run_dependencies/rmitbot_description
[1.541s] -- Up-to-date: /home/ngan/Documents/test_github/lesson6_ws/install/rmitbot_description/share/ament_index/resource_index/parent_prefix_path/rmitbot_description
[1.545s] -- Up-to-date: /home/ngan/Documents/test_github/lesson6_ws/install/rmitbot_description/share/rmitbot_description/environment/ament_prefix_path.sh
[1.548s] -- Up-to-date: /home/ngan/Documents/test_github/lesson6_ws/install/rmitbot_description/share/rmitbot_description/environment/ament_prefix_path.dsv
[1.548s] -- Up-to-date: /home/ngan/Documents/test_github/lesson6_ws/install/rmitbot_description/share/rmitbot_description/environment/path.sh
[1.549s] -- Up-to-date: /home/ngan/Documents/test_github/lesson6_ws/install/rmitbot_description/share/rmitbot_description/environment/path.dsv
[1.549s] -- Up-to-date: /home/ngan/Documents/test_github/lesson6_ws/install/rmitbot_description/share/rmitbot_description/local_setup.bash
[1.549s] -- Up-to-date: /home/ngan/Documents/test_github/lesson6_ws/install/rmitbot_description/share/rmitbot_description/local_setup.sh
[1.549s] -- Up-to-date: /home/ngan/Documents/test_github/lesson6_ws/install/rmitbot_description/share/rmitbot_description/local_setup.zsh
[1.550s] -- Up-to-date: /home/ngan/Documents/test_github/lesson6_ws/install/rmitbot_description/share/rmitbot_description/local_setup.dsv
[1.556s] -- Installing: /home/ngan/Documents/test_github/lesson6_ws/install/rmitbot_description/share/rmitbot_description/package.dsv
[1.565s] -- Up-to-date: /home/ngan/Documents/test_github/lesson6_ws/install/rmitbot_description/share/ament_index/resource_index/packages/rmitbot_description
[1.566s] -- Up-to-date: /home/ngan/Documents/test_github/lesson6_ws/install/rmitbot_description/share/rmitbot_description/cmake/rmitbot_descriptionConfig.cmake
[1.587s] -- Up-to-date: /home/ngan/Documents/test_github/lesson6_ws/install/rmitbot_description/share/rmitbot_description/cmake/rmitbot_descriptionConfig-version.cmake
[1.587s] -- Up-to-date: /home/ngan/Documents/test_github/lesson6_ws/install/rmitbot_description/share/rmitbot_description/package.xml
[1.681s] Invoked command in '/home/ngan/Documents/test_github/lesson6_ws/build/rmitbot_description' returned '0': CMAKE_PREFIX_PATH=${CMAKE_PREFIX_PATH}:/opt/ros/jazzy DEBUGINFOD_URLS=https://debuginfod.ubuntu.com /usr/bin/cmake --install /home/ngan/Documents/test_github/lesson6_ws/build/rmitbot_description
