[1.493s] Invoking command in '/home/ngan/Documents/test_github/lesson6_ws/src/rmitbot_vision/stop_sign_control': AMENT_PREFIX_PATH=/home/ngan/Documents/test_github/lesson6_ws/install/darknet_ros_msgs CMAKE_PREFIX_PATH=/home/ngan/Documents/test_github/lesson6_ws/install/darknet_ros_msgs DEBUGINFOD_URLS=https://debuginfod.ubuntu.com LD_LIBRARY_PATH=/home/ngan/Documents/test_github/lesson6_ws/install/darknet_ros_msgs/lib PYTHONPATH=/home/ngan/Documents/test_github/lesson6_ws/build/stop_sign_control/prefix_override:/usr/lib/python3/dist-packages/colcon_core/task/python/colcon_distutils_commands:/home/ngan/Documents/test_github/lesson6_ws/install/stop_sign_control/lib/python3.12/site-packages:/home/ngan/Documents/test_github/lesson6_ws/install/darknet_ros_msgs/lib/python3.12/site-packages /usr/bin/python3 -W ignore:setup.py install is deprecated -W ignore:easy_install command is deprecated setup.py egg_info --egg-base ../../../build/stop_sign_control build --build-base /home/ngan/Documents/test_github/lesson6_ws/build/stop_sign_control/build install --record /home/ngan/Documents/test_github/lesson6_ws/build/stop_sign_control/install.log --single-version-externally-managed install_data
[1.926s] running egg_info
[1.945s] writing ../../../build/stop_sign_control/stop_sign_control.egg-info/PKG-INFO
[1.946s] writing dependency_links to ../../../build/stop_sign_control/stop_sign_control.egg-info/dependency_links.txt
[1.948s] writing entry points to ../../../build/stop_sign_control/stop_sign_control.egg-info/entry_points.txt
[1.948s] writing requirements to ../../../build/stop_sign_control/stop_sign_control.egg-info/requires.txt
[1.948s] writing top-level names to ../../../build/stop_sign_control/stop_sign_control.egg-info/top_level.txt
[1.972s] reading manifest file '../../../build/stop_sign_control/stop_sign_control.egg-info/SOURCES.txt'
[1.973s] writing manifest file '../../../build/stop_sign_control/stop_sign_control.egg-info/SOURCES.txt'
[1.974s] running build
[1.974s] running build_py
[1.975s] running install
[1.983s] running install_lib
[2.000s] running install_data
[2.001s] running install_egg_info
[2.025s] removing '/home/ngan/Documents/test_github/lesson6_ws/install/stop_sign_control/lib/python3.12/site-packages/stop_sign_control-0.0.0-py3.12.egg-info' (and everything under it)
[2.025s] Copying ../../../build/stop_sign_control/stop_sign_control.egg-info to /home/ngan/Documents/test_github/lesson6_ws/install/stop_sign_control/lib/python3.12/site-packages/stop_sign_control-0.0.0-py3.12.egg-info
[2.026s] running install_scripts
[2.206s] Installing stop_sign_detection script to /home/ngan/Documents/test_github/lesson6_ws/install/stop_sign_control/lib/stop_sign_control
[2.209s] writing list of installed files to '/home/ngan/Documents/test_github/lesson6_ws/build/stop_sign_control/install.log'
[2.323s] Invoked command in '/home/ngan/Documents/test_github/lesson6_ws/src/rmitbot_vision/stop_sign_control' returned '0': AMENT_PREFIX_PATH=/home/ngan/Documents/test_github/lesson6_ws/install/darknet_ros_msgs CMAKE_PREFIX_PATH=/home/ngan/Documents/test_github/lesson6_ws/install/darknet_ros_msgs DEBUGINFOD_URLS=https://debuginfod.ubuntu.com LD_LIBRARY_PATH=/home/ngan/Documents/test_github/lesson6_ws/install/darknet_ros_msgs/lib PYTHONPATH=/home/ngan/Documents/test_github/lesson6_ws/build/stop_sign_control/prefix_override:/usr/lib/python3/dist-packages/colcon_core/task/python/colcon_distutils_commands:/home/ngan/Documents/test_github/lesson6_ws/install/stop_sign_control/lib/python3.12/site-packages:/home/ngan/Documents/test_github/lesson6_ws/install/darknet_ros_msgs/lib/python3.12/site-packages /usr/bin/python3 -W ignore:setup.py install is deprecated -W ignore:easy_install command is deprecated setup.py egg_info --egg-base ../../../build/stop_sign_control build --build-base /home/ngan/Documents/test_github/lesson6_ws/build/stop_sign_control/build install --record /home/ngan/Documents/test_github/lesson6_ws/build/stop_sign_control/install.log --single-version-externally-managed install_data
