[0.059s] Invoking command in '/home/ngan/Documents/test_github/lesson6_ws/build/darknet_ros': AMENT_PREFIX_PATH=/home/ngan/Documents/test_github/lesson6_ws/install/darknet_ros_msgs:/home/ngan/Documents/test_github/lesson6_ws/install/cv_bridge CMAKE_PREFIX_PATH=/home/ngan/Documents/test_github/lesson6_ws/install/darknet_ros_msgs:/home/ngan/Documents/test_github/lesson6_ws/install/cv_bridge DEBUGINFOD_URLS=https://debuginfod.ubuntu.com LD_LIBRARY_PATH=/home/ngan/Documents/test_github/lesson6_ws/install/darknet_ros_msgs/lib:/home/ngan/Documents/test_github/lesson6_ws/install/cv_bridge/lib PYTHONPATH=/home/ngan/Documents/test_github/lesson6_ws/install/darknet_ros_msgs/lib/python3.12/site-packages:/home/ngan/Documents/test_github/lesson6_ws/install/cv_bridge/lib/python3.12/site-packages /usr/bin/cmake --build /home/ngan/Documents/test_github/lesson6_ws/build/darknet_ros -- -j4 -l4
[0.567s] [ 97%] Built target darknet_ros_lib
[0.805s] [100%] Built target darknet_ros
[1.374s] Invoked command in '/home/ngan/Documents/test_github/lesson6_ws/build/darknet_ros' returned '0': AMENT_PREFIX_PATH=/home/ngan/Documents/test_github/lesson6_ws/install/darknet_ros_msgs:/home/ngan/Documents/test_github/lesson6_ws/install/cv_bridge CMAKE_PREFIX_PATH=/home/ngan/Documents/test_github/lesson6_ws/install/darknet_ros_msgs:/home/ngan/Documents/test_github/lesson6_ws/install/cv_bridge DEBUGINFOD_URLS=https://debuginfod.ubuntu.com LD_LIBRARY_PATH=/home/ngan/Documents/test_github/lesson6_ws/install/darknet_ros_msgs/lib:/home/ngan/Documents/test_github/lesson6_ws/install/cv_bridge/lib PYTHONPATH=/home/ngan/Documents/test_github/lesson6_ws/install/darknet_ros_msgs/lib/python3.12/site-packages:/home/ngan/Documents/test_github/lesson6_ws/install/cv_bridge/lib/python3.12/site-packages /usr/bin/cmake --build /home/ngan/Documents/test_github/lesson6_ws/build/darknet_ros -- -j4 -l4
[1.376s] Invoking command in '/home/ngan/Documents/test_github/lesson6_ws/build/darknet_ros': AMENT_PREFIX_PATH=/home/ngan/Documents/test_github/lesson6_ws/install/darknet_ros_msgs:/home/ngan/Documents/test_github/lesson6_ws/install/cv_bridge CMAKE_PREFIX_PATH=/home/ngan/Documents/test_github/lesson6_ws/install/darknet_ros_msgs:/home/ngan/Documents/test_github/lesson6_ws/install/cv_bridge DEBUGINFOD_URLS=https://debuginfod.ubuntu.com LD_LIBRARY_PATH=/home/ngan/Documents/test_github/lesson6_ws/install/darknet_ros_msgs/lib:/home/ngan/Documents/test_github/lesson6_ws/install/cv_bridge/lib PYTHONPATH=/home/ngan/Documents/test_github/lesson6_ws/install/darknet_ros_msgs/lib/python3.12/site-packages:/home/ngan/Documents/test_github/lesson6_ws/install/cv_bridge/lib/python3.12/site-packages /usr/bin/cmake --install /home/ngan/Documents/test_github/lesson6_ws/build/darknet_ros
[1.432s] -- Install configuration: ""
[1.436s] -- Up-to-date: /home/ngan/Documents/test_github/lesson6_ws/install/darknet_ros/lib/libdarknet_ros_lib.a
[1.437s] -- Up-to-date: /home/ngan/Documents/test_github/lesson6_ws/install/darknet_ros/lib/darknet_ros/darknet_ros
[1.439s] -- Up-to-date: /home/ngan/Documents/test_github/lesson6_ws/install/darknet_ros/include/
[1.440s] -- Up-to-date: /home/ngan/Documents/test_github/lesson6_ws/install/darknet_ros/include//darknet_ros
[1.447s] -- Up-to-date: /home/ngan/Documents/test_github/lesson6_ws/install/darknet_ros/share/darknet_ros/yolo_network_config//cfg
[1.447s] -- Up-to-date: /home/ngan/Documents/test_github/lesson6_ws/install/darknet_ros/share/darknet_ros/yolo_network_config//cfg/yolov2-tiny.cfg
[1.448s] -- Up-to-date: /home/ngan/Documents/test_github/lesson6_ws/install/darknet_ros/share/darknet_ros/yolo_network_config//cfg/yolov4-csp.cfg
[1.448s] -- Up-to-date: /home/ngan/Documents/test_github/lesson6_ws/install/darknet_ros/share/darknet_ros/yolo_network_config//cfg/yolov3.cfg
[1.456s] -- Up-to-date: /home/ngan/Documents/test_github/lesson6_ws/install/darknet_ros/share/darknet_ros/yolo_network_config//cfg/yolov4.cfg
[1.456s] -- Up-to-date: /home/ngan/Documents/test_github/lesson6_ws/install/darknet_ros/share/darknet_ros/yolo_network_config//cfg/yolov4-tiny.cfg
[1.456s] -- Up-to-date: /home/ngan/Documents/test_github/lesson6_ws/install/darknet_ros/share/darknet_ros/yolo_network_config//cfg/yolov7-tiny.cfg
[1.457s] -- Up-to-date: /home/ngan/Documents/test_github/lesson6_ws/install/darknet_ros/share/darknet_ros/yolo_network_config//weights
[1.457s] -- Up-to-date: /home/ngan/Documents/test_github/lesson6_ws/install/darknet_ros/share/darknet_ros/yolo_network_config//weights/how_to_download_weights.txt
[1.457s] -- Up-to-date: /home/ngan/Documents/test_github/lesson6_ws/install/darknet_ros/share/darknet_ros/yolo_network_config//weights/yolov4-csp.weights
[1.458s] -- Up-to-date: /home/ngan/Documents/test_github/lesson6_ws/install/darknet_ros/share/darknet_ros/yolo_network_config//weights/.gitignore
[1.474s] -- Up-to-date: /home/ngan/Documents/test_github/lesson6_ws/install/darknet_ros/share/darknet_ros/yolo_network_config//weights/yolov4-tiny.weights
[1.475s] -- Up-to-date: /home/ngan/Documents/test_github/lesson6_ws/install/darknet_ros/share/darknet_ros/yolo_network_config//weights/yolov7-tiny.weights
[1.475s] -- Up-to-date: /home/ngan/Documents/test_github/lesson6_ws/install/darknet_ros/share/darknet_ros//launch
[1.475s] -- Up-to-date: /home/ngan/Documents/test_github/lesson6_ws/install/darknet_ros/share/darknet_ros//launch/yolov4-csp.launch.py
[1.475s] -- Up-to-date: /home/ngan/Documents/test_github/lesson6_ws/install/darknet_ros/share/darknet_ros//launch/yolov7-tiny.launch.py
[1.475s] -- Up-to-date: /home/ngan/Documents/test_github/lesson6_ws/install/darknet_ros/share/darknet_ros//launch/yolov4-tiny.launch.py
[1.479s] -- Up-to-date: /home/ngan/Documents/test_github/lesson6_ws/install/darknet_ros/share/darknet_ros//launch/darknet_ros.launch.py
[1.479s] -- Up-to-date: /home/ngan/Documents/test_github/lesson6_ws/install/darknet_ros/share/darknet_ros//config
[1.479s] -- Up-to-date: /home/ngan/Documents/test_github/lesson6_ws/install/darknet_ros/share/darknet_ros//config/ros.yaml
[1.479s] -- Up-to-date: /home/ngan/Documents/test_github/lesson6_ws/install/darknet_ros/share/darknet_ros//config/yolov4.yaml
[1.485s] -- Up-to-date: /home/ngan/Documents/test_github/lesson6_ws/install/darknet_ros/share/darknet_ros//config/yolov2-tiny.yaml
[1.485s] -- Up-to-date: /home/ngan/Documents/test_github/lesson6_ws/install/darknet_ros/share/darknet_ros//config/yolov3.yaml
[1.486s] -- Up-to-date: /home/ngan/Documents/test_github/lesson6_ws/install/darknet_ros/share/darknet_ros//config/yolov7-tiny.yaml
[1.486s] -- Up-to-date: /home/ngan/Documents/test_github/lesson6_ws/install/darknet_ros/share/darknet_ros//config/yolov4-tiny.yaml
[1.486s] -- Up-to-date: /home/ngan/Documents/test_github/lesson6_ws/install/darknet_ros/share/darknet_ros//config/yolov4-csp.yaml
[1.486s] -- Up-to-date: /home/ngan/Documents/test_github/lesson6_ws/install/darknet_ros/share/darknet_ros/environment/library_path.sh
[1.487s] -- Up-to-date: /home/ngan/Documents/test_github/lesson6_ws/install/darknet_ros/share/darknet_ros/environment/library_path.dsv
[1.490s] -- Up-to-date: /home/ngan/Documents/test_github/lesson6_ws/install/darknet_ros/share/ament_index/resource_index/package_run_dependencies/darknet_ros
[1.493s] -- Up-to-date: /home/ngan/Documents/test_github/lesson6_ws/install/darknet_ros/share/ament_index/resource_index/parent_prefix_path/darknet_ros
[1.493s] -- Up-to-date: /home/ngan/Documents/test_github/lesson6_ws/install/darknet_ros/share/darknet_ros/environment/ament_prefix_path.sh
[1.494s] -- Up-to-date: /home/ngan/Documents/test_github/lesson6_ws/install/darknet_ros/share/darknet_ros/environment/ament_prefix_path.dsv
[1.494s] -- Up-to-date: /home/ngan/Documents/test_github/lesson6_ws/install/darknet_ros/share/darknet_ros/environment/path.sh
[1.494s] -- Up-to-date: /home/ngan/Documents/test_github/lesson6_ws/install/darknet_ros/share/darknet_ros/environment/path.dsv
[1.494s] -- Up-to-date: /home/ngan/Documents/test_github/lesson6_ws/install/darknet_ros/share/darknet_ros/local_setup.bash
[1.494s] -- Up-to-date: /home/ngan/Documents/test_github/lesson6_ws/install/darknet_ros/share/darknet_ros/local_setup.sh
[1.494s] -- Up-to-date: /home/ngan/Documents/test_github/lesson6_ws/install/darknet_ros/share/darknet_ros/local_setup.zsh
[1.495s] -- Up-to-date: /home/ngan/Documents/test_github/lesson6_ws/install/darknet_ros/share/darknet_ros/local_setup.dsv
[1.495s] -- Installing: /home/ngan/Documents/test_github/lesson6_ws/install/darknet_ros/share/darknet_ros/package.dsv
[1.495s] -- Up-to-date: /home/ngan/Documents/test_github/lesson6_ws/install/darknet_ros/share/ament_index/resource_index/packages/darknet_ros
[1.495s] -- Up-to-date: /home/ngan/Documents/test_github/lesson6_ws/install/darknet_ros/share/darknet_ros/cmake/ament_cmake_export_include_directories-extras.cmake
[1.496s] -- Up-to-date: /home/ngan/Documents/test_github/lesson6_ws/install/darknet_ros/share/darknet_ros/cmake/ament_cmake_export_libraries-extras.cmake
[1.496s] -- Up-to-date: /home/ngan/Documents/test_github/lesson6_ws/install/darknet_ros/share/darknet_ros/cmake/ament_cmake_export_dependencies-extras.cmake
[1.496s] -- Up-to-date: /home/ngan/Documents/test_github/lesson6_ws/install/darknet_ros/share/darknet_ros/cmake/darknet_rosConfig.cmake
[1.496s] -- Up-to-date: /home/ngan/Documents/test_github/lesson6_ws/install/darknet_ros/share/darknet_ros/cmake/darknet_rosConfig-version.cmake
[1.496s] -- Up-to-date: /home/ngan/Documents/test_github/lesson6_ws/install/darknet_ros/share/darknet_ros/package.xml
[1.565s] Invoked command in '/home/ngan/Documents/test_github/lesson6_ws/build/darknet_ros' returned '0': AMENT_PREFIX_PATH=/home/ngan/Documents/test_github/lesson6_ws/install/darknet_ros_msgs:/home/ngan/Documents/test_github/lesson6_ws/install/cv_bridge CMAKE_PREFIX_PATH=/home/ngan/Documents/test_github/lesson6_ws/install/darknet_ros_msgs:/home/ngan/Documents/test_github/lesson6_ws/install/cv_bridge DEBUGINFOD_URLS=https://debuginfod.ubuntu.com LD_LIBRARY_PATH=/home/ngan/Documents/test_github/lesson6_ws/install/darknet_ros_msgs/lib:/home/ngan/Documents/test_github/lesson6_ws/install/cv_bridge/lib PYTHONPATH=/home/ngan/Documents/test_github/lesson6_ws/install/darknet_ros_msgs/lib/python3.12/site-packages:/home/ngan/Documents/test_github/lesson6_ws/install/cv_bridge/lib/python3.12/site-packages /usr/bin/cmake --install /home/ngan/Documents/test_github/lesson6_ws/build/darknet_ros
