[0.091s] Invoking command in '/home/ngan/Documents/test_github/lesson6_ws/build/image_geometry': CMAKE_PREFIX_PATH=${CMAKE_PREFIX_PATH}:/home/ngan/Documents/test_github/lesson6_ws/install/stop_sign_control:/home/ngan/Documents/test_github/lesson6_ws/install/opencv_tests:/opt/ros/jazzy DEBUGINFOD_URLS=https://debuginfod.ubuntu.com /usr/bin/cmake --build /home/ngan/Documents/test_github/lesson6_ws/build/image_geometry -- -j4 -l4
[0.717s] [  0%] Built target ament_cmake_python_copy_image_geometry
[0.947s] [ 18%] Built target gtest
[2.272s] running egg_info
[2.414s] writing image_geometry.egg-info/PKG-INFO
[2.414s] writing dependency_links to image_geometry.egg-info/dependency_links.txt
[2.415s] writing top-level names to image_geometry.egg-info/top_level.txt
[3.153s] reading manifest file 'image_geometry.egg-info/SOURCES.txt'
[3.154s] writing manifest file 'image_geometry.egg-info/SOURCES.txt'
[3.412s] [ 18%] Built target ament_cmake_python_build_image_geometry_egg
[3.586s] [ 36%] Built target gtest_main
[3.914s] [ 63%] Built target image_geometry
[4.111s] [ 81%] Built target image_geometry-utest
[4.366s] [100%] Built target image_geometry-utest-equi
[4.412s] Invoked command in '/home/ngan/Documents/test_github/lesson6_ws/build/image_geometry' returned '0': CMAKE_PREFIX_PATH=${CMAKE_PREFIX_PATH}:/home/ngan/Documents/test_github/lesson6_ws/install/stop_sign_control:/home/ngan/Documents/test_github/lesson6_ws/install/opencv_tests:/opt/ros/jazzy DEBUGINFOD_URLS=https://debuginfod.ubuntu.com /usr/bin/cmake --build /home/ngan/Documents/test_github/lesson6_ws/build/image_geometry -- -j4 -l4
[4.414s] Invoking command in '/home/ngan/Documents/test_github/lesson6_ws/build/image_geometry': CMAKE_PREFIX_PATH=${CMAKE_PREFIX_PATH}:/home/ngan/Documents/test_github/lesson6_ws/install/stop_sign_control:/home/ngan/Documents/test_github/lesson6_ws/install/opencv_tests:/opt/ros/jazzy DEBUGINFOD_URLS=https://debuginfod.ubuntu.com /usr/bin/cmake --install /home/ngan/Documents/test_github/lesson6_ws/build/image_geometry
[4.441s] -- Install configuration: ""
[4.442s] -- Up-to-date: /home/ngan/Documents/test_github/lesson6_ws/install/image_geometry/share/image_geometry/environment/pythonpath.sh
[4.443s] -- Up-to-date: /home/ngan/Documents/test_github/lesson6_ws/install/image_geometry/share/image_geometry/environment/pythonpath.dsv
[4.444s] -- Up-to-date: /home/ngan/Documents/test_github/lesson6_ws/install/image_geometry/lib/python3.12/site-packages/image_geometry-3.0.7-py3.12.egg-info
[4.445s] -- Installing: /home/ngan/Documents/test_github/lesson6_ws/install/image_geometry/lib/python3.12/site-packages/image_geometry-3.0.7-py3.12.egg-info/SOURCES.txt
[4.449s] -- Installing: /home/ngan/Documents/test_github/lesson6_ws/install/image_geometry/lib/python3.12/site-packages/image_geometry-3.0.7-py3.12.egg-info/dependency_links.txt
[4.449s] -- Installing: /home/ngan/Documents/test_github/lesson6_ws/install/image_geometry/lib/python3.12/site-packages/image_geometry-3.0.7-py3.12.egg-info/PKG-INFO
[4.450s] -- Installing: /home/ngan/Documents/test_github/lesson6_ws/install/image_geometry/lib/python3.12/site-packages/image_geometry-3.0.7-py3.12.egg-info/top_level.txt
[4.452s] -- Up-to-date: /home/ngan/Documents/test_github/lesson6_ws/install/image_geometry/lib/python3.12/site-packages/image_geometry
[4.452s] -- Up-to-date: /home/ngan/Documents/test_github/lesson6_ws/install/image_geometry/lib/python3.12/site-packages/image_geometry/__init__.py
[4.452s] -- Up-to-date: /home/ngan/Documents/test_github/lesson6_ws/install/image_geometry/lib/python3.12/site-packages/image_geometry/cameramodels.py
[5.220s] Listing '/home/ngan/Documents/test_github/lesson6_ws/install/image_geometry/lib/python3.12/site-packages/image_geometry'...
[5.239s] -- Up-to-date: /home/ngan/Documents/test_github/lesson6_ws/install/image_geometry/include/image_geometry
[5.244s] -- Up-to-date: /home/ngan/Documents/test_github/lesson6_ws/install/image_geometry/include/image_geometry/stereo_camera_model.h
[5.244s] -- Up-to-date: /home/ngan/Documents/test_github/lesson6_ws/install/image_geometry/include/image_geometry/visibility_control.hpp
[5.244s] -- Up-to-date: /home/ngan/Documents/test_github/lesson6_ws/install/image_geometry/include/image_geometry/pinhole_camera_model.h
[5.244s] -- Up-to-date: /home/ngan/Documents/test_github/lesson6_ws/install/image_geometry/lib/libimage_geometry.so
[5.245s] -- Up-to-date: /home/ngan/Documents/test_github/lesson6_ws/install/image_geometry/share/image_geometry/environment/library_path.sh
[5.245s] -- Up-to-date: /home/ngan/Documents/test_github/lesson6_ws/install/image_geometry/share/image_geometry/environment/library_path.dsv
[5.245s] -- Up-to-date: /home/ngan/Documents/test_github/lesson6_ws/install/image_geometry/share/ament_index/resource_index/package_run_dependencies/image_geometry
[5.245s] -- Up-to-date: /home/ngan/Documents/test_github/lesson6_ws/install/image_geometry/share/ament_index/resource_index/parent_prefix_path/image_geometry
[5.245s] -- Up-to-date: /home/ngan/Documents/test_github/lesson6_ws/install/image_geometry/share/image_geometry/environment/ament_prefix_path.sh
[5.245s] -- Up-to-date: /home/ngan/Documents/test_github/lesson6_ws/install/image_geometry/share/image_geometry/environment/ament_prefix_path.dsv
[5.245s] -- Up-to-date: /home/ngan/Documents/test_github/lesson6_ws/install/image_geometry/share/image_geometry/environment/path.sh
[5.245s] -- Up-to-date: /home/ngan/Documents/test_github/lesson6_ws/install/image_geometry/share/image_geometry/environment/path.dsv
[5.245s] -- Up-to-date: /home/ngan/Documents/test_github/lesson6_ws/install/image_geometry/share/image_geometry/local_setup.bash
[5.245s] -- Up-to-date: /home/ngan/Documents/test_github/lesson6_ws/install/image_geometry/share/image_geometry/local_setup.sh
[5.246s] -- Up-to-date: /home/ngan/Documents/test_github/lesson6_ws/install/image_geometry/share/image_geometry/local_setup.zsh
[5.246s] -- Up-to-date: /home/ngan/Documents/test_github/lesson6_ws/install/image_geometry/share/image_geometry/local_setup.dsv
[5.246s] -- Installing: /home/ngan/Documents/test_github/lesson6_ws/install/image_geometry/share/image_geometry/package.dsv
[5.250s] -- Up-to-date: /home/ngan/Documents/test_github/lesson6_ws/install/image_geometry/share/ament_index/resource_index/packages/image_geometry
[5.250s] -- Up-to-date: /home/ngan/Documents/test_github/lesson6_ws/install/image_geometry/share/image_geometry/cmake/ament_cmake_export_libraries-extras.cmake
[5.250s] -- Up-to-date: /home/ngan/Documents/test_github/lesson6_ws/install/image_geometry/share/image_geometry/cmake/ament_cmake_export_dependencies-extras.cmake
[5.250s] -- Up-to-date: /home/ngan/Documents/test_github/lesson6_ws/install/image_geometry/share/image_geometry/cmake/ament_cmake_export_include_directories-extras.cmake
[5.250s] -- Up-to-date: /home/ngan/Documents/test_github/lesson6_ws/install/image_geometry/share/image_geometry/cmake/image_geometryConfig.cmake
[5.250s] -- Up-to-date: /home/ngan/Documents/test_github/lesson6_ws/install/image_geometry/share/image_geometry/cmake/image_geometryConfig-version.cmake
[5.250s] -- Up-to-date: /home/ngan/Documents/test_github/lesson6_ws/install/image_geometry/share/image_geometry/package.xml
[5.265s] Invoked command in '/home/ngan/Documents/test_github/lesson6_ws/build/image_geometry' returned '0': CMAKE_PREFIX_PATH=${CMAKE_PREFIX_PATH}:/home/ngan/Documents/test_github/lesson6_ws/install/stop_sign_control:/home/ngan/Documents/test_github/lesson6_ws/install/opencv_tests:/opt/ros/jazzy DEBUGINFOD_URLS=https://debuginfod.ubuntu.com /usr/bin/cmake --install /home/ngan/Documents/test_github/lesson6_ws/build/image_geometry
