[0.904s] Invoking command in '/home/ngan/Documents/test_github/lesson6_ws/build/vision_opencv': AMENT_PREFIX_PATH=/home/ngan/Documents/test_github/lesson6_ws/install/image_geometry:/home/ngan/Documents/test_github/lesson6_ws/install/cv_bridge CMAKE_PREFIX_PATH=/home/ngan/Documents/test_github/lesson6_ws/install/image_geometry:/home/ngan/Documents/test_github/lesson6_ws/install/cv_bridge DEBUGINFOD_URLS=https://debuginfod.ubuntu.com LD_LIBRARY_PATH=/home/ngan/Documents/test_github/lesson6_ws/install/image_geometry/lib:/home/ngan/Documents/test_github/lesson6_ws/install/cv_bridge/lib PYTHONPATH=/home/ngan/Documents/test_github/lesson6_ws/install/image_geometry/lib/python3.12/site-packages:/home/ngan/Documents/test_github/lesson6_ws/install/cv_bridge/lib/python3.12/site-packages /usr/bin/cmake --build /home/ngan/Documents/test_github/lesson6_ws/build/vision_opencv -- -j4 -l4
[1.209s] Invoked command in '/home/ngan/Documents/test_github/lesson6_ws/build/vision_opencv' returned '0': AMENT_PREFIX_PATH=/home/ngan/Documents/test_github/lesson6_ws/install/image_geometry:/home/ngan/Documents/test_github/lesson6_ws/install/cv_bridge CMAKE_PREFIX_PATH=/home/ngan/Documents/test_github/lesson6_ws/install/image_geometry:/home/ngan/Documents/test_github/lesson6_ws/install/cv_bridge DEBUGINFOD_URLS=https://debuginfod.ubuntu.com LD_LIBRARY_PATH=/home/ngan/Documents/test_github/lesson6_ws/install/image_geometry/lib:/home/ngan/Documents/test_github/lesson6_ws/install/cv_bridge/lib PYTHONPATH=/home/ngan/Documents/test_github/lesson6_ws/install/image_geometry/lib/python3.12/site-packages:/home/ngan/Documents/test_github/lesson6_ws/install/cv_bridge/lib/python3.12/site-packages /usr/bin/cmake --build /home/ngan/Documents/test_github/lesson6_ws/build/vision_opencv -- -j4 -l4
[1.218s] Invoking command in '/home/ngan/Documents/test_github/lesson6_ws/build/vision_opencv': AMENT_PREFIX_PATH=/home/ngan/Documents/test_github/lesson6_ws/install/image_geometry:/home/ngan/Documents/test_github/lesson6_ws/install/cv_bridge CMAKE_PREFIX_PATH=/home/ngan/Documents/test_github/lesson6_ws/install/image_geometry:/home/ngan/Documents/test_github/lesson6_ws/install/cv_bridge DEBUGINFOD_URLS=https://debuginfod.ubuntu.com LD_LIBRARY_PATH=/home/ngan/Documents/test_github/lesson6_ws/install/image_geometry/lib:/home/ngan/Documents/test_github/lesson6_ws/install/cv_bridge/lib PYTHONPATH=/home/ngan/Documents/test_github/lesson6_ws/install/image_geometry/lib/python3.12/site-packages:/home/ngan/Documents/test_github/lesson6_ws/install/cv_bridge/lib/python3.12/site-packages /usr/bin/cmake --install /home/ngan/Documents/test_github/lesson6_ws/build/vision_opencv
[1.249s] -- Install configuration: ""
[1.251s] -- Up-to-date: /home/ngan/Documents/test_github/lesson6_ws/install/vision_opencv/share/ament_index/resource_index/package_run_dependencies/vision_opencv
[1.251s] -- Up-to-date: /home/ngan/Documents/test_github/lesson6_ws/install/vision_opencv/share/ament_index/resource_index/parent_prefix_path/vision_opencv
[1.251s] -- Up-to-date: /home/ngan/Documents/test_github/lesson6_ws/install/vision_opencv/share/vision_opencv/environment/ament_prefix_path.sh
[1.253s] -- Up-to-date: /home/ngan/Documents/test_github/lesson6_ws/install/vision_opencv/share/vision_opencv/environment/ament_prefix_path.dsv
[1.258s] -- Up-to-date: /home/ngan/Documents/test_github/lesson6_ws/install/vision_opencv/share/vision_opencv/environment/path.sh
[1.260s] -- Up-to-date: /home/ngan/Documents/test_github/lesson6_ws/install/vision_opencv/share/vision_opencv/environment/path.dsv
[1.264s] -- Up-to-date: /home/ngan/Documents/test_github/lesson6_ws/install/vision_opencv/share/vision_opencv/local_setup.bash
[1.264s] -- Up-to-date: /home/ngan/Documents/test_github/lesson6_ws/install/vision_opencv/share/vision_opencv/local_setup.sh
[1.264s] -- Up-to-date: /home/ngan/Documents/test_github/lesson6_ws/install/vision_opencv/share/vision_opencv/local_setup.zsh
[1.264s] -- Up-to-date: /home/ngan/Documents/test_github/lesson6_ws/install/vision_opencv/share/vision_opencv/local_setup.dsv
[1.265s] -- Installing: /home/ngan/Documents/test_github/lesson6_ws/install/vision_opencv/share/vision_opencv/package.dsv
[1.265s] -- Up-to-date: /home/ngan/Documents/test_github/lesson6_ws/install/vision_opencv/share/ament_index/resource_index/packages/vision_opencv
[1.265s] -- Up-to-date: /home/ngan/Documents/test_github/lesson6_ws/install/vision_opencv/share/vision_opencv/cmake/vision_opencvConfig.cmake
[1.265s] -- Up-to-date: /home/ngan/Documents/test_github/lesson6_ws/install/vision_opencv/share/vision_opencv/cmake/vision_opencvConfig-version.cmake
[1.265s] -- Up-to-date: /home/ngan/Documents/test_github/lesson6_ws/install/vision_opencv/share/vision_opencv/package.xml
[1.319s] Invoked command in '/home/ngan/Documents/test_github/lesson6_ws/build/vision_opencv' returned '0': AMENT_PREFIX_PATH=/home/ngan/Documents/test_github/lesson6_ws/install/image_geometry:/home/ngan/Documents/test_github/lesson6_ws/install/cv_bridge CMAKE_PREFIX_PATH=/home/ngan/Documents/test_github/lesson6_ws/install/image_geometry:/home/ngan/Documents/test_github/lesson6_ws/install/cv_bridge DEBUGINFOD_URLS=https://debuginfod.ubuntu.com LD_LIBRARY_PATH=/home/ngan/Documents/test_github/lesson6_ws/install/image_geometry/lib:/home/ngan/Documents/test_github/lesson6_ws/install/cv_bridge/lib PYTHONPATH=/home/ngan/Documents/test_github/lesson6_ws/install/image_geometry/lib/python3.12/site-packages:/home/ngan/Documents/test_github/lesson6_ws/install/cv_bridge/lib/python3.12/site-packages /usr/bin/cmake --install /home/ngan/Documents/test_github/lesson6_ws/build/vision_opencv
