[0.091s] Invoking command in '/home/ngan/Documents/test_github/lesson6_ws/build/darknet_ros_msgs': DEBUGINFOD_URLS=https://debuginfod.ubuntu.com /usr/bin/cmake /home/ngan/Documents/test_github/lesson6_ws/src/rmitbot_vision/darknet_ros/darknet_ros/darknet_ros_msgs -DCMAKE_INSTALL_PREFIX=/home/ngan/Documents/test_github/lesson6_ws/install/darknet_ros_msgs
[0.593s] [31mCMake Error at CMakeLists.txt:6 (find_package):
[0.594s]   By not providing "Findament_cmake.cmake" in CMAKE_MODULE_PATH this project
[0.594s]   has asked CMake to find a package configuration file provided by
[0.594s]   "ament_cmake", but CMake did not find one.
[0.594s] 
[0.594s]   Could not find a package configuration file provided by "ament_cmake" with
[0.594s]   any of the following names:
[0.594s] 
[0.594s]     ament_cmakeConfig.cmake
[0.594s]     ament_cmake-config.cmake
[0.594s] 
[0.594s]   Add the installation prefix of "ament_cmake" to CMAKE_PREFIX_PATH or set
[0.594s]   "ament_cmake_DIR" to a directory containing one of the above files.  If
[0.594s]   "ament_cmake" provides a separate development package or SDK, be sure it
[0.594s]   has been installed.
[0.595s] 
[0.595s] [0m
[0.609s] -- Configuring incomplete, errors occurred!
[0.621s] Invoked command in '/home/ngan/Documents/test_github/lesson6_ws/build/darknet_ros_msgs' returned '1': DEBUGINFOD_URLS=https://debuginfod.ubuntu.com /usr/bin/cmake /home/ngan/Documents/test_github/lesson6_ws/src/rmitbot_vision/darknet_ros/darknet_ros/darknet_ros_msgs -DCMAKE_INSTALL_PREFIX=/home/ngan/Documents/test_github/lesson6_ws/install/darknet_ros_msgs
