Change Dir: '/home/ngan/Documents/test_github/lesson6_ws/build/Darknet'

Run Build Command(s): /usr/bin/cmake -E env VERBOSE=1 /usr/bin/gmake -f Makefile -j4 -l4
/usr/bin/cmake -S/home/ngan/Documents/test_github/lesson6_ws/src/rmitbot_vision/darknet_ros/darknet_ros/darknet -B/home/ngan/Documents/test_github/lesson6_ws/build/Darknet --check-build-system CMakeFiles/Makefile.cmake 0
/usr/bin/cmake -E cmake_progress_start /home/ngan/Documents/test_github/lesson6_ws/build/Darknet/CMakeFiles /home/ngan/Documents/test_github/lesson6_ws/build/Darknet//CMakeFiles/progress.marks
/usr/bin/gmake  -f CMakeFiles/Makefile2 all
gmake[1]: Entering directory '/home/ngan/Documents/test_github/lesson6_ws/build/Darknet'
/usr/bin/gmake  -f CMakeFiles/dark.dir/build.make CMakeFiles/dark.dir/depend
/usr/bin/gmake  -f CMakeFiles/darknet.dir/build.make CMakeFiles/darknet.dir/depend
gmake[2]: Entering directory '/home/ngan/Documents/test_github/lesson6_ws/build/Darknet'
cd /home/ngan/Documents/test_github/lesson6_ws/build/Darknet && /usr/bin/cmake -E cmake_depends "Unix Makefiles" /home/ngan/Documents/test_github/lesson6_ws/src/rmitbot_vision/darknet_ros/darknet_ros/darknet /home/ngan/Documents/test_github/lesson6_ws/src/rmitbot_vision/darknet_ros/darknet_ros/darknet /home/ngan/Documents/test_github/lesson6_ws/build/Darknet /home/ngan/Documents/test_github/lesson6_ws/build/Darknet /home/ngan/Documents/test_github/lesson6_ws/build/Darknet/CMakeFiles/darknet.dir/DependInfo.cmake "--color="
Dependencies file "CMakeFiles/darknet.dir/src/activation_layer.c.o.d" is newer than depends file "/home/ngan/Documents/test_github/lesson6_ws/build/Darknet/CMakeFiles/darknet.dir/compiler_depend.internal".
Dependencies file "CMakeFiles/darknet.dir/src/activations.c.o.d" is newer than depends file "/home/ngan/Documents/test_github/lesson6_ws/build/Darknet/CMakeFiles/darknet.dir/compiler_depend.internal".
Dependencies file "CMakeFiles/darknet.dir/src/art.c.o.d" is newer than depends file "/home/ngan/Documents/test_github/lesson6_ws/build/Darknet/CMakeFiles/darknet.dir/compiler_depend.internal".
Dependencies file "CMakeFiles/darknet.dir/src/avgpool_layer.c.o.d" is newer than depends file "/home/ngan/Documents/test_github/lesson6_ws/build/Darknet/CMakeFiles/darknet.dir/compiler_depend.internal".
gmake[2]: Entering directory '/home/ngan/Documents/test_github/lesson6_ws/build/Darknet'
cd /home/ngan/Documents/test_github/lesson6_ws/build/Darknet && /usr/bin/cmake -E cmake_depends "Unix Makefiles" /home/ngan/Documents/test_github/lesson6_ws/src/rmitbot_vision/darknet_ros/darknet_ros/darknet /home/ngan/Documents/test_github/lesson6_ws/src/rmitbot_vision/darknet_ros/darknet_ros/darknet /home/ngan/Documents/test_github/lesson6_ws/build/Darknet /home/ngan/Documents/test_github/lesson6_ws/build/Darknet /home/ngan/Documents/test_github/lesson6_ws/build/Darknet/CMakeFiles/dark.dir/DependInfo.cmake "--color="
Dependencies file "CMakeFiles/darknet.dir/src/batchnorm_layer.c.o.d" is newer than depends file "/home/ngan/Documents/test_github/lesson6_ws/build/Darknet/CMakeFiles/darknet.dir/compiler_depend.internal".
Dependencies file "CMakeFiles/darknet.dir/src/blas.c.o.d" is newer than depends file "/home/ngan/Documents/test_github/lesson6_ws/build/Darknet/CMakeFiles/darknet.dir/compiler_depend.internal".
Dependencies file "CMakeFiles/darknet.dir/src/box.c.o.d" is newer than depends file "/home/ngan/Documents/test_github/lesson6_ws/build/Darknet/CMakeFiles/darknet.dir/compiler_depend.internal".
Dependencies file "CMakeFiles/darknet.dir/src/captcha.c.o.d" is newer than depends file "/home/ngan/Documents/test_github/lesson6_ws/build/Darknet/CMakeFiles/darknet.dir/compiler_depend.internal".
Dependencies file "CMakeFiles/darknet.dir/src/cifar.c.o.d" is newer than depends file "/home/ngan/Documents/test_github/lesson6_ws/build/Darknet/CMakeFiles/darknet.dir/compiler_depend.internal".
Dependencies file "CMakeFiles/darknet.dir/src/classifier.c.o.d" is newer than depends file "/home/ngan/Documents/test_github/lesson6_ws/build/Darknet/CMakeFiles/darknet.dir/compiler_depend.internal".
Dependencies file "CMakeFiles/darknet.dir/src/coco.c.o.d" is newer than depends file "/home/ngan/Documents/test_github/lesson6_ws/build/Darknet/CMakeFiles/darknet.dir/compiler_depend.internal".
Dependencies file "CMakeFiles/darknet.dir/src/col2im.c.o.d" is newer than depends file "/home/ngan/Documents/test_github/lesson6_ws/build/Darknet/CMakeFiles/darknet.dir/compiler_depend.internal".
Dependencies file "CMakeFiles/darknet.dir/src/compare.c.o.d" is newer than depends file "/home/ngan/Documents/test_github/lesson6_ws/build/Darknet/CMakeFiles/darknet.dir/compiler_depend.internal".
Dependencies file "CMakeFiles/darknet.dir/src/connected_layer.c.o.d" is newer than depends file "/home/ngan/Documents/test_github/lesson6_ws/build/Darknet/CMakeFiles/darknet.dir/compiler_depend.internal".
Dependencies file "CMakeFiles/darknet.dir/src/conv_lstm_layer.c.o.d" is newer than depends file "/home/ngan/Documents/test_github/lesson6_ws/build/Darknet/CMakeFiles/darknet.dir/compiler_depend.internal".
Dependencies file "CMakeFiles/darknet.dir/src/convolutional_layer.c.o.d" is newer than depends file "/home/ngan/Documents/test_github/lesson6_ws/build/Darknet/CMakeFiles/darknet.dir/compiler_depend.internal".
Dependencies file "CMakeFiles/darknet.dir/src/cost_layer.c.o.d" is newer than depends file "/home/ngan/Documents/test_github/lesson6_ws/build/Darknet/CMakeFiles/darknet.dir/compiler_depend.internal".
Dependencies file "CMakeFiles/darknet.dir/src/cpu_gemm.c.o.d" is newer than depends file "/home/ngan/Documents/test_github/lesson6_ws/build/Darknet/CMakeFiles/darknet.dir/compiler_depend.internal".
Dependencies file "CMakeFiles/darknet.dir/src/crnn_layer.c.o.d" is newer than depends file "/home/ngan/Documents/test_github/lesson6_ws/build/Darknet/CMakeFiles/darknet.dir/compiler_depend.internal".
Dependencies file "CMakeFiles/darknet.dir/src/crop_layer.c.o.d" is newer than depends file "/home/ngan/Documents/test_github/lesson6_ws/build/Darknet/CMakeFiles/darknet.dir/compiler_depend.internal".
Dependencies file "CMakeFiles/darknet.dir/src/dark_cuda.c.o.d" is newer than depends file "/home/ngan/Documents/test_github/lesson6_ws/build/Darknet/CMakeFiles/darknet.dir/compiler_depend.internal".
Dependencies file "CMakeFiles/darknet.dir/src/darknet.c.o.d" is newer than depends file "/home/ngan/Documents/test_github/lesson6_ws/build/Darknet/CMakeFiles/darknet.dir/compiler_depend.internal".
Dependencies file "CMakeFiles/darknet.dir/src/data.c.o.d" is newer than depends file "/home/ngan/Documents/test_github/lesson6_ws/build/Darknet/CMakeFiles/darknet.dir/compiler_depend.internal".
Dependencies file "CMakeFiles/darknet.dir/src/deconvolutional_layer.c.o.d" is newer than depends file "/home/ngan/Documents/test_github/lesson6_ws/build/Darknet/CMakeFiles/darknet.dir/compiler_depend.internal".
Dependencies file "CMakeFiles/darknet.dir/src/demo.c.o.d" is newer than depends file "/home/ngan/Documents/test_github/lesson6_ws/build/Darknet/CMakeFiles/darknet.dir/compiler_depend.internal".
Dependencies file "CMakeFiles/darknet.dir/src/detection_layer.c.o.d" is newer than depends file "/home/ngan/Documents/test_github/lesson6_ws/build/Darknet/CMakeFiles/darknet.dir/compiler_depend.internal".
Dependencies file "CMakeFiles/darknet.dir/src/detector.c.o.d" is newer than depends file "/home/ngan/Documents/test_github/lesson6_ws/build/Darknet/CMakeFiles/darknet.dir/compiler_depend.internal".
Dependencies file "CMakeFiles/darknet.dir/src/dice.c.o.d" is newer than depends file "/home/ngan/Documents/test_github/lesson6_ws/build/Darknet/CMakeFiles/darknet.dir/compiler_depend.internal".
Dependencies file "CMakeFiles/darknet.dir/src/dropout_layer.c.o.d" is newer than depends file "/home/ngan/Documents/test_github/lesson6_ws/build/Darknet/CMakeFiles/darknet.dir/compiler_depend.internal".
Dependencies file "CMakeFiles/darknet.dir/src/gaussian_yolo_layer.c.o.d" is newer than depends file "/home/ngan/Documents/test_github/lesson6_ws/build/Darknet/CMakeFiles/darknet.dir/compiler_depend.internal".
Dependencies file "CMakeFiles/darknet.dir/src/gemm.c.o.d" is newer than depends file "/home/ngan/Documents/test_github/lesson6_ws/build/Darknet/CMakeFiles/darknet.dir/compiler_depend.internal".
Dependencies file "CMakeFiles/darknet.dir/src/go.c.o.d" is newer than depends file "/home/ngan/Documents/test_github/lesson6_ws/build/Darknet/CMakeFiles/darknet.dir/compiler_depend.internal".
Dependencies file "CMakeFiles/darknet.dir/src/gru_layer.c.o.d" is newer than depends file "/home/ngan/Documents/test_github/lesson6_ws/build/Darknet/CMakeFiles/darknet.dir/compiler_depend.internal".
Dependencies file "CMakeFiles/darknet.dir/src/im2col.c.o.d" is newer than depends file "/home/ngan/Documents/test_github/lesson6_ws/build/Darknet/CMakeFiles/darknet.dir/compiler_depend.internal".
Dependencies file "CMakeFiles/darknet.dir/src/image.c.o.d" is newer than depends file "/home/ngan/Documents/test_github/lesson6_ws/build/Darknet/CMakeFiles/darknet.dir/compiler_depend.internal".
Dependencies file "CMakeFiles/darknet.dir/src/layer.c.o.d" is newer than depends file "/home/ngan/Documents/test_github/lesson6_ws/build/Darknet/CMakeFiles/darknet.dir/compiler_depend.internal".
Dependencies file "CMakeFiles/darknet.dir/src/list.c.o.d" is newer than depends file "/home/ngan/Documents/test_github/lesson6_ws/build/Darknet/CMakeFiles/darknet.dir/compiler_depend.internal".
Dependencies file "CMakeFiles/darknet.dir/src/local_layer.c.o.d" is newer than depends file "/home/ngan/Documents/test_github/lesson6_ws/build/Darknet/CMakeFiles/darknet.dir/compiler_depend.internal".
Dependencies file "CMakeFiles/darknet.dir/src/lstm_layer.c.o.d" is newer than depends file "/home/ngan/Documents/test_github/lesson6_ws/build/Darknet/CMakeFiles/darknet.dir/compiler_depend.internal".
Dependencies file "CMakeFiles/darknet.dir/src/matrix.c.o.d" is newer than depends file "/home/ngan/Documents/test_github/lesson6_ws/build/Darknet/CMakeFiles/darknet.dir/compiler_depend.internal".
Dependencies file "CMakeFiles/darknet.dir/src/maxpool_layer.c.o.d" is newer than depends file "/home/ngan/Documents/test_github/lesson6_ws/build/Darknet/CMakeFiles/darknet.dir/compiler_depend.internal".
Dependencies file "CMakeFiles/darknet.dir/src/network.c.o.d" is newer than depends file "/home/ngan/Documents/test_github/lesson6_ws/build/Darknet/CMakeFiles/darknet.dir/compiler_depend.internal".
Dependencies file "CMakeFiles/darknet.dir/src/nightmare.c.o.d" is newer than depends file "/home/ngan/Documents/test_github/lesson6_ws/build/Darknet/CMakeFiles/darknet.dir/compiler_depend.internal".
Dependencies file "CMakeFiles/darknet.dir/src/normalization_layer.c.o.d" is newer than depends file "/home/ngan/Documents/test_github/lesson6_ws/build/Darknet/CMakeFiles/darknet.dir/compiler_depend.internal".
Dependencies file "CMakeFiles/darknet.dir/src/option_list.c.o.d" is newer than depends file "/home/ngan/Documents/test_github/lesson6_ws/build/Darknet/CMakeFiles/darknet.dir/compiler_depend.internal".
Dependencies file "CMakeFiles/darknet.dir/src/parser.c.o.d" is newer than depends file "/home/ngan/Documents/test_github/lesson6_ws/build/Darknet/CMakeFiles/darknet.dir/compiler_depend.internal".
Dependencies file "CMakeFiles/darknet.dir/src/region_layer.c.o.d" is newer than depends file "/home/ngan/Documents/test_github/lesson6_ws/build/Darknet/CMakeFiles/darknet.dir/compiler_depend.internal".
Dependencies file "CMakeFiles/darknet.dir/src/reorg_layer.c.o.d" is newer than depends file "/home/ngan/Documents/test_github/lesson6_ws/build/Darknet/CMakeFiles/darknet.dir/compiler_depend.internal".
Dependencies file "CMakeFiles/darknet.dir/src/reorg_old_layer.c.o.d" is newer than depends file "/home/ngan/Documents/test_github/lesson6_ws/build/Darknet/CMakeFiles/darknet.dir/compiler_depend.internal".
Dependencies file "CMakeFiles/darknet.dir/src/representation_layer.c.o.d" is newer than depends file "/home/ngan/Documents/test_github/lesson6_ws/build/Darknet/CMakeFiles/darknet.dir/compiler_depend.internal".
Dependencies file "CMakeFiles/darknet.dir/src/rnn.c.o.d" is newer than depends file "/home/ngan/Documents/test_github/lesson6_ws/build/Darknet/CMakeFiles/darknet.dir/compiler_depend.internal".
Dependencies file "CMakeFiles/darknet.dir/src/rnn_layer.c.o.d" is newer than depends file "/home/ngan/Documents/test_github/lesson6_ws/build/Darknet/CMakeFiles/darknet.dir/compiler_depend.internal".
Dependencies file "CMakeFiles/darknet.dir/src/rnn_vid.c.o.d" is newer than depends file "/home/ngan/Documents/test_github/lesson6_ws/build/Darknet/CMakeFiles/darknet.dir/compiler_depend.internal".
Dependencies file "CMakeFiles/darknet.dir/src/route_layer.c.o.d" is newer than depends file "/home/ngan/Documents/test_github/lesson6_ws/build/Darknet/CMakeFiles/darknet.dir/compiler_depend.internal".
Dependencies file "CMakeFiles/darknet.dir/src/sam_layer.c.o.d" is newer than depends file "/home/ngan/Documents/test_github/lesson6_ws/build/Darknet/CMakeFiles/darknet.dir/compiler_depend.internal".
Dependencies file "CMakeFiles/darknet.dir/src/scale_channels_layer.c.o.d" is newer than depends file "/home/ngan/Documents/test_github/lesson6_ws/build/Darknet/CMakeFiles/darknet.dir/compiler_depend.internal".
Dependencies file "CMakeFiles/darknet.dir/src/shortcut_layer.c.o.d" is newer than depends file "/home/ngan/Documents/test_github/lesson6_ws/build/Darknet/CMakeFiles/darknet.dir/compiler_depend.internal".
Dependencies file "CMakeFiles/darknet.dir/src/softmax_layer.c.o.d" is newer than depends file "/home/ngan/Documents/test_github/lesson6_ws/build/Darknet/CMakeFiles/darknet.dir/compiler_depend.internal".
Dependencies file "CMakeFiles/darknet.dir/src/super.c.o.d" is newer than depends file "/home/ngan/Documents/test_github/lesson6_ws/build/Darknet/CMakeFiles/darknet.dir/compiler_depend.internal".
Dependencies file "CMakeFiles/darknet.dir/src/swag.c.o.d" is newer than depends file "/home/ngan/Documents/test_github/lesson6_ws/build/Darknet/CMakeFiles/darknet.dir/compiler_depend.internal".
Dependencies file "CMakeFiles/darknet.dir/src/tag.c.o.d" is newer than depends file "/home/ngan/Documents/test_github/lesson6_ws/build/Darknet/CMakeFiles/darknet.dir/compiler_depend.internal".
Dependencies file "CMakeFiles/darknet.dir/src/tree.c.o.d" is newer than depends file "/home/ngan/Documents/test_github/lesson6_ws/build/Darknet/CMakeFiles/darknet.dir/compiler_depend.internal".
Dependencies file "CMakeFiles/darknet.dir/src/upsample_layer.c.o.d" is newer than depends file "/home/ngan/Documents/test_github/lesson6_ws/build/Darknet/CMakeFiles/darknet.dir/compiler_depend.internal".
Dependencies file "CMakeFiles/darknet.dir/src/utils.c.o.d" is newer than depends file "/home/ngan/Documents/test_github/lesson6_ws/build/Darknet/CMakeFiles/darknet.dir/compiler_depend.internal".
Dependencies file "CMakeFiles/darknet.dir/src/voxel.c.o.d" is newer than depends file "/home/ngan/Documents/test_github/lesson6_ws/build/Darknet/CMakeFiles/darknet.dir/compiler_depend.internal".
Dependencies file "CMakeFiles/darknet.dir/src/writing.c.o.d" is newer than depends file "/home/ngan/Documents/test_github/lesson6_ws/build/Darknet/CMakeFiles/darknet.dir/compiler_depend.internal".
Dependencies file "CMakeFiles/darknet.dir/src/yolo.c.o.d" is newer than depends file "/home/ngan/Documents/test_github/lesson6_ws/build/Darknet/CMakeFiles/darknet.dir/compiler_depend.internal".
Dependencies file "CMakeFiles/darknet.dir/src/yolo_layer.c.o.d" is newer than depends file "/home/ngan/Documents/test_github/lesson6_ws/build/Darknet/CMakeFiles/darknet.dir/compiler_depend.internal".
Dependencies file "CMakeFiles/darknet.dir/src/http_stream.cpp.o.d" is newer than depends file "/home/ngan/Documents/test_github/lesson6_ws/build/Darknet/CMakeFiles/darknet.dir/compiler_depend.internal".
Dependencies file "CMakeFiles/darknet.dir/src/image_opencv.cpp.o.d" is newer than depends file "/home/ngan/Documents/test_github/lesson6_ws/build/Darknet/CMakeFiles/darknet.dir/compiler_depend.internal".
[35m[1mConsolidate compiler generated dependencies of target darknet[0m
Dependencies file "CMakeFiles/dark.dir/src/activation_layer.c.o.d" is newer than depends file "/home/ngan/Documents/test_github/lesson6_ws/build/Darknet/CMakeFiles/dark.dir/compiler_depend.internal".
Dependencies file "CMakeFiles/dark.dir/src/image_opencv.cpp.o.d" is newer than depends file "/home/ngan/Documents/test_github/lesson6_ws/build/Darknet/CMakeFiles/dark.dir/compiler_depend.internal".
[35m[1mConsolidate compiler generated dependencies of target dark[0m
gmake[2]: Leaving directory '/home/ngan/Documents/test_github/lesson6_ws/build/Darknet'
/usr/bin/gmake  -f CMakeFiles/darknet.dir/build.make CMakeFiles/darknet.dir/build
gmake[2]: Entering directory '/home/ngan/Documents/test_github/lesson6_ws/build/Darknet'
gmake[2]: Nothing to be done for 'CMakeFiles/darknet.dir/build'.
gmake[2]: Leaving directory '/home/ngan/Documents/test_github/lesson6_ws/build/Darknet'
gmake[2]: Leaving directory '/home/ngan/Documents/test_github/lesson6_ws/build/Darknet'
/usr/bin/gmake  -f CMakeFiles/dark.dir/build.make CMakeFiles/dark.dir/build
[ 49%] Built target darknet
gmake[2]: Entering directory '/home/ngan/Documents/test_github/lesson6_ws/build/Darknet'
gmake[2]: Nothing to be done for 'CMakeFiles/dark.dir/build'.
gmake[2]: Leaving directory '/home/ngan/Documents/test_github/lesson6_ws/build/Darknet'
[ 98%] Built target dark
/usr/bin/gmake  -f CMakeFiles/uselib.dir/build.make CMakeFiles/uselib.dir/depend
gmake[2]: Entering directory '/home/ngan/Documents/test_github/lesson6_ws/build/Darknet'
cd /home/ngan/Documents/test_github/lesson6_ws/build/Darknet && /usr/bin/cmake -E cmake_depends "Unix Makefiles" /home/ngan/Documents/test_github/lesson6_ws/src/rmitbot_vision/darknet_ros/darknet_ros/darknet /home/ngan/Documents/test_github/lesson6_ws/src/rmitbot_vision/darknet_ros/darknet_ros/darknet /home/ngan/Documents/test_github/lesson6_ws/build/Darknet /home/ngan/Documents/test_github/lesson6_ws/build/Darknet /home/ngan/Documents/test_github/lesson6_ws/build/Darknet/CMakeFiles/uselib.dir/DependInfo.cmake "--color="
Dependencies file "CMakeFiles/uselib.dir/src/yolo_console_dll.cpp.o.d" is newer than depends file "/home/ngan/Documents/test_github/lesson6_ws/build/Darknet/CMakeFiles/uselib.dir/compiler_depend.internal".
[35m[1mConsolidate compiler generated dependencies of target uselib[0m
gmake[2]: Leaving directory '/home/ngan/Documents/test_github/lesson6_ws/build/Darknet'
/usr/bin/gmake  -f CMakeFiles/uselib.dir/build.make CMakeFiles/uselib.dir/build
gmake[2]: Entering directory '/home/ngan/Documents/test_github/lesson6_ws/build/Darknet'
gmake[2]: Nothing to be done for 'CMakeFiles/uselib.dir/build'.
gmake[2]: Leaving directory '/home/ngan/Documents/test_github/lesson6_ws/build/Darknet'
[100%] Built target uselib
gmake[1]: Leaving directory '/home/ngan/Documents/test_github/lesson6_ws/build/Darknet'
/usr/bin/cmake -E cmake_progress_start /home/ngan/Documents/test_github/lesson6_ws/build/Darknet/CMakeFiles 0

-- Install configuration: "Release"
-- Installing: /home/ngan/Documents/test_github/lesson6_ws/src/rmitbot_vision/darknet_ros/darknet_ros/darknet/libdarknet.so
-- Installing: /home/ngan/Documents/test_github/lesson6_ws/install/Darknet/include/darknet/darknet.h
-- Installing: /home/ngan/Documents/test_github/lesson6_ws/install/Darknet/include/darknet/yolo_v2_class.hpp
-- Installing: /home/ngan/Documents/test_github/lesson6_ws/src/rmitbot_vision/darknet_ros/darknet_ros/darknet/uselib
-- Set non-toolchain portion of runtime path of "/home/ngan/Documents/test_github/lesson6_ws/src/rmitbot_vision/darknet_ros/darknet_ros/darknet/uselib" to ""
-- Installing: /home/ngan/Documents/test_github/lesson6_ws/src/rmitbot_vision/darknet_ros/darknet_ros/darknet/darknet
-- Installing: /home/ngan/Documents/test_github/lesson6_ws/install/Darknet/share/darknet/DarknetTargets.cmake
-- Installing: /home/ngan/Documents/test_github/lesson6_ws/install/Darknet/share/darknet/DarknetTargets-release.cmake
-- Installing: /home/ngan/Documents/test_github/lesson6_ws/install/Darknet/share/darknet/DarknetConfig.cmake
-- Installing: /home/ngan/Documents/test_github/lesson6_ws/install/Darknet/share/darknet/DarknetConfigVersion.cmake
