[0.053s] Invoking command in '/home/ngan/Documents/test_github/lesson6_ws/build/Darknet': DEBUGINFOD_URLS=https://debuginfod.ubuntu.com /usr/bin/cmake --build /home/ngan/Documents/test_github/lesson6_ws/build/Darknet -- -j4 -l4
[0.069s] Change Dir: '/home/ngan/Documents/test_github/lesson6_ws/build/Darknet'
[0.069s] 
[0.069s] Run Build Command(s): /usr/bin/cmake -E env VERBOSE=1 /usr/bin/gmake -f Makefile -j4 -l4
[0.095s] /usr/bin/cmake -S/home/ngan/Documents/test_github/lesson6_ws/src/rmitbot_vision/darknet_ros/darknet_ros/darknet -B/home/ngan/Documents/test_github/lesson6_ws/build/Darknet --check-build-system CMakeFiles/Makefile.cmake 0
[0.120s] /usr/bin/cmake -E cmake_progress_start /home/ngan/Documents/test_github/lesson6_ws/build/Darknet/CMakeFiles /home/ngan/Documents/test_github/lesson6_ws/build/Darknet//CMakeFiles/progress.marks
[0.166s] /usr/bin/gmake  -f CMakeFiles/Makefile2 all
[0.166s] gmake[1]: Entering directory '/home/ngan/Documents/test_github/lesson6_ws/build/Darknet'
[0.166s] /usr/bin/gmake  -f CMakeFiles/dark.dir/build.make CMakeFiles/dark.dir/depend
[0.167s] /usr/bin/gmake  -f CMakeFiles/darknet.dir/build.make CMakeFiles/darknet.dir/depend
[0.182s] gmake[2]: Entering directory '/home/ngan/Documents/test_github/lesson6_ws/build/Darknet'
[0.185s] cd /home/ngan/Documents/test_github/lesson6_ws/build/Darknet && /usr/bin/cmake -E cmake_depends "Unix Makefiles" /home/ngan/Documents/test_github/lesson6_ws/src/rmitbot_vision/darknet_ros/darknet_ros/darknet /home/ngan/Documents/test_github/lesson6_ws/src/rmitbot_vision/darknet_ros/darknet_ros/darknet /home/ngan/Documents/test_github/lesson6_ws/build/Darknet /home/ngan/Documents/test_github/lesson6_ws/build/Darknet /home/ngan/Documents/test_github/lesson6_ws/build/Darknet/CMakeFiles/darknet.dir/DependInfo.cmake "--color="
[0.240s] Dependencies file "CMakeFiles/darknet.dir/src/activation_layer.c.o.d" is newer than depends file "/home/ngan/Documents/test_github/lesson6_ws/build/Darknet/CMakeFiles/darknet.dir/compiler_depend.internal".
[0.240s] Dependencies file "CMakeFiles/darknet.dir/src/activations.c.o.d" is newer than depends file "/home/ngan/Documents/test_github/lesson6_ws/build/Darknet/CMakeFiles/darknet.dir/compiler_depend.internal".
[0.240s] Dependencies file "CMakeFiles/darknet.dir/src/art.c.o.d" is newer than depends file "/home/ngan/Documents/test_github/lesson6_ws/build/Darknet/CMakeFiles/darknet.dir/compiler_depend.internal".
[0.240s] Dependencies file "CMakeFiles/darknet.dir/src/avgpool_layer.c.o.d" is newer than depends file "/home/ngan/Documents/test_github/lesson6_ws/build/Darknet/CMakeFiles/darknet.dir/compiler_depend.internal".
[0.240s] gmake[2]: Entering directory '/home/ngan/Documents/test_github/lesson6_ws/build/Darknet'
[0.240s] cd /home/ngan/Documents/test_github/lesson6_ws/build/Darknet && /usr/bin/cmake -E cmake_depends "Unix Makefiles" /home/ngan/Documents/test_github/lesson6_ws/src/rmitbot_vision/darknet_ros/darknet_ros/darknet /home/ngan/Documents/test_github/lesson6_ws/src/rmitbot_vision/darknet_ros/darknet_ros/darknet /home/ngan/Documents/test_github/lesson6_ws/build/Darknet /home/ngan/Documents/test_github/lesson6_ws/build/Darknet /home/ngan/Documents/test_github/lesson6_ws/build/Darknet/CMakeFiles/dark.dir/DependInfo.cmake "--color="
[0.240s] Dependencies file "CMakeFiles/darknet.dir/src/batchnorm_layer.c.o.d" is newer than depends file "/home/ngan/Documents/test_github/lesson6_ws/build/Darknet/CMakeFiles/darknet.dir/compiler_depend.internal".
[0.240s] Dependencies file "CMakeFiles/darknet.dir/src/blas.c.o.d" is newer than depends file "/home/ngan/Documents/test_github/lesson6_ws/build/Darknet/CMakeFiles/darknet.dir/compiler_depend.internal".
[0.240s] Dependencies file "CMakeFiles/darknet.dir/src/box.c.o.d" is newer than depends file "/home/ngan/Documents/test_github/lesson6_ws/build/Darknet/CMakeFiles/darknet.dir/compiler_depend.internal".
[0.240s] Dependencies file "CMakeFiles/darknet.dir/src/captcha.c.o.d" is newer than depends file "/home/ngan/Documents/test_github/lesson6_ws/build/Darknet/CMakeFiles/darknet.dir/compiler_depend.internal".
[0.240s] Dependencies file "CMakeFiles/darknet.dir/src/cifar.c.o.d" is newer than depends file "/home/ngan/Documents/test_github/lesson6_ws/build/Darknet/CMakeFiles/darknet.dir/compiler_depend.internal".
[0.240s] Dependencies file "CMakeFiles/darknet.dir/src/classifier.c.o.d" is newer than depends file "/home/ngan/Documents/test_github/lesson6_ws/build/Darknet/CMakeFiles/darknet.dir/compiler_depend.internal".
[0.241s] Dependencies file "CMakeFiles/darknet.dir/src/coco.c.o.d" is newer than depends file "/home/ngan/Documents/test_github/lesson6_ws/build/Darknet/CMakeFiles/darknet.dir/compiler_depend.internal".
[0.241s] Dependencies file "CMakeFiles/darknet.dir/src/col2im.c.o.d" is newer than depends file "/home/ngan/Documents/test_github/lesson6_ws/build/Darknet/CMakeFiles/darknet.dir/compiler_depend.internal".
[0.241s] Dependencies file "CMakeFiles/darknet.dir/src/compare.c.o.d" is newer than depends file "/home/ngan/Documents/test_github/lesson6_ws/build/Darknet/CMakeFiles/darknet.dir/compiler_depend.internal".
[0.246s] Dependencies file "CMakeFiles/darknet.dir/src/connected_layer.c.o.d" is newer than depends file "/home/ngan/Documents/test_github/lesson6_ws/build/Darknet/CMakeFiles/darknet.dir/compiler_depend.internal".
[0.248s] Dependencies file "CMakeFiles/darknet.dir/src/conv_lstm_layer.c.o.d" is newer than depends file "/home/ngan/Documents/test_github/lesson6_ws/build/Darknet/CMakeFiles/darknet.dir/compiler_depend.internal".
[0.248s] Dependencies file "CMakeFiles/darknet.dir/src/convolutional_layer.c.o.d" is newer than depends file "/home/ngan/Documents/test_github/lesson6_ws/build/Darknet/CMakeFiles/darknet.dir/compiler_depend.internal".
[0.248s] Dependencies file "CMakeFiles/darknet.dir/src/cost_layer.c.o.d" is newer than depends file "/home/ngan/Documents/test_github/lesson6_ws/build/Darknet/CMakeFiles/darknet.dir/compiler_depend.internal".
[0.248s] Dependencies file "CMakeFiles/darknet.dir/src/cpu_gemm.c.o.d" is newer than depends file "/home/ngan/Documents/test_github/lesson6_ws/build/Darknet/CMakeFiles/darknet.dir/compiler_depend.internal".
[0.248s] Dependencies file "CMakeFiles/darknet.dir/src/crnn_layer.c.o.d" is newer than depends file "/home/ngan/Documents/test_github/lesson6_ws/build/Darknet/CMakeFiles/darknet.dir/compiler_depend.internal".
[0.248s] Dependencies file "CMakeFiles/darknet.dir/src/crop_layer.c.o.d" is newer than depends file "/home/ngan/Documents/test_github/lesson6_ws/build/Darknet/CMakeFiles/darknet.dir/compiler_depend.internal".
[0.248s] Dependencies file "CMakeFiles/darknet.dir/src/dark_cuda.c.o.d" is newer than depends file "/home/ngan/Documents/test_github/lesson6_ws/build/Darknet/CMakeFiles/darknet.dir/compiler_depend.internal".
[0.248s] Dependencies file "CMakeFiles/darknet.dir/src/darknet.c.o.d" is newer than depends file "/home/ngan/Documents/test_github/lesson6_ws/build/Darknet/CMakeFiles/darknet.dir/compiler_depend.internal".
[0.248s] Dependencies file "CMakeFiles/darknet.dir/src/data.c.o.d" is newer than depends file "/home/ngan/Documents/test_github/lesson6_ws/build/Darknet/CMakeFiles/darknet.dir/compiler_depend.internal".
[0.248s] Dependencies file "CMakeFiles/darknet.dir/src/deconvolutional_layer.c.o.d" is newer than depends file "/home/ngan/Documents/test_github/lesson6_ws/build/Darknet/CMakeFiles/darknet.dir/compiler_depend.internal".
[0.248s] Dependencies file "CMakeFiles/darknet.dir/src/demo.c.o.d" is newer than depends file "/home/ngan/Documents/test_github/lesson6_ws/build/Darknet/CMakeFiles/darknet.dir/compiler_depend.internal".
[0.248s] Dependencies file "CMakeFiles/darknet.dir/src/detection_layer.c.o.d" is newer than depends file "/home/ngan/Documents/test_github/lesson6_ws/build/Darknet/CMakeFiles/darknet.dir/compiler_depend.internal".
[0.259s] Dependencies file "CMakeFiles/darknet.dir/src/detector.c.o.d" is newer than depends file "/home/ngan/Documents/test_github/lesson6_ws/build/Darknet/CMakeFiles/darknet.dir/compiler_depend.internal".
[0.259s] Dependencies file "CMakeFiles/darknet.dir/src/dice.c.o.d" is newer than depends file "/home/ngan/Documents/test_github/lesson6_ws/build/Darknet/CMakeFiles/darknet.dir/compiler_depend.internal".
[0.259s] Dependencies file "CMakeFiles/darknet.dir/src/dropout_layer.c.o.d" is newer than depends file "/home/ngan/Documents/test_github/lesson6_ws/build/Darknet/CMakeFiles/darknet.dir/compiler_depend.internal".
[0.262s] Dependencies file "CMakeFiles/darknet.dir/src/gaussian_yolo_layer.c.o.d" is newer than depends file "/home/ngan/Documents/test_github/lesson6_ws/build/Darknet/CMakeFiles/darknet.dir/compiler_depend.internal".
[0.262s] Dependencies file "CMakeFiles/darknet.dir/src/gemm.c.o.d" is newer than depends file "/home/ngan/Documents/test_github/lesson6_ws/build/Darknet/CMakeFiles/darknet.dir/compiler_depend.internal".
[0.262s] Dependencies file "CMakeFiles/darknet.dir/src/go.c.o.d" is newer than depends file "/home/ngan/Documents/test_github/lesson6_ws/build/Darknet/CMakeFiles/darknet.dir/compiler_depend.internal".
[0.262s] Dependencies file "CMakeFiles/darknet.dir/src/gru_layer.c.o.d" is newer than depends file "/home/ngan/Documents/test_github/lesson6_ws/build/Darknet/CMakeFiles/darknet.dir/compiler_depend.internal".
[0.262s] Dependencies file "CMakeFiles/darknet.dir/src/im2col.c.o.d" is newer than depends file "/home/ngan/Documents/test_github/lesson6_ws/build/Darknet/CMakeFiles/darknet.dir/compiler_depend.internal".
[0.262s] Dependencies file "CMakeFiles/darknet.dir/src/image.c.o.d" is newer than depends file "/home/ngan/Documents/test_github/lesson6_ws/build/Darknet/CMakeFiles/darknet.dir/compiler_depend.internal".
[0.263s] Dependencies file "CMakeFiles/darknet.dir/src/layer.c.o.d" is newer than depends file "/home/ngan/Documents/test_github/lesson6_ws/build/Darknet/CMakeFiles/darknet.dir/compiler_depend.internal".
[0.266s] Dependencies file "CMakeFiles/darknet.dir/src/list.c.o.d" is newer than depends file "/home/ngan/Documents/test_github/lesson6_ws/build/Darknet/CMakeFiles/darknet.dir/compiler_depend.internal".
[0.268s] Dependencies file "CMakeFiles/darknet.dir/src/local_layer.c.o.d" is newer than depends file "/home/ngan/Documents/test_github/lesson6_ws/build/Darknet/CMakeFiles/darknet.dir/compiler_depend.internal".
[0.269s] Dependencies file "CMakeFiles/darknet.dir/src/lstm_layer.c.o.d" is newer than depends file "/home/ngan/Documents/test_github/lesson6_ws/build/Darknet/CMakeFiles/darknet.dir/compiler_depend.internal".
[0.269s] Dependencies file "CMakeFiles/darknet.dir/src/matrix.c.o.d" is newer than depends file "/home/ngan/Documents/test_github/lesson6_ws/build/Darknet/CMakeFiles/darknet.dir/compiler_depend.internal".
[0.269s] Dependencies file "CMakeFiles/darknet.dir/src/maxpool_layer.c.o.d" is newer than depends file "/home/ngan/Documents/test_github/lesson6_ws/build/Darknet/CMakeFiles/darknet.dir/compiler_depend.internal".
[0.269s] Dependencies file "CMakeFiles/darknet.dir/src/network.c.o.d" is newer than depends file "/home/ngan/Documents/test_github/lesson6_ws/build/Darknet/CMakeFiles/darknet.dir/compiler_depend.internal".
[0.269s] Dependencies file "CMakeFiles/darknet.dir/src/nightmare.c.o.d" is newer than depends file "/home/ngan/Documents/test_github/lesson6_ws/build/Darknet/CMakeFiles/darknet.dir/compiler_depend.internal".
[0.269s] Dependencies file "CMakeFiles/darknet.dir/src/normalization_layer.c.o.d" is newer than depends file "/home/ngan/Documents/test_github/lesson6_ws/build/Darknet/CMakeFiles/darknet.dir/compiler_depend.internal".
[0.269s] Dependencies file "CMakeFiles/darknet.dir/src/option_list.c.o.d" is newer than depends file "/home/ngan/Documents/test_github/lesson6_ws/build/Darknet/CMakeFiles/darknet.dir/compiler_depend.internal".
[0.269s] Dependencies file "CMakeFiles/darknet.dir/src/parser.c.o.d" is newer than depends file "/home/ngan/Documents/test_github/lesson6_ws/build/Darknet/CMakeFiles/darknet.dir/compiler_depend.internal".
[0.269s] Dependencies file "CMakeFiles/darknet.dir/src/region_layer.c.o.d" is newer than depends file "/home/ngan/Documents/test_github/lesson6_ws/build/Darknet/CMakeFiles/darknet.dir/compiler_depend.internal".
[0.269s] Dependencies file "CMakeFiles/darknet.dir/src/reorg_layer.c.o.d" is newer than depends file "/home/ngan/Documents/test_github/lesson6_ws/build/Darknet/CMakeFiles/darknet.dir/compiler_depend.internal".
[0.269s] Dependencies file "CMakeFiles/darknet.dir/src/reorg_old_layer.c.o.d" is newer than depends file "/home/ngan/Documents/test_github/lesson6_ws/build/Darknet/CMakeFiles/darknet.dir/compiler_depend.internal".
[0.269s] Dependencies file "CMakeFiles/darknet.dir/src/representation_layer.c.o.d" is newer than depends file "/home/ngan/Documents/test_github/lesson6_ws/build/Darknet/CMakeFiles/darknet.dir/compiler_depend.internal".
[0.269s] Dependencies file "CMakeFiles/darknet.dir/src/rnn.c.o.d" is newer than depends file "/home/ngan/Documents/test_github/lesson6_ws/build/Darknet/CMakeFiles/darknet.dir/compiler_depend.internal".
[0.276s] Dependencies file "CMakeFiles/darknet.dir/src/rnn_layer.c.o.d" is newer than depends file "/home/ngan/Documents/test_github/lesson6_ws/build/Darknet/CMakeFiles/darknet.dir/compiler_depend.internal".
[0.276s] Dependencies file "CMakeFiles/darknet.dir/src/rnn_vid.c.o.d" is newer than depends file "/home/ngan/Documents/test_github/lesson6_ws/build/Darknet/CMakeFiles/darknet.dir/compiler_depend.internal".
[0.276s] Dependencies file "CMakeFiles/darknet.dir/src/route_layer.c.o.d" is newer than depends file "/home/ngan/Documents/test_github/lesson6_ws/build/Darknet/CMakeFiles/darknet.dir/compiler_depend.internal".
[0.276s] Dependencies file "CMakeFiles/darknet.dir/src/sam_layer.c.o.d" is newer than depends file "/home/ngan/Documents/test_github/lesson6_ws/build/Darknet/CMakeFiles/darknet.dir/compiler_depend.internal".
[0.278s] Dependencies file "CMakeFiles/darknet.dir/src/scale_channels_layer.c.o.d" is newer than depends file "/home/ngan/Documents/test_github/lesson6_ws/build/Darknet/CMakeFiles/darknet.dir/compiler_depend.internal".
[0.278s] Dependencies file "CMakeFiles/darknet.dir/src/shortcut_layer.c.o.d" is newer than depends file "/home/ngan/Documents/test_github/lesson6_ws/build/Darknet/CMakeFiles/darknet.dir/compiler_depend.internal".
[0.279s] Dependencies file "CMakeFiles/darknet.dir/src/softmax_layer.c.o.d" is newer than depends file "/home/ngan/Documents/test_github/lesson6_ws/build/Darknet/CMakeFiles/darknet.dir/compiler_depend.internal".
[0.279s] Dependencies file "CMakeFiles/darknet.dir/src/super.c.o.d" is newer than depends file "/home/ngan/Documents/test_github/lesson6_ws/build/Darknet/CMakeFiles/darknet.dir/compiler_depend.internal".
[0.279s] Dependencies file "CMakeFiles/darknet.dir/src/swag.c.o.d" is newer than depends file "/home/ngan/Documents/test_github/lesson6_ws/build/Darknet/CMakeFiles/darknet.dir/compiler_depend.internal".
[0.280s] Dependencies file "CMakeFiles/darknet.dir/src/tag.c.o.d" is newer than depends file "/home/ngan/Documents/test_github/lesson6_ws/build/Darknet/CMakeFiles/darknet.dir/compiler_depend.internal".
[0.280s] Dependencies file "CMakeFiles/darknet.dir/src/tree.c.o.d" is newer than depends file "/home/ngan/Documents/test_github/lesson6_ws/build/Darknet/CMakeFiles/darknet.dir/compiler_depend.internal".
[0.280s] Dependencies file "CMakeFiles/darknet.dir/src/upsample_layer.c.o.d" is newer than depends file "/home/ngan/Documents/test_github/lesson6_ws/build/Darknet/CMakeFiles/darknet.dir/compiler_depend.internal".
[0.280s] Dependencies file "CMakeFiles/darknet.dir/src/utils.c.o.d" is newer than depends file "/home/ngan/Documents/test_github/lesson6_ws/build/Darknet/CMakeFiles/darknet.dir/compiler_depend.internal".
[0.280s] Dependencies file "CMakeFiles/darknet.dir/src/voxel.c.o.d" is newer than depends file "/home/ngan/Documents/test_github/lesson6_ws/build/Darknet/CMakeFiles/darknet.dir/compiler_depend.internal".
[0.280s] Dependencies file "CMakeFiles/darknet.dir/src/writing.c.o.d" is newer than depends file "/home/ngan/Documents/test_github/lesson6_ws/build/Darknet/CMakeFiles/darknet.dir/compiler_depend.internal".
[0.280s] Dependencies file "CMakeFiles/darknet.dir/src/yolo.c.o.d" is newer than depends file "/home/ngan/Documents/test_github/lesson6_ws/build/Darknet/CMakeFiles/darknet.dir/compiler_depend.internal".
[0.280s] Dependencies file "CMakeFiles/darknet.dir/src/yolo_layer.c.o.d" is newer than depends file "/home/ngan/Documents/test_github/lesson6_ws/build/Darknet/CMakeFiles/darknet.dir/compiler_depend.internal".
[0.280s] Dependencies file "CMakeFiles/darknet.dir/src/http_stream.cpp.o.d" is newer than depends file "/home/ngan/Documents/test_github/lesson6_ws/build/Darknet/CMakeFiles/darknet.dir/compiler_depend.internal".
[0.280s] Dependencies file "CMakeFiles/darknet.dir/src/image_opencv.cpp.o.d" is newer than depends file "/home/ngan/Documents/test_github/lesson6_ws/build/Darknet/CMakeFiles/darknet.dir/compiler_depend.internal".
[0.280s] [35m[1mConsolidate compiler generated dependencies of target darknet[0m
[0.296s] Dependencies file "CMakeFiles/dark.dir/src/activation_layer.c.o.d" is newer than depends file "/home/ngan/Documents/test_github/lesson6_ws/build/Darknet/CMakeFiles/dark.dir/compiler_depend.internal".
[0.301s] Dependencies file "CMakeFiles/dark.dir/src/image_opencv.cpp.o.d" is newer than depends file "/home/ngan/Documents/test_github/lesson6_ws/build/Darknet/CMakeFiles/dark.dir/compiler_depend.internal".
[0.307s] [35m[1mConsolidate compiler generated dependencies of target dark[0m
[0.373s] gmake[2]: Leaving directory '/home/ngan/Documents/test_github/lesson6_ws/build/Darknet'
[0.373s] /usr/bin/gmake  -f CMakeFiles/darknet.dir/build.make CMakeFiles/darknet.dir/build
[0.410s] gmake[2]: Entering directory '/home/ngan/Documents/test_github/lesson6_ws/build/Darknet'
[0.410s] gmake[2]: Nothing to be done for 'CMakeFiles/darknet.dir/build'.
[0.411s] gmake[2]: Leaving directory '/home/ngan/Documents/test_github/lesson6_ws/build/Darknet'
[0.419s] gmake[2]: Leaving directory '/home/ngan/Documents/test_github/lesson6_ws/build/Darknet'
[0.419s] /usr/bin/gmake  -f CMakeFiles/dark.dir/build.make CMakeFiles/dark.dir/build
[0.444s] [ 49%] Built target darknet
[0.475s] gmake[2]: Entering directory '/home/ngan/Documents/test_github/lesson6_ws/build/Darknet'
[0.476s] gmake[2]: Nothing to be done for 'CMakeFiles/dark.dir/build'.
[0.476s] gmake[2]: Leaving directory '/home/ngan/Documents/test_github/lesson6_ws/build/Darknet'
[0.512s] [ 98%] Built target dark
[0.513s] /usr/bin/gmake  -f CMakeFiles/uselib.dir/build.make CMakeFiles/uselib.dir/depend
[0.517s] gmake[2]: Entering directory '/home/ngan/Documents/test_github/lesson6_ws/build/Darknet'
[0.517s] cd /home/ngan/Documents/test_github/lesson6_ws/build/Darknet && /usr/bin/cmake -E cmake_depends "Unix Makefiles" /home/ngan/Documents/test_github/lesson6_ws/src/rmitbot_vision/darknet_ros/darknet_ros/darknet /home/ngan/Documents/test_github/lesson6_ws/src/rmitbot_vision/darknet_ros/darknet_ros/darknet /home/ngan/Documents/test_github/lesson6_ws/build/Darknet /home/ngan/Documents/test_github/lesson6_ws/build/Darknet /home/ngan/Documents/test_github/lesson6_ws/build/Darknet/CMakeFiles/uselib.dir/DependInfo.cmake "--color="
[0.550s] Dependencies file "CMakeFiles/uselib.dir/src/yolo_console_dll.cpp.o.d" is newer than depends file "/home/ngan/Documents/test_github/lesson6_ws/build/Darknet/CMakeFiles/uselib.dir/compiler_depend.internal".
[0.551s] [35m[1mConsolidate compiler generated dependencies of target uselib[0m
[0.565s] gmake[2]: Leaving directory '/home/ngan/Documents/test_github/lesson6_ws/build/Darknet'
[0.568s] /usr/bin/gmake  -f CMakeFiles/uselib.dir/build.make CMakeFiles/uselib.dir/build
[0.583s] gmake[2]: Entering directory '/home/ngan/Documents/test_github/lesson6_ws/build/Darknet'
[0.583s] gmake[2]: Nothing to be done for 'CMakeFiles/uselib.dir/build'.
[0.583s] gmake[2]: Leaving directory '/home/ngan/Documents/test_github/lesson6_ws/build/Darknet'
[0.624s] [100%] Built target uselib
[0.633s] gmake[1]: Leaving directory '/home/ngan/Documents/test_github/lesson6_ws/build/Darknet'
[0.633s] /usr/bin/cmake -E cmake_progress_start /home/ngan/Documents/test_github/lesson6_ws/build/Darknet/CMakeFiles 0
[0.663s] 
[0.666s] Invoked command in '/home/ngan/Documents/test_github/lesson6_ws/build/Darknet' returned '0': DEBUGINFOD_URLS=https://debuginfod.ubuntu.com /usr/bin/cmake --build /home/ngan/Documents/test_github/lesson6_ws/build/Darknet -- -j4 -l4
[0.709s] Invoking command in '/home/ngan/Documents/test_github/lesson6_ws/build/Darknet': DEBUGINFOD_URLS=https://debuginfod.ubuntu.com /usr/bin/cmake --install /home/ngan/Documents/test_github/lesson6_ws/build/Darknet
[0.749s] -- Install configuration: "Release"
[0.762s] -- Installing: /home/ngan/Documents/test_github/lesson6_ws/src/rmitbot_vision/darknet_ros/darknet_ros/darknet/libdarknet.so
[0.770s] -- Installing: /home/ngan/Documents/test_github/lesson6_ws/install/Darknet/include/darknet/darknet.h
[0.774s] -- Installing: /home/ngan/Documents/test_github/lesson6_ws/install/Darknet/include/darknet/yolo_v2_class.hpp
[0.777s] -- Installing: /home/ngan/Documents/test_github/lesson6_ws/src/rmitbot_vision/darknet_ros/darknet_ros/darknet/uselib
[0.786s] -- Set non-toolchain portion of runtime path of "/home/ngan/Documents/test_github/lesson6_ws/src/rmitbot_vision/darknet_ros/darknet_ros/darknet/uselib" to ""
[0.793s] -- Installing: /home/ngan/Documents/test_github/lesson6_ws/src/rmitbot_vision/darknet_ros/darknet_ros/darknet/darknet
[0.811s] -- Installing: /home/ngan/Documents/test_github/lesson6_ws/install/Darknet/share/darknet/DarknetTargets.cmake
[0.812s] -- Installing: /home/ngan/Documents/test_github/lesson6_ws/install/Darknet/share/darknet/DarknetTargets-release.cmake
[0.816s] -- Installing: /home/ngan/Documents/test_github/lesson6_ws/install/Darknet/share/darknet/DarknetConfig.cmake
[0.823s] -- Installing: /home/ngan/Documents/test_github/lesson6_ws/install/Darknet/share/darknet/DarknetConfigVersion.cmake
[0.828s] Invoked command in '/home/ngan/Documents/test_github/lesson6_ws/build/Darknet' returned '0': DEBUGINFOD_URLS=https://debuginfod.ubuntu.com /usr/bin/cmake --install /home/ngan/Documents/test_github/lesson6_ws/build/Darknet
