[0.056s] Invoking command in '/home/ngan/Documents/test_github/lesson6_ws/build/Darknet': DEBUGINFOD_URLS=https://debuginfod.ubuntu.com /usr/bin/cmake --build /home/ngan/Documents/test_github/lesson6_ws/build/Darknet -- -j4 -l4
[0.114s] Change Dir: '/home/ngan/Documents/test_github/lesson6_ws/build/Darknet'
[0.114s] 
[0.114s] Run Build Command(s): /usr/bin/cmake -E env VERBOSE=1 /usr/bin/gmake -f Makefile -j4 -l4
[0.159s] /usr/bin/cmake -S/home/ngan/Documents/test_github/lesson6_ws/src/rmitbot_vision/darknet_ros/darknet_ros/darknet -B/home/ngan/Documents/test_github/lesson6_ws/build/Darknet --check-build-system CMakeFiles/Makefile.cmake 0
[0.212s] /usr/bin/cmake -E cmake_progress_start /home/ngan/Documents/test_github/lesson6_ws/build/Darknet/CMakeFiles /home/ngan/Documents/test_github/lesson6_ws/build/Darknet//CMakeFiles/progress.marks
[0.224s] /usr/bin/gmake  -f CMakeFiles/Makefile2 all
[0.226s] gmake[1]: Entering directory '/home/ngan/Documents/test_github/lesson6_ws/build/Darknet'
[0.226s] /usr/bin/gmake  -f CMakeFiles/dark.dir/build.make CMakeFiles/dark.dir/depend
[0.258s] gmake[2]: Entering directory '/home/ngan/Documents/test_github/lesson6_ws/build/Darknet'
[0.258s] cd /home/ngan/Documents/test_github/lesson6_ws/build/Darknet && /usr/bin/cmake -E cmake_depends "Unix Makefiles" /home/ngan/Documents/test_github/lesson6_ws/src/rmitbot_vision/darknet_ros/darknet_ros/darknet /home/ngan/Documents/test_github/lesson6_ws/src/rmitbot_vision/darknet_ros/darknet_ros/darknet /home/ngan/Documents/test_github/lesson6_ws/build/Darknet /home/ngan/Documents/test_github/lesson6_ws/build/Darknet /home/ngan/Documents/test_github/lesson6_ws/build/Darknet/CMakeFiles/dark.dir/DependInfo.cmake "--color="
[0.283s] gmake[2]: Leaving directory '/home/ngan/Documents/test_github/lesson6_ws/build/Darknet'
[0.284s] /usr/bin/gmake  -f CMakeFiles/dark.dir/build.make CMakeFiles/dark.dir/build
[0.336s] gmake[2]: Entering directory '/home/ngan/Documents/test_github/lesson6_ws/build/Darknet'
[0.336s] gmake[2]: Nothing to be done for 'CMakeFiles/dark.dir/build'.
[0.336s] gmake[2]: Leaving directory '/home/ngan/Documents/test_github/lesson6_ws/build/Darknet'
[0.396s] [ 49%] Built target dark
[0.405s] /usr/bin/gmake  -f CMakeFiles/darknet.dir/build.make CMakeFiles/darknet.dir/depend
[0.451s] gmake[2]: Entering directory '/home/ngan/Documents/test_github/lesson6_ws/build/Darknet'
[0.451s] cd /home/ngan/Documents/test_github/lesson6_ws/build/Darknet && /usr/bin/cmake -E cmake_depends "Unix Makefiles" /home/ngan/Documents/test_github/lesson6_ws/src/rmitbot_vision/darknet_ros/darknet_ros/darknet /home/ngan/Documents/test_github/lesson6_ws/src/rmitbot_vision/darknet_ros/darknet_ros/darknet /home/ngan/Documents/test_github/lesson6_ws/build/Darknet /home/ngan/Documents/test_github/lesson6_ws/build/Darknet /home/ngan/Documents/test_github/lesson6_ws/build/Darknet/CMakeFiles/darknet.dir/DependInfo.cmake "--color="
[0.546s] gmake[2]: Leaving directory '/home/ngan/Documents/test_github/lesson6_ws/build/Darknet'
[0.547s] /usr/bin/gmake  -f CMakeFiles/darknet.dir/build.make CMakeFiles/darknet.dir/build
[0.623s] gmake[2]: Entering directory '/home/ngan/Documents/test_github/lesson6_ws/build/Darknet'
[0.627s] gmake[2]: Nothing to be done for 'CMakeFiles/darknet.dir/build'.
[0.627s] gmake[2]: Leaving directory '/home/ngan/Documents/test_github/lesson6_ws/build/Darknet'
[0.677s] [ 98%] Built target darknet
[0.678s] /usr/bin/gmake  -f CMakeFiles/uselib.dir/build.make CMakeFiles/uselib.dir/depend
[0.684s] gmake[2]: Entering directory '/home/ngan/Documents/test_github/lesson6_ws/build/Darknet'
[0.684s] cd /home/ngan/Documents/test_github/lesson6_ws/build/Darknet && /usr/bin/cmake -E cmake_depends "Unix Makefiles" /home/ngan/Documents/test_github/lesson6_ws/src/rmitbot_vision/darknet_ros/darknet_ros/darknet /home/ngan/Documents/test_github/lesson6_ws/src/rmitbot_vision/darknet_ros/darknet_ros/darknet /home/ngan/Documents/test_github/lesson6_ws/build/Darknet /home/ngan/Documents/test_github/lesson6_ws/build/Darknet /home/ngan/Documents/test_github/lesson6_ws/build/Darknet/CMakeFiles/uselib.dir/DependInfo.cmake "--color="
[0.714s] gmake[2]: Leaving directory '/home/ngan/Documents/test_github/lesson6_ws/build/Darknet'
[0.714s] /usr/bin/gmake  -f CMakeFiles/uselib.dir/build.make CMakeFiles/uselib.dir/build
[0.720s] gmake[2]: Entering directory '/home/ngan/Documents/test_github/lesson6_ws/build/Darknet'
[0.720s] gmake[2]: Nothing to be done for 'CMakeFiles/uselib.dir/build'.
[0.720s] gmake[2]: Leaving directory '/home/ngan/Documents/test_github/lesson6_ws/build/Darknet'
[0.734s] [100%] Built target uselib
[0.740s] gmake[1]: Leaving directory '/home/ngan/Documents/test_github/lesson6_ws/build/Darknet'
[0.740s] /usr/bin/cmake -E cmake_progress_start /home/ngan/Documents/test_github/lesson6_ws/build/Darknet/CMakeFiles 0
[0.761s] 
[0.776s] Invoked command in '/home/ngan/Documents/test_github/lesson6_ws/build/Darknet' returned '0': DEBUGINFOD_URLS=https://debuginfod.ubuntu.com /usr/bin/cmake --build /home/ngan/Documents/test_github/lesson6_ws/build/Darknet -- -j4 -l4
[0.822s] Invoking command in '/home/ngan/Documents/test_github/lesson6_ws/build/Darknet': DEBUGINFOD_URLS=https://debuginfod.ubuntu.com /usr/bin/cmake --install /home/ngan/Documents/test_github/lesson6_ws/build/Darknet
[0.839s] -- Install configuration: "Release"
[0.841s] -- Up-to-date: /home/ngan/Documents/test_github/lesson6_ws/src/rmitbot_vision/darknet_ros/darknet_ros/darknet/libdarknet.so
[0.843s] -- Up-to-date: /home/ngan/Documents/test_github/lesson6_ws/install/Darknet/include/darknet/darknet.h
[0.844s] -- Up-to-date: /home/ngan/Documents/test_github/lesson6_ws/install/Darknet/include/darknet/yolo_v2_class.hpp
[0.844s] -- Up-to-date: /home/ngan/Documents/test_github/lesson6_ws/src/rmitbot_vision/darknet_ros/darknet_ros/darknet/uselib
[0.847s] -- Up-to-date: /home/ngan/Documents/test_github/lesson6_ws/src/rmitbot_vision/darknet_ros/darknet_ros/darknet/darknet
[0.852s] -- Up-to-date: /home/ngan/Documents/test_github/lesson6_ws/install/Darknet/share/darknet/DarknetTargets.cmake
[0.852s] -- Up-to-date: /home/ngan/Documents/test_github/lesson6_ws/install/Darknet/share/darknet/DarknetTargets-release.cmake
[0.852s] -- Up-to-date: /home/ngan/Documents/test_github/lesson6_ws/install/Darknet/share/darknet/DarknetConfig.cmake
[0.852s] -- Up-to-date: /home/ngan/Documents/test_github/lesson6_ws/install/Darknet/share/darknet/DarknetConfigVersion.cmake
[0.859s] Invoked command in '/home/ngan/Documents/test_github/lesson6_ws/build/Darknet' returned '0': DEBUGINFOD_URLS=https://debuginfod.ubuntu.com /usr/bin/cmake --install /home/ngan/Documents/test_github/lesson6_ws/build/Darknet
