[0.047s] Invoking command in '/home/ngan/Documents/test_github/lesson6_ws/build/cv_bridge': CMAKE_PREFIX_PATH=${CMAKE_PREFIX_PATH}:/opt/ros/jazzy DEBUGINFOD_URLS=https://debuginfod.ubuntu.com /usr/bin/cmake /home/ngan/Documents/test_github/lesson6_ws/src/rmitbot_vision/vision_opencv/cv_bridge -DCMAKE_INSTALL_PREFIX=/home/ngan/Documents/test_github/lesson6_ws/install/cv_bridge
[0.134s] -- Found ament_cmake_ros: 0.12.0 (/opt/ros/jazzy/share/ament_cmake_ros/cmake)
[0.570s] -- Found Python3: /usr/bin/python3 (found version "3.12.3") found components: Interpreter 
[1.090s] [33mCMake Warning (dev) at CMakeLists.txt:16 (find_package):
[1.090s]   Policy CMP0148 is not set: The FindPythonInterp and FindPythonLibs modules
[1.091s]   are removed.  Run "cmake --help-policy CMP0148" for policy details.  Use
[1.091s]   the cmake_policy command to set the policy and suppress this warning.
[1.091s] 
[1.092s] This warning is for project developers.  Use -Wno-dev to suppress it.
[1.092s] [0m
[1.235s] -- Found PythonLibs: /usr/lib/aarch64-linux-gnu/libpython3.12.so (found version "3.12.3") 
[1.289s] -- Boost_VERSION_STRING: 1.83.0
[1.315s] -- Found Boost: /usr/lib/aarch64-linux-gnu/cmake/Boost-1.83.0/BoostConfig.cmake (found version "1.83.0") found components: python312 
[1.322s] -- Found rcpputils: 2.11.2 (/opt/ros/jazzy/share/rcpputils/cmake)
[1.369s] -- Found sensor_msgs: 5.3.6 (/opt/ros/jazzy/share/sensor_msgs/cmake)
[1.484s] -- Found rosidl_generator_c: 4.6.5 (/opt/ros/jazzy/share/rosidl_generator_c/cmake)
[1.529s] -- Found rosidl_generator_cpp: 4.6.5 (/opt/ros/jazzy/share/rosidl_generator_cpp/cmake)
[1.580s] -- Using all available rosidl_typesupport_c: rosidl_typesupport_fastrtps_c;rosidl_typesupport_introspection_c
[1.613s] -- Using all available rosidl_typesupport_cpp: rosidl_typesupport_fastrtps_cpp;rosidl_typesupport_introspection_cpp
[2.236s] -- Performing Test COMPILER_HAS_HIDDEN_VISIBILITY
[2.420s] -- Performing Test COMPILER_HAS_HIDDEN_VISIBILITY - Success
[2.422s] -- Performing Test COMPILER_HAS_HIDDEN_INLINE_VISIBILITY
[2.596s] -- Performing Test COMPILER_HAS_HIDDEN_INLINE_VISIBILITY - Success
[2.604s] -- Performing Test COMPILER_HAS_DEPRECATED_ATTR
[2.855s] -- Performing Test COMPILER_HAS_DEPRECATED_ATTR - Success
[2.863s] [33mCMake Warning (dev) at src/CMakeLists.txt:27 (find_package):
[2.863s]   Policy CMP0148 is not set: The FindPythonInterp and FindPythonLibs modules
[2.863s]   are removed.  Run "cmake --help-policy CMP0148" for policy details.  Use
[2.863s]   the cmake_policy command to set the policy and suppress this warning.
[2.863s] 
[2.863s] This warning is for project developers.  Use -Wno-dev to suppress it.
[2.863s] [0m
[2.938s] -- Found PythonInterp: /usr/bin/python3.12 (found version "3.12.3") 
[2.939s] [33mCMake Warning (dev) at src/CMakeLists.txt:28 (find_package):
[2.940s]   Policy CMP0148 is not set: The FindPythonInterp and FindPythonLibs modules
[2.940s]   are removed.  Run "cmake --help-policy CMP0148" for policy details.  Use
[2.941s]   the cmake_policy command to set the policy and suppress this warning.
[2.942s] 
[2.942s] This warning is for project developers.  Use -Wno-dev to suppress it.
[2.942s] [0m
[2.949s] -- Found PythonLibs: /usr/lib/aarch64-linux-gnu/libpython3.12.so (found suitable version "3.12.3", minimum required is "3.12") 
[3.355s] -- Found ament_lint_auto: 0.17.2 (/opt/ros/jazzy/share/ament_lint_auto/cmake)
[3.609s] -- Found gtest sources under '/opt/ros/jazzy/src/gtest_vendor': C++ tests using 'Google Test' will be built
[3.611s] -- Performing Test CMAKE_HAVE_LIBC_PTHREAD
[3.802s] -- Performing Test CMAKE_HAVE_LIBC_PTHREAD - Success
[3.804s] -- Found Threads: TRUE  
[6.967s] -- Configuring done (6.9s)
[7.062s] -- Generating done (0.1s)
[7.091s] -- Build files have been written to: /home/ngan/Documents/test_github/lesson6_ws/build/cv_bridge
[7.115s] Invoked command in '/home/ngan/Documents/test_github/lesson6_ws/build/cv_bridge' returned '0': CMAKE_PREFIX_PATH=${CMAKE_PREFIX_PATH}:/opt/ros/jazzy DEBUGINFOD_URLS=https://debuginfod.ubuntu.com /usr/bin/cmake /home/ngan/Documents/test_github/lesson6_ws/src/rmitbot_vision/vision_opencv/cv_bridge -DCMAKE_INSTALL_PREFIX=/home/ngan/Documents/test_github/lesson6_ws/install/cv_bridge
[7.120s] Invoking command in '/home/ngan/Documents/test_github/lesson6_ws/build/cv_bridge': CMAKE_PREFIX_PATH=${CMAKE_PREFIX_PATH}:/opt/ros/jazzy DEBUGINFOD_URLS=https://debuginfod.ubuntu.com /usr/bin/cmake --build /home/ngan/Documents/test_github/lesson6_ws/build/cv_bridge -- -j4 -l4
[7.261s] [  0%] Built target ament_cmake_python_copy_cv_bridge
[7.303s] [  6%] [32mBuilding CXX object gtest/CMakeFiles/gtest.dir/src/gtest-all.cc.o[0m
[14.824s] [ 12%] [32m[1mLinking CXX static library libgtest.a[0m
[14.913s] [ 12%] Built target gtest
[15.263s] running egg_info
[15.264s] creating cv_bridge.egg-info
[15.287s] writing cv_bridge.egg-info/PKG-INFO
[15.287s] writing dependency_links to cv_bridge.egg-info/dependency_links.txt
[15.288s] writing top-level names to cv_bridge.egg-info/top_level.txt
[15.290s] writing manifest file 'cv_bridge.egg-info/SOURCES.txt'
[15.365s] reading manifest file 'cv_bridge.egg-info/SOURCES.txt'
[15.366s] writing manifest file 'cv_bridge.egg-info/SOURCES.txt'
[15.416s] [ 12%] Built target ament_cmake_python_build_cv_bridge_egg
[15.434s] [ 18%] [32mBuilding CXX object gtest/CMakeFiles/gtest_main.dir/src/gtest_main.cc.o[0m
[17.760s] [ 25%] [32m[1mLinking CXX static library libgtest_main.a[0m
[18.074s] [ 25%] Built target gtest_main
[18.115s] [ 31%] [32mBuilding CXX object src/CMakeFiles/cv_bridge.dir/cv_bridge.cpp.o[0m
[32.295s] [ 37%] [32mBuilding CXX object src/CMakeFiles/cv_bridge.dir/rgb_colors.cpp.o[0m
[38.761s] [ 43%] [32m[1mLinking CXX shared library libcv_bridge.so[0m
[39.485s] [ 43%] Built target cv_bridge
[39.614s] [ 50%] [32mBuilding CXX object src/CMakeFiles/cv_bridge_boost.dir/module.cpp.o[0m
[60.239s] [ 56%] [32mBuilding CXX object src/CMakeFiles/cv_bridge_boost.dir/module_opencv3.cpp.o[0m
[69.205s] [ 62%] [32m[1mLinking CXX shared library boost/cv_bridge_boost.so[0m
[69.482s] [ 62%] Built target cv_bridge_boost
[69.525s] [ 68%] [32mBuilding CXX object test/CMakeFiles/cv_bridge-utest.dir/test_endian.cpp.o[0m
[75.282s] [ 75%] [32mBuilding CXX object test/CMakeFiles/cv_bridge-utest.dir/utest2.cpp.o[0m
[79.837s] [ 81%] [32mBuilding CXX object test/CMakeFiles/cv_bridge-utest.dir/test_rgb_colors.cpp.o[0m
[84.364s] [ 87%] [32mBuilding CXX object test/CMakeFiles/cv_bridge-utest.dir/utest.cpp.o[0m
[91.046s] [ 93%] [32mBuilding CXX object test/CMakeFiles/cv_bridge-utest.dir/test_compression.cpp.o[0m
[99.314s] [100%] [32m[1mLinking CXX executable cv_bridge-utest[0m
[100.994s] [100%] Built target cv_bridge-utest
[101.052s] Invoked command in '/home/ngan/Documents/test_github/lesson6_ws/build/cv_bridge' returned '0': CMAKE_PREFIX_PATH=${CMAKE_PREFIX_PATH}:/opt/ros/jazzy DEBUGINFOD_URLS=https://debuginfod.ubuntu.com /usr/bin/cmake --build /home/ngan/Documents/test_github/lesson6_ws/build/cv_bridge -- -j4 -l4
[101.068s] Invoking command in '/home/ngan/Documents/test_github/lesson6_ws/build/cv_bridge': CMAKE_PREFIX_PATH=${CMAKE_PREFIX_PATH}:/opt/ros/jazzy DEBUGINFOD_URLS=https://debuginfod.ubuntu.com /usr/bin/cmake --install /home/ngan/Documents/test_github/lesson6_ws/build/cv_bridge
[101.092s] -- Install configuration: ""
[101.093s] -- Installing: /home/ngan/Documents/test_github/lesson6_ws/install/cv_bridge/share/cv_bridge/environment/pythonpath.sh
[101.095s] -- Installing: /home/ngan/Documents/test_github/lesson6_ws/install/cv_bridge/share/cv_bridge/environment/pythonpath.dsv
[101.095s] -- Installing: /home/ngan/Documents/test_github/lesson6_ws/install/cv_bridge/lib/python3.12/site-packages/cv_bridge-3.0.7-py3.12.egg-info
[101.099s] -- Installing: /home/ngan/Documents/test_github/lesson6_ws/install/cv_bridge/lib/python3.12/site-packages/cv_bridge-3.0.7-py3.12.egg-info/SOURCES.txt
[101.099s] -- Installing: /home/ngan/Documents/test_github/lesson6_ws/install/cv_bridge/lib/python3.12/site-packages/cv_bridge-3.0.7-py3.12.egg-info/dependency_links.txt
[101.099s] -- Installing: /home/ngan/Documents/test_github/lesson6_ws/install/cv_bridge/lib/python3.12/site-packages/cv_bridge-3.0.7-py3.12.egg-info/PKG-INFO
[101.101s] -- Installing: /home/ngan/Documents/test_github/lesson6_ws/install/cv_bridge/lib/python3.12/site-packages/cv_bridge-3.0.7-py3.12.egg-info/top_level.txt
[101.102s] -- Installing: /home/ngan/Documents/test_github/lesson6_ws/install/cv_bridge/lib/python3.12/site-packages/cv_bridge
[101.102s] -- Installing: /home/ngan/Documents/test_github/lesson6_ws/install/cv_bridge/lib/python3.12/site-packages/cv_bridge/__init__.py
[101.102s] -- Installing: /home/ngan/Documents/test_github/lesson6_ws/install/cv_bridge/lib/python3.12/site-packages/cv_bridge/core.py
[101.174s] Listing '/home/ngan/Documents/test_github/lesson6_ws/install/cv_bridge/lib/python3.12/site-packages/cv_bridge'...
[101.175s] Compiling '/home/ngan/Documents/test_github/lesson6_ws/install/cv_bridge/lib/python3.12/site-packages/cv_bridge/__init__.py'...
[101.175s] Compiling '/home/ngan/Documents/test_github/lesson6_ws/install/cv_bridge/lib/python3.12/site-packages/cv_bridge/core.py'...
[101.183s] -- Installing: /home/ngan/Documents/test_github/lesson6_ws/install/cv_bridge/share/cv_bridge/environment/library_path.sh
[101.184s] -- Installing: /home/ngan/Documents/test_github/lesson6_ws/install/cv_bridge/share/cv_bridge/environment/library_path.dsv
[101.185s] -- Installing: /home/ngan/Documents/test_github/lesson6_ws/install/cv_bridge/include/cv_bridge
[101.190s] -- Installing: /home/ngan/Documents/test_github/lesson6_ws/install/cv_bridge/include/cv_bridge/rgb_colors.h
[101.190s] -- Installing: /home/ngan/Documents/test_github/lesson6_ws/install/cv_bridge/include/cv_bridge/cv_bridge.h
[101.192s] -- Installing: /home/ngan/Documents/test_github/lesson6_ws/install/cv_bridge/lib/libcv_bridge.so
[101.221s] -- Set non-toolchain portion of runtime path of "/home/ngan/Documents/test_github/lesson6_ws/install/cv_bridge/lib/libcv_bridge.so" to ""
[101.222s] -- Installing: /home/ngan/Documents/test_github/lesson6_ws/install/cv_bridge/share/ament_index/resource_index/package_run_dependencies/cv_bridge
[101.222s] -- Installing: /home/ngan/Documents/test_github/lesson6_ws/install/cv_bridge/share/ament_index/resource_index/parent_prefix_path/cv_bridge
[101.223s] -- Installing: /home/ngan/Documents/test_github/lesson6_ws/install/cv_bridge/share/cv_bridge/environment/ament_prefix_path.sh
[101.223s] -- Installing: /home/ngan/Documents/test_github/lesson6_ws/install/cv_bridge/share/cv_bridge/environment/ament_prefix_path.dsv
[101.223s] -- Installing: /home/ngan/Documents/test_github/lesson6_ws/install/cv_bridge/share/cv_bridge/environment/path.sh
[101.228s] -- Installing: /home/ngan/Documents/test_github/lesson6_ws/install/cv_bridge/share/cv_bridge/environment/path.dsv
[101.229s] -- Installing: /home/ngan/Documents/test_github/lesson6_ws/install/cv_bridge/share/cv_bridge/local_setup.bash
[101.229s] -- Installing: /home/ngan/Documents/test_github/lesson6_ws/install/cv_bridge/share/cv_bridge/local_setup.sh
[101.232s] -- Installing: /home/ngan/Documents/test_github/lesson6_ws/install/cv_bridge/share/cv_bridge/local_setup.zsh
[101.232s] -- Installing: /home/ngan/Documents/test_github/lesson6_ws/install/cv_bridge/share/cv_bridge/local_setup.dsv
[101.232s] -- Installing: /home/ngan/Documents/test_github/lesson6_ws/install/cv_bridge/share/cv_bridge/package.dsv
[101.233s] -- Installing: /home/ngan/Documents/test_github/lesson6_ws/install/cv_bridge/share/ament_index/resource_index/packages/cv_bridge
[101.233s] -- Installing: /home/ngan/Documents/test_github/lesson6_ws/install/cv_bridge/share/cv_bridge/cmake/cv_bridge-extras.cmake
[101.235s] -- Installing: /home/ngan/Documents/test_github/lesson6_ws/install/cv_bridge/share/cv_bridge/cmake/ament_cmake_export_dependencies-extras.cmake
[101.239s] -- Installing: /home/ngan/Documents/test_github/lesson6_ws/install/cv_bridge/share/cv_bridge/cmake/ament_cmake_export_include_directories-extras.cmake
[101.239s] -- Installing: /home/ngan/Documents/test_github/lesson6_ws/install/cv_bridge/share/cv_bridge/cmake/ament_cmake_export_libraries-extras.cmake
[101.240s] -- Installing: /home/ngan/Documents/test_github/lesson6_ws/install/cv_bridge/share/cv_bridge/cmake/cv_bridgeConfig.cmake
[101.240s] -- Installing: /home/ngan/Documents/test_github/lesson6_ws/install/cv_bridge/share/cv_bridge/cmake/cv_bridgeConfig-version.cmake
[101.240s] -- Installing: /home/ngan/Documents/test_github/lesson6_ws/install/cv_bridge/share/cv_bridge/package.xml
[101.240s] -- Up-to-date: /home/ngan/Documents/test_github/lesson6_ws/install/cv_bridge/lib/libcv_bridge.so
[101.253s] -- Installing: /home/ngan/Documents/test_github/lesson6_ws/install/cv_bridge/include/cv_bridge/cv_bridge_export.h
[101.253s] -- Installing: /home/ngan/Documents/test_github/lesson6_ws/install/cv_bridge/lib/python3.12/site-packages/cv_bridge/boost/cv_bridge_boost.so
[101.253s] -- Set non-toolchain portion of runtime path of "/home/ngan/Documents/test_github/lesson6_ws/install/cv_bridge/lib/python3.12/site-packages/cv_bridge/boost/cv_bridge_boost.so" to ""
[101.256s] Invoked command in '/home/ngan/Documents/test_github/lesson6_ws/build/cv_bridge' returned '0': CMAKE_PREFIX_PATH=${CMAKE_PREFIX_PATH}:/opt/ros/jazzy DEBUGINFOD_URLS=https://debuginfod.ubuntu.com /usr/bin/cmake --install /home/ngan/Documents/test_github/lesson6_ws/build/cv_bridge
