[0.053s] Invoking command in '/home/ngan/Documents/test_github/lesson6_ws/build/image_geometry': CMAKE_PREFIX_PATH=${CMAKE_PREFIX_PATH}:/home/ngan/Documents/test_github/lesson6_ws/install/stop_sign_control:/home/ngan/Documents/test_github/lesson6_ws/install/opencv_tests:/opt/ros/jazzy DEBUGINFOD_URLS=https://debuginfod.ubuntu.com /usr/bin/cmake --build /home/ngan/Documents/test_github/lesson6_ws/build/image_geometry -- -j4 -l4
[0.216s] [  0%] Built target ament_cmake_python_copy_image_geometry
[0.305s] [ 18%] Built target gtest
[1.320s] running egg_info
[1.366s] writing image_geometry.egg-info/PKG-INFO
[1.374s] writing dependency_links to image_geometry.egg-info/dependency_links.txt
[1.375s] writing top-level names to image_geometry.egg-info/top_level.txt
[1.567s] reading manifest file 'image_geometry.egg-info/SOURCES.txt'
[1.567s] writing manifest file 'image_geometry.egg-info/SOURCES.txt'
[1.657s] [ 18%] Built target ament_cmake_python_build_image_geometry_egg
[1.749s] [ 36%] Built target gtest_main
[1.920s] [ 63%] Built target image_geometry
[2.040s] [ 81%] Built target image_geometry-utest
[2.190s] [100%] Built target image_geometry-utest-equi
[2.269s] Invoked command in '/home/ngan/Documents/test_github/lesson6_ws/build/image_geometry' returned '0': CMAKE_PREFIX_PATH=${CMAKE_PREFIX_PATH}:/home/ngan/Documents/test_github/lesson6_ws/install/stop_sign_control:/home/ngan/Documents/test_github/lesson6_ws/install/opencv_tests:/opt/ros/jazzy DEBUGINFOD_URLS=https://debuginfod.ubuntu.com /usr/bin/cmake --build /home/ngan/Documents/test_github/lesson6_ws/build/image_geometry -- -j4 -l4
[2.270s] Invoking command in '/home/ngan/Documents/test_github/lesson6_ws/build/image_geometry': CMAKE_PREFIX_PATH=${CMAKE_PREFIX_PATH}:/home/ngan/Documents/test_github/lesson6_ws/install/stop_sign_control:/home/ngan/Documents/test_github/lesson6_ws/install/opencv_tests:/opt/ros/jazzy DEBUGINFOD_URLS=https://debuginfod.ubuntu.com /usr/bin/cmake --install /home/ngan/Documents/test_github/lesson6_ws/build/image_geometry
[2.328s] -- Install configuration: ""
[2.330s] -- Up-to-date: /home/ngan/Documents/test_github/lesson6_ws/install/image_geometry/share/image_geometry/environment/pythonpath.sh
[2.330s] -- Up-to-date: /home/ngan/Documents/test_github/lesson6_ws/install/image_geometry/share/image_geometry/environment/pythonpath.dsv
[2.331s] -- Up-to-date: /home/ngan/Documents/test_github/lesson6_ws/install/image_geometry/lib/python3.12/site-packages/image_geometry-3.0.7-py3.12.egg-info
[2.331s] -- Installing: /home/ngan/Documents/test_github/lesson6_ws/install/image_geometry/lib/python3.12/site-packages/image_geometry-3.0.7-py3.12.egg-info/SOURCES.txt
[2.335s] -- Installing: /home/ngan/Documents/test_github/lesson6_ws/install/image_geometry/lib/python3.12/site-packages/image_geometry-3.0.7-py3.12.egg-info/dependency_links.txt
[2.335s] -- Installing: /home/ngan/Documents/test_github/lesson6_ws/install/image_geometry/lib/python3.12/site-packages/image_geometry-3.0.7-py3.12.egg-info/PKG-INFO
[2.335s] -- Installing: /home/ngan/Documents/test_github/lesson6_ws/install/image_geometry/lib/python3.12/site-packages/image_geometry-3.0.7-py3.12.egg-info/top_level.txt
[2.338s] -- Up-to-date: /home/ngan/Documents/test_github/lesson6_ws/install/image_geometry/lib/python3.12/site-packages/image_geometry
[2.338s] -- Up-to-date: /home/ngan/Documents/test_github/lesson6_ws/install/image_geometry/lib/python3.12/site-packages/image_geometry/__init__.py
[2.339s] -- Up-to-date: /home/ngan/Documents/test_github/lesson6_ws/install/image_geometry/lib/python3.12/site-packages/image_geometry/cameramodels.py
[2.577s] Listing '/home/ngan/Documents/test_github/lesson6_ws/install/image_geometry/lib/python3.12/site-packages/image_geometry'...
[2.620s] -- Up-to-date: /home/ngan/Documents/test_github/lesson6_ws/install/image_geometry/include/image_geometry
[2.624s] -- Up-to-date: /home/ngan/Documents/test_github/lesson6_ws/install/image_geometry/include/image_geometry/stereo_camera_model.h
[2.629s] -- Up-to-date: /home/ngan/Documents/test_github/lesson6_ws/install/image_geometry/include/image_geometry/visibility_control.hpp
[2.629s] -- Up-to-date: /home/ngan/Documents/test_github/lesson6_ws/install/image_geometry/include/image_geometry/pinhole_camera_model.h
[2.630s] -- Up-to-date: /home/ngan/Documents/test_github/lesson6_ws/install/image_geometry/lib/libimage_geometry.so
[2.630s] -- Up-to-date: /home/ngan/Documents/test_github/lesson6_ws/install/image_geometry/share/image_geometry/environment/library_path.sh
[2.630s] -- Up-to-date: /home/ngan/Documents/test_github/lesson6_ws/install/image_geometry/share/image_geometry/environment/library_path.dsv
[2.630s] -- Up-to-date: /home/ngan/Documents/test_github/lesson6_ws/install/image_geometry/share/ament_index/resource_index/package_run_dependencies/image_geometry
[2.630s] -- Up-to-date: /home/ngan/Documents/test_github/lesson6_ws/install/image_geometry/share/ament_index/resource_index/parent_prefix_path/image_geometry
[2.630s] -- Up-to-date: /home/ngan/Documents/test_github/lesson6_ws/install/image_geometry/share/image_geometry/environment/ament_prefix_path.sh
[2.631s] -- Up-to-date: /home/ngan/Documents/test_github/lesson6_ws/install/image_geometry/share/image_geometry/environment/ament_prefix_path.dsv
[2.631s] -- Up-to-date: /home/ngan/Documents/test_github/lesson6_ws/install/image_geometry/share/image_geometry/environment/path.sh
[2.631s] -- Up-to-date: /home/ngan/Documents/test_github/lesson6_ws/install/image_geometry/share/image_geometry/environment/path.dsv
[2.631s] -- Up-to-date: /home/ngan/Documents/test_github/lesson6_ws/install/image_geometry/share/image_geometry/local_setup.bash
[2.631s] -- Up-to-date: /home/ngan/Documents/test_github/lesson6_ws/install/image_geometry/share/image_geometry/local_setup.sh
[2.631s] -- Up-to-date: /home/ngan/Documents/test_github/lesson6_ws/install/image_geometry/share/image_geometry/local_setup.zsh
[2.639s] -- Up-to-date: /home/ngan/Documents/test_github/lesson6_ws/install/image_geometry/share/image_geometry/local_setup.dsv
[2.639s] -- Installing: /home/ngan/Documents/test_github/lesson6_ws/install/image_geometry/share/image_geometry/package.dsv
[2.648s] -- Up-to-date: /home/ngan/Documents/test_github/lesson6_ws/install/image_geometry/share/ament_index/resource_index/packages/image_geometry
[2.648s] -- Up-to-date: /home/ngan/Documents/test_github/lesson6_ws/install/image_geometry/share/image_geometry/cmake/ament_cmake_export_libraries-extras.cmake
[2.649s] -- Up-to-date: /home/ngan/Documents/test_github/lesson6_ws/install/image_geometry/share/image_geometry/cmake/ament_cmake_export_dependencies-extras.cmake
[2.649s] -- Up-to-date: /home/ngan/Documents/test_github/lesson6_ws/install/image_geometry/share/image_geometry/cmake/ament_cmake_export_include_directories-extras.cmake
[2.649s] -- Up-to-date: /home/ngan/Documents/test_github/lesson6_ws/install/image_geometry/share/image_geometry/cmake/image_geometryConfig.cmake
[2.649s] -- Up-to-date: /home/ngan/Documents/test_github/lesson6_ws/install/image_geometry/share/image_geometry/cmake/image_geometryConfig-version.cmake
[2.649s] -- Up-to-date: /home/ngan/Documents/test_github/lesson6_ws/install/image_geometry/share/image_geometry/package.xml
[2.656s] Invoked command in '/home/ngan/Documents/test_github/lesson6_ws/build/image_geometry' returned '0': CMAKE_PREFIX_PATH=${CMAKE_PREFIX_PATH}:/home/ngan/Documents/test_github/lesson6_ws/install/stop_sign_control:/home/ngan/Documents/test_github/lesson6_ws/install/opencv_tests:/opt/ros/jazzy DEBUGINFOD_URLS=https://debuginfod.ubuntu.com /usr/bin/cmake --install /home/ngan/Documents/test_github/lesson6_ws/build/image_geometry
